/Users/nv/Documents/MRI/magnet_design/optimize_robust_aligned.py:54: DeprecationWarning: Importing 'StarmapParallelization' from 'pymoo.core.problem' is deprecated. Please use 'from pymoo.parallelization import StarmapParallelization' instead. This backward compatibility import will be removed in a future version.
  from pymoo.core.problem import StarmapParallelization
==========================================================================================
n_gen  |  n_eval  | n_nds  |     cv_min    |     cv_avg    |      eps      |   indicator  
==========================================================================================
     1 |       40 |      1 |  3.096786E+01 |  1.240614E+02 |             - |             -
     2 |       80 |      1 |  3.096786E+01 |  4.747158E+01 |             - |             -
     3 |      120 |      1 |  2.633329E+01 |  3.531570E+01 |             - |             -
     4 |      160 |      1 |  2.633329E+01 |  3.259281E+01 |             - |             -
     5 |      200 |      1 |  2.599771E+01 |  3.014365E+01 |             - |             -
     6 |      240 |      1 |  2.027925E+01 |  2.793057E+01 |             - |             -
     7 |      280 |      1 |  1.715321E+01 |  2.588428E+01 |             - |             -
     8 |      320 |      1 |  1.396740E+01 |  2.347287E+01 |             - |             -
     9 |      360 |      1 |  1.143478E+01 |  2.081607E+01 |             - |             -
    10 |      400 |      1 |  1.025826E+01 |  1.795182E+01 |             - |             -
    11 |      440 |      1 |  1.004333E+01 |  1.547156E+01 |             - |             -
    12 |      480 |      1 |  6.6461910474 |  1.309176E+01 |             - |             -
    13 |      520 |      1 |  4.1583299473 |  1.111877E+01 |             - |             -
    14 |      560 |      1 |  4.1090649024 |  9.2256387811 |             - |             -
    15 |      600 |      1 |  3.3505489809 |  7.2924676250 |             - |             -
    16 |      640 |      1 |  0.000000E+00 |  5.6903629816 |             - |             -
    17 |      680 |      1 |  0.000000E+00 |  4.4722773739 |  0.000000E+00 |             f
    18 |      720 |      1 |  0.000000E+00 |  3.2641643285 |  0.000000E+00 |             f
    19 |      760 |      2 |  0.000000E+00 |  2.2647710316 |  1.0000000000 |         ideal
    20 |      800 |      1 |  0.000000E+00 |  1.3586566021 |  2.903543E+04 |         ideal
    21 |      840 |      1 |  0.000000E+00 |  0.4940994415 |  0.000000E+00 |             f
    22 |      880 |      2 |  0.000000E+00 |  0.1196792835 |  1.0000000000 |         ideal
    23 |      920 |      5 |  0.000000E+00 |  0.000000E+00 |  0.6817873978 |         ideal
    24 |      960 |      7 |  0.000000E+00 |  0.000000E+00 |  0.2888851065 |         ideal
    25 |     1000 |      9 |  0.000000E+00 |  0.000000E+00 |  0.2679974687 |         ideal
    26 |     1040 |      1 |  0.000000E+00 |  0.000000E+00 |  8.760488E+02 |         ideal
    27 |     1080 |      4 |  0.000000E+00 |  0.000000E+00 |  0.4484554924 |         ideal
    28 |     1120 |      7 |  0.000000E+00 |  0.000000E+00 |  0.2299351201 |         ideal
    29 |     1160 |      7 |  0.000000E+00 |  0.000000E+00 |  0.1425189649 |         ideal
    30 |     1200 |      9 |  0.000000E+00 |  0.000000E+00 |  0.0083154834 |             f
    31 |     1240 |     12 |  0.000000E+00 |  0.000000E+00 |  0.1631859164 |         ideal
    32 |     1280 |     11 |  0.000000E+00 |  0.000000E+00 |  0.2442551971 |         ideal
    33 |     1320 |     16 |  0.000000E+00 |  0.000000E+00 |  0.0266493574 |             f
    34 |     1360 |     13 |  0.000000E+00 |  0.000000E+00 |  0.0211715825 |             f
    35 |     1400 |     21 |  0.000000E+00 |  0.000000E+00 |  0.1419691683 |         ideal
    36 |     1440 |     35 |  0.000000E+00 |  0.000000E+00 |  0.0759273579 |         ideal
    37 |     1480 |     35 |  0.000000E+00 |  0.000000E+00 |  0.0704590018 |         ideal
    38 |     1520 |     21 |  0.000000E+00 |  0.000000E+00 |  0.0555286769 |         ideal
    39 |     1560 |     27 |  0.000000E+00 |  0.000000E+00 |  0.0201576135 |             f
    40 |     1600 |     26 |  0.000000E+00 |  0.000000E+00 |  0.0290928013 |         ideal
    41 |     1640 |     24 |  0.000000E+00 |  0.000000E+00 |  0.0096473120 |         ideal
    42 |     1680 |     25 |  0.000000E+00 |  0.000000E+00 |  0.0122860059 |             f
    43 |     1720 |     32 |  0.000000E+00 |  0.000000E+00 |  0.0886405129 |         ideal
    44 |     1760 |     27 |  0.000000E+00 |  0.000000E+00 |  0.0300390898 |         ideal
    45 |     1800 |     30 |  0.000000E+00 |  0.000000E+00 |  0.1096554395 |         ideal
    46 |     1840 |     31 |  0.000000E+00 |  0.000000E+00 |  0.0164849640 |             f
    47 |     1880 |     39 |  0.000000E+00 |  0.000000E+00 |  0.0054994467 |             f
    48 |     1920 |     34 |  0.000000E+00 |  0.000000E+00 |  0.0104804137 |         ideal
    49 |     1960 |     28 |  0.000000E+00 |  0.000000E+00 |  0.0900679206 |         nadir
    50 |     2000 |     27 |  0.000000E+00 |  0.000000E+00 |  0.0115703988 |         ideal
    51 |     2040 |     34 |  0.000000E+00 |  0.000000E+00 |  0.0128591168 |         ideal
    52 |     2080 |     31 |  0.000000E+00 |  0.000000E+00 |  0.0060211996 |             f
    53 |     2120 |     33 |  0.000000E+00 |  0.000000E+00 |  0.0119714977 |             f
    54 |     2160 |     35 |  0.000000E+00 |  0.000000E+00 |  0.0035078754 |         ideal
    55 |     2200 |     37 |  0.000000E+00 |  0.000000E+00 |  0.0337835659 |         ideal
    56 |     2240 |     40 |  0.000000E+00 |  0.000000E+00 |  0.0058615462 |             f
    57 |     2280 |     40 |  0.000000E+00 |  0.000000E+00 |  0.0105774321 |             f
    58 |     2320 |     30 |  0.000000E+00 |  0.000000E+00 |  0.0147715877 |         ideal
    59 |     2360 |     38 |  0.000000E+00 |  0.000000E+00 |  0.0073317756 |             f
    60 |     2400 |     35 |  0.000000E+00 |  0.000000E+00 |  0.0779205472 |         ideal
    61 |     2440 |     33 |  0.000000E+00 |  0.000000E+00 |  0.0198845655 |         ideal
    62 |     2480 |     33 |  0.000000E+00 |  0.000000E+00 |  0.0083580549 |             f
    63 |     2520 |     25 |  0.000000E+00 |  0.000000E+00 |  0.1003054281 |         ideal
    64 |     2560 |     28 |  0.000000E+00 |  0.000000E+00 |  0.0338552428 |         ideal
    65 |     2600 |     29 |  0.000000E+00 |  0.000000E+00 |  0.0524388866 |         ideal
    66 |     2640 |     36 |  0.000000E+00 |  0.000000E+00 |  0.0055931721 |             f
    67 |     2680 |     38 |  0.000000E+00 |  0.000000E+00 |  0.0117901416 |             f
    68 |     2720 |     29 |  0.000000E+00 |  0.000000E+00 |  0.0129936573 |         ideal
    69 |     2760 |     34 |  0.000000E+00 |  0.000000E+00 |  0.0198758789 |         ideal
    70 |     2800 |     40 |  0.000000E+00 |  0.000000E+00 |  0.0051825599 |             f
    71 |     2840 |     40 |  0.000000E+00 |  0.000000E+00 |  0.0090957654 |             f
    72 |     2880 |     40 |  0.000000E+00 |  0.000000E+00 |  0.0235563679 |         ideal
    73 |     2920 |     40 |  0.000000E+00 |  0.000000E+00 |  0.0562334467 |         ideal
    74 |     2960 |     40 |  0.000000E+00 |  0.000000E+00 |  0.0046398087 |             f
    75 |     3000 |     29 |  0.000000E+00 |  0.000000E+00 |  0.0070459782 |             f
    76 |     3040 |     31 |  0.000000E+00 |  0.000000E+00 |  0.0516385479 |         ideal
    77 |     3080 |     31 |  0.000000E+00 |  0.000000E+00 |  0.2545349520 |         ideal
    78 |     3120 |     40 |  0.000000E+00 |  0.000000E+00 |  0.0025900690 |             f
    79 |     3160 |     29 |  0.000000E+00 |  0.000000E+00 |  0.0087538596 |             f
    80 |     3200 |     34 |  0.000000E+00 |  0.000000E+00 |  0.0345092915 |         ideal
    81 |     3240 |     40 |  0.000000E+00 |  0.000000E+00 |  0.0050603509 |             f
    82 |     3280 |     34 |  0.000000E+00 |  0.000000E+00 |  0.0037213365 |         ideal
    83 |     3320 |     39 |  0.000000E+00 |  0.000000E+00 |  0.0041961936 |             f
    84 |     3360 |     39 |  0.000000E+00 |  0.000000E+00 |  0.0054021460 |             f
    85 |     3400 |     40 |  0.000000E+00 |  0.000000E+00 |  0.0025640077 |             f
    86 |     3440 |     34 |  0.000000E+00 |  0.000000E+00 |  0.0458219871 |         ideal
    87 |     3480 |     40 |  0.000000E+00 |  0.000000E+00 |  0.0059172308 |             f
    88 |     3520 |     39 |  0.000000E+00 |  0.000000E+00 |  0.0080610926 |             f
    89 |     3560 |     37 |  0.000000E+00 |  0.000000E+00 |  0.0056930968 |         ideal
    90 |     3600 |     36 |  0.000000E+00 |  0.000000E+00 |  0.0111463840 |         ideal
    91 |     3640 |     32 |  0.000000E+00 |  0.000000E+00 |  0.0070970484 |             f
    92 |     3680 |     39 |  0.000000E+00 |  0.000000E+00 |  0.0033638848 |             f
    93 |     3720 |     36 |  0.000000E+00 |  0.000000E+00 |  0.0379518394 |         ideal
    94 |     3760 |     35 |  0.000000E+00 |  0.000000E+00 |  0.0446848671 |         ideal
    95 |     3800 |     37 |  0.000000E+00 |  0.000000E+00 |  0.0016108378 |             f
    96 |     3840 |     36 |  0.000000E+00 |  0.000000E+00 |  0.0100037429 |             f
    97 |     3880 |     39 |  0.000000E+00 |  0.000000E+00 |  0.0017371103 |             f
    98 |     3920 |     40 |  0.000000E+00 |  0.000000E+00 |  0.0088347398 |             f
    99 |     3960 |     40 |  0.000000E+00 |  0.000000E+00 |  0.0050219398 |             f
   100 |     4000 |     40 |  0.000000E+00 |  0.000000E+00 |  0.0025451840 |             f
mean B0=66.7726 homogen=157675.0748
mean B0=50.1944 homogen=34778.3633
mean B0=65.9487 homogen=141450.2874
mean B0=52.6705 homogen=42222.1839
mean B0=58.3164 homogen=60948.3849
mean B0=59.4345 homogen=74738.1346
mean B0=60.188 homogen=74894.9199
mean B0=56.3496 homogen=50002.5198
mean B0=54.6636 homogen=45436.7343
mean B0=60.8299 homogen=97775.4389
mean B0=64.9817 homogen=134985.5612
mean B0=57.2502 homogen=55705.9552
mean B0=62.9217 homogen=124072.3043
mean B0=61.1308 homogen=109917.4769
mean B0=64.1481 homogen=129934.167
mean B0=55.896 homogen=42791.1708
mean B0=63.7352 homogen=128041.7751
mean B0=54.707 homogen=45736.6646
mean B0=60.4806 homogen=89268.3997
mean B0=62.2276 homogen=117192.3292
mean B0=50.5137 homogen=36820.6879
mean B0=51.806 homogen=35680.02
mean B0=57.333 homogen=57173.8097
mean B0=62.4454 homogen=121450.1821
mean B0=60.5271 homogen=89730.5717
mean B0=65.0916 homogen=136558.6644
mean B0=51.1361 homogen=41451.4135
mean B0=60.6715 homogen=96148.0795
mean B0=57.7583 homogen=60873.6109
mean B0=61.6558 homogen=112026.9105
mean B0=59.4352 homogen=74748.43
mean B0=51.6321 homogen=34612.3886
mean B0=61.1829 homogen=110524.5514
mean B0=65.2889 homogen=140942.3126
mean B0=65.2889 homogen=140942.6073
mean B0=61.946 homogen=114476.8116
mean B0=51.172 homogen=41565.8482
mean B0=57.7583 homogen=60873.5241
mean B0=56.0895 homogen=47510.9944
mean B0=61.8959 homogen=112510.5371
   101 |     4040 |     40 |  0.000000E+00 |  0.000000E+00 |  0.0025123274 |             f
   102 |     4080 |     40 |  0.000000E+00 |  0.000000E+00 |  0.0023048904 |             f
   103 |     4120 |     40 |  0.000000E+00 |  0.000000E+00 |  0.0042950687 |             f
   104 |     4160 |     40 |  0.000000E+00 |  0.000000E+00 |  0.0462191675 |         ideal
   105 |     4200 |     40 |  0.000000E+00 |  0.000000E+00 |  0.0030040699 |             f
   106 |     4240 |     40 |  0.000000E+00 |  0.000000E+00 |  0.0039406689 |             f
   107 |     4280 |     40 |  0.000000E+00 |  0.000000E+00 |  0.0015240451 |             f
   108 |     4320 |     40 |  0.000000E+00 |  0.000000E+00 |  0.0037879887 |             f
   109 |     4360 |     40 |  0.000000E+00 |  0.000000E+00 |  0.0237899417 |         ideal
   110 |     4400 |     40 |  0.000000E+00 |  0.000000E+00 |  0.0088801023 |         ideal
   111 |     4440 |     40 |  0.000000E+00 |  0.000000E+00 |  0.0023876635 |             f
   112 |     4480 |     40 |  0.000000E+00 |  0.000000E+00 |  0.0082527172 |             f
   113 |     4520 |     40 |  0.000000E+00 |  0.000000E+00 |  0.0019134387 |             f
   114 |     4560 |     40 |  0.000000E+00 |  0.000000E+00 |  0.0043188375 |             f
   115 |     4600 |     40 |  0.000000E+00 |  0.000000E+00 |  0.0028045083 |             f
   116 |     4640 |     40 |  0.000000E+00 |  0.000000E+00 |  0.0091702570 |         nadir
   117 |     4680 |     40 |  0.000000E+00 |  0.000000E+00 |  0.0040371194 |             f
   118 |     4720 |     40 |  0.000000E+00 |  0.000000E+00 |  0.0016668296 |             f
   119 |     4760 |     40 |  0.000000E+00 |  0.000000E+00 |  0.0030847387 |             f
   120 |     4800 |     40 |  0.000000E+00 |  0.000000E+00 |  0.0104749385 |         ideal
mean B0=50.708 homogen=37656.4927
mean B0=68.0746 homogen=159061.6847
mean B0=67.2099 homogen=145057.6803
mean B0=62.1069 homogen=96657.7733
mean B0=50.8446 homogen=35238.1447
mean B0=64.5903 homogen=123071.6924
mean B0=57.6394 homogen=51521.2821
mean B0=66.3457 homogen=134933.38
mean B0=61.6364 homogen=93444.8924
mean B0=62.7062 homogen=105412.4403
mean B0=64.0026 homogen=112889.2915
mean B0=65.6684 homogen=126599.8324
mean B0=52.4094 homogen=29100.309
mean B0=54.8429 homogen=43084.5947
mean B0=66.5952 homogen=136713.2325
mean B0=58.4294 homogen=57432.2778
mean B0=67.4064 homogen=152462.2466
mean B0=61.1753 homogen=85987.4425
mean B0=59.8123 homogen=71227.5122
mean B0=60.5963 homogen=75030.0036
mean B0=59.4739 homogen=65349.8948
mean B0=53.7201 homogen=43629.5424
mean B0=56.0155 homogen=40096.1299
mean B0=54.6399 homogen=42385.5185
mean B0=57.0506 homogen=47798.9197
mean B0=58.927 homogen=65812.266
mean B0=67.8908 homogen=156123.4338
mean B0=63.4564 homogen=111217.123
mean B0=56.2513 homogen=40993.2045
mean B0=52.4934 homogen=29635.7429
mean B0=65.3875 homogen=126902.2545
mean B0=60.1047 homogen=73982.1434
mean B0=53.4664 homogen=41211.2579
mean B0=61.2424 homogen=86644.5287
mean B0=59.1253 homogen=62859.2587
mean B0=62.8463 homogen=109432.1337
mean B0=67.6186 homogen=153592.7237
mean B0=58.6048 homogen=59372.1139
mean B0=64.869 homogen=124878.2177
mean B0=62.9246 homogen=111607.3123
    pareto_idx  magnets  layers        sim_ppm  asbuilt_p90_ppm      B0_mT  length_mm
0            0      550       2   44797.594926     47075.097586  50.693322    122.240
4            4      552       2   46354.311372     48885.528619  50.888419    118.554
32          32      554       2   50087.600246     52350.935456  53.459580    109.172
21          21      554       2   51695.113569     53864.551384  53.697124    111.992
29          29      558       2   48254.631792     50507.710774  52.666671    111.164
12          12      558       2   48128.697905     50367.481226  52.591794    111.366
27          27      582       2  113140.960714    114857.377349  62.625748     88.884
16          16      583       2  155139.204846    156680.307100  66.005648     82.850
1            1      584       2  161827.043954    163547.795604  66.568773     82.216
36          36      584       2  156268.693673    157985.453509  66.196750     82.852
5            5      585       2  125045.168658    126551.150756  63.596417     87.802
30          30      585       2  129250.936430    130753.799395  64.356886     85.950
9            9      585       2  107066.770878    108643.872071  61.935523     91.048
26          26      585       2  158852.963932    160338.023893  66.430288     82.176
35          35      586       2  110857.716236    112535.198974  62.008509     91.532
38          38      586       2  126855.877847    128519.336387  63.847519     87.676
39          39      586       2  113018.729204    114696.044406  62.056030     92.092
2            2      586       2  147557.466054    149113.931113  65.907528     83.422
7            7      586       2  137317.772338    138885.579675  65.192292     84.706
14          14      587       2  139115.358632    140959.858239  65.414241     84.628
11          11      587       2  128951.641548    130866.922836  64.637384     85.734
10          10      587       2  114809.751032    116733.864797  63.142961     88.860
18          18      596       2   78739.368214     80700.246562  59.542438    106.612
34          34      596       2   72683.831193     74601.834438  58.973248    107.078
8            8      596       2   95899.860973     97519.732615  61.082244    103.796
31          31      596       2   80799.889115     82757.333786  59.801320    105.964
19          19      598       2   81355.830028     83366.292846  60.275193    105.948
13          13      598       2   52168.161369     54434.361681  54.834564    121.852
23          23      598       2   51670.531837     53938.988597  54.636672    122.708
37          37      600       2   68021.068149     69956.140562  58.459598    109.422
3            3      600       2   99111.488136    100839.751140  61.504208    103.646
33          33      600       2   89024.684778     90751.956560  60.766814    105.198
17          17      600       2   88357.825972     90087.329344  60.707445    105.312
15          15      600       2   66573.255558     68511.149427  58.310665    109.662
25          25      600       2   71142.282016     73068.949268  58.675793    109.058
24          24      600       2   57731.890396     59773.476228  57.039010    113.006
22          22      600       2   54549.348239     56620.809410  56.089766    113.956
20          20      600       2   73718.616704     75665.868716  59.270199    107.380
6            6      600       2   60644.115424     62592.652515  57.585570    111.032
28          28      600       2   55028.888840     57089.498665  56.316682    112.620
