/Users/nv/Documents/MRI/magnet_design/optimize_robust_aligned.py:54: DeprecationWarning: Importing 'StarmapParallelization' from 'pymoo.core.problem' is deprecated. Please use 'from pymoo.parallelization import StarmapParallelization' instead. This backward compatibility import will be removed in a future version.
  from pymoo.core.problem import StarmapParallelization
==========================================================================================
n_gen  |  n_eval  | n_nds  |     cv_min    |     cv_avg    |      eps      |   indicator  
==========================================================================================
     1 |       40 |      1 |  2.165358E+01 |  1.131347E+02 |             - |             -
     2 |       80 |      1 |  2.165358E+01 |  3.881740E+01 |             - |             -
     3 |      120 |      1 |  2.164345E+01 |  3.278136E+01 |             - |             -
     4 |      160 |      1 |  2.164345E+01 |  2.922067E+01 |             - |             -
     5 |      200 |      1 |  1.939929E+01 |  2.625161E+01 |             - |             -
     6 |      240 |      1 |  1.862745E+01 |  2.427048E+01 |             - |             -
     7 |      280 |      1 |  1.862745E+01 |  2.193023E+01 |             - |             -
     8 |      320 |      1 |  1.821881E+01 |  2.095473E+01 |             - |             -
     9 |      360 |      1 |  1.571278E+01 |  1.979411E+01 |             - |             -
    10 |      400 |      1 |  1.515531E+01 |  1.872996E+01 |             - |             -
    11 |      440 |      1 |  1.469076E+01 |  1.782442E+01 |             - |             -
    12 |      480 |      1 |  1.356677E+01 |  1.676468E+01 |             - |             -
    13 |      520 |      1 |  1.321847E+01 |  1.532005E+01 |             - |             -
    14 |      560 |      1 |  1.210423E+01 |  1.445583E+01 |             - |             -
    15 |      600 |      1 |  1.210423E+01 |  1.390132E+01 |             - |             -
    16 |      640 |      1 |  1.210423E+01 |  1.321681E+01 |             - |             -
    17 |      680 |      1 |  1.113038E+01 |  1.259716E+01 |             - |             -
    18 |      720 |      1 |  9.9019371299 |  1.211085E+01 |             - |             -
    19 |      760 |      1 |  9.4504874609 |  1.158162E+01 |             - |             -
    20 |      800 |      1 |  9.4504874609 |  1.103710E+01 |             - |             -
    21 |      840 |      1 |  9.4504874609 |  1.052018E+01 |             - |             -
    22 |      880 |      1 |  8.3214963367 |  9.9503688202 |             - |             -
    23 |      920 |      1 |  8.0194786610 |  9.6032768658 |             - |             -
    24 |      960 |      1 |  8.0194786610 |  9.2950232878 |             - |             -
    25 |     1000 |      1 |  7.4817611785 |  8.9251556528 |             - |             -
    26 |     1040 |      1 |  7.2154248064 |  8.3911144586 |             - |             -
    27 |     1080 |      1 |  7.0864543233 |  7.8735798991 |             - |             -
    28 |     1120 |      1 |  7.0864543233 |  7.5786401843 |             - |             -
    29 |     1160 |      1 |  6.9004809231 |  7.3752247383 |             - |             -
    30 |     1200 |      1 |  6.9004809231 |  7.2917167357 |             - |             -
    31 |     1240 |      1 |  6.4570274397 |  7.1371026361 |             - |             -
    32 |     1280 |      1 |  6.4570274397 |  7.0392337258 |             - |             -
    33 |     1320 |      1 |  6.1280483516 |  6.8897413236 |             - |             -
    34 |     1360 |      1 |  4.5292448953 |  6.6821924118 |             - |             -
    35 |     1400 |      1 |  4.5292448953 |  6.4120951673 |             - |             -
    36 |     1440 |      1 |  4.5274321126 |  6.1234595549 |             - |             -
    37 |     1480 |      1 |  4.4442189103 |  5.8879261226 |             - |             -
    38 |     1520 |      1 |  4.4442189103 |  5.6443484181 |             - |             -
    39 |     1560 |      1 |  4.4441887356 |  5.2900583258 |             - |             -
    40 |     1600 |      1 |  4.2820229358 |  4.8330006052 |             - |             -
    41 |     1640 |      1 |  3.9885734702 |  4.5071223523 |             - |             -
    42 |     1680 |      1 |  3.9885734702 |  4.4253373853 |             - |             -
    43 |     1720 |      1 |  3.9885734702 |  4.3901701828 |             - |             -
    44 |     1760 |      1 |  3.9185733330 |  4.3307354533 |             - |             -
    45 |     1800 |      1 |  3.9185733330 |  4.2653628775 |             - |             -
    46 |     1840 |      1 |  3.8425880029 |  4.1705388762 |             - |             -
    47 |     1880 |      1 |  3.4079715505 |  4.0563966264 |             - |             -
    48 |     1920 |      1 |  3.4079715505 |  3.9864853676 |             - |             -
    49 |     1960 |      1 |  3.4079715505 |  3.8895451781 |             - |             -
    50 |     2000 |      1 |  3.0890432031 |  3.8008647047 |             - |             -
    51 |     2040 |      1 |  3.0890432031 |  3.7104362240 |             - |             -
    52 |     2080 |      1 |  3.0890432031 |  3.5867595181 |             - |             -
    53 |     2120 |      1 |  3.0285019778 |  3.4675317168 |             - |             -
    54 |     2160 |      1 |  2.7198874903 |  3.3066501218 |             - |             -
    55 |     2200 |      1 |  2.6776475356 |  3.1557072143 |             - |             -
    56 |     2240 |      1 |  2.6776475356 |  3.0252017856 |             - |             -
    57 |     2280 |      1 |  1.9955412298 |  2.8615682427 |             - |             -
    58 |     2320 |      1 |  1.9955412298 |  2.7454480260 |             - |             -
    59 |     2360 |      1 |  1.9561806443 |  2.6141151660 |             - |             -
    60 |     2400 |      1 |  1.8146615762 |  2.4336854262 |             - |             -
    61 |     2440 |      1 |  1.7582720860 |  2.2470230095 |             - |             -
    62 |     2480 |      1 |  1.5716156282 |  2.0522843138 |             - |             -
    63 |     2520 |      1 |  1.3723053405 |  1.8537363061 |             - |             -
    64 |     2560 |      1 |  1.3478170856 |  1.7464030187 |             - |             -
    65 |     2600 |      1 |  1.2975984736 |  1.6462016094 |             - |             -
    66 |     2640 |      1 |  1.1839308302 |  1.5108884292 |             - |             -
    67 |     2680 |      1 |  1.1839308302 |  1.3759625370 |             - |             -
    68 |     2720 |      1 |  1.0166387589 |  1.2530025191 |             - |             -
    69 |     2760 |      1 |  0.9852434579 |  1.1833032490 |             - |             -
    70 |     2800 |      1 |  0.7637178361 |  1.1161411751 |             - |             -
    71 |     2840 |      1 |  0.7208639341 |  1.0423094154 |             - |             -
    72 |     2880 |      1 |  0.7208639341 |  0.9746890490 |             - |             -
    73 |     2920 |      1 |  0.6149611777 |  0.9082353503 |             - |             -
    74 |     2960 |      1 |  0.5604054109 |  0.8283961754 |             - |             -
    75 |     3000 |      1 |  0.5604054109 |  0.7697275191 |             - |             -
    76 |     3040 |      1 |  0.5509874770 |  0.7261995401 |             - |             -
    77 |     3080 |      1 |  0.5066038989 |  0.6736132546 |             - |             -
    78 |     3120 |      1 |  0.4893417162 |  0.6198326718 |             - |             -
    79 |     3160 |      1 |  0.4605303215 |  0.5584357430 |             - |             -
    80 |     3200 |      1 |  0.4605303215 |  0.5298504602 |             - |             -
    81 |     3240 |      1 |  0.4605303215 |  0.5112801857 |             - |             -
    82 |     3280 |      1 |  0.3464977782 |  0.4862346851 |             - |             -
    83 |     3320 |      1 |  0.1040033676 |  0.4549660424 |             - |             -
    84 |     3360 |      1 |  0.1040033676 |  0.4343407374 |             - |             -
    85 |     3400 |      1 |  0.0954030222 |  0.4041353562 |             - |             -
    86 |     3440 |      1 |  0.0954030222 |  0.3676419671 |             - |             -
    87 |     3480 |      1 |  0.0954030222 |  0.3045160235 |             - |             -
    88 |     3520 |      1 |  0.000000E+00 |  0.2586492454 |             - |             -
    89 |     3560 |      1 |  0.000000E+00 |  0.2197810510 |  0.000000E+00 |             f
    90 |     3600 |      1 |  0.000000E+00 |  0.1447193463 |  4.406773E+03 |         ideal
    91 |     3640 |      1 |  0.000000E+00 |  0.0710045922 |  0.000000E+00 |             f
    92 |     3680 |      2 |  0.000000E+00 |  0.0068563428 |  1.0033746045 |         ideal
    93 |     3720 |      3 |  0.000000E+00 |  0.000000E+00 |  0.0177926591 |             f
    94 |     3760 |      2 |  0.000000E+00 |  0.000000E+00 |  0.0579888406 |         ideal
    95 |     3800 |      4 |  0.000000E+00 |  0.000000E+00 |  0.1822517716 |         ideal
    96 |     3840 |      6 |  0.000000E+00 |  0.000000E+00 |  0.0432227072 |         ideal
    97 |     3880 |      2 |  0.000000E+00 |  0.000000E+00 |  0.4179325882 |         ideal
    98 |     3920 |      2 |  0.000000E+00 |  0.000000E+00 |  0.1642462682 |         ideal
    99 |     3960 |      3 |  0.000000E+00 |  0.000000E+00 |  0.4237707768 |         ideal
   100 |     4000 |      4 |  0.000000E+00 |  0.000000E+00 |  0.0858701905 |             f
mean B0=46.0334 homogen=93913.5782
mean B0=46.2333 homogen=95908.9981
mean B0=45.6378 homogen=92581.3401
mean B0=46.0565 homogen=95518.0544
   101 |     4040 |      4 |  0.000000E+00 |  0.000000E+00 |  0.0759515500 |         ideal
   102 |     4080 |      3 |  0.000000E+00 |  0.000000E+00 |  0.2091083137 |         ideal
   103 |     4120 |      4 |  0.000000E+00 |  0.000000E+00 |  0.1327328362 |         ideal
   104 |     4160 |      7 |  0.000000E+00 |  0.000000E+00 |  0.2535720172 |         ideal
   105 |     4200 |     10 |  0.000000E+00 |  0.000000E+00 |  0.1780436412 |         ideal
   106 |     4240 |     14 |  0.000000E+00 |  0.000000E+00 |  0.6204273185 |         ideal
   107 |     4280 |     15 |  0.000000E+00 |  0.000000E+00 |  0.1207975656 |         ideal
   108 |     4320 |     14 |  0.000000E+00 |  0.000000E+00 |  0.0385255069 |             f
   109 |     4360 |     19 |  0.000000E+00 |  0.000000E+00 |  0.0572820327 |         ideal
   110 |     4400 |      8 |  0.000000E+00 |  0.000000E+00 |  0.2164656614 |         ideal
   111 |     4440 |      6 |  0.000000E+00 |  0.000000E+00 |  0.0536539300 |             f
   112 |     4480 |      5 |  0.000000E+00 |  0.000000E+00 |  0.1294744145 |             f
   113 |     4520 |      5 |  0.000000E+00 |  0.000000E+00 |  0.1678726623 |         ideal
   114 |     4560 |      6 |  0.000000E+00 |  0.000000E+00 |  0.0422549111 |         ideal
   115 |     4600 |      7 |  0.000000E+00 |  0.000000E+00 |  0.3586229692 |         ideal
   116 |     4640 |      7 |  0.000000E+00 |  0.000000E+00 |  0.1027019870 |         ideal
   117 |     4680 |     12 |  0.000000E+00 |  0.000000E+00 |  0.0071714437 |         ideal
   118 |     4720 |     15 |  0.000000E+00 |  0.000000E+00 |  0.0150475139 |             f
   119 |     4760 |     19 |  0.000000E+00 |  0.000000E+00 |  0.0355960992 |         ideal
   120 |     4800 |     32 |  0.000000E+00 |  0.000000E+00 |  0.1155824110 |         ideal
mean B0=46.7351 homogen=88773.7597
mean B0=46.7836 homogen=89264.8245
mean B0=46.4864 homogen=85054.5196
mean B0=46.53 homogen=86836.2884
mean B0=45.6733 homogen=74784.4367
mean B0=46.7918 homogen=89384.5963
mean B0=46.4864 homogen=85054.5196
mean B0=46.2886 homogen=83079.3819
mean B0=46.3568 homogen=83357.7696
mean B0=46.7351 homogen=88773.7597
mean B0=46.7918 homogen=89386.0169
mean B0=45.6357 homogen=74230.4028
mean B0=46.7449 homogen=88917.5209
mean B0=45.928 homogen=76688.5795
mean B0=46.6908 homogen=88156.1177
mean B0=46.7395 homogen=88883.5061
mean B0=46.7444 homogen=88915.1222
mean B0=46.4684 homogen=84786.8749
mean B0=45.6961 homogen=74800.1462
mean B0=46.6962 homogen=88518.5943
mean B0=46.4947 homogen=85167.3325
mean B0=46.4585 homogen=84622.2171
mean B0=46.0531 homogen=80981.4024
mean B0=45.4193 homogen=72278.7794
mean B0=46.6776 homogen=87941.1729
mean B0=46.2822 homogen=82976.6688
mean B0=45.928 homogen=76688.5795
mean B0=46.3447 homogen=83178.7872
mean B0=46.7151 homogen=88682.5963
mean B0=46.0129 homogen=78384.3474
mean B0=46.5058 homogen=85206.7886
mean B0=46.5718 homogen=87319.0329
    pareto_idx  magnets  layers       sim_ppm  asbuilt_p90_ppm      B0_mT  length_mm
31          31      366       2  88249.364852     90630.309855  46.078273    121.498
22          22      366       2  81888.491246     84278.211738  45.617006    122.640
11          11      366       2  75276.945770     77695.528970  45.264043    123.058
23          23      366       2  73288.539350     75711.149557  45.063597    124.068
7            7      366       2  84028.111144     86393.036620  45.834482    121.472
25          25      366       2  83926.400261     86315.493054  45.829124    121.480
4            4      366       2  75825.296443     78236.025292  45.296515    122.990
3            3      366       2  87762.483974     90140.686325  46.041028    121.684
18          18      366       2  75849.528305     78236.102080  45.319641    122.792
26          26      367       2  77681.230587     80267.200573  45.531734    122.664
19          19      367       2  89402.856001     92028.544740  46.187963    121.514
24          24      367       2  88818.933678     91407.268132  46.174516    121.366
28          28      367       2  89561.708941     92155.520526  46.205448    121.830
29          29      367       2  79363.245085     81956.678759  45.601149    123.106
21          21      367       2  85541.039139     88129.653755  45.988118    122.154
20          20      367       2  86069.547884     88689.734735  46.018272    121.658
27          27      367       2  84110.406413     86736.423659  45.887932    122.492
0            0      367       2  89656.999849     92249.982601  46.224917    121.710
16          16      367       2  89796.946637     92419.692178  46.232832    121.692
30          30      367       2  86136.627972     88720.885961  46.030418    122.136
14          14      367       2  89044.134586     91629.606455  46.186549    121.800
13          13      367       2  77681.230587     80267.200573  45.531734    122.664
12          12      367       2  89799.482839     92422.292434  46.233228    121.692
10          10      367       2  90277.713450     92874.129259  46.276070    121.592
9            9      367       2  89656.999849     92249.982601  46.224917    121.710
8            8      367       2  84288.435602     86881.576505  45.898356    122.470
6            6      367       2  85957.598255     88577.619280  46.011023    121.680
5            5      367       2  90276.647449     92879.673696  46.276109    121.590
2            2      367       2  85957.598255     88577.619280  46.011023    121.680
1            1      367       2  90158.089719     92763.064394  46.269084    121.606
17          17      367       2  85705.630883     88309.487786  45.996568    122.190
15          15      367       2  89767.473790     92367.182256  46.228310    121.730
