/Users/nv/Documents/MRI/magnet_design/optimize_robust_aligned.py:54: DeprecationWarning: Importing 'StarmapParallelization' from 'pymoo.core.problem' is deprecated. Please use 'from pymoo.parallelization import StarmapParallelization' instead. This backward compatibility import will be removed in a future version.
  from pymoo.core.problem import StarmapParallelization
==========================================================================================
n_gen  |  n_eval  | n_nds  |     cv_min    |     cv_avg    |      eps      |   indicator  
==========================================================================================
     1 |       40 |      1 |  2.652500E+01 |  1.180585E+02 |             - |             -
     2 |       80 |      1 |  2.561083E+01 |  4.753746E+01 |             - |             -
     3 |      120 |      1 |  2.561083E+01 |  3.781794E+01 |             - |             -
     4 |      160 |      1 |  2.561083E+01 |  3.484545E+01 |             - |             -
     5 |      200 |      1 |  2.561083E+01 |  3.217775E+01 |             - |             -
     6 |      240 |      1 |  2.469054E+01 |  3.032429E+01 |             - |             -
     7 |      280 |      1 |  2.362176E+01 |  2.862148E+01 |             - |             -
     8 |      320 |      1 |  2.284070E+01 |  2.649491E+01 |             - |             -
     9 |      360 |      1 |  2.177951E+01 |  2.524965E+01 |             - |             -
    10 |      400 |      1 |  2.023377E+01 |  2.415519E+01 |             - |             -
    11 |      440 |      1 |  2.023377E+01 |  2.320876E+01 |             - |             -
    12 |      480 |      1 |  1.877516E+01 |  2.217372E+01 |             - |             -
    13 |      520 |      1 |  1.785747E+01 |  2.099830E+01 |             - |             -
    14 |      560 |      1 |  1.698909E+01 |  1.986108E+01 |             - |             -
    15 |      600 |      1 |  1.698909E+01 |  1.912871E+01 |             - |             -
    16 |      640 |      1 |  1.655487E+01 |  1.846470E+01 |             - |             -
    17 |      680 |      1 |  1.655487E+01 |  1.797538E+01 |             - |             -
    18 |      720 |      1 |  1.603076E+01 |  1.762264E+01 |             - |             -
    19 |      760 |      1 |  1.603076E+01 |  1.723306E+01 |             - |             -
    20 |      800 |      1 |  1.571402E+01 |  1.680528E+01 |             - |             -
    21 |      840 |      1 |  1.450122E+01 |  1.641728E+01 |             - |             -
    22 |      880 |      1 |  1.450122E+01 |  1.602711E+01 |             - |             -
    23 |      920 |      1 |  1.450122E+01 |  1.569085E+01 |             - |             -
    24 |      960 |      1 |  1.427880E+01 |  1.528109E+01 |             - |             -
    25 |     1000 |      1 |  1.338767E+01 |  1.485288E+01 |             - |             -
    26 |     1040 |      1 |  1.338767E+01 |  1.447184E+01 |             - |             -
    27 |     1080 |      1 |  1.338767E+01 |  1.425502E+01 |             - |             -
    28 |     1120 |      1 |  1.338767E+01 |  1.405247E+01 |             - |             -
    29 |     1160 |      1 |  1.338767E+01 |  1.387952E+01 |             - |             -
    30 |     1200 |      1 |  1.330821E+01 |  1.373658E+01 |             - |             -
    31 |     1240 |      1 |  1.324480E+01 |  1.357503E+01 |             - |             -
    32 |     1280 |      1 |  1.291484E+01 |  1.342029E+01 |             - |             -
    33 |     1320 |      1 |  1.263622E+01 |  1.324389E+01 |             - |             -
    34 |     1360 |      1 |  1.245342E+01 |  1.308763E+01 |             - |             -
    35 |     1400 |      1 |  1.245342E+01 |  1.294231E+01 |             - |             -
    36 |     1440 |      1 |  1.197661E+01 |  1.278308E+01 |             - |             -
    37 |     1480 |      1 |  1.197661E+01 |  1.258789E+01 |             - |             -
    38 |     1520 |      1 |  1.184942E+01 |  1.241596E+01 |             - |             -
    39 |     1560 |      1 |  1.122103E+01 |  1.218903E+01 |             - |             -
    40 |     1600 |      1 |  1.122103E+01 |  1.197654E+01 |             - |             -
    41 |     1640 |      1 |  1.122103E+01 |  1.177596E+01 |             - |             -
    42 |     1680 |      1 |  1.120380E+01 |  1.156920E+01 |             - |             -
    43 |     1720 |      1 |  1.112860E+01 |  1.139450E+01 |             - |             -
    44 |     1760 |      1 |  1.102342E+01 |  1.125473E+01 |             - |             -
    45 |     1800 |      1 |  1.098751E+01 |  1.118741E+01 |             - |             -
    46 |     1840 |      1 |  1.080385E+01 |  1.112670E+01 |             - |             -
    47 |     1880 |      1 |  1.069404E+01 |  1.104231E+01 |             - |             -
    48 |     1920 |      1 |  1.018624E+01 |  1.093091E+01 |             - |             -
    49 |     1960 |      1 |  1.006088E+01 |  1.079724E+01 |             - |             -
    50 |     2000 |      1 |  1.006088E+01 |  1.066394E+01 |             - |             -
    51 |     2040 |      1 |  9.9342382430 |  1.052813E+01 |             - |             -
    52 |     2080 |      1 |  9.9342382430 |  1.038723E+01 |             - |             -
    53 |     2120 |      1 |  9.1212052130 |  1.019967E+01 |             - |             -
    54 |     2160 |      1 |  8.8178414069 |  1.000129E+01 |             - |             -
    55 |     2200 |      1 |  7.6983129274 |  9.8015445643 |             - |             -
    56 |     2240 |      1 |  7.6983129274 |  9.6247811739 |             - |             -
    57 |     2280 |      1 |  7.6983129274 |  9.2936674540 |             - |             -
    58 |     2320 |      1 |  7.5777637291 |  8.8427026712 |             - |             -
    59 |     2360 |      1 |  7.5777637291 |  8.4127523689 |             - |             -
    60 |     2400 |      1 |  7.5777637291 |  8.0826338816 |             - |             -
    61 |     2440 |      1 |  7.5751280863 |  7.8358287823 |             - |             -
    62 |     2480 |      1 |  7.4568158774 |  7.7222142494 |             - |             -
    63 |     2520 |      1 |  7.3975965960 |  7.6204791117 |             - |             -
    64 |     2560 |      1 |  7.0815643308 |  7.5441169415 |             - |             -
    65 |     2600 |      1 |  7.0814844309 |  7.4792770613 |             - |             -
    66 |     2640 |      1 |  7.0814844309 |  7.3977487583 |             - |             -
    67 |     2680 |      1 |  7.0642177987 |  7.2970729502 |             - |             -
    68 |     2720 |      1 |  6.8063063064 |  7.1830840929 |             - |             -
    69 |     2760 |      1 |  6.8063063064 |  7.1044922514 |             - |             -
    70 |     2800 |      1 |  6.6990654121 |  7.0238553076 |             - |             -
    71 |     2840 |      1 |  6.6956931868 |  6.9563874638 |             - |             -
    72 |     2880 |      1 |  6.6956931868 |  6.9052927338 |             - |             -
    73 |     2920 |      1 |  6.6956931868 |  6.8492520413 |             - |             -
    74 |     2960 |      1 |  6.5756590147 |  6.7794884694 |             - |             -
    75 |     3000 |      1 |  6.5721687523 |  6.7330951689 |             - |             -
    76 |     3040 |      1 |  6.5715549649 |  6.6793006337 |             - |             -
    77 |     3080 |      1 |  6.5519660715 |  6.6358650370 |             - |             -
    78 |     3120 |      1 |  6.5519660715 |  6.6080884879 |             - |             -
    79 |     3160 |      1 |  6.5362369497 |  6.5863837689 |             - |             -
    80 |     3200 |      1 |  6.1563034717 |  6.5524315139 |             - |             -
    81 |     3240 |      1 |  6.1563034717 |  6.5386615761 |             - |             -
    82 |     3280 |      1 |  6.1563034717 |  6.5083864670 |             - |             -
    83 |     3320 |      1 |  6.1563034717 |  6.4864625160 |             - |             -
    84 |     3360 |      1 |  6.0740694969 |  6.4451709526 |             - |             -
    85 |     3400 |      1 |  6.0740694969 |  6.3925210007 |             - |             -
    86 |     3440 |      1 |  6.0740694969 |  6.3266968862 |             - |             -
    87 |     3480 |      1 |  6.0251844599 |  6.2291760917 |             - |             -
    88 |     3520 |      1 |  5.5571642672 |  6.1234328812 |             - |             -
    89 |     3560 |      1 |  5.5571642672 |  6.0713796195 |             - |             -
    90 |     3600 |      1 |  5.5571642672 |  6.0084539152 |             - |             -
    91 |     3640 |      1 |  5.3365792986 |  5.8943717380 |             - |             -
    92 |     3680 |      1 |  5.3365792986 |  5.7790008644 |             - |             -
    93 |     3720 |      1 |  5.0432799307 |  5.6948939629 |             - |             -
    94 |     3760 |      1 |  5.0174129426 |  5.6214764048 |             - |             -
    95 |     3800 |      1 |  5.0173674452 |  5.4933501433 |             - |             -
    96 |     3840 |      1 |  5.0007173873 |  5.3209112144 |             - |             -
    97 |     3880 |      1 |  4.9677143570 |  5.1044570742 |             - |             -
    98 |     3920 |      1 |  4.9677143570 |  5.0401084177 |             - |             -
    99 |     3960 |      1 |  4.9677143570 |  5.0194980665 |             - |             -
   100 |     4000 |      1 |  4.9673629691 |  5.0022183093 |             - |             -
   101 |     4040 |      1 |  4.9493809058 |  4.9907172078 |             - |             -
   102 |     4080 |      1 |  4.8808823187 |  4.9748165140 |             - |             -
   103 |     4120 |      1 |  4.8808823187 |  4.9643044688 |             - |             -
   104 |     4160 |      1 |  4.4418182111 |  4.9415938413 |             - |             -
   105 |     4200 |      1 |  4.4418182111 |  4.9289697137 |             - |             -
   106 |     4240 |      1 |  4.4418182111 |  4.9077111836 |             - |             -
   107 |     4280 |      1 |  4.4418182111 |  4.8873687941 |             - |             -
   108 |     4320 |      1 |  3.6678714293 |  4.8290383431 |             - |             -
   109 |     4360 |      1 |  3.6678714293 |  4.7866509834 |             - |             -
   110 |     4400 |      1 |  3.6672139039 |  4.7166802273 |             - |             -
   111 |     4440 |      1 |  3.5117873339 |  4.6066469400 |             - |             -
   112 |     4480 |      1 |  3.5117873339 |  4.4879784357 |             - |             -
   113 |     4520 |      1 |  3.5117873339 |  4.2153350434 |             - |             -
   114 |     4560 |      1 |  3.5108875009 |  3.9881148662 |             - |             -
   115 |     4600 |      1 |  3.5092353055 |  3.6733076735 |             - |             -
   116 |     4640 |      1 |  3.4870140815 |  3.5818431265 |             - |             -
   117 |     4680 |      1 |  3.4324984305 |  3.5374812865 |             - |             -
   118 |     4720 |      1 |  3.3996198334 |  3.5038134979 |             - |             -
   119 |     4760 |      1 |  3.3082146834 |  3.4812942800 |             - |             -
   120 |     4800 |      1 |  3.3082146834 |  3.4530455316 |             - |             -
   121 |     4840 |      1 |  3.3082146834 |  3.4222910402 |             - |             -
   122 |     4880 |      1 |  3.2272320208 |  3.3884698206 |             - |             -
   123 |     4920 |      1 |  2.9185183573 |  3.3406713143 |             - |             -
   124 |     4960 |      1 |  2.9185183573 |  3.3070213302 |             - |             -
   125 |     5000 |      1 |  2.9179990771 |  3.2515965899 |             - |             -
   126 |     5040 |      1 |  2.9179990771 |  3.2176312676 |             - |             -
   127 |     5080 |      1 |  2.9179990771 |  3.1612724057 |             - |             -
   128 |     5120 |      1 |  2.9179990771 |  3.1120079441 |             - |             -
   129 |     5160 |      1 |  2.8947897645 |  3.0508961449 |             - |             -
   130 |     5200 |      1 |  2.8801768025 |  2.9981270525 |             - |             -
   131 |     5240 |      1 |  2.8775973087 |  2.9498871108 |             - |             -
   132 |     5280 |      1 |  2.8403210230 |  2.9105237384 |             - |             -
   133 |     5320 |      1 |  2.8403210230 |  2.9015573498 |             - |             -
   134 |     5360 |      1 |  2.8403210230 |  2.8925739836 |             - |             -
   135 |     5400 |      1 |  2.8397621350 |  2.8833750439 |             - |             -
   136 |     5440 |      1 |  2.7891957717 |  2.8706886533 |             - |             -
   137 |     5480 |      1 |  2.7891957717 |  2.8587195794 |             - |             -
   138 |     5520 |      1 |  2.7891882644 |  2.8441338990 |             - |             -
   139 |     5560 |      1 |  2.7667840286 |  2.8343984710 |             - |             -
   140 |     5600 |      1 |  2.7643192292 |  2.8226374422 |             - |             -
   141 |     5640 |      1 |  2.7580651658 |  2.8081159721 |             - |             -
   142 |     5680 |      1 |  2.7580651658 |  2.7972982838 |             - |             -
   143 |     5720 |      1 |  2.7350047667 |  2.7867871889 |             - |             -
   144 |     5760 |      1 |  2.7232406819 |  2.7701937590 |             - |             -
   145 |     5800 |      1 |  2.7063987195 |  2.7578332079 |             - |             -
   146 |     5840 |      1 |  2.7047601635 |  2.7471099396 |             - |             -
   147 |     5880 |      1 |  2.7039924353 |  2.7347129062 |             - |             -
   148 |     5920 |      1 |  2.6417856376 |  2.7200288304 |             - |             -
   149 |     5960 |      1 |  2.6298489242 |  2.7070255274 |             - |             -
   150 |     6000 |      1 |  2.6242877762 |  2.6954796317 |             - |             -
   151 |     6040 |      1 |  2.5256763253 |  2.6837909512 |             - |             -
   152 |     6080 |      1 |  2.5238523415 |  2.6635559142 |             - |             -
   153 |     6120 |      1 |  2.5229659772 |  2.6332034091 |             - |             -
   154 |     6160 |      1 |  2.5222561184 |  2.6011618582 |             - |             -
   155 |     6200 |      1 |  2.3787804086 |  2.5689670100 |             - |             -
   156 |     6240 |      1 |  2.3787804086 |  2.5413029938 |             - |             -
   157 |     6280 |      1 |  2.3787804086 |  2.5252668990 |             - |             -
   158 |     6320 |      1 |  2.3787804086 |  2.5158268368 |             - |             -
   159 |     6360 |      1 |  2.3787804086 |  2.5114492447 |             - |             -
   160 |     6400 |      1 |  2.3696209598 |  2.5035417063 |             - |             -
   161 |     6440 |      1 |  2.3663479876 |  2.4972854312 |             - |             -
   162 |     6480 |      1 |  2.3663479876 |  2.4867781123 |             - |             -
   163 |     6520 |      1 |  2.3610182377 |  2.4750370353 |             - |             -
   164 |     6560 |      1 |  2.3610182377 |  2.4556911688 |             - |             -
   165 |     6600 |      1 |  2.3470657250 |  2.4282836014 |             - |             -
   166 |     6640 |      1 |  2.3397757365 |  2.3793806166 |             - |             -
   167 |     6680 |      1 |  2.3397757365 |  2.3610171538 |             - |             -
   168 |     6720 |      1 |  2.3397757365 |  2.3558444687 |             - |             -
   169 |     6760 |      1 |  2.2845162266 |  2.3506935683 |             - |             -
   170 |     6800 |      1 |  2.2845162266 |  2.3454383086 |             - |             -
   171 |     6840 |      1 |  2.2756836883 |  2.3408616414 |             - |             -
   172 |     6880 |      1 |  2.2756836883 |  2.3342301417 |             - |             -
   173 |     6920 |      1 |  2.2641161385 |  2.3257682904 |             - |             -
   174 |     6960 |      1 |  1.9389730010 |  2.3039473442 |             - |             -
   175 |     7000 |      1 |  1.9389730010 |  2.2853892324 |             - |             -
   176 |     7040 |      1 |  1.9316853752 |  2.2574482520 |             - |             -
   177 |     7080 |      1 |  1.9316853752 |  2.2252690341 |             - |             -
   178 |     7120 |      1 |  1.9316853752 |  2.1884808283 |             - |             -
   179 |     7160 |      1 |  1.9316853752 |  2.1267658561 |             - |             -
   180 |     7200 |      1 |  1.9316853752 |  2.0456677042 |             - |             -
   181 |     7240 |      1 |  1.9316853752 |  1.9792857908 |             - |             -
   182 |     7280 |      1 |  1.7742486953 |  1.9357273632 |             - |             -
   183 |     7320 |      1 |  1.7742486953 |  1.9304853420 |             - |             -
   184 |     7360 |      1 |  1.7742486953 |  1.9199955685 |             - |             -
   185 |     7400 |      1 |  1.7742486953 |  1.9088081945 |             - |             -
   186 |     7440 |      1 |  1.7693440056 |  1.8843046090 |             - |             -
   187 |     7480 |      1 |  1.7693440056 |  1.8544390144 |             - |             -
   188 |     7520 |      1 |  1.7693440056 |  1.8213457383 |             - |             -
   189 |     7560 |      1 |  1.6930572016 |  1.7975898845 |             - |             -
   190 |     7600 |      1 |  1.6926961850 |  1.7669587615 |             - |             -
   191 |     7640 |      1 |  1.6848097869 |  1.7591252948 |             - |             -
   192 |     7680 |      1 |  1.6848097869 |  1.7501771068 |             - |             -
   193 |     7720 |      1 |  1.6848097869 |  1.7374430780 |             - |             -
   194 |     7760 |      1 |  1.6847486167 |  1.7138493056 |             - |             -
   195 |     7800 |      1 |  1.6837960600 |  1.6904148996 |             - |             -
   196 |     7840 |      1 |  1.6043910009 |  1.6861946691 |             - |             -
   197 |     7880 |      1 |  1.6034394877 |  1.6818138810 |             - |             -
   198 |     7920 |      1 |  1.6034394877 |  1.6782840650 |             - |             -
   199 |     7960 |      1 |  1.6034394877 |  1.6733295207 |             - |             -
   200 |     8000 |      1 |  1.6034394877 |  1.6667184949 |             - |             -
   201 |     8040 |      1 |  1.6017847154 |  1.6543056887 |             - |             -
   202 |     8080 |      1 |  1.6010647051 |  1.6266215858 |             - |             -
   203 |     8120 |      1 |  1.6010647051 |  1.6034752755 |             - |             -
   204 |     8160 |      1 |  1.5986618725 |  1.6029200622 |             - |             -
   205 |     8200 |      1 |  1.5986618725 |  1.6023830271 |             - |             -
   206 |     8240 |      1 |  1.5983596717 |  1.6016478090 |             - |             -
   207 |     8280 |      1 |  1.5983596717 |  1.6009499665 |             - |             -
   208 |     8320 |      1 |  1.5970856292 |  1.6000296860 |             - |             -
   209 |     8360 |      1 |  1.5970856292 |  1.5994501805 |             - |             -
   210 |     8400 |      1 |  1.5198036564 |  1.5967200920 |             - |             -
   211 |     8440 |      1 |  1.5186350187 |  1.5941491071 |             - |             -
   212 |     8480 |      1 |  1.5186350187 |  1.5917304167 |             - |             -
   213 |     8520 |      1 |  1.5186350187 |  1.5853644939 |             - |             -
   214 |     8560 |      1 |  1.5160942614 |  1.5751716794 |             - |             -
Process SpawnPoolWorker-1:
Traceback (most recent call last):
  File "/opt/homebrew/Cellar/python@3.12/3.12.13_4/Frameworks/Python.framework/Versions/3.12/lib/python3.12/multiprocessing/pool.py", line 131, in worker
    put((job, i, result))
  File "/opt/homebrew/Cellar/python@3.12/3.12.13_4/Frameworks/Python.framework/Versions/3.12/lib/python3.12/multiprocessing/queues.py", line 399, in put
    self._writer.send_bytes(obj)
  File "/opt/homebrew/Cellar/python@3.12/3.12.13_4/Frameworks/Python.framework/Versions/3.12/lib/python3.12/multiprocessing/connection.py", line 200, in send_bytes
    self._send_bytes(m[offset:offset + size])
  File "/opt/homebrew/Cellar/python@3.12/3.12.13_4/Frameworks/Python.framework/Versions/3.12/lib/python3.12/multiprocessing/connection.py", line 427, in _send_bytes
    self._send(header + buf)
  File "/opt/homebrew/Cellar/python@3.12/3.12.13_4/Frameworks/Python.framework/Versions/3.12/lib/python3.12/multiprocessing/connection.py", line 384, in _send
    n = write(self._handle, buf)
        ^^^^^^^^^^^^^^^^^^^^^^^^
BrokenPipeError: [Errno 32] Broken pipe

During handling of the above exception, another exception occurred:

Traceback (most recent call last):
  File "/opt/homebrew/Cellar/python@3.12/3.12.13_4/Frameworks/Python.framework/Versions/3.12/lib/python3.12/multiprocessing/process.py", line 314, in _bootstrap
    self.run()
  File "/opt/homebrew/Cellar/python@3.12/3.12.13_4/Frameworks/Python.framework/Versions/3.12/lib/python3.12/multiprocessing/process.py", line 108, in run
    self._target(*self._args, **self._kwargs)
  File "/opt/homebrew/Cellar/python@3.12/3.12.13_4/Frameworks/Python.framework/Versions/3.12/lib/python3.12/multiprocessing/pool.py", line 136, in worker
    put((job, i, (False, wrapped)))
  File "/opt/homebrew/Cellar/python@3.12/3.12.13_4/Frameworks/Python.framework/Versions/3.12/lib/python3.12/multiprocessing/queues.py", line 399, in put
    self._writer.send_bytes(obj)
  File "/opt/homebrew/Cellar/python@3.12/3.12.13_4/Frameworks/Python.framework/Versions/3.12/lib/python3.12/multiprocessing/connection.py", line 200, in send_bytes
    self._send_bytes(m[offset:offset + size])
  File "/opt/homebrew/Cellar/python@3.12/3.12.13_4/Frameworks/Python.framework/Versions/3.12/lib/python3.12/multiprocessing/connection.py", line 427, in _send_bytes
    self._send(header + buf)
  File "/opt/homebrew/Cellar/python@3.12/3.12.13_4/Frameworks/Python.framework/Versions/3.12/lib/python3.12/multiprocessing/connection.py", line 384, in _send
    n = write(self._handle, buf)
        ^^^^^^^^^^^^^^^^^^^^^^^^
BrokenPipeError: [Errno 32] Broken pipe
Process SpawnPoolWorker-5:
Traceback (most recent call last):
  File "/opt/homebrew/Cellar/python@3.12/3.12.13_4/Frameworks/Python.framework/Versions/3.12/lib/python3.12/multiprocessing/pool.py", line 131, in worker
    put((job, i, result))
  File "/opt/homebrew/Cellar/python@3.12/3.12.13_4/Frameworks/Python.framework/Versions/3.12/lib/python3.12/multiprocessing/queues.py", line 399, in put
    self._writer.send_bytes(obj)
  File "/opt/homebrew/Cellar/python@3.12/3.12.13_4/Frameworks/Python.framework/Versions/3.12/lib/python3.12/multiprocessing/connection.py", line 200, in send_bytes
    self._send_bytes(m[offset:offset + size])
  File "/opt/homebrew/Cellar/python@3.12/3.12.13_4/Frameworks/Python.framework/Versions/3.12/lib/python3.12/multiprocessing/connection.py", line 427, in _send_bytes
    self._send(header + buf)
  File "/opt/homebrew/Cellar/python@3.12/3.12.13_4/Frameworks/Python.framework/Versions/3.12/lib/python3.12/multiprocessing/connection.py", line 384, in _send
    n = write(self._handle, buf)
        ^^^^^^^^^^^^^^^^^^^^^^^^
BrokenPipeError: [Errno 32] Broken pipe

During handling of the above exception, another exception occurred:

Traceback (most recent call last):
  File "/opt/homebrew/Cellar/python@3.12/3.12.13_4/Frameworks/Python.framework/Versions/3.12/lib/python3.12/multiprocessing/process.py", line 314, in _bootstrap
    self.run()
  File "/opt/homebrew/Cellar/python@3.12/3.12.13_4/Frameworks/Python.framework/Versions/3.12/lib/python3.12/multiprocessing/process.py", line 108, in run
    self._target(*self._args, **self._kwargs)
  File "/opt/homebrew/Cellar/python@3.12/3.12.13_4/Frameworks/Python.framework/Versions/3.12/lib/python3.12/multiprocessing/pool.py", line 136, in worker
    put((job, i, (False, wrapped)))
  File "/opt/homebrew/Cellar/python@3.12/3.12.13_4/Frameworks/Python.framework/Versions/3.12/lib/python3.12/multiprocessing/queues.py", line 399, in put
    self._writer.send_bytes(obj)
  File "/opt/homebrew/Cellar/python@3.12/3.12.13_4/Frameworks/Python.framework/Versions/3.12/lib/python3.12/multiprocessing/connection.py", line 200, in send_bytes
    self._send_bytes(m[offset:offset + size])
  File "/opt/homebrew/Cellar/python@3.12/3.12.13_4/Frameworks/Python.framework/Versions/3.12/lib/python3.12/multiprocessing/connection.py", line 427, in _send_bytes
    self._send(header + buf)
  File "/opt/homebrew/Cellar/python@3.12/3.12.13_4/Frameworks/Python.framework/Versions/3.12/lib/python3.12/multiprocessing/connection.py", line 384, in _send
    n = write(self._handle, buf)
        ^^^^^^^^^^^^^^^^^^^^^^^^
BrokenPipeError: [Errno 32] Broken pipe
Process SpawnPoolWorker-4:
Traceback (most recent call last):
  File "/opt/homebrew/Cellar/python@3.12/3.12.13_4/Frameworks/Python.framework/Versions/3.12/lib/python3.12/multiprocessing/pool.py", line 131, in worker
    put((job, i, result))
  File "/opt/homebrew/Cellar/python@3.12/3.12.13_4/Frameworks/Python.framework/Versions/3.12/lib/python3.12/multiprocessing/queues.py", line 399, in put
    self._writer.send_bytes(obj)
  File "/opt/homebrew/Cellar/python@3.12/3.12.13_4/Frameworks/Python.framework/Versions/3.12/lib/python3.12/multiprocessing/connection.py", line 200, in send_bytes
    self._send_bytes(m[offset:offset + size])
  File "/opt/homebrew/Cellar/python@3.12/3.12.13_4/Frameworks/Python.framework/Versions/3.12/lib/python3.12/multiprocessing/connection.py", line 427, in _send_bytes
    self._send(header + buf)
  File "/opt/homebrew/Cellar/python@3.12/3.12.13_4/Frameworks/Python.framework/Versions/3.12/lib/python3.12/multiprocessing/connection.py", line 384, in _send
    n = write(self._handle, buf)
        ^^^^^^^^^^^^^^^^^^^^^^^^
BrokenPipeError: [Errno 32] Broken pipe

During handling of the above exception, another exception occurred:

Traceback (most recent call last):
  File "/opt/homebrew/Cellar/python@3.12/3.12.13_4/Frameworks/Python.framework/Versions/3.12/lib/python3.12/multiprocessing/process.py", line 314, in _bootstrap
    self.run()
  File "/opt/homebrew/Cellar/python@3.12/3.12.13_4/Frameworks/Python.framework/Versions/3.12/lib/python3.12/multiprocessing/process.py", line 108, in run
    self._target(*self._args, **self._kwargs)
  File "/opt/homebrew/Cellar/python@3.12/3.12.13_4/Frameworks/Python.framework/Versions/3.12/lib/python3.12/multiprocessing/pool.py", line 136, in worker
    put((job, i, (False, wrapped)))
  File "/opt/homebrew/Cellar/python@3.12/3.12.13_4/Frameworks/Python.framework/Versions/3.12/lib/python3.12/multiprocessing/queues.py", line 399, in put
    self._writer.send_bytes(obj)
  File "/opt/homebrew/Cellar/python@3.12/3.12.13_4/Frameworks/Python.framework/Versions/3.12/lib/python3.12/multiprocessing/connection.py", line 200, in send_bytes
    self._send_bytes(m[offset:offset + size])
  File "/opt/homebrew/Cellar/python@3.12/3.12.13_4/Frameworks/Python.framework/Versions/3.12/lib/python3.12/multiprocessing/connection.py", line 427, in _send_bytes
    self._send(header + buf)
  File "/opt/homebrew/Cellar/python@3.12/3.12.13_4/Frameworks/Python.framework/Versions/3.12/lib/python3.12/multiprocessing/connection.py", line 384, in _send
    n = write(self._handle, buf)
        ^^^^^^^^^^^^^^^^^^^^^^^^
BrokenPipeError: [Errno 32] Broken pipe
Process SpawnPoolWorker-6:
Traceback (most recent call last):
  File "/opt/homebrew/Cellar/python@3.12/3.12.13_4/Frameworks/Python.framework/Versions/3.12/lib/python3.12/multiprocessing/pool.py", line 131, in worker
    put((job, i, result))
  File "/opt/homebrew/Cellar/python@3.12/3.12.13_4/Frameworks/Python.framework/Versions/3.12/lib/python3.12/multiprocessing/queues.py", line 399, in put
    self._writer.send_bytes(obj)
  File "/opt/homebrew/Cellar/python@3.12/3.12.13_4/Frameworks/Python.framework/Versions/3.12/lib/python3.12/multiprocessing/connection.py", line 200, in send_bytes
    self._send_bytes(m[offset:offset + size])
  File "/opt/homebrew/Cellar/python@3.12/3.12.13_4/Frameworks/Python.framework/Versions/3.12/lib/python3.12/multiprocessing/connection.py", line 427, in _send_bytes
    self._send(header + buf)
  File "/opt/homebrew/Cellar/python@3.12/3.12.13_4/Frameworks/Python.framework/Versions/3.12/lib/python3.12/multiprocessing/connection.py", line 384, in _send
    n = write(self._handle, buf)
        ^^^^^^^^^^^^^^^^^^^^^^^^
BrokenPipeError: [Errno 32] Broken pipe

During handling of the above exception, another exception occurred:

Traceback (most recent call last):
  File "/opt/homebrew/Cellar/python@3.12/3.12.13_4/Frameworks/Python.framework/Versions/3.12/lib/python3.12/multiprocessing/process.py", line 314, in _bootstrap
    self.run()
  File "/opt/homebrew/Cellar/python@3.12/3.12.13_4/Frameworks/Python.framework/Versions/3.12/lib/python3.12/multiprocessing/process.py", line 108, in run
    self._target(*self._args, **self._kwargs)
  File "/opt/homebrew/Cellar/python@3.12/3.12.13_4/Frameworks/Python.framework/Versions/3.12/lib/python3.12/multiprocessing/pool.py", line 136, in worker
    put((job, i, (False, wrapped)))
  File "/opt/homebrew/Cellar/python@3.12/3.12.13_4/Frameworks/Python.framework/Versions/3.12/lib/python3.12/multiprocessing/queues.py", line 399, in put
    self._writer.send_bytes(obj)
  File "/opt/homebrew/Cellar/python@3.12/3.12.13_4/Frameworks/Python.framework/Versions/3.12/lib/python3.12/multiprocessing/connection.py", line 200, in send_bytes
    self._send_bytes(m[offset:offset + size])
  File "/opt/homebrew/Cellar/python@3.12/3.12.13_4/Frameworks/Python.framework/Versions/3.12/lib/python3.12/multiprocessing/connection.py", line 427, in _send_bytes
    self._send(header + buf)
  File "/opt/homebrew/Cellar/python@3.12/3.12.13_4/Frameworks/Python.framework/Versions/3.12/lib/python3.12/multiprocessing/connection.py", line 384, in _send
    n = write(self._handle, buf)
        ^^^^^^^^^^^^^^^^^^^^^^^^
BrokenPipeError: [Errno 32] Broken pipe
Process SpawnPoolWorker-3:
Traceback (most recent call last):
  File "/opt/homebrew/Cellar/python@3.12/3.12.13_4/Frameworks/Python.framework/Versions/3.12/lib/python3.12/multiprocessing/pool.py", line 131, in worker
    put((job, i, result))
  File "/opt/homebrew/Cellar/python@3.12/3.12.13_4/Frameworks/Python.framework/Versions/3.12/lib/python3.12/multiprocessing/queues.py", line 399, in put
    self._writer.send_bytes(obj)
  File "/opt/homebrew/Cellar/python@3.12/3.12.13_4/Frameworks/Python.framework/Versions/3.12/lib/python3.12/multiprocessing/connection.py", line 200, in send_bytes
    self._send_bytes(m[offset:offset + size])
  File "/opt/homebrew/Cellar/python@3.12/3.12.13_4/Frameworks/Python.framework/Versions/3.12/lib/python3.12/multiprocessing/connection.py", line 427, in _send_bytes
    self._send(header + buf)
  File "/opt/homebrew/Cellar/python@3.12/3.12.13_4/Frameworks/Python.framework/Versions/3.12/lib/python3.12/multiprocessing/connection.py", line 384, in _send
    n = write(self._handle, buf)
        ^^^^^^^^^^^^^^^^^^^^^^^^
BrokenPipeError: [Errno 32] Broken pipe

During handling of the above exception, another exception occurred:

Traceback (most recent call last):
  File "/opt/homebrew/Cellar/python@3.12/3.12.13_4/Frameworks/Python.framework/Versions/3.12/lib/python3.12/multiprocessing/process.py", line 314, in _bootstrap
    self.run()
  File "/opt/homebrew/Cellar/python@3.12/3.12.13_4/Frameworks/Python.framework/Versions/3.12/lib/python3.12/multiprocessing/process.py", line 108, in run
    self._target(*self._args, **self._kwargs)
  File "/opt/homebrew/Cellar/python@3.12/3.12.13_4/Frameworks/Python.framework/Versions/3.12/lib/python3.12/multiprocessing/pool.py", line 136, in worker
    put((job, i, (False, wrapped)))
  File "/opt/homebrew/Cellar/python@3.12/3.12.13_4/Frameworks/Python.framework/Versions/3.12/lib/python3.12/multiprocessing/queues.py", line 399, in put
    self._writer.send_bytes(obj)
  File "/opt/homebrew/Cellar/python@3.12/3.12.13_4/Frameworks/Python.framework/Versions/3.12/lib/python3.12/multiprocessing/connection.py", line 200, in send_bytes
    self._send_bytes(m[offset:offset + size])
  File "/opt/homebrew/Cellar/python@3.12/3.12.13_4/Frameworks/Python.framework/Versions/3.12/lib/python3.12/multiprocessing/connection.py", line 427, in _send_bytes
    self._send(header + buf)
  File "/opt/homebrew/Cellar/python@3.12/3.12.13_4/Frameworks/Python.framework/Versions/3.12/lib/python3.12/multiprocessing/connection.py", line 384, in _send
    n = write(self._handle, buf)
        ^^^^^^^^^^^^^^^^^^^^^^^^
BrokenPipeError: [Errno 32] Broken pipe
Process SpawnPoolWorker-2:
Traceback (most recent call last):
  File "/opt/homebrew/Cellar/python@3.12/3.12.13_4/Frameworks/Python.framework/Versions/3.12/lib/python3.12/multiprocessing/pool.py", line 131, in worker
    put((job, i, result))
  File "/opt/homebrew/Cellar/python@3.12/3.12.13_4/Frameworks/Python.framework/Versions/3.12/lib/python3.12/multiprocessing/queues.py", line 399, in put
    self._writer.send_bytes(obj)
  File "/opt/homebrew/Cellar/python@3.12/3.12.13_4/Frameworks/Python.framework/Versions/3.12/lib/python3.12/multiprocessing/connection.py", line 200, in send_bytes
    self._send_bytes(m[offset:offset + size])
  File "/opt/homebrew/Cellar/python@3.12/3.12.13_4/Frameworks/Python.framework/Versions/3.12/lib/python3.12/multiprocessing/connection.py", line 427, in _send_bytes
    self._send(header + buf)
  File "/opt/homebrew/Cellar/python@3.12/3.12.13_4/Frameworks/Python.framework/Versions/3.12/lib/python3.12/multiprocessing/connection.py", line 384, in _send
    n = write(self._handle, buf)
        ^^^^^^^^^^^^^^^^^^^^^^^^
BrokenPipeError: [Errno 32] Broken pipe

During handling of the above exception, another exception occurred:

Traceback (most recent call last):
  File "/opt/homebrew/Cellar/python@3.12/3.12.13_4/Frameworks/Python.framework/Versions/3.12/lib/python3.12/multiprocessing/process.py", line 314, in _bootstrap
    self.run()
  File "/opt/homebrew/Cellar/python@3.12/3.12.13_4/Frameworks/Python.framework/Versions/3.12/lib/python3.12/multiprocessing/process.py", line 108, in run
    self._target(*self._args, **self._kwargs)
  File "/opt/homebrew/Cellar/python@3.12/3.12.13_4/Frameworks/Python.framework/Versions/3.12/lib/python3.12/multiprocessing/pool.py", line 136, in worker
    put((job, i, (False, wrapped)))
  File "/opt/homebrew/Cellar/python@3.12/3.12.13_4/Frameworks/Python.framework/Versions/3.12/lib/python3.12/multiprocessing/queues.py", line 399, in put
    self._writer.send_bytes(obj)
  File "/opt/homebrew/Cellar/python@3.12/3.12.13_4/Frameworks/Python.framework/Versions/3.12/lib/python3.12/multiprocessing/connection.py", line 200, in send_bytes
    self._send_bytes(m[offset:offset + size])
  File "/opt/homebrew/Cellar/python@3.12/3.12.13_4/Frameworks/Python.framework/Versions/3.12/lib/python3.12/multiprocessing/connection.py", line 427, in _send_bytes
    self._send(header + buf)
  File "/opt/homebrew/Cellar/python@3.12/3.12.13_4/Frameworks/Python.framework/Versions/3.12/lib/python3.12/multiprocessing/connection.py", line 384, in _send
    n = write(self._handle, buf)
        ^^^^^^^^^^^^^^^^^^^^^^^^
BrokenPipeError: [Errno 32] Broken pipe
/opt/homebrew/Cellar/python@3.12/3.12.13_4/Frameworks/Python.framework/Versions/3.12/lib/python3.12/multiprocessing/resource_tracker.py:279: UserWarning: resource_tracker: There appear to be 6 leaked semaphore objects to clean up at shutdown
  warnings.warn('resource_tracker: There appear to be %d '
