/Users/nv/Documents/MRI/magnet_design/optimize_robust_aligned.py:54: DeprecationWarning: Importing 'StarmapParallelization' from 'pymoo.core.problem' is deprecated. Please use 'from pymoo.parallelization import StarmapParallelization' instead. This backward compatibility import will be removed in a future version.
  from pymoo.core.problem import StarmapParallelization
==========================================================================================
n_gen  |  n_eval  | n_nds  |     cv_min    |     cv_avg    |      eps      |   indicator  
==========================================================================================
     1 |       40 |      1 |  2.084768E+01 |  1.879712E+02 |             - |             -
     2 |       80 |      1 |  1.994877E+01 |  8.011552E+01 |             - |             -
     3 |      120 |      1 |  1.994877E+01 |  3.818428E+01 |             - |             -
     4 |      160 |      1 |  1.994877E+01 |  3.272782E+01 |             - |             -
     5 |      200 |      1 |  1.139050E+01 |  2.850334E+01 |             - |             -
     6 |      240 |      1 |  9.6937046136 |  2.384133E+01 |             - |             -
     7 |      280 |      1 |  9.6937046136 |  2.056823E+01 |             - |             -
     8 |      320 |      1 |  1.7938984016 |  1.750626E+01 |             - |             -
     9 |      360 |      1 |  1.7938984016 |  1.467746E+01 |             - |             -
    10 |      400 |      1 |  1.6660094419 |  1.178361E+01 |             - |             -
    11 |      440 |      1 |  1.6660094419 |  8.5645577137 |             - |             -
    12 |      480 |      1 |  0.000000E+00 |  5.2506259502 |             - |             -
    13 |      520 |      2 |  0.000000E+00 |  3.0202050588 |  2.9548485686 |         ideal
    14 |      560 |      4 |  0.000000E+00 |  1.2338828907 |  0.7039806327 |         ideal
    15 |      600 |      5 |  0.000000E+00 |  0.0791983226 |  0.2649403336 |         ideal
    16 |      640 |      9 |  0.000000E+00 |  0.000000E+00 |  0.1456845878 |         ideal
    17 |      680 |      3 |  0.000000E+00 |  0.000000E+00 |  0.7140223422 |         ideal
    18 |      720 |      4 |  0.000000E+00 |  0.000000E+00 |  0.0044706423 |         ideal
    19 |      760 |      4 |  0.000000E+00 |  0.000000E+00 |  0.000000E+00 |             f
    20 |      800 |      7 |  0.000000E+00 |  0.000000E+00 |  0.1649160506 |         ideal
    21 |      840 |     12 |  0.000000E+00 |  0.000000E+00 |  0.0046013319 |         ideal
    22 |      880 |     15 |  0.000000E+00 |  0.000000E+00 |  0.0292950008 |             f
    23 |      920 |     12 |  0.000000E+00 |  0.000000E+00 |  0.1319330571 |         ideal
    24 |      960 |     14 |  0.000000E+00 |  0.000000E+00 |  0.0862445766 |         ideal
    25 |     1000 |     16 |  0.000000E+00 |  0.000000E+00 |  0.0465976682 |         ideal
    26 |     1040 |     20 |  0.000000E+00 |  0.000000E+00 |  0.0129527547 |             f
    27 |     1080 |     18 |  0.000000E+00 |  0.000000E+00 |  0.0780665637 |         ideal
    28 |     1120 |     26 |  0.000000E+00 |  0.000000E+00 |  0.0053827867 |         ideal
    29 |     1160 |     28 |  0.000000E+00 |  0.000000E+00 |  0.0059023836 |             f
    30 |     1200 |     32 |  0.000000E+00 |  0.000000E+00 |  0.0932485234 |         ideal
    31 |     1240 |     36 |  0.000000E+00 |  0.000000E+00 |  0.0027599780 |             f
    32 |     1280 |     36 |  0.000000E+00 |  0.000000E+00 |  0.0019040405 |             f
    33 |     1320 |     37 |  0.000000E+00 |  0.000000E+00 |  0.0612741784 |         ideal
    34 |     1360 |     40 |  0.000000E+00 |  0.000000E+00 |  0.0556773198 |         ideal
    35 |     1400 |     40 |  0.000000E+00 |  0.000000E+00 |  0.0006443282 |             f
    36 |     1440 |     40 |  0.000000E+00 |  0.000000E+00 |  0.0033106624 |             f
    37 |     1480 |     40 |  0.000000E+00 |  0.000000E+00 |  0.0040057329 |             f
    38 |     1520 |     40 |  0.000000E+00 |  0.000000E+00 |  0.0047520781 |             f
    39 |     1560 |     40 |  0.000000E+00 |  0.000000E+00 |  0.0046888218 |             f
    40 |     1600 |     40 |  0.000000E+00 |  0.000000E+00 |  0.0024127448 |             f
    41 |     1640 |     40 |  0.000000E+00 |  0.000000E+00 |  0.0031436669 |             f
    42 |     1680 |     40 |  0.000000E+00 |  0.000000E+00 |  0.0011211973 |             f
    43 |     1720 |     40 |  0.000000E+00 |  0.000000E+00 |  0.0714920753 |         ideal
    44 |     1760 |     40 |  0.000000E+00 |  0.000000E+00 |  0.0050061557 |             f
    45 |     1800 |     40 |  0.000000E+00 |  0.000000E+00 |  0.0029075888 |             f
    46 |     1840 |     38 |  0.000000E+00 |  0.000000E+00 |  0.0019049047 |             f
    47 |     1880 |     40 |  0.000000E+00 |  0.000000E+00 |  0.0043350827 |             f
    48 |     1920 |     40 |  0.000000E+00 |  0.000000E+00 |  0.0005839730 |             f
    49 |     1960 |     40 |  0.000000E+00 |  0.000000E+00 |  0.0024355710 |             f
    50 |     2000 |     39 |  0.000000E+00 |  0.000000E+00 |  0.0041055481 |             f
    51 |     2040 |     35 |  0.000000E+00 |  0.000000E+00 |  0.0230843979 |         ideal
    52 |     2080 |     38 |  0.000000E+00 |  0.000000E+00 |  0.0045649998 |             f
    53 |     2120 |     40 |  0.000000E+00 |  0.000000E+00 |  0.0065038650 |             f
    54 |     2160 |     40 |  0.000000E+00 |  0.000000E+00 |  0.0031923636 |         nadir
    55 |     2200 |     40 |  0.000000E+00 |  0.000000E+00 |  0.0097842565 |         ideal
    56 |     2240 |     40 |  0.000000E+00 |  0.000000E+00 |  0.0027316995 |             f
    57 |     2280 |     40 |  0.000000E+00 |  0.000000E+00 |  0.0061161078 |         ideal
    58 |     2320 |     40 |  0.000000E+00 |  0.000000E+00 |  0.0010061772 |             f
    59 |     2360 |     35 |  0.000000E+00 |  0.000000E+00 |  0.0046238924 |             f
    60 |     2400 |     34 |  0.000000E+00 |  0.000000E+00 |  0.0039771751 |             f
    61 |     2440 |     36 |  0.000000E+00 |  0.000000E+00 |  0.0004236978 |             f
    62 |     2480 |     40 |  0.000000E+00 |  0.000000E+00 |  0.0014065462 |             f
    63 |     2520 |     40 |  0.000000E+00 |  0.000000E+00 |  0.0033810816 |             f
    64 |     2560 |     31 |  0.000000E+00 |  0.000000E+00 |  0.0537662926 |         nadir
    65 |     2600 |     36 |  0.000000E+00 |  0.000000E+00 |  0.0028210003 |             f
    66 |     2640 |     40 |  0.000000E+00 |  0.000000E+00 |  0.0312038063 |         ideal
    67 |     2680 |     37 |  0.000000E+00 |  0.000000E+00 |  0.0027388317 |             f
    68 |     2720 |     38 |  0.000000E+00 |  0.000000E+00 |  0.0033574021 |             f
    69 |     2760 |     38 |  0.000000E+00 |  0.000000E+00 |  0.0017917740 |             f
    70 |     2800 |     35 |  0.000000E+00 |  0.000000E+00 |  0.0075809723 |             f
    71 |     2840 |     37 |  0.000000E+00 |  0.000000E+00 |  0.0040042135 |             f
    72 |     2880 |     40 |  0.000000E+00 |  0.000000E+00 |  0.0048312561 |             f
    73 |     2920 |     40 |  0.000000E+00 |  0.000000E+00 |  0.0014795993 |             f
    74 |     2960 |     40 |  0.000000E+00 |  0.000000E+00 |  0.0057343679 |         nadir
    75 |     3000 |     40 |  0.000000E+00 |  0.000000E+00 |  0.0014132518 |             f
    76 |     3040 |     37 |  0.000000E+00 |  0.000000E+00 |  0.0034177137 |             f
    77 |     3080 |     40 |  0.000000E+00 |  0.000000E+00 |  0.0046468745 |         ideal
    78 |     3120 |     40 |  0.000000E+00 |  0.000000E+00 |  0.0224984959 |         ideal
    79 |     3160 |     37 |  0.000000E+00 |  0.000000E+00 |  0.0162897695 |         ideal
    80 |     3200 |     40 |  0.000000E+00 |  0.000000E+00 |  0.0022923078 |             f
    81 |     3240 |     37 |  0.000000E+00 |  0.000000E+00 |  0.0052861893 |             f
    82 |     3280 |     40 |  0.000000E+00 |  0.000000E+00 |  0.0025573290 |             f
    83 |     3320 |     40 |  0.000000E+00 |  0.000000E+00 |  0.0035872870 |             f
    84 |     3360 |     40 |  0.000000E+00 |  0.000000E+00 |  0.0034496743 |             f
    85 |     3400 |     40 |  0.000000E+00 |  0.000000E+00 |  0.0027221671 |             f
    86 |     3440 |     40 |  0.000000E+00 |  0.000000E+00 |  0.0030469819 |             f
    87 |     3480 |     40 |  0.000000E+00 |  0.000000E+00 |  0.0087812121 |         ideal
    88 |     3520 |     40 |  0.000000E+00 |  0.000000E+00 |  0.0026041635 |             f
    89 |     3560 |     40 |  0.000000E+00 |  0.000000E+00 |  0.0031183885 |             f
    90 |     3600 |     40 |  0.000000E+00 |  0.000000E+00 |  0.0040064202 |             f
    91 |     3640 |     40 |  0.000000E+00 |  0.000000E+00 |  0.0045189309 |         ideal
    92 |     3680 |     40 |  0.000000E+00 |  0.000000E+00 |  0.0025387762 |         nadir
    93 |     3720 |     40 |  0.000000E+00 |  0.000000E+00 |  0.0039923756 |             f
    94 |     3760 |     40 |  0.000000E+00 |  0.000000E+00 |  0.0025347750 |             f
    95 |     3800 |     40 |  0.000000E+00 |  0.000000E+00 |  0.0032612865 |         ideal
    96 |     3840 |     40 |  0.000000E+00 |  0.000000E+00 |  0.0151549689 |         nadir
    97 |     3880 |     40 |  0.000000E+00 |  0.000000E+00 |  0.0031354507 |             f
    98 |     3920 |     40 |  0.000000E+00 |  0.000000E+00 |  0.0016740459 |             f
    99 |     3960 |     40 |  0.000000E+00 |  0.000000E+00 |  0.0259424288 |         ideal
   100 |     4000 |     40 |  0.000000E+00 |  0.000000E+00 |  0.0025958264 |             f
mean B0=45.4312 homogen=12937.7752
mean B0=67.4454 homogen=167691.7284
mean B0=66.393 homogen=153444.7216
mean B0=49.2144 homogen=24886.8643
mean B0=52.5802 homogen=32674.6001
mean B0=58.9977 homogen=68113.6931
mean B0=57.2376 homogen=59907.7366
mean B0=60.1753 homogen=100697.403
mean B0=61.8751 homogen=117452.4593
mean B0=60.5936 homogen=108429.3935
mean B0=58.0012 homogen=68049.9292
mean B0=59.4377 homogen=85082.8699
mean B0=56.513 homogen=49410.4304
mean B0=59.7526 homogen=85553.6473
mean B0=65.4818 homogen=147492.4462
mean B0=64.8569 homogen=138717.8556
mean B0=63.0752 homogen=129159.0261
mean B0=53.2428 homogen=33475.3492
mean B0=46.2921 homogen=11163.3473
mean B0=47.7293 homogen=22230.2848
mean B0=63.6169 homogen=136063.2308
mean B0=65.6127 homogen=148265.0625
mean B0=54.2343 homogen=34733.5037
mean B0=62.3607 homogen=123382.1137
mean B0=54.6652 homogen=39708.3873
mean B0=62.2976 homogen=119037.7656
mean B0=48.31 homogen=23993.3083
mean B0=60.3559 homogen=105300.709
mean B0=47.2272 homogen=16085.0965
mean B0=48.8315 homogen=24849.8315
mean B0=54.8632 homogen=42937.4581
mean B0=52.8586 homogen=32013.9856
mean B0=47.0497 homogen=13597.878
mean B0=64.3976 homogen=137883.1629
mean B0=63.7041 homogen=137423.9178
mean B0=55.9575 homogen=46149.0962
mean B0=55.8957 homogen=45545.0402
mean B0=55.2584 homogen=46195.5224
mean B0=62.8322 homogen=126911.3338
mean B0=64.724 homogen=138346.819
   101 |     4040 |     40 |  0.000000E+00 |  0.000000E+00 |  0.0024496840 |             f
   102 |     4080 |     40 |  0.000000E+00 |  0.000000E+00 |  0.0037377991 |             f
   103 |     4120 |     40 |  0.000000E+00 |  0.000000E+00 |  0.0031201178 |         nadir
   104 |     4160 |     40 |  0.000000E+00 |  0.000000E+00 |  0.0014620240 |             f
   105 |     4200 |     39 |  0.000000E+00 |  0.000000E+00 |  0.0051149887 |             f
   106 |     4240 |     40 |  0.000000E+00 |  0.000000E+00 |  0.0246418036 |         ideal
   107 |     4280 |     40 |  0.000000E+00 |  0.000000E+00 |  0.0027545981 |             f
   108 |     4320 |     40 |  0.000000E+00 |  0.000000E+00 |  0.0020478447 |             f
   109 |     4360 |     40 |  0.000000E+00 |  0.000000E+00 |  0.0053123945 |             f
   110 |     4400 |     40 |  0.000000E+00 |  0.000000E+00 |  0.0021398930 |             f
   111 |     4440 |     40 |  0.000000E+00 |  0.000000E+00 |  0.0025279114 |             f
   112 |     4480 |     40 |  0.000000E+00 |  0.000000E+00 |  0.0021850098 |             f
   113 |     4520 |     40 |  0.000000E+00 |  0.000000E+00 |  0.0029560701 |             f
   114 |     4560 |     40 |  0.000000E+00 |  0.000000E+00 |  0.0041158532 |         ideal
   115 |     4600 |     40 |  0.000000E+00 |  0.000000E+00 |  0.0019955052 |             f
   116 |     4640 |     40 |  0.000000E+00 |  0.000000E+00 |  0.0110723537 |         ideal
   117 |     4680 |     40 |  0.000000E+00 |  0.000000E+00 |  0.0024898529 |             f
   118 |     4720 |     40 |  0.000000E+00 |  0.000000E+00 |  0.0043980690 |             f
   119 |     4760 |     40 |  0.000000E+00 |  0.000000E+00 |  0.0052048738 |             f
   120 |     4800 |     40 |  0.000000E+00 |  0.000000E+00 |  0.0032208117 |             f
   121 |     4840 |     40 |  0.000000E+00 |  0.000000E+00 |  0.0502577954 |         ideal
   122 |     4880 |     40 |  0.000000E+00 |  0.000000E+00 |  0.0054658529 |         ideal
   123 |     4920 |     40 |  0.000000E+00 |  0.000000E+00 |  0.0055439830 |         ideal
   124 |     4960 |     40 |  0.000000E+00 |  0.000000E+00 |  0.0014972989 |             f
   125 |     5000 |     40 |  0.000000E+00 |  0.000000E+00 |  0.0026963703 |             f
   126 |     5040 |     40 |  0.000000E+00 |  0.000000E+00 |  0.0018833671 |             f
   127 |     5080 |     40 |  0.000000E+00 |  0.000000E+00 |  0.0033787245 |             f
   128 |     5120 |     40 |  0.000000E+00 |  0.000000E+00 |  0.0139967637 |         ideal
   129 |     5160 |     40 |  0.000000E+00 |  0.000000E+00 |  0.0022786832 |             f
   130 |     5200 |     40 |  0.000000E+00 |  0.000000E+00 |  0.0064419855 |             f
   131 |     5240 |     40 |  0.000000E+00 |  0.000000E+00 |  0.0030817780 |             f
   132 |     5280 |     40 |  0.000000E+00 |  0.000000E+00 |  0.0019552353 |             f
   133 |     5320 |     40 |  0.000000E+00 |  0.000000E+00 |  0.0031971149 |             f
   134 |     5360 |     40 |  0.000000E+00 |  0.000000E+00 |  0.0023098884 |             f
   135 |     5400 |     40 |  0.000000E+00 |  0.000000E+00 |  0.0071653942 |         ideal
   136 |     5440 |     40 |  0.000000E+00 |  0.000000E+00 |  0.0005016598 |             f
   137 |     5480 |     40 |  0.000000E+00 |  0.000000E+00 |  0.0020992906 |             f
   138 |     5520 |     40 |  0.000000E+00 |  0.000000E+00 |  0.0032146947 |             f
   139 |     5560 |     40 |  0.000000E+00 |  0.000000E+00 |  0.0099731279 |         ideal
   140 |     5600 |     40 |  0.000000E+00 |  0.000000E+00 |  0.0022490377 |             f
   141 |     5640 |     40 |  0.000000E+00 |  0.000000E+00 |  0.0036508837 |             f
   142 |     5680 |     40 |  0.000000E+00 |  0.000000E+00 |  0.0015964169 |             f
   143 |     5720 |     40 |  0.000000E+00 |  0.000000E+00 |  0.0031219336 |             f
   144 |     5760 |     40 |  0.000000E+00 |  0.000000E+00 |  0.0019788260 |             f
   145 |     5800 |     40 |  0.000000E+00 |  0.000000E+00 |  0.0041327916 |             f
   146 |     5840 |     40 |  0.000000E+00 |  0.000000E+00 |  0.0026730225 |             f
   147 |     5880 |     40 |  0.000000E+00 |  0.000000E+00 |  0.0016264962 |             f
   148 |     5920 |     40 |  0.000000E+00 |  0.000000E+00 |  0.0020530740 |             f
   149 |     5960 |     40 |  0.000000E+00 |  0.000000E+00 |  0.0026789204 |             f
   150 |     6000 |     40 |  0.000000E+00 |  0.000000E+00 |  0.0020157976 |             f
   151 |     6040 |     40 |  0.000000E+00 |  0.000000E+00 |  0.0039180417 |             f
   152 |     6080 |     40 |  0.000000E+00 |  0.000000E+00 |  0.0010156098 |             f
   153 |     6120 |     40 |  0.000000E+00 |  0.000000E+00 |  0.0021223213 |             f
   154 |     6160 |     40 |  0.000000E+00 |  0.000000E+00 |  0.0037345258 |             f
   155 |     6200 |     40 |  0.000000E+00 |  0.000000E+00 |  0.0021047414 |             f
   156 |     6240 |     40 |  0.000000E+00 |  0.000000E+00 |  0.0038408911 |             f
   157 |     6280 |     40 |  0.000000E+00 |  0.000000E+00 |  0.0016412121 |             f
   158 |     6320 |     40 |  0.000000E+00 |  0.000000E+00 |  0.0024202793 |             f
   159 |     6360 |     40 |  0.000000E+00 |  0.000000E+00 |  0.0044045739 |             f
   160 |     6400 |     40 |  0.000000E+00 |  0.000000E+00 |  0.0042007387 |             f
   161 |     6440 |     40 |  0.000000E+00 |  0.000000E+00 |  0.0030656249 |             f
   162 |     6480 |     40 |  0.000000E+00 |  0.000000E+00 |  0.0021030627 |             f
   163 |     6520 |     40 |  0.000000E+00 |  0.000000E+00 |  0.0032603048 |             f
   164 |     6560 |     40 |  0.000000E+00 |  0.000000E+00 |  0.0032589607 |             f
   165 |     6600 |     40 |  0.000000E+00 |  0.000000E+00 |  0.0008874045 |             f
   166 |     6640 |     40 |  0.000000E+00 |  0.000000E+00 |  0.0026111799 |             f
   167 |     6680 |     40 |  0.000000E+00 |  0.000000E+00 |  0.0013273929 |             f
   168 |     6720 |     40 |  0.000000E+00 |  0.000000E+00 |  0.0021431939 |             f
   169 |     6760 |     40 |  0.000000E+00 |  0.000000E+00 |  0.0030699098 |             f
   170 |     6800 |     40 |  0.000000E+00 |  0.000000E+00 |  0.0033953699 |             f
   171 |     6840 |     40 |  0.000000E+00 |  0.000000E+00 |  0.0055806720 |         ideal
   172 |     6880 |     40 |  0.000000E+00 |  0.000000E+00 |  0.0023571319 |             f
   173 |     6920 |     40 |  0.000000E+00 |  0.000000E+00 |  0.0045919242 |             f
   174 |     6960 |     40 |  0.000000E+00 |  0.000000E+00 |  0.0032576434 |             f
   175 |     7000 |     40 |  0.000000E+00 |  0.000000E+00 |  0.0040815984 |             f
   176 |     7040 |     40 |  0.000000E+00 |  0.000000E+00 |  0.0027763171 |             f
   177 |     7080 |     40 |  0.000000E+00 |  0.000000E+00 |  0.0030363693 |             f
   178 |     7120 |     40 |  0.000000E+00 |  0.000000E+00 |  0.0025686657 |             f
   179 |     7160 |     40 |  0.000000E+00 |  0.000000E+00 |  0.0013177092 |             f
   180 |     7200 |     40 |  0.000000E+00 |  0.000000E+00 |  0.0045687061 |             f
   181 |     7240 |     40 |  0.000000E+00 |  0.000000E+00 |  0.0028265919 |             f
   182 |     7280 |     40 |  0.000000E+00 |  0.000000E+00 |  0.0089710171 |         ideal
   183 |     7320 |     40 |  0.000000E+00 |  0.000000E+00 |  0.0022971279 |             f
   184 |     7360 |     40 |  0.000000E+00 |  0.000000E+00 |  0.0037747894 |             f
   185 |     7400 |     40 |  0.000000E+00 |  0.000000E+00 |  0.0053367560 |         ideal
   186 |     7440 |     40 |  0.000000E+00 |  0.000000E+00 |  0.0018408424 |             f
   187 |     7480 |     40 |  0.000000E+00 |  0.000000E+00 |  0.0020318580 |             f
   188 |     7520 |     40 |  0.000000E+00 |  0.000000E+00 |  0.0037986545 |             f
   189 |     7560 |     40 |  0.000000E+00 |  0.000000E+00 |  0.0027186090 |             f
   190 |     7600 |     40 |  0.000000E+00 |  0.000000E+00 |  0.0017940997 |             f
   191 |     7640 |     40 |  0.000000E+00 |  0.000000E+00 |  0.0021192063 |             f
   192 |     7680 |     40 |  0.000000E+00 |  0.000000E+00 |  0.0042167843 |             f
   193 |     7720 |     40 |  0.000000E+00 |  0.000000E+00 |  0.0012201974 |             f
   194 |     7760 |     40 |  0.000000E+00 |  0.000000E+00 |  0.0023732059 |             f
   195 |     7800 |     40 |  0.000000E+00 |  0.000000E+00 |  0.0056032542 |             f
   196 |     7840 |     40 |  0.000000E+00 |  0.000000E+00 |  0.0024435057 |             f
   197 |     7880 |     40 |  0.000000E+00 |  0.000000E+00 |  0.0042211444 |             f
   198 |     7920 |     40 |  0.000000E+00 |  0.000000E+00 |  0.0027127685 |             f
   199 |     7960 |     40 |  0.000000E+00 |  0.000000E+00 |  0.0012614575 |             f
   200 |     8000 |     40 |  0.000000E+00 |  0.000000E+00 |  0.0027560270 |             f
mean B0=45.2389 homogen=5785.9096
mean B0=69.8895 homogen=182159.228
mean B0=47.6149 homogen=12911.7455
mean B0=50.5512 homogen=16072.0834
mean B0=64.9281 homogen=123549.9801
mean B0=63.861 homogen=110724.2124
mean B0=55.909 homogen=38782.1546
mean B0=61.3717 homogen=83229.182
mean B0=66.4428 homogen=143391.1958
mean B0=65.9532 homogen=134516.6438
mean B0=58.6471 homogen=54890.7248
mean B0=46.7866 homogen=10358.8372
mean B0=65.3818 homogen=130869.3932
mean B0=53.7059 homogen=32396.4621
mean B0=46.0503 homogen=8390.3106
mean B0=69.1842 homogen=176471.4018
mean B0=68.7192 homogen=165044.4704
mean B0=52.4487 homogen=21239.6393
mean B0=54.1752 homogen=37164.634
mean B0=62.2626 homogen=92959.0815
mean B0=61.6595 homogen=91716.3847
mean B0=60.7957 homogen=76240.0055
mean B0=67.4124 homogen=154994.2791
mean B0=51.2684 homogen=17850.0434
mean B0=55.0042 homogen=40779.227
mean B0=59.9509 homogen=66926.9336
mean B0=57.6588 homogen=44401.4141
mean B0=51.9795 homogen=21284.5627
mean B0=59.3701 homogen=60977.9313
mean B0=63.1592 homogen=105157.021
mean B0=56.7638 homogen=44221.2251
mean B0=62.7964 homogen=99268.4014
mean B0=67.9063 homogen=159156.8866
mean B0=67.0633 homogen=147841.5443
mean B0=63.295 homogen=108152.7182
mean B0=54.9423 homogen=40516.4712
mean B0=59.1283 homogen=59326.0859
mean B0=68.1143 homogen=160866.2594
mean B0=67.1249 homogen=149163.2053
mean B0=60.3389 homogen=75273.1579
   201 |     8040 |     40 |  0.000000E+00 |  0.000000E+00 |  0.0013475539 |             f
   202 |     8080 |     40 |  0.000000E+00 |  0.000000E+00 |  0.0033314059 |             f
   203 |     8120 |     40 |  0.000000E+00 |  0.000000E+00 |  0.0018413498 |             f
   204 |     8160 |     40 |  0.000000E+00 |  0.000000E+00 |  0.0043081222 |             f
   205 |     8200 |     40 |  0.000000E+00 |  0.000000E+00 |  0.0034881297 |             f
   206 |     8240 |     40 |  0.000000E+00 |  0.000000E+00 |  0.0025499286 |             f
   207 |     8280 |     40 |  0.000000E+00 |  0.000000E+00 |  0.0034423616 |             f
   208 |     8320 |     40 |  0.000000E+00 |  0.000000E+00 |  0.0022019972 |             f
   209 |     8360 |     40 |  0.000000E+00 |  0.000000E+00 |  0.0049394693 |             f
   210 |     8400 |     40 |  0.000000E+00 |  0.000000E+00 |  0.0013819642 |             f
   211 |     8440 |     40 |  0.000000E+00 |  0.000000E+00 |  0.0030657894 |             f
   212 |     8480 |     40 |  0.000000E+00 |  0.000000E+00 |  0.0022877432 |             f
   213 |     8520 |     40 |  0.000000E+00 |  0.000000E+00 |  0.0059831998 |         ideal
   214 |     8560 |     40 |  0.000000E+00 |  0.000000E+00 |  0.0018633744 |             f
   215 |     8600 |     40 |  0.000000E+00 |  0.000000E+00 |  0.0036501362 |             f
   216 |     8640 |     40 |  0.000000E+00 |  0.000000E+00 |  0.0075102409 |         nadir
   217 |     8680 |     40 |  0.000000E+00 |  0.000000E+00 |  0.0022749802 |             f
   218 |     8720 |     40 |  0.000000E+00 |  0.000000E+00 |  0.0042453248 |             f
   219 |     8760 |     40 |  0.000000E+00 |  0.000000E+00 |  0.0032499729 |             f
   220 |     8800 |     40 |  0.000000E+00 |  0.000000E+00 |  0.0020961061 |             f
   221 |     8840 |     40 |  0.000000E+00 |  0.000000E+00 |  0.0029553260 |             f
   222 |     8880 |     40 |  0.000000E+00 |  0.000000E+00 |  0.0024239581 |             f
   223 |     8920 |     40 |  0.000000E+00 |  0.000000E+00 |  0.0043802917 |             f
   224 |     8960 |     40 |  0.000000E+00 |  0.000000E+00 |  0.0035528249 |         ideal
   225 |     9000 |     40 |  0.000000E+00 |  0.000000E+00 |  0.0017461569 |             f
   226 |     9040 |     40 |  0.000000E+00 |  0.000000E+00 |  0.0040112325 |             f
   227 |     9080 |     40 |  0.000000E+00 |  0.000000E+00 |  0.0022282219 |             f
   228 |     9120 |     40 |  0.000000E+00 |  0.000000E+00 |  0.0044137880 |             f
   229 |     9160 |     40 |  0.000000E+00 |  0.000000E+00 |  0.0027116963 |             f
   230 |     9200 |     40 |  0.000000E+00 |  0.000000E+00 |  0.0064012343 |         ideal
   231 |     9240 |     40 |  0.000000E+00 |  0.000000E+00 |  0.0031051797 |             f
   232 |     9280 |     40 |  0.000000E+00 |  0.000000E+00 |  0.0019123035 |             f
   233 |     9320 |     40 |  0.000000E+00 |  0.000000E+00 |  0.0053416768 |             f
   234 |     9360 |     40 |  0.000000E+00 |  0.000000E+00 |  0.0019698096 |             f
   235 |     9400 |     40 |  0.000000E+00 |  0.000000E+00 |  0.0131349962 |         nadir
   236 |     9440 |     40 |  0.000000E+00 |  0.000000E+00 |  0.0037169382 |             f
   237 |     9480 |     40 |  0.000000E+00 |  0.000000E+00 |  0.0024142742 |             f
   238 |     9520 |     40 |  0.000000E+00 |  0.000000E+00 |  0.0043325775 |             f
   239 |     9560 |     40 |  0.000000E+00 |  0.000000E+00 |  0.0007371353 |             f
   240 |     9600 |     40 |  0.000000E+00 |  0.000000E+00 |  0.0030167917 |             f
   241 |     9640 |     40 |  0.000000E+00 |  0.000000E+00 |  0.0038364039 |             f
   242 |     9680 |     40 |  0.000000E+00 |  0.000000E+00 |  0.0007002599 |             f
   243 |     9720 |     40 |  0.000000E+00 |  0.000000E+00 |  0.0131042301 |         nadir
   244 |     9760 |     40 |  0.000000E+00 |  0.000000E+00 |  0.0029588466 |             f
   245 |     9800 |     40 |  0.000000E+00 |  0.000000E+00 |  0.0019610948 |             f
   246 |     9840 |     40 |  0.000000E+00 |  0.000000E+00 |  0.0041737272 |             f
   247 |     9880 |     40 |  0.000000E+00 |  0.000000E+00 |  0.0019337158 |             f
   248 |     9920 |     40 |  0.000000E+00 |  0.000000E+00 |  0.0030741853 |             f
   249 |     9960 |     40 |  0.000000E+00 |  0.000000E+00 |  0.0020007416 |             f
   250 |    10000 |     40 |  0.000000E+00 |  0.000000E+00 |  0.0034666298 |             f
   251 |    10040 |     40 |  0.000000E+00 |  0.000000E+00 |  0.0010986786 |             f
   252 |    10080 |     40 |  0.000000E+00 |  0.000000E+00 |  0.0033483422 |             f
   253 |    10120 |     40 |  0.000000E+00 |  0.000000E+00 |  0.0026539062 |             f
   254 |    10160 |     40 |  0.000000E+00 |  0.000000E+00 |  0.0034521365 |             f
   255 |    10200 |     40 |  0.000000E+00 |  0.000000E+00 |  0.0016853332 |             f
   256 |    10240 |     40 |  0.000000E+00 |  0.000000E+00 |  0.0027315254 |             f
   257 |    10280 |     40 |  0.000000E+00 |  0.000000E+00 |  0.0023087392 |             f
   258 |    10320 |     40 |  0.000000E+00 |  0.000000E+00 |  0.0036123208 |             f
   259 |    10360 |     40 |  0.000000E+00 |  0.000000E+00 |  0.0043360827 |             f
   260 |    10400 |     40 |  0.000000E+00 |  0.000000E+00 |  0.0011937313 |             f
   261 |    10440 |     40 |  0.000000E+00 |  0.000000E+00 |  0.0044199262 |             f
   262 |    10480 |     40 |  0.000000E+00 |  0.000000E+00 |  0.0032975679 |             f
   263 |    10520 |     40 |  0.000000E+00 |  0.000000E+00 |  0.0028890355 |             f
   264 |    10560 |     40 |  0.000000E+00 |  0.000000E+00 |  0.0019589885 |             f
   265 |    10600 |     40 |  0.000000E+00 |  0.000000E+00 |  0.0036938917 |             f
   266 |    10640 |     40 |  0.000000E+00 |  0.000000E+00 |  0.0011693036 |             f
   267 |    10680 |     40 |  0.000000E+00 |  0.000000E+00 |  0.0015574670 |             f
   268 |    10720 |     40 |  0.000000E+00 |  0.000000E+00 |  0.0035476912 |             f
   269 |    10760 |     40 |  0.000000E+00 |  0.000000E+00 |  0.0019482342 |             f
   270 |    10800 |     40 |  0.000000E+00 |  0.000000E+00 |  0.0030935085 |             f
   271 |    10840 |     40 |  0.000000E+00 |  0.000000E+00 |  0.0023449376 |             f
   272 |    10880 |     40 |  0.000000E+00 |  0.000000E+00 |  0.0059716128 |             f
   273 |    10920 |     40 |  0.000000E+00 |  0.000000E+00 |  0.0021317665 |             f
   274 |    10960 |     40 |  0.000000E+00 |  0.000000E+00 |  0.0030864204 |         nadir
   275 |    11000 |     40 |  0.000000E+00 |  0.000000E+00 |  0.0009615738 |             f
   276 |    11040 |     40 |  0.000000E+00 |  0.000000E+00 |  0.0033795505 |             f
   277 |    11080 |     40 |  0.000000E+00 |  0.000000E+00 |  0.0042760356 |             f
   278 |    11120 |     40 |  0.000000E+00 |  0.000000E+00 |  0.0037363273 |             f
   279 |    11160 |     40 |  0.000000E+00 |  0.000000E+00 |  0.0031982589 |             f
   280 |    11200 |     40 |  0.000000E+00 |  0.000000E+00 |  0.0018314428 |             f
   281 |    11240 |     40 |  0.000000E+00 |  0.000000E+00 |  0.0030046304 |             f
   282 |    11280 |     40 |  0.000000E+00 |  0.000000E+00 |  0.0032028729 |             f
   283 |    11320 |     40 |  0.000000E+00 |  0.000000E+00 |  0.0031750527 |             f
   284 |    11360 |     40 |  0.000000E+00 |  0.000000E+00 |  0.0021726056 |             f
   285 |    11400 |     40 |  0.000000E+00 |  0.000000E+00 |  0.0043227685 |             f
   286 |    11440 |     40 |  0.000000E+00 |  0.000000E+00 |  0.0023406175 |             f
   287 |    11480 |     40 |  0.000000E+00 |  0.000000E+00 |  0.0059702244 |             f
   288 |    11520 |     40 |  0.000000E+00 |  0.000000E+00 |  0.0013965106 |             f
   289 |    11560 |     40 |  0.000000E+00 |  0.000000E+00 |  0.0039764886 |             f
   290 |    11600 |     40 |  0.000000E+00 |  0.000000E+00 |  0.0032428146 |             f
   291 |    11640 |     40 |  0.000000E+00 |  0.000000E+00 |  0.0038698935 |             f
   292 |    11680 |     40 |  0.000000E+00 |  0.000000E+00 |  0.0042449177 |             f
   293 |    11720 |     40 |  0.000000E+00 |  0.000000E+00 |  0.0028938412 |             f
   294 |    11760 |     40 |  0.000000E+00 |  0.000000E+00 |  0.0032624414 |             f
   295 |    11800 |     40 |  0.000000E+00 |  0.000000E+00 |  0.0086674385 |         ideal
   296 |    11840 |     40 |  0.000000E+00 |  0.000000E+00 |  0.0025402558 |             f
   297 |    11880 |     40 |  0.000000E+00 |  0.000000E+00 |  0.0033141272 |         ideal
   298 |    11920 |     40 |  0.000000E+00 |  0.000000E+00 |  0.0024893384 |             f
   299 |    11960 |     40 |  0.000000E+00 |  0.000000E+00 |  0.0051372196 |             f
   300 |    12000 |     40 |  0.000000E+00 |  0.000000E+00 |  0.0031287905 |             f
mean B0=47.0645 homogen=6043.7631
mean B0=70.3968 homogen=182671.1062
mean B0=67.4101 homogen=148018.3507
mean B0=51.4288 homogen=19143.8531
mean B0=58.6127 homogen=50246.8788
mean B0=66.3077 homogen=135245.9625
mean B0=61.1753 homogen=75820.4676
mean B0=60.2733 homogen=66124.9533
mean B0=49.1627 homogen=10148.9111
mean B0=66.7942 homogen=143080.6795
mean B0=61.9883 homogen=86517.9476
mean B0=57.4632 homogen=47897.2114
mean B0=69.9067 homogen=177165.7037
mean B0=65.2606 homogen=123947.1575
mean B0=53.0157 homogen=29077.6675
mean B0=63.8798 homogen=106611.3143
mean B0=59.1707 homogen=55940.6929
mean B0=61.6206 homogen=80656.4251
mean B0=68.7948 homogen=162498.7009
mean B0=68.1381 homogen=156403.3413
mean B0=54.2243 homogen=36219.6068
mean B0=64.6675 homogen=114083.7851
mean B0=50.7463 homogen=12922.0407
mean B0=65.8077 homogen=127578.4293
mean B0=64.6138 homogen=113460.1129
mean B0=50.1313 homogen=19059.1314
mean B0=53.4247 homogen=32965.7192
mean B0=62.6731 homogen=93248.3565
mean B0=69.3914 homogen=170968.1005
mean B0=56.8625 homogen=39391.1586
mean B0=63.6318 homogen=102747.0326
mean B0=47.3046 homogen=6243.0916
mean B0=48.1512 homogen=8560.2238
mean B0=63.0731 homogen=100432.2928
mean B0=54.5646 homogen=39380.1223
mean B0=54.949 homogen=38913.3947
mean B0=69.3915 homogen=170968.1139
mean B0=48.1512 homogen=8560.2238
mean B0=56.1355 homogen=37651.1811
mean B0=62.9805 homogen=97182.6796
   301 |    12040 |     40 |  0.000000E+00 |  0.000000E+00 |  0.0012255367 |             f
   302 |    12080 |     40 |  0.000000E+00 |  0.000000E+00 |  0.0079274239 |         ideal
   303 |    12120 |     40 |  0.000000E+00 |  0.000000E+00 |  0.0030719233 |             f
   304 |    12160 |     40 |  0.000000E+00 |  0.000000E+00 |  0.0038376162 |             f
   305 |    12200 |     40 |  0.000000E+00 |  0.000000E+00 |  0.0015345915 |             f
   306 |    12240 |     40 |  0.000000E+00 |  0.000000E+00 |  0.0055268942 |             f
   307 |    12280 |     40 |  0.000000E+00 |  0.000000E+00 |  0.0033644015 |             f
   308 |    12320 |     40 |  0.000000E+00 |  0.000000E+00 |  0.0008643191 |             f
   309 |    12360 |     40 |  0.000000E+00 |  0.000000E+00 |  0.0023526997 |             f
   310 |    12400 |     40 |  0.000000E+00 |  0.000000E+00 |  0.0045980157 |             f
   311 |    12440 |     40 |  0.000000E+00 |  0.000000E+00 |  0.0035852857 |             f
   312 |    12480 |     40 |  0.000000E+00 |  0.000000E+00 |  0.0006855832 |             f
   313 |    12520 |     40 |  0.000000E+00 |  0.000000E+00 |  0.0026396759 |         ideal
   314 |    12560 |     40 |  0.000000E+00 |  0.000000E+00 |  0.0025726765 |             f
   315 |    12600 |     40 |  0.000000E+00 |  0.000000E+00 |  0.0018502905 |             f
   316 |    12640 |     40 |  0.000000E+00 |  0.000000E+00 |  0.0047514678 |             f
Process SpawnPoolWorker-4:
Traceback (most recent call last):
  File "/opt/homebrew/Cellar/python@3.12/3.12.13_4/Frameworks/Python.framework/Versions/3.12/lib/python3.12/multiprocessing/pool.py", line 131, in worker
    put((job, i, result))
  File "/opt/homebrew/Cellar/python@3.12/3.12.13_4/Frameworks/Python.framework/Versions/3.12/lib/python3.12/multiprocessing/queues.py", line 399, in put
    self._writer.send_bytes(obj)
  File "/opt/homebrew/Cellar/python@3.12/3.12.13_4/Frameworks/Python.framework/Versions/3.12/lib/python3.12/multiprocessing/connection.py", line 200, in send_bytes
    self._send_bytes(m[offset:offset + size])
  File "/opt/homebrew/Cellar/python@3.12/3.12.13_4/Frameworks/Python.framework/Versions/3.12/lib/python3.12/multiprocessing/connection.py", line 427, in _send_bytes
    self._send(header + buf)
  File "/opt/homebrew/Cellar/python@3.12/3.12.13_4/Frameworks/Python.framework/Versions/3.12/lib/python3.12/multiprocessing/connection.py", line 384, in _send
    n = write(self._handle, buf)
        ^^^^^^^^^^^^^^^^^^^^^^^^
BrokenPipeError: [Errno 32] Broken pipe

During handling of the above exception, another exception occurred:

Traceback (most recent call last):
  File "/opt/homebrew/Cellar/python@3.12/3.12.13_4/Frameworks/Python.framework/Versions/3.12/lib/python3.12/multiprocessing/process.py", line 314, in _bootstrap
    self.run()
  File "/opt/homebrew/Cellar/python@3.12/3.12.13_4/Frameworks/Python.framework/Versions/3.12/lib/python3.12/multiprocessing/process.py", line 108, in run
    self._target(*self._args, **self._kwargs)
  File "/opt/homebrew/Cellar/python@3.12/3.12.13_4/Frameworks/Python.framework/Versions/3.12/lib/python3.12/multiprocessing/pool.py", line 136, in worker
    put((job, i, (False, wrapped)))
  File "/opt/homebrew/Cellar/python@3.12/3.12.13_4/Frameworks/Python.framework/Versions/3.12/lib/python3.12/multiprocessing/queues.py", line 399, in put
    self._writer.send_bytes(obj)
  File "/opt/homebrew/Cellar/python@3.12/3.12.13_4/Frameworks/Python.framework/Versions/3.12/lib/python3.12/multiprocessing/connection.py", line 200, in send_bytes
    self._send_bytes(m[offset:offset + size])
  File "/opt/homebrew/Cellar/python@3.12/3.12.13_4/Frameworks/Python.framework/Versions/3.12/lib/python3.12/multiprocessing/connection.py", line 427, in _send_bytes
    self._send(header + buf)
  File "/opt/homebrew/Cellar/python@3.12/3.12.13_4/Frameworks/Python.framework/Versions/3.12/lib/python3.12/multiprocessing/connection.py", line 384, in _send
    n = write(self._handle, buf)
        ^^^^^^^^^^^^^^^^^^^^^^^^
BrokenPipeError: [Errno 32] Broken pipe
Process SpawnPoolWorker-3:
Traceback (most recent call last):
  File "/opt/homebrew/Cellar/python@3.12/3.12.13_4/Frameworks/Python.framework/Versions/3.12/lib/python3.12/multiprocessing/pool.py", line 131, in worker
    put((job, i, result))
  File "/opt/homebrew/Cellar/python@3.12/3.12.13_4/Frameworks/Python.framework/Versions/3.12/lib/python3.12/multiprocessing/queues.py", line 399, in put
    self._writer.send_bytes(obj)
  File "/opt/homebrew/Cellar/python@3.12/3.12.13_4/Frameworks/Python.framework/Versions/3.12/lib/python3.12/multiprocessing/connection.py", line 200, in send_bytes
    self._send_bytes(m[offset:offset + size])
  File "/opt/homebrew/Cellar/python@3.12/3.12.13_4/Frameworks/Python.framework/Versions/3.12/lib/python3.12/multiprocessing/connection.py", line 427, in _send_bytes
    self._send(header + buf)
  File "/opt/homebrew/Cellar/python@3.12/3.12.13_4/Frameworks/Python.framework/Versions/3.12/lib/python3.12/multiprocessing/connection.py", line 384, in _send
    n = write(self._handle, buf)
        ^^^^^^^^^^^^^^^^^^^^^^^^
BrokenPipeError: [Errno 32] Broken pipe

During handling of the above exception, another exception occurred:

Traceback (most recent call last):
  File "/opt/homebrew/Cellar/python@3.12/3.12.13_4/Frameworks/Python.framework/Versions/3.12/lib/python3.12/multiprocessing/process.py", line 314, in _bootstrap
    self.run()
  File "/opt/homebrew/Cellar/python@3.12/3.12.13_4/Frameworks/Python.framework/Versions/3.12/lib/python3.12/multiprocessing/process.py", line 108, in run
    self._target(*self._args, **self._kwargs)
  File "/opt/homebrew/Cellar/python@3.12/3.12.13_4/Frameworks/Python.framework/Versions/3.12/lib/python3.12/multiprocessing/pool.py", line 136, in worker
    put((job, i, (False, wrapped)))
  File "/opt/homebrew/Cellar/python@3.12/3.12.13_4/Frameworks/Python.framework/Versions/3.12/lib/python3.12/multiprocessing/queues.py", line 399, in put
    self._writer.send_bytes(obj)
  File "/opt/homebrew/Cellar/python@3.12/3.12.13_4/Frameworks/Python.framework/Versions/3.12/lib/python3.12/multiprocessing/connection.py", line 200, in send_bytes
    self._send_bytes(m[offset:offset + size])
  File "/opt/homebrew/Cellar/python@3.12/3.12.13_4/Frameworks/Python.framework/Versions/3.12/lib/python3.12/multiprocessing/connection.py", line 427, in _send_bytes
    self._send(header + buf)
  File "/opt/homebrew/Cellar/python@3.12/3.12.13_4/Frameworks/Python.framework/Versions/3.12/lib/python3.12/multiprocessing/connection.py", line 384, in _send
    n = write(self._handle, buf)
        ^^^^^^^^^^^^^^^^^^^^^^^^
BrokenPipeError: [Errno 32] Broken pipe
Process SpawnPoolWorker-5:
Traceback (most recent call last):
  File "/opt/homebrew/Cellar/python@3.12/3.12.13_4/Frameworks/Python.framework/Versions/3.12/lib/python3.12/multiprocessing/pool.py", line 131, in worker
    put((job, i, result))
  File "/opt/homebrew/Cellar/python@3.12/3.12.13_4/Frameworks/Python.framework/Versions/3.12/lib/python3.12/multiprocessing/queues.py", line 399, in put
    self._writer.send_bytes(obj)
  File "/opt/homebrew/Cellar/python@3.12/3.12.13_4/Frameworks/Python.framework/Versions/3.12/lib/python3.12/multiprocessing/connection.py", line 200, in send_bytes
    self._send_bytes(m[offset:offset + size])
  File "/opt/homebrew/Cellar/python@3.12/3.12.13_4/Frameworks/Python.framework/Versions/3.12/lib/python3.12/multiprocessing/connection.py", line 427, in _send_bytes
    self._send(header + buf)
  File "/opt/homebrew/Cellar/python@3.12/3.12.13_4/Frameworks/Python.framework/Versions/3.12/lib/python3.12/multiprocessing/connection.py", line 384, in _send
    n = write(self._handle, buf)
        ^^^^^^^^^^^^^^^^^^^^^^^^
BrokenPipeError: [Errno 32] Broken pipe

During handling of the above exception, another exception occurred:

Traceback (most recent call last):
  File "/opt/homebrew/Cellar/python@3.12/3.12.13_4/Frameworks/Python.framework/Versions/3.12/lib/python3.12/multiprocessing/process.py", line 314, in _bootstrap
    self.run()
  File "/opt/homebrew/Cellar/python@3.12/3.12.13_4/Frameworks/Python.framework/Versions/3.12/lib/python3.12/multiprocessing/process.py", line 108, in run
    self._target(*self._args, **self._kwargs)
  File "/opt/homebrew/Cellar/python@3.12/3.12.13_4/Frameworks/Python.framework/Versions/3.12/lib/python3.12/multiprocessing/pool.py", line 136, in worker
    put((job, i, (False, wrapped)))
  File "/opt/homebrew/Cellar/python@3.12/3.12.13_4/Frameworks/Python.framework/Versions/3.12/lib/python3.12/multiprocessing/queues.py", line 399, in put
    self._writer.send_bytes(obj)
  File "/opt/homebrew/Cellar/python@3.12/3.12.13_4/Frameworks/Python.framework/Versions/3.12/lib/python3.12/multiprocessing/connection.py", line 200, in send_bytes
    self._send_bytes(m[offset:offset + size])
  File "/opt/homebrew/Cellar/python@3.12/3.12.13_4/Frameworks/Python.framework/Versions/3.12/lib/python3.12/multiprocessing/connection.py", line 427, in _send_bytes
    self._send(header + buf)
  File "/opt/homebrew/Cellar/python@3.12/3.12.13_4/Frameworks/Python.framework/Versions/3.12/lib/python3.12/multiprocessing/connection.py", line 384, in _send
    n = write(self._handle, buf)
        ^^^^^^^^^^^^^^^^^^^^^^^^
BrokenPipeError: [Errno 32] Broken pipe
Process SpawnPoolWorker-1:
Traceback (most recent call last):
  File "/opt/homebrew/Cellar/python@3.12/3.12.13_4/Frameworks/Python.framework/Versions/3.12/lib/python3.12/multiprocessing/pool.py", line 131, in worker
    put((job, i, result))
  File "/opt/homebrew/Cellar/python@3.12/3.12.13_4/Frameworks/Python.framework/Versions/3.12/lib/python3.12/multiprocessing/queues.py", line 399, in put
    self._writer.send_bytes(obj)
  File "/opt/homebrew/Cellar/python@3.12/3.12.13_4/Frameworks/Python.framework/Versions/3.12/lib/python3.12/multiprocessing/connection.py", line 200, in send_bytes
    self._send_bytes(m[offset:offset + size])
  File "/opt/homebrew/Cellar/python@3.12/3.12.13_4/Frameworks/Python.framework/Versions/3.12/lib/python3.12/multiprocessing/connection.py", line 427, in _send_bytes
    self._send(header + buf)
  File "/opt/homebrew/Cellar/python@3.12/3.12.13_4/Frameworks/Python.framework/Versions/3.12/lib/python3.12/multiprocessing/connection.py", line 384, in _send
    n = write(self._handle, buf)
        ^^^^^^^^^^^^^^^^^^^^^^^^
BrokenPipeError: [Errno 32] Broken pipe

During handling of the above exception, another exception occurred:

Traceback (most recent call last):
  File "/opt/homebrew/Cellar/python@3.12/3.12.13_4/Frameworks/Python.framework/Versions/3.12/lib/python3.12/multiprocessing/process.py", line 314, in _bootstrap
    self.run()
  File "/opt/homebrew/Cellar/python@3.12/3.12.13_4/Frameworks/Python.framework/Versions/3.12/lib/python3.12/multiprocessing/process.py", line 108, in run
    self._target(*self._args, **self._kwargs)
  File "/opt/homebrew/Cellar/python@3.12/3.12.13_4/Frameworks/Python.framework/Versions/3.12/lib/python3.12/multiprocessing/pool.py", line 136, in worker
    put((job, i, (False, wrapped)))
  File "/opt/homebrew/Cellar/python@3.12/3.12.13_4/Frameworks/Python.framework/Versions/3.12/lib/python3.12/multiprocessing/queues.py", line 399, in put
    self._writer.send_bytes(obj)
  File "/opt/homebrew/Cellar/python@3.12/3.12.13_4/Frameworks/Python.framework/Versions/3.12/lib/python3.12/multiprocessing/connection.py", line 200, in send_bytes
    self._send_bytes(m[offset:offset + size])
  File "/opt/homebrew/Cellar/python@3.12/3.12.13_4/Frameworks/Python.framework/Versions/3.12/lib/python3.12/multiprocessing/connection.py", line 427, in _send_bytes
    self._send(header + buf)
  File "/opt/homebrew/Cellar/python@3.12/3.12.13_4/Frameworks/Python.framework/Versions/3.12/lib/python3.12/multiprocessing/connection.py", line 384, in _send
    n = write(self._handle, buf)
        ^^^^^^^^^^^^^^^^^^^^^^^^
BrokenPipeError: [Errno 32] Broken pipe
Process SpawnPoolWorker-2:
Traceback (most recent call last):
  File "/opt/homebrew/Cellar/python@3.12/3.12.13_4/Frameworks/Python.framework/Versions/3.12/lib/python3.12/multiprocessing/pool.py", line 131, in worker
    put((job, i, result))
  File "/opt/homebrew/Cellar/python@3.12/3.12.13_4/Frameworks/Python.framework/Versions/3.12/lib/python3.12/multiprocessing/queues.py", line 399, in put
    self._writer.send_bytes(obj)
  File "/opt/homebrew/Cellar/python@3.12/3.12.13_4/Frameworks/Python.framework/Versions/3.12/lib/python3.12/multiprocessing/connection.py", line 200, in send_bytes
    self._send_bytes(m[offset:offset + size])
  File "/opt/homebrew/Cellar/python@3.12/3.12.13_4/Frameworks/Python.framework/Versions/3.12/lib/python3.12/multiprocessing/connection.py", line 427, in _send_bytes
    self._send(header + buf)
  File "/opt/homebrew/Cellar/python@3.12/3.12.13_4/Frameworks/Python.framework/Versions/3.12/lib/python3.12/multiprocessing/connection.py", line 384, in _send
    n = write(self._handle, buf)
        ^^^^^^^^^^^^^^^^^^^^^^^^
BrokenPipeError: [Errno 32] Broken pipe

During handling of the above exception, another exception occurred:

Traceback (most recent call last):
  File "/opt/homebrew/Cellar/python@3.12/3.12.13_4/Frameworks/Python.framework/Versions/3.12/lib/python3.12/multiprocessing/process.py", line 314, in _bootstrap
    self.run()
  File "/opt/homebrew/Cellar/python@3.12/3.12.13_4/Frameworks/Python.framework/Versions/3.12/lib/python3.12/multiprocessing/process.py", line 108, in run
    self._target(*self._args, **self._kwargs)
  File "/opt/homebrew/Cellar/python@3.12/3.12.13_4/Frameworks/Python.framework/Versions/3.12/lib/python3.12/multiprocessing/pool.py", line 136, in worker
    put((job, i, (False, wrapped)))
  File "/opt/homebrew/Cellar/python@3.12/3.12.13_4/Frameworks/Python.framework/Versions/3.12/lib/python3.12/multiprocessing/queues.py", line 399, in put
    self._writer.send_bytes(obj)
  File "/opt/homebrew/Cellar/python@3.12/3.12.13_4/Frameworks/Python.framework/Versions/3.12/lib/python3.12/multiprocessing/connection.py", line 200, in send_bytes
    self._send_bytes(m[offset:offset + size])
  File "/opt/homebrew/Cellar/python@3.12/3.12.13_4/Frameworks/Python.framework/Versions/3.12/lib/python3.12/multiprocessing/connection.py", line 427, in _send_bytes
    self._send(header + buf)
  File "/opt/homebrew/Cellar/python@3.12/3.12.13_4/Frameworks/Python.framework/Versions/3.12/lib/python3.12/multiprocessing/connection.py", line 384, in _send
    n = write(self._handle, buf)
        ^^^^^^^^^^^^^^^^^^^^^^^^
BrokenPipeError: [Errno 32] Broken pipe
/opt/homebrew/Cellar/python@3.12/3.12.13_4/Frameworks/Python.framework/Versions/3.12/lib/python3.12/multiprocessing/resource_tracker.py:279: UserWarning: resource_tracker: There appear to be 6 leaked semaphore objects to clean up at shutdown
  warnings.warn('resource_tracker: There appear to be %d '
