/Users/nv/Documents/MRI/magnet_design/optimize_robust_aligned.py:54: DeprecationWarning: Importing 'StarmapParallelization' from 'pymoo.core.problem' is deprecated. Please use 'from pymoo.parallelization import StarmapParallelization' instead. This backward compatibility import will be removed in a future version.
  from pymoo.core.problem import StarmapParallelization
==========================================================================================
n_gen  |  n_eval  | n_nds  |     cv_min    |     cv_avg    |      eps      |   indicator  
==========================================================================================
     1 |       40 |      1 |  2.123411E+01 |  1.274362E+02 |             - |             -
     2 |       80 |      1 |  1.832246E+01 |  4.152837E+01 |             - |             -
     3 |      120 |      1 |  1.832246E+01 |  2.835937E+01 |             - |             -
     4 |      160 |      1 |  1.724794E+01 |  2.397798E+01 |             - |             -
     5 |      200 |      1 |  7.9038484761 |  2.111554E+01 |             - |             -
     6 |      240 |      1 |  7.9038484761 |  1.819510E+01 |             - |             -
     7 |      280 |      1 |  4.8200551765 |  1.540564E+01 |             - |             -
     8 |      320 |      1 |  3.1744117484 |  1.216152E+01 |             - |             -
     9 |      360 |      1 |  0.000000E+00 |  9.3940083995 |             - |             -
    10 |      400 |      2 |  0.000000E+00 |  6.9308027711 |  1.0730415784 |         ideal
    11 |      440 |      3 |  0.000000E+00 |  4.5053794400 |  0.1244097770 |             f
    12 |      480 |      4 |  0.000000E+00 |  2.7258925782 |  0.0562428544 |             f
    13 |      520 |      6 |  0.000000E+00 |  0.9734725573 |  0.0578024015 |             f
    14 |      560 |      6 |  0.000000E+00 |  0.0279025805 |  0.1825668044 |         ideal
    15 |      600 |      8 |  0.000000E+00 |  0.000000E+00 |  0.1868517921 |         ideal
    16 |      640 |      7 |  0.000000E+00 |  0.000000E+00 |  0.1034417506 |             f
    17 |      680 |      8 |  0.000000E+00 |  0.000000E+00 |  0.2471691021 |         ideal
    18 |      720 |     13 |  0.000000E+00 |  0.000000E+00 |  0.0052993108 |         nadir
    19 |      760 |      8 |  0.000000E+00 |  0.000000E+00 |  0.1995394951 |         ideal
    20 |      800 |     14 |  0.000000E+00 |  0.000000E+00 |  0.2550700747 |         ideal
    21 |      840 |     19 |  0.000000E+00 |  0.000000E+00 |  0.0126472628 |             f
    22 |      880 |     18 |  0.000000E+00 |  0.000000E+00 |  0.0697065533 |         ideal
    23 |      920 |     17 |  0.000000E+00 |  0.000000E+00 |  0.0631504814 |         ideal
    24 |      960 |     26 |  0.000000E+00 |  0.000000E+00 |  0.0114960340 |             f
    25 |     1000 |     28 |  0.000000E+00 |  0.000000E+00 |  0.0065438461 |             f
    26 |     1040 |     24 |  0.000000E+00 |  0.000000E+00 |  0.0687415410 |         ideal
    27 |     1080 |     26 |  0.000000E+00 |  0.000000E+00 |  0.0048442046 |             f
    28 |     1120 |     29 |  0.000000E+00 |  0.000000E+00 |  0.0098309891 |             f
    29 |     1160 |     37 |  0.000000E+00 |  0.000000E+00 |  0.0079140214 |             f
    30 |     1200 |     34 |  0.000000E+00 |  0.000000E+00 |  0.0071299909 |             f
    31 |     1240 |     37 |  0.000000E+00 |  0.000000E+00 |  0.0483849533 |         ideal
    32 |     1280 |     38 |  0.000000E+00 |  0.000000E+00 |  0.0050105761 |         ideal
    33 |     1320 |     40 |  0.000000E+00 |  0.000000E+00 |  0.0133310132 |         ideal
    34 |     1360 |     40 |  0.000000E+00 |  0.000000E+00 |  0.0039612870 |             f
    35 |     1400 |     40 |  0.000000E+00 |  0.000000E+00 |  0.0023945307 |             f
    36 |     1440 |     40 |  0.000000E+00 |  0.000000E+00 |  0.0729037821 |         nadir
    37 |     1480 |     40 |  0.000000E+00 |  0.000000E+00 |  0.0023240278 |             f
    38 |     1520 |     40 |  0.000000E+00 |  0.000000E+00 |  0.0030067301 |             f
    39 |     1560 |     40 |  0.000000E+00 |  0.000000E+00 |  0.0015574233 |             f
    40 |     1600 |     40 |  0.000000E+00 |  0.000000E+00 |  0.0086656022 |         ideal
    41 |     1640 |     40 |  0.000000E+00 |  0.000000E+00 |  0.0199667365 |         nadir
    42 |     1680 |     40 |  0.000000E+00 |  0.000000E+00 |  0.0029357439 |             f
    43 |     1720 |     40 |  0.000000E+00 |  0.000000E+00 |  0.0085839959 |         ideal
    44 |     1760 |     40 |  0.000000E+00 |  0.000000E+00 |  0.0121637531 |         ideal
    45 |     1800 |     40 |  0.000000E+00 |  0.000000E+00 |  0.0016355619 |             f
    46 |     1840 |     40 |  0.000000E+00 |  0.000000E+00 |  0.0024167124 |             f
    47 |     1880 |     40 |  0.000000E+00 |  0.000000E+00 |  0.0055992683 |             f
    48 |     1920 |     40 |  0.000000E+00 |  0.000000E+00 |  0.0172163098 |         nadir
    49 |     1960 |     40 |  0.000000E+00 |  0.000000E+00 |  0.0028699436 |             f
    50 |     2000 |     40 |  0.000000E+00 |  0.000000E+00 |  0.0022307280 |             f
    51 |     2040 |     40 |  0.000000E+00 |  0.000000E+00 |  0.0038735942 |             f
    52 |     2080 |     40 |  0.000000E+00 |  0.000000E+00 |  0.0024476268 |             f
    53 |     2120 |     40 |  0.000000E+00 |  0.000000E+00 |  0.0051890253 |         ideal
    54 |     2160 |     40 |  0.000000E+00 |  0.000000E+00 |  0.0016865656 |             f
    55 |     2200 |     40 |  0.000000E+00 |  0.000000E+00 |  0.0030306029 |             f
    56 |     2240 |     40 |  0.000000E+00 |  0.000000E+00 |  0.0034934655 |         ideal
    57 |     2280 |     40 |  0.000000E+00 |  0.000000E+00 |  0.0116240663 |         ideal
    58 |     2320 |     40 |  0.000000E+00 |  0.000000E+00 |  0.0028137784 |             f
    59 |     2360 |     40 |  0.000000E+00 |  0.000000E+00 |  0.0032373780 |             f
    60 |     2400 |     40 |  0.000000E+00 |  0.000000E+00 |  0.0025305005 |             f
    61 |     2440 |     40 |  0.000000E+00 |  0.000000E+00 |  0.0046498891 |         ideal
    62 |     2480 |     40 |  0.000000E+00 |  0.000000E+00 |  0.0012507116 |             f
    63 |     2520 |     40 |  0.000000E+00 |  0.000000E+00 |  0.0027563600 |             f
    64 |     2560 |     40 |  0.000000E+00 |  0.000000E+00 |  0.0047077501 |         ideal
    65 |     2600 |     40 |  0.000000E+00 |  0.000000E+00 |  0.0018257039 |             f
    66 |     2640 |     40 |  0.000000E+00 |  0.000000E+00 |  0.0038250017 |             f
    67 |     2680 |     40 |  0.000000E+00 |  0.000000E+00 |  0.0010878322 |             f
    68 |     2720 |     40 |  0.000000E+00 |  0.000000E+00 |  0.0043018849 |             f
    69 |     2760 |     40 |  0.000000E+00 |  0.000000E+00 |  0.0014926228 |             f
    70 |     2800 |     40 |  0.000000E+00 |  0.000000E+00 |  0.0033837618 |             f
    71 |     2840 |     40 |  0.000000E+00 |  0.000000E+00 |  0.0554049662 |         nadir
    72 |     2880 |     40 |  0.000000E+00 |  0.000000E+00 |  0.0022656931 |             f
    73 |     2920 |     40 |  0.000000E+00 |  0.000000E+00 |  0.0065589749 |         ideal
    74 |     2960 |     40 |  0.000000E+00 |  0.000000E+00 |  0.0010440948 |             f
    75 |     3000 |     40 |  0.000000E+00 |  0.000000E+00 |  0.0056302501 |         ideal
    76 |     3040 |     40 |  0.000000E+00 |  0.000000E+00 |  0.0016792864 |             f
    77 |     3080 |     40 |  0.000000E+00 |  0.000000E+00 |  0.0152547405 |         nadir
    78 |     3120 |     40 |  0.000000E+00 |  0.000000E+00 |  0.0021323167 |             f
    79 |     3160 |     40 |  0.000000E+00 |  0.000000E+00 |  0.0025841012 |             f
    80 |     3200 |     40 |  0.000000E+00 |  0.000000E+00 |  0.0018045880 |             f
    81 |     3240 |     40 |  0.000000E+00 |  0.000000E+00 |  0.0044490249 |             f
    82 |     3280 |     40 |  0.000000E+00 |  0.000000E+00 |  0.0193277235 |         nadir
    83 |     3320 |     40 |  0.000000E+00 |  0.000000E+00 |  0.0024682829 |             f
    84 |     3360 |     40 |  0.000000E+00 |  0.000000E+00 |  0.0065394976 |             f
    85 |     3400 |     40 |  0.000000E+00 |  0.000000E+00 |  0.0081746193 |         ideal
    86 |     3440 |     40 |  0.000000E+00 |  0.000000E+00 |  0.0025512945 |             f
    87 |     3480 |     40 |  0.000000E+00 |  0.000000E+00 |  0.0030107030 |             f
    88 |     3520 |     40 |  0.000000E+00 |  0.000000E+00 |  0.0198145119 |         ideal
    89 |     3560 |     40 |  0.000000E+00 |  0.000000E+00 |  0.0028005709 |             f
    90 |     3600 |     40 |  0.000000E+00 |  0.000000E+00 |  0.0346485610 |         nadir
    91 |     3640 |     40 |  0.000000E+00 |  0.000000E+00 |  0.0033671278 |             f
    92 |     3680 |     40 |  0.000000E+00 |  0.000000E+00 |  0.0038291249 |             f
    93 |     3720 |     40 |  0.000000E+00 |  0.000000E+00 |  0.0183931561 |         ideal
    94 |     3760 |     40 |  0.000000E+00 |  0.000000E+00 |  0.0015443496 |             f
    95 |     3800 |     40 |  0.000000E+00 |  0.000000E+00 |  0.0026326525 |             f
    96 |     3840 |     40 |  0.000000E+00 |  0.000000E+00 |  0.0359462385 |         nadir
    97 |     3880 |     40 |  0.000000E+00 |  0.000000E+00 |  0.0047141545 |         ideal
    98 |     3920 |     40 |  0.000000E+00 |  0.000000E+00 |  0.0011101817 |             f
    99 |     3960 |     40 |  0.000000E+00 |  0.000000E+00 |  0.0040440140 |             f
   100 |     4000 |     40 |  0.000000E+00 |  0.000000E+00 |  0.0016108076 |             f
mean B0=63.4348 homogen=163992.7893
mean B0=46.0027 homogen=33276.1808
mean B0=46.6848 homogen=33635.8186
mean B0=50.2911 homogen=34393.7894
mean B0=62.5973 homogen=155050.1514
mean B0=50.4154 homogen=34664.8519
mean B0=56.3835 homogen=77239.9347
mean B0=59.129 homogen=109426.2253
mean B0=51.6483 homogen=42039.3571
mean B0=62.9191 homogen=162216.3697
mean B0=59.619 homogen=114656.3706
mean B0=53.8467 homogen=54256.661
mean B0=57.9508 homogen=99178.0803
mean B0=59.8368 homogen=119790.576
mean B0=58.5545 homogen=106646.3353
mean B0=55.8447 homogen=68574.9117
mean B0=57.7824 homogen=93088.2075
mean B0=55.7279 homogen=68384.9411
mean B0=61.1686 homogen=134023.7321
mean B0=56.9228 homogen=85279.8268
mean B0=62.1001 homogen=148570.2228
mean B0=54.2999 homogen=56322.9686
mean B0=61.3599 homogen=136435.7426
mean B0=51.9579 homogen=46850.1748
mean B0=55.0631 homogen=64881.4743
mean B0=61.4572 homogen=142107.7892
mean B0=53.0906 homogen=46481.5271
mean B0=60.3741 homogen=126718.4013
mean B0=54.6737 homogen=58212.5991
mean B0=53.3197 homogen=48906.5869
mean B0=60.6739 homogen=131101.408
mean B0=52.2613 homogen=51884.063
mean B0=54.4929 homogen=60896.7447
mean B0=60.0489 homogen=124526.9172
mean B0=58.0792 homogen=104190.6715
mean B0=52.4952 homogen=52451.8862
mean B0=57.4644 homogen=89252.561
mean B0=56.4589 homogen=82198.4006
mean B0=57.507 homogen=91809.0467
mean B0=55.063 homogen=64881.7777
   101 |     4040 |     40 |  0.000000E+00 |  0.000000E+00 |  0.0128330664 |         nadir
   102 |     4080 |     40 |  0.000000E+00 |  0.000000E+00 |  0.0044013088 |             f
   103 |     4120 |     40 |  0.000000E+00 |  0.000000E+00 |  0.0023330881 |             f
   104 |     4160 |     40 |  0.000000E+00 |  0.000000E+00 |  0.0045289587 |             f
   105 |     4200 |     40 |  0.000000E+00 |  0.000000E+00 |  0.0010809117 |             f
   106 |     4240 |     40 |  0.000000E+00 |  0.000000E+00 |  0.0049714722 |             f
   107 |     4280 |     40 |  0.000000E+00 |  0.000000E+00 |  0.0122761951 |         ideal
   108 |     4320 |     40 |  0.000000E+00 |  0.000000E+00 |  0.0009560407 |             f
   109 |     4360 |     40 |  0.000000E+00 |  0.000000E+00 |  0.0031218157 |             f
   110 |     4400 |     40 |  0.000000E+00 |  0.000000E+00 |  0.0012221077 |             f
   111 |     4440 |     40 |  0.000000E+00 |  0.000000E+00 |  0.0027145328 |             f
   112 |     4480 |     40 |  0.000000E+00 |  0.000000E+00 |  0.0042227354 |         ideal
   113 |     4520 |     40 |  0.000000E+00 |  0.000000E+00 |  0.0025045188 |             f
   114 |     4560 |     40 |  0.000000E+00 |  0.000000E+00 |  0.0224486370 |         ideal
   115 |     4600 |     40 |  0.000000E+00 |  0.000000E+00 |  0.0017789422 |             f
   116 |     4640 |     40 |  0.000000E+00 |  0.000000E+00 |  0.0048663339 |             f
   117 |     4680 |     40 |  0.000000E+00 |  0.000000E+00 |  0.0010546170 |             f
   118 |     4720 |     40 |  0.000000E+00 |  0.000000E+00 |  0.0030609482 |             f
   119 |     4760 |     40 |  0.000000E+00 |  0.000000E+00 |  0.0055445217 |             f
   120 |     4800 |     40 |  0.000000E+00 |  0.000000E+00 |  0.0026086728 |             f
   121 |     4840 |     40 |  0.000000E+00 |  0.000000E+00 |  0.0023368940 |             f
   122 |     4880 |     40 |  0.000000E+00 |  0.000000E+00 |  0.0050099374 |             f
   123 |     4920 |     40 |  0.000000E+00 |  0.000000E+00 |  0.0032498056 |             f
   124 |     4960 |     40 |  0.000000E+00 |  0.000000E+00 |  0.0037641189 |             f
   125 |     5000 |     40 |  0.000000E+00 |  0.000000E+00 |  0.0034216041 |             f
   126 |     5040 |     40 |  0.000000E+00 |  0.000000E+00 |  0.0018853628 |             f
   127 |     5080 |     40 |  0.000000E+00 |  0.000000E+00 |  0.0055467223 |             f
   128 |     5120 |     40 |  0.000000E+00 |  0.000000E+00 |  0.0435718051 |         ideal
   129 |     5160 |     40 |  0.000000E+00 |  0.000000E+00 |  0.0093257498 |         nadir
   130 |     5200 |     40 |  0.000000E+00 |  0.000000E+00 |  0.0133780176 |         nadir
   131 |     5240 |     40 |  0.000000E+00 |  0.000000E+00 |  0.0113848044 |         ideal
   132 |     5280 |     40 |  0.000000E+00 |  0.000000E+00 |  0.0016089237 |             f
   133 |     5320 |     40 |  0.000000E+00 |  0.000000E+00 |  0.0042444628 |             f
   134 |     5360 |     40 |  0.000000E+00 |  0.000000E+00 |  0.0560993460 |         nadir
   135 |     5400 |     40 |  0.000000E+00 |  0.000000E+00 |  0.0021448528 |             f
   136 |     5440 |     40 |  0.000000E+00 |  0.000000E+00 |  0.0039393934 |             f
   137 |     5480 |     40 |  0.000000E+00 |  0.000000E+00 |  0.0055419621 |         nadir
   138 |     5520 |     40 |  0.000000E+00 |  0.000000E+00 |  0.0016693715 |             f
   139 |     5560 |     40 |  0.000000E+00 |  0.000000E+00 |  0.0026971664 |             f
   140 |     5600 |     40 |  0.000000E+00 |  0.000000E+00 |  0.0019511474 |             f
   141 |     5640 |     40 |  0.000000E+00 |  0.000000E+00 |  0.0057353059 |             f
   142 |     5680 |     40 |  0.000000E+00 |  0.000000E+00 |  0.0036076960 |             f
   143 |     5720 |     40 |  0.000000E+00 |  0.000000E+00 |  0.0166419118 |         ideal
   144 |     5760 |     40 |  0.000000E+00 |  0.000000E+00 |  0.0042322275 |         ideal
   145 |     5800 |     40 |  0.000000E+00 |  0.000000E+00 |  0.0051116577 |             f
   146 |     5840 |     40 |  0.000000E+00 |  0.000000E+00 |  0.0035499483 |             f
   147 |     5880 |     40 |  0.000000E+00 |  0.000000E+00 |  0.0023296342 |             f
   148 |     5920 |     40 |  0.000000E+00 |  0.000000E+00 |  0.0045563184 |             f
   149 |     5960 |     40 |  0.000000E+00 |  0.000000E+00 |  0.0028636859 |             f
   150 |     6000 |     40 |  0.000000E+00 |  0.000000E+00 |  0.0025077118 |             f
   151 |     6040 |     40 |  0.000000E+00 |  0.000000E+00 |  0.0024849967 |             f
   152 |     6080 |     40 |  0.000000E+00 |  0.000000E+00 |  0.0150622326 |         ideal
   153 |     6120 |     40 |  0.000000E+00 |  0.000000E+00 |  0.0021438585 |             f
   154 |     6160 |     40 |  0.000000E+00 |  0.000000E+00 |  0.0046046496 |             f
   155 |     6200 |     40 |  0.000000E+00 |  0.000000E+00 |  0.0043543933 |             f
   156 |     6240 |     40 |  0.000000E+00 |  0.000000E+00 |  0.0114602128 |         ideal
   157 |     6280 |     40 |  0.000000E+00 |  0.000000E+00 |  0.0050284419 |         ideal
   158 |     6320 |     40 |  0.000000E+00 |  0.000000E+00 |  0.0037454630 |             f
   159 |     6360 |     40 |  0.000000E+00 |  0.000000E+00 |  0.0375921934 |         ideal
   160 |     6400 |     40 |  0.000000E+00 |  0.000000E+00 |  0.0030608676 |             f
   161 |     6440 |     40 |  0.000000E+00 |  0.000000E+00 |  0.0032175391 |             f
   162 |     6480 |     40 |  0.000000E+00 |  0.000000E+00 |  0.0010951651 |             f
   163 |     6520 |     40 |  0.000000E+00 |  0.000000E+00 |  0.0036012023 |         ideal
   164 |     6560 |     40 |  0.000000E+00 |  0.000000E+00 |  0.0045100130 |             f
   165 |     6600 |     40 |  0.000000E+00 |  0.000000E+00 |  0.0023600688 |             f
   166 |     6640 |     40 |  0.000000E+00 |  0.000000E+00 |  0.0127884256 |         ideal
   167 |     6680 |     40 |  0.000000E+00 |  0.000000E+00 |  0.0012170536 |             f
   168 |     6720 |     40 |  0.000000E+00 |  0.000000E+00 |  0.0047950007 |             f
   169 |     6760 |     40 |  0.000000E+00 |  0.000000E+00 |  0.0035637980 |             f
   170 |     6800 |     40 |  0.000000E+00 |  0.000000E+00 |  0.0034850525 |             f
   171 |     6840 |     40 |  0.000000E+00 |  0.000000E+00 |  0.0039868086 |             f
   172 |     6880 |     40 |  0.000000E+00 |  0.000000E+00 |  0.0042955473 |             f
   173 |     6920 |     40 |  0.000000E+00 |  0.000000E+00 |  0.0041448879 |             f
   174 |     6960 |     40 |  0.000000E+00 |  0.000000E+00 |  0.0030868180 |             f
   175 |     7000 |     40 |  0.000000E+00 |  0.000000E+00 |  0.0034933412 |             f
   176 |     7040 |     40 |  0.000000E+00 |  0.000000E+00 |  0.0030192014 |             f
   177 |     7080 |     40 |  0.000000E+00 |  0.000000E+00 |  0.0027415084 |             f
   178 |     7120 |     40 |  0.000000E+00 |  0.000000E+00 |  0.0029822388 |             f
   179 |     7160 |     40 |  0.000000E+00 |  0.000000E+00 |  0.0021572733 |             f
   180 |     7200 |     40 |  0.000000E+00 |  0.000000E+00 |  0.0063964892 |             f
   181 |     7240 |     40 |  0.000000E+00 |  0.000000E+00 |  0.0165014312 |         nadir
   182 |     7280 |     40 |  0.000000E+00 |  0.000000E+00 |  0.0028471518 |             f
   183 |     7320 |     40 |  0.000000E+00 |  0.000000E+00 |  0.0020529182 |             f
   184 |     7360 |     40 |  0.000000E+00 |  0.000000E+00 |  0.0068933442 |         nadir
   185 |     7400 |     40 |  0.000000E+00 |  0.000000E+00 |  0.0033623277 |             f
   186 |     7440 |     40 |  0.000000E+00 |  0.000000E+00 |  0.0021778993 |             f
   187 |     7480 |     40 |  0.000000E+00 |  0.000000E+00 |  0.0057908314 |             f
   188 |     7520 |     40 |  0.000000E+00 |  0.000000E+00 |  0.0017886119 |             f
   189 |     7560 |     40 |  0.000000E+00 |  0.000000E+00 |  0.0048189312 |             f
   190 |     7600 |     40 |  0.000000E+00 |  0.000000E+00 |  0.0038981826 |         ideal
   191 |     7640 |     40 |  0.000000E+00 |  0.000000E+00 |  0.0162331205 |         ideal
   192 |     7680 |     40 |  0.000000E+00 |  0.000000E+00 |  0.0021627122 |             f
   193 |     7720 |     40 |  0.000000E+00 |  0.000000E+00 |  0.0046454148 |         nadir
   194 |     7760 |     40 |  0.000000E+00 |  0.000000E+00 |  0.0025321104 |             f
   195 |     7800 |     40 |  0.000000E+00 |  0.000000E+00 |  0.0020077740 |             f
   196 |     7840 |     40 |  0.000000E+00 |  0.000000E+00 |  0.0024003354 |             f
   197 |     7880 |     40 |  0.000000E+00 |  0.000000E+00 |  0.0041638458 |         nadir
   198 |     7920 |     40 |  0.000000E+00 |  0.000000E+00 |  0.0041079572 |             f
   199 |     7960 |     40 |  0.000000E+00 |  0.000000E+00 |  0.0030480227 |             f
   200 |     8000 |     40 |  0.000000E+00 |  0.000000E+00 |  0.0027377321 |             f
mean B0=48.0082 homogen=20361.7294
mean B0=67.5149 homogen=201391.2184
mean B0=63.6278 homogen=149868.5884
mean B0=52.1549 homogen=41470.0179
mean B0=53.93 homogen=47476.6555
mean B0=65.1051 homogen=168958.6021
mean B0=67.2411 homogen=198228.0306
mean B0=63.6278 homogen=149868.5884
mean B0=48.8797 homogen=22227.7924
mean B0=66.5841 homogen=188360.1626
mean B0=59.2003 homogen=93034.8555
mean B0=50.6194 homogen=33300.6457
mean B0=62.8465 homogen=141653.1293
mean B0=54.8973 homogen=48881.2707
mean B0=65.1051 homogen=168958.6021
mean B0=60.5588 homogen=110366.4068
mean B0=62.0698 homogen=129087.3558
mean B0=58.5237 homogen=84846.3212
mean B0=65.8284 homogen=180656.4681
mean B0=59.4298 homogen=95842.2228
mean B0=61.0651 homogen=119101.1467
mean B0=60.1212 homogen=105613.9679
mean B0=51.2337 homogen=41450.2719
mean B0=65.4596 homogen=173240.273
mean B0=48.3543 homogen=21206.0797
mean B0=57.5234 homogen=74577.4268
mean B0=49.6923 homogen=34868.6927
mean B0=57.906 homogen=78040.3072
mean B0=66.0471 homogen=182092.1862
mean B0=66.3969 homogen=186569.8001
mean B0=51.1107 homogen=40831.7688
mean B0=61.5718 homogen=123750.4687
mean B0=52.8781 homogen=45472.7564
mean B0=57.2061 homogen=69203.2846
mean B0=56.8567 homogen=68883.968
mean B0=62.4909 homogen=136422.4431
mean B0=55.5604 homogen=53075.4237
mean B0=59.6942 homogen=102903.6854
mean B0=53.4419 homogen=44301.1158
mean B0=61.8861 homogen=127648.9147
   201 |     8040 |     40 |  0.000000E+00 |  0.000000E+00 |  0.0032781036 |             f
   202 |     8080 |     40 |  0.000000E+00 |  0.000000E+00 |  0.0054726539 |         ideal
   203 |     8120 |     40 |  0.000000E+00 |  0.000000E+00 |  0.0027995374 |         nadir
   204 |     8160 |     40 |  0.000000E+00 |  0.000000E+00 |  0.0015713798 |             f
   205 |     8200 |     40 |  0.000000E+00 |  0.000000E+00 |  0.0038811075 |             f
   206 |     8240 |     40 |  0.000000E+00 |  0.000000E+00 |  0.0043556198 |             f
   207 |     8280 |     40 |  0.000000E+00 |  0.000000E+00 |  0.0027289400 |             f
   208 |     8320 |     40 |  0.000000E+00 |  0.000000E+00 |  0.0030622422 |             f
   209 |     8360 |     40 |  0.000000E+00 |  0.000000E+00 |  0.0042224776 |             f
   210 |     8400 |     40 |  0.000000E+00 |  0.000000E+00 |  0.0023441778 |             f
   211 |     8440 |     40 |  0.000000E+00 |  0.000000E+00 |  0.0065598344 |         ideal
   212 |     8480 |     40 |  0.000000E+00 |  0.000000E+00 |  0.0027298074 |             f
   213 |     8520 |     40 |  0.000000E+00 |  0.000000E+00 |  0.0024741571 |             f
   214 |     8560 |     40 |  0.000000E+00 |  0.000000E+00 |  0.0036560947 |             f
   215 |     8600 |     40 |  0.000000E+00 |  0.000000E+00 |  0.0024974821 |             f
   216 |     8640 |     40 |  0.000000E+00 |  0.000000E+00 |  0.0065201486 |             f
   217 |     8680 |     40 |  0.000000E+00 |  0.000000E+00 |  0.0064776285 |             f
   218 |     8720 |     40 |  0.000000E+00 |  0.000000E+00 |  0.0032878674 |             f
   219 |     8760 |     40 |  0.000000E+00 |  0.000000E+00 |  0.0023429463 |             f
   220 |     8800 |     40 |  0.000000E+00 |  0.000000E+00 |  0.0027079011 |             f
   221 |     8840 |     40 |  0.000000E+00 |  0.000000E+00 |  0.0037247079 |             f
   222 |     8880 |     40 |  0.000000E+00 |  0.000000E+00 |  0.0026556038 |             f
   223 |     8920 |     40 |  0.000000E+00 |  0.000000E+00 |  0.0035393453 |             f
   224 |     8960 |     40 |  0.000000E+00 |  0.000000E+00 |  0.0038846259 |             f
   225 |     9000 |     40 |  0.000000E+00 |  0.000000E+00 |  0.0019726640 |             f
   226 |     9040 |     40 |  0.000000E+00 |  0.000000E+00 |  0.0055502276 |             f
   227 |     9080 |     40 |  0.000000E+00 |  0.000000E+00 |  0.0019007700 |             f
   228 |     9120 |     40 |  0.000000E+00 |  0.000000E+00 |  0.0066482067 |             f
   229 |     9160 |     40 |  0.000000E+00 |  0.000000E+00 |  0.0057671888 |             f
   230 |     9200 |     40 |  0.000000E+00 |  0.000000E+00 |  0.0038266120 |         ideal
   231 |     9240 |     40 |  0.000000E+00 |  0.000000E+00 |  0.0022663047 |             f
   232 |     9280 |     40 |  0.000000E+00 |  0.000000E+00 |  0.0065779796 |             f
   233 |     9320 |     40 |  0.000000E+00 |  0.000000E+00 |  0.0030328781 |         ideal
   234 |     9360 |     40 |  0.000000E+00 |  0.000000E+00 |  0.0015088394 |             f
   235 |     9400 |     40 |  0.000000E+00 |  0.000000E+00 |  0.0040296727 |             f
   236 |     9440 |     40 |  0.000000E+00 |  0.000000E+00 |  0.0026984942 |             f
   237 |     9480 |     40 |  0.000000E+00 |  0.000000E+00 |  0.0098186648 |         ideal
   238 |     9520 |     40 |  0.000000E+00 |  0.000000E+00 |  0.0024003880 |             f
   239 |     9560 |     40 |  0.000000E+00 |  0.000000E+00 |  0.0036455698 |             f
   240 |     9600 |     40 |  0.000000E+00 |  0.000000E+00 |  0.0026429947 |             f
   241 |     9640 |     40 |  0.000000E+00 |  0.000000E+00 |  0.0053467801 |             f
   242 |     9680 |     40 |  0.000000E+00 |  0.000000E+00 |  0.0028870035 |             f
   243 |     9720 |     40 |  0.000000E+00 |  0.000000E+00 |  0.0016377635 |             f
   244 |     9760 |     40 |  0.000000E+00 |  0.000000E+00 |  0.0046065483 |             f
   245 |     9800 |     40 |  0.000000E+00 |  0.000000E+00 |  0.0031080151 |             f
   246 |     9840 |     40 |  0.000000E+00 |  0.000000E+00 |  0.0056823255 |             f
   247 |     9880 |     40 |  0.000000E+00 |  0.000000E+00 |  0.0041388260 |             f
   248 |     9920 |     40 |  0.000000E+00 |  0.000000E+00 |  0.0037758882 |         ideal
   249 |     9960 |     40 |  0.000000E+00 |  0.000000E+00 |  0.0023830434 |             f
   250 |    10000 |     40 |  0.000000E+00 |  0.000000E+00 |  0.0066138073 |         ideal
   251 |    10040 |     40 |  0.000000E+00 |  0.000000E+00 |  0.0024097518 |             f
   252 |    10080 |     40 |  0.000000E+00 |  0.000000E+00 |  0.0061566976 |             f
   253 |    10120 |     40 |  0.000000E+00 |  0.000000E+00 |  0.0017870301 |             f
   254 |    10160 |     40 |  0.000000E+00 |  0.000000E+00 |  0.0045807637 |             f
   255 |    10200 |     40 |  0.000000E+00 |  0.000000E+00 |  0.0017865669 |             f
   256 |    10240 |     40 |  0.000000E+00 |  0.000000E+00 |  0.0068420742 |             f
   257 |    10280 |     40 |  0.000000E+00 |  0.000000E+00 |  0.0030269517 |             f
   258 |    10320 |     40 |  0.000000E+00 |  0.000000E+00 |  0.0112685545 |         ideal
   259 |    10360 |     40 |  0.000000E+00 |  0.000000E+00 |  0.0026819006 |             f
   260 |    10400 |     40 |  0.000000E+00 |  0.000000E+00 |  0.0034137001 |             f
   261 |    10440 |     40 |  0.000000E+00 |  0.000000E+00 |  0.0025499655 |             f
   262 |    10480 |     40 |  0.000000E+00 |  0.000000E+00 |  0.0037167512 |         nadir
   263 |    10520 |     40 |  0.000000E+00 |  0.000000E+00 |  0.0048144990 |             f
   264 |    10560 |     40 |  0.000000E+00 |  0.000000E+00 |  0.0041804215 |             f
   265 |    10600 |     40 |  0.000000E+00 |  0.000000E+00 |  0.0025584973 |             f
   266 |    10640 |     40 |  0.000000E+00 |  0.000000E+00 |  0.0013170523 |             f
   267 |    10680 |     40 |  0.000000E+00 |  0.000000E+00 |  0.0027963077 |             f
   268 |    10720 |     40 |  0.000000E+00 |  0.000000E+00 |  0.0047187381 |             f
   269 |    10760 |     40 |  0.000000E+00 |  0.000000E+00 |  0.0012922559 |             f
   270 |    10800 |     40 |  0.000000E+00 |  0.000000E+00 |  0.0034179481 |             f
   271 |    10840 |     40 |  0.000000E+00 |  0.000000E+00 |  0.0049588660 |             f
   272 |    10880 |     40 |  0.000000E+00 |  0.000000E+00 |  0.0026645898 |         nadir
   273 |    10920 |     40 |  0.000000E+00 |  0.000000E+00 |  0.0031383041 |         ideal
   274 |    10960 |     40 |  0.000000E+00 |  0.000000E+00 |  0.0054463758 |             f
   275 |    11000 |     40 |  0.000000E+00 |  0.000000E+00 |  0.0037234901 |             f
   276 |    11040 |     40 |  0.000000E+00 |  0.000000E+00 |  0.0030715016 |             f
   277 |    11080 |     40 |  0.000000E+00 |  0.000000E+00 |  0.0040998310 |             f
   278 |    11120 |     40 |  0.000000E+00 |  0.000000E+00 |  0.0016811260 |             f
   279 |    11160 |     40 |  0.000000E+00 |  0.000000E+00 |  0.0045131635 |             f
   280 |    11200 |     40 |  0.000000E+00 |  0.000000E+00 |  0.0030342787 |             f
   281 |    11240 |     40 |  0.000000E+00 |  0.000000E+00 |  0.0015061840 |             f
   282 |    11280 |     40 |  0.000000E+00 |  0.000000E+00 |  0.0038388941 |         nadir
   283 |    11320 |     40 |  0.000000E+00 |  0.000000E+00 |  0.0042145039 |             f
   284 |    11360 |     40 |  0.000000E+00 |  0.000000E+00 |  0.0040659564 |             f
   285 |    11400 |     40 |  0.000000E+00 |  0.000000E+00 |  0.0093073613 |         ideal
   286 |    11440 |     40 |  0.000000E+00 |  0.000000E+00 |  0.0014925078 |             f
   287 |    11480 |     40 |  0.000000E+00 |  0.000000E+00 |  0.0049025056 |             f
   288 |    11520 |     40 |  0.000000E+00 |  0.000000E+00 |  0.0039396042 |             f
   289 |    11560 |     40 |  0.000000E+00 |  0.000000E+00 |  0.0033020242 |             f
   290 |    11600 |     40 |  0.000000E+00 |  0.000000E+00 |  0.0028851346 |             f
   291 |    11640 |     40 |  0.000000E+00 |  0.000000E+00 |  0.0021468072 |             f
   292 |    11680 |     40 |  0.000000E+00 |  0.000000E+00 |  0.0050861705 |             f
   293 |    11720 |     40 |  0.000000E+00 |  0.000000E+00 |  0.0030699327 |             f
   294 |    11760 |     40 |  0.000000E+00 |  0.000000E+00 |  0.0014110784 |             f
   295 |    11800 |     40 |  0.000000E+00 |  0.000000E+00 |  0.0033295542 |             f
   296 |    11840 |     40 |  0.000000E+00 |  0.000000E+00 |  0.0020516854 |             f
   297 |    11880 |     40 |  0.000000E+00 |  0.000000E+00 |  0.0036156131 |             f
   298 |    11920 |     40 |  0.000000E+00 |  0.000000E+00 |  0.0039253784 |             f
   299 |    11960 |     40 |  0.000000E+00 |  0.000000E+00 |  0.0017357319 |             f
   300 |    12000 |     40 |  0.000000E+00 |  0.000000E+00 |  0.0020910651 |             f
mean B0=67.7757 homogen=204190.3335
mean B0=44.8795 homogen=7532.588
mean B0=51.6248 homogen=30038.7046
mean B0=53.7139 homogen=45313.4239
mean B0=50.8133 homogen=33356.3505
mean B0=63.8935 homogen=152146.1427
mean B0=48.6465 homogen=17660.3728
mean B0=63.199 homogen=143984.6032
mean B0=47.4612 homogen=18655.6231
mean B0=45.8817 homogen=10842.8368
mean B0=62.7285 homogen=137262.2581
mean B0=53.7827 homogen=38066.8517
mean B0=57.3109 homogen=71741.0892
mean B0=60.2482 homogen=105008.9724
mean B0=61.197 homogen=119282.0942
mean B0=62.0123 homogen=130701.6253
mean B0=56.9765 homogen=67867.9535
mean B0=55.9401 homogen=56470.9149
mean B0=67.0816 homogen=194792.4498
mean B0=67.6837 homogen=202938.8367
mean B0=64.3849 homogen=162472.1917
mean B0=65.0306 homogen=169384.1208
mean B0=46.9365 homogen=16396.1702
mean B0=66.3001 homogen=185444.2873
mean B0=60.6703 homogen=112379.8206
mean B0=66.349 homogen=185812.1817
mean B0=65.818 homogen=175848.2038
mean B0=62.2863 homogen=133056.2483
mean B0=58.9498 homogen=89516.8456
mean B0=49.1567 homogen=22292.4524
mean B0=67.0063 homogen=192646.8079
mean B0=61.5817 homogen=122569.9969
mean B0=57.9339 homogen=81233.6704
mean B0=64.9653 homogen=168705.9197
mean B0=59.753 homogen=101042.6825
mean B0=59.0506 homogen=96832.419
mean B0=49.9194 homogen=27256.4274
mean B0=58.6135 homogen=85775.3144
mean B0=64.4331 homogen=162757.3756
mean B0=54.7328 homogen=47376.2393
   301 |    12040 |     40 |  0.000000E+00 |  0.000000E+00 |  0.0054248828 |             f
   302 |    12080 |     40 |  0.000000E+00 |  0.000000E+00 |  0.0021726405 |             f
   303 |    12120 |     40 |  0.000000E+00 |  0.000000E+00 |  0.0038672190 |             f
   304 |    12160 |     40 |  0.000000E+00 |  0.000000E+00 |  0.0042088280 |             f
   305 |    12200 |     40 |  0.000000E+00 |  0.000000E+00 |  0.0007690260 |             f
   306 |    12240 |     40 |  0.000000E+00 |  0.000000E+00 |  0.0026098541 |             f
   307 |    12280 |     40 |  0.000000E+00 |  0.000000E+00 |  0.0027500135 |             f
   308 |    12320 |     40 |  0.000000E+00 |  0.000000E+00 |  0.0027348503 |             f
   309 |    12360 |     40 |  0.000000E+00 |  0.000000E+00 |  0.0049940540 |             f
   310 |    12400 |     40 |  0.000000E+00 |  0.000000E+00 |  0.0014427001 |             f
   311 |    12440 |     40 |  0.000000E+00 |  0.000000E+00 |  0.0113629553 |         nadir
   312 |    12480 |     40 |  0.000000E+00 |  0.000000E+00 |  0.0027820840 |             f
   313 |    12520 |     40 |  0.000000E+00 |  0.000000E+00 |  0.0024104556 |             f
   314 |    12560 |     40 |  0.000000E+00 |  0.000000E+00 |  0.0057115062 |             f
   315 |    12600 |     40 |  0.000000E+00 |  0.000000E+00 |  0.0009182377 |             f
   316 |    12640 |     40 |  0.000000E+00 |  0.000000E+00 |  0.0032084790 |             f
   317 |    12680 |     40 |  0.000000E+00 |  0.000000E+00 |  0.0026996957 |             f
   318 |    12720 |     40 |  0.000000E+00 |  0.000000E+00 |  0.0028112551 |             f
   319 |    12760 |     40 |  0.000000E+00 |  0.000000E+00 |  0.0053863103 |             f
   320 |    12800 |     40 |  0.000000E+00 |  0.000000E+00 |  0.0019708272 |             f
   321 |    12840 |     40 |  0.000000E+00 |  0.000000E+00 |  0.0046268597 |             f
   322 |    12880 |     40 |  0.000000E+00 |  0.000000E+00 |  0.0025407792 |             f
   323 |    12920 |     40 |  0.000000E+00 |  0.000000E+00 |  0.0017975517 |             f
   324 |    12960 |     40 |  0.000000E+00 |  0.000000E+00 |  0.0041498550 |             f
   325 |    13000 |     40 |  0.000000E+00 |  0.000000E+00 |  0.0048712629 |             f
   326 |    13040 |     40 |  0.000000E+00 |  0.000000E+00 |  0.0081840994 |         ideal
   327 |    13080 |     40 |  0.000000E+00 |  0.000000E+00 |  0.0033635358 |             f
   328 |    13120 |     40 |  0.000000E+00 |  0.000000E+00 |  0.0036955393 |             f
   329 |    13160 |     40 |  0.000000E+00 |  0.000000E+00 |  0.0026910479 |             f
   330 |    13200 |     40 |  0.000000E+00 |  0.000000E+00 |  0.0038946730 |             f
   331 |    13240 |     40 |  0.000000E+00 |  0.000000E+00 |  0.0022505167 |             f
   332 |    13280 |     40 |  0.000000E+00 |  0.000000E+00 |  0.0036023633 |             f
   333 |    13320 |     40 |  0.000000E+00 |  0.000000E+00 |  0.0035954503 |             f
   334 |    13360 |     40 |  0.000000E+00 |  0.000000E+00 |  0.0031232869 |             f
   335 |    13400 |     40 |  0.000000E+00 |  0.000000E+00 |  0.0075395662 |         nadir
   336 |    13440 |     40 |  0.000000E+00 |  0.000000E+00 |  0.0022667064 |             f
   337 |    13480 |     40 |  0.000000E+00 |  0.000000E+00 |  0.0059931503 |             f
   338 |    13520 |     40 |  0.000000E+00 |  0.000000E+00 |  0.0029898272 |             f
   339 |    13560 |     40 |  0.000000E+00 |  0.000000E+00 |  0.0087342626 |         nadir
   340 |    13600 |     40 |  0.000000E+00 |  0.000000E+00 |  0.0019329561 |             f
   341 |    13640 |     40 |  0.000000E+00 |  0.000000E+00 |  0.0034695298 |             f
   342 |    13680 |     40 |  0.000000E+00 |  0.000000E+00 |  0.0033127070 |         nadir
   343 |    13720 |     40 |  0.000000E+00 |  0.000000E+00 |  0.0035030800 |             f
   344 |    13760 |     40 |  0.000000E+00 |  0.000000E+00 |  0.0027896577 |             f
   345 |    13800 |     40 |  0.000000E+00 |  0.000000E+00 |  0.0025737738 |             f
   346 |    13840 |     40 |  0.000000E+00 |  0.000000E+00 |  0.0025419378 |             f
   347 |    13880 |     40 |  0.000000E+00 |  0.000000E+00 |  0.0035312344 |             f
   348 |    13920 |     40 |  0.000000E+00 |  0.000000E+00 |  0.0026754600 |             f
   349 |    13960 |     40 |  0.000000E+00 |  0.000000E+00 |  0.0020884984 |             f
   350 |    14000 |     40 |  0.000000E+00 |  0.000000E+00 |  0.0050216465 |             f
   351 |    14040 |     40 |  0.000000E+00 |  0.000000E+00 |  0.0026866259 |             f
   352 |    14080 |     40 |  0.000000E+00 |  0.000000E+00 |  0.0020914135 |             f
   353 |    14120 |     40 |  0.000000E+00 |  0.000000E+00 |  0.0052991518 |             f
   354 |    14160 |     40 |  0.000000E+00 |  0.000000E+00 |  0.0038518723 |             f
   355 |    14200 |     40 |  0.000000E+00 |  0.000000E+00 |  0.0034039495 |             f
   356 |    14240 |     40 |  0.000000E+00 |  0.000000E+00 |  0.0039736440 |         nadir
   357 |    14280 |     40 |  0.000000E+00 |  0.000000E+00 |  0.0033424381 |             f
   358 |    14320 |     40 |  0.000000E+00 |  0.000000E+00 |  0.0038240199 |             f
   359 |    14360 |     40 |  0.000000E+00 |  0.000000E+00 |  0.0029325978 |             f
   360 |    14400 |     40 |  0.000000E+00 |  0.000000E+00 |  0.0015157660 |             f
   361 |    14440 |     40 |  0.000000E+00 |  0.000000E+00 |  0.0024032041 |             f
   362 |    14480 |     40 |  0.000000E+00 |  0.000000E+00 |  0.0040940370 |             f
   363 |    14520 |     40 |  0.000000E+00 |  0.000000E+00 |  0.0032287750 |             f
   364 |    14560 |     40 |  0.000000E+00 |  0.000000E+00 |  0.0032539782 |             f
   365 |    14600 |     40 |  0.000000E+00 |  0.000000E+00 |  0.0024084519 |             f
   366 |    14640 |     40 |  0.000000E+00 |  0.000000E+00 |  0.0047293573 |             f
   367 |    14680 |     40 |  0.000000E+00 |  0.000000E+00 |  0.0025814476 |             f
   368 |    14720 |     40 |  0.000000E+00 |  0.000000E+00 |  0.0030305776 |             f
   369 |    14760 |     40 |  0.000000E+00 |  0.000000E+00 |  0.0020696434 |             f
   370 |    14800 |     40 |  0.000000E+00 |  0.000000E+00 |  0.0049623165 |             f
   371 |    14840 |     40 |  0.000000E+00 |  0.000000E+00 |  0.0028476569 |             f
   372 |    14880 |     40 |  0.000000E+00 |  0.000000E+00 |  0.0043295787 |             f
   373 |    14920 |     40 |  0.000000E+00 |  0.000000E+00 |  0.0026292449 |             f
   374 |    14960 |     40 |  0.000000E+00 |  0.000000E+00 |  0.0028642712 |             f
   375 |    15000 |     40 |  0.000000E+00 |  0.000000E+00 |  0.0036701232 |             f
   376 |    15040 |     40 |  0.000000E+00 |  0.000000E+00 |  0.0039919629 |             f
   377 |    15080 |     40 |  0.000000E+00 |  0.000000E+00 |  0.0029490492 |             f
   378 |    15120 |     40 |  0.000000E+00 |  0.000000E+00 |  0.0018185797 |             f
   379 |    15160 |     40 |  0.000000E+00 |  0.000000E+00 |  0.0056067487 |             f
   380 |    15200 |     40 |  0.000000E+00 |  0.000000E+00 |  0.0029766896 |             f
   381 |    15240 |     40 |  0.000000E+00 |  0.000000E+00 |  0.0021232956 |             f
   382 |    15280 |     40 |  0.000000E+00 |  0.000000E+00 |  0.0047069910 |             f
   383 |    15320 |     40 |  0.000000E+00 |  0.000000E+00 |  0.0013082227 |             f
   384 |    15360 |     40 |  0.000000E+00 |  0.000000E+00 |  0.0030431586 |             f
   385 |    15400 |     40 |  0.000000E+00 |  0.000000E+00 |  0.0035449283 |             f
   386 |    15440 |     40 |  0.000000E+00 |  0.000000E+00 |  0.0013411326 |             f
   387 |    15480 |     40 |  0.000000E+00 |  0.000000E+00 |  0.0031943408 |             f
   388 |    15520 |     40 |  0.000000E+00 |  0.000000E+00 |  0.0032741424 |             f
   389 |    15560 |     40 |  0.000000E+00 |  0.000000E+00 |  0.0031237826 |             f
   390 |    15600 |     40 |  0.000000E+00 |  0.000000E+00 |  0.0010027401 |             f
   391 |    15640 |     40 |  0.000000E+00 |  0.000000E+00 |  0.0031741100 |             f
   392 |    15680 |     40 |  0.000000E+00 |  0.000000E+00 |  0.0024148025 |             f
   393 |    15720 |     40 |  0.000000E+00 |  0.000000E+00 |  0.0049730052 |             f
   394 |    15760 |     40 |  0.000000E+00 |  0.000000E+00 |  0.0024597302 |             f
   395 |    15800 |     40 |  0.000000E+00 |  0.000000E+00 |  0.0029395730 |             f
   396 |    15840 |     40 |  0.000000E+00 |  0.000000E+00 |  0.0027039234 |             f
   397 |    15880 |     40 |  0.000000E+00 |  0.000000E+00 |  0.0014130857 |             f
   398 |    15920 |     40 |  0.000000E+00 |  0.000000E+00 |  0.0035564006 |             f
   399 |    15960 |     40 |  0.000000E+00 |  0.000000E+00 |  0.0045673082 |             f
   400 |    16000 |     40 |  0.000000E+00 |  0.000000E+00 |  0.0014751153 |             f
mean B0=68.145 homogen=205304.297
mean B0=45.1147 homogen=9150.2607
mean B0=45.1147 homogen=9150.2607
mean B0=68.145 homogen=205304.297
mean B0=63.9351 homogen=151172.5258
mean B0=50.8642 homogen=41097.4299
mean B0=62.7829 homogen=138173.1005
mean B0=67.0652 homogen=190839.8435
mean B0=50.0514 homogen=31731.1892
mean B0=48.1529 homogen=26840.9775
mean B0=66.0814 homogen=178316.1353
mean B0=53.5607 homogen=45480.7417
mean B0=67.7203 homogen=203377.0996
mean B0=52.3395 homogen=34066.6052
mean B0=60.9591 homogen=117937.2646
mean B0=47.2617 homogen=20575.3068
mean B0=61.8669 homogen=124042.7242
mean B0=65.2338 homogen=168821.7258
mean B0=64.0855 homogen=162251.6505
mean B0=62.3581 homogen=135623.4316
mean B0=51.9099 homogen=31847.4019
mean B0=56.3397 homogen=57273.2304
mean B0=59.234 homogen=95304.327
mean B0=57.6545 homogen=72746.9589
mean B0=59.8794 homogen=102269.2209
mean B0=49.1603 homogen=25315.0378
mean B0=60.5665 homogen=107292.6777
mean B0=46.3246 homogen=15170.8046
mean B0=46.5113 homogen=14596.0349
mean B0=66.7138 homogen=185242.3739
mean B0=56.9223 homogen=66829.3395
mean B0=64.5788 homogen=162469.5203
mean B0=66.4492 homogen=183467.2533
mean B0=58.8434 homogen=86406.101
mean B0=61.4016 homogen=119956.5768
mean B0=49.1653 homogen=25308.7986
mean B0=54.8103 homogen=45286.4153
mean B0=54.2561 homogen=41562.0555
mean B0=56.9637 homogen=66979.6983
mean B0=59.9981 homogen=102405.2967
   401 |    16040 |     40 |  0.000000E+00 |  0.000000E+00 |  0.0051780319 |             f
   402 |    16080 |     40 |  0.000000E+00 |  0.000000E+00 |  0.0023536832 |             f
   403 |    16120 |     40 |  0.000000E+00 |  0.000000E+00 |  0.0057583211 |             f
   404 |    16160 |     40 |  0.000000E+00 |  0.000000E+00 |  0.0011772518 |             f
   405 |    16200 |     40 |  0.000000E+00 |  0.000000E+00 |  0.0050402807 |             f
   406 |    16240 |     40 |  0.000000E+00 |  0.000000E+00 |  0.0036427435 |             f
   407 |    16280 |     40 |  0.000000E+00 |  0.000000E+00 |  0.0038616088 |             f
   408 |    16320 |     40 |  0.000000E+00 |  0.000000E+00 |  0.0040490830 |         nadir
   409 |    16360 |     40 |  0.000000E+00 |  0.000000E+00 |  0.0016312023 |             f
   410 |    16400 |     40 |  0.000000E+00 |  0.000000E+00 |  0.0022362664 |             f
   411 |    16440 |     40 |  0.000000E+00 |  0.000000E+00 |  0.0028346324 |         nadir
   412 |    16480 |     40 |  0.000000E+00 |  0.000000E+00 |  0.0026943191 |             f
   413 |    16520 |     40 |  0.000000E+00 |  0.000000E+00 |  0.0017501181 |             f
   414 |    16560 |     40 |  0.000000E+00 |  0.000000E+00 |  0.0043923868 |             f
   415 |    16600 |     40 |  0.000000E+00 |  0.000000E+00 |  0.0028396709 |         ideal
   416 |    16640 |     40 |  0.000000E+00 |  0.000000E+00 |  0.0016548691 |             f
   417 |    16680 |     40 |  0.000000E+00 |  0.000000E+00 |  0.0034594056 |             f
   418 |    16720 |     40 |  0.000000E+00 |  0.000000E+00 |  0.0052104668 |         nadir
   419 |    16760 |     40 |  0.000000E+00 |  0.000000E+00 |  0.0027859815 |             f
   420 |    16800 |     40 |  0.000000E+00 |  0.000000E+00 |  0.0043776315 |         nadir
   421 |    16840 |     40 |  0.000000E+00 |  0.000000E+00 |  0.0032615935 |             f
   422 |    16880 |     40 |  0.000000E+00 |  0.000000E+00 |  0.0029149175 |             f
   423 |    16920 |     40 |  0.000000E+00 |  0.000000E+00 |  0.0037889987 |             f
   424 |    16960 |     40 |  0.000000E+00 |  0.000000E+00 |  0.0028128069 |             f
   425 |    17000 |     40 |  0.000000E+00 |  0.000000E+00 |  0.0027983806 |             f
   426 |    17040 |     40 |  0.000000E+00 |  0.000000E+00 |  0.0026529414 |             f
   427 |    17080 |     40 |  0.000000E+00 |  0.000000E+00 |  0.0023045271 |             f
   428 |    17120 |     40 |  0.000000E+00 |  0.000000E+00 |  0.0039965182 |             f
   429 |    17160 |     40 |  0.000000E+00 |  0.000000E+00 |  0.0046675571 |             f
   430 |    17200 |     40 |  0.000000E+00 |  0.000000E+00 |  0.0037064826 |             f
   431 |    17240 |     40 |  0.000000E+00 |  0.000000E+00 |  0.0039598917 |             f
   432 |    17280 |     40 |  0.000000E+00 |  0.000000E+00 |  0.0027641983 |             f
   433 |    17320 |     40 |  0.000000E+00 |  0.000000E+00 |  0.0026238598 |             f
   434 |    17360 |     40 |  0.000000E+00 |  0.000000E+00 |  0.0018524253 |             f
   435 |    17400 |     40 |  0.000000E+00 |  0.000000E+00 |  0.0042118464 |             f
   436 |    17440 |     40 |  0.000000E+00 |  0.000000E+00 |  0.0037908050 |             f
   437 |    17480 |     40 |  0.000000E+00 |  0.000000E+00 |  0.0048996695 |             f
   438 |    17520 |     40 |  0.000000E+00 |  0.000000E+00 |  0.0013466644 |             f
   439 |    17560 |     40 |  0.000000E+00 |  0.000000E+00 |  0.0052120514 |         nadir
   440 |    17600 |     40 |  0.000000E+00 |  0.000000E+00 |  0.0013500613 |             f
   441 |    17640 |     40 |  0.000000E+00 |  0.000000E+00 |  0.0037830883 |             f
   442 |    17680 |     40 |  0.000000E+00 |  0.000000E+00 |  0.0015320097 |             f
   443 |    17720 |     40 |  0.000000E+00 |  0.000000E+00 |  0.0042345522 |             f
   444 |    17760 |     40 |  0.000000E+00 |  0.000000E+00 |  0.0020662192 |             f
   445 |    17800 |     40 |  0.000000E+00 |  0.000000E+00 |  0.0050014162 |         nadir
   446 |    17840 |     40 |  0.000000E+00 |  0.000000E+00 |  0.0043471212 |             f
   447 |    17880 |     40 |  0.000000E+00 |  0.000000E+00 |  0.0008260355 |             f
   448 |    17920 |     40 |  0.000000E+00 |  0.000000E+00 |  0.0031886929 |             f
   449 |    17960 |     40 |  0.000000E+00 |  0.000000E+00 |  0.0022139745 |             f
   450 |    18000 |     40 |  0.000000E+00 |  0.000000E+00 |  0.0052474578 |             f
   451 |    18040 |     40 |  0.000000E+00 |  0.000000E+00 |  0.0018802203 |             f
   452 |    18080 |     40 |  0.000000E+00 |  0.000000E+00 |  0.0047344287 |             f
   453 |    18120 |     40 |  0.000000E+00 |  0.000000E+00 |  0.0030715306 |             f
   454 |    18160 |     40 |  0.000000E+00 |  0.000000E+00 |  0.0032439478 |             f
   455 |    18200 |     40 |  0.000000E+00 |  0.000000E+00 |  0.0027862866 |             f
   456 |    18240 |     40 |  0.000000E+00 |  0.000000E+00 |  0.0027304849 |             f
   457 |    18280 |     40 |  0.000000E+00 |  0.000000E+00 |  0.0030225781 |             f
   458 |    18320 |     40 |  0.000000E+00 |  0.000000E+00 |  0.0046709564 |             f
   459 |    18360 |     40 |  0.000000E+00 |  0.000000E+00 |  0.0022683435 |             f
   460 |    18400 |     40 |  0.000000E+00 |  0.000000E+00 |  0.0047826114 |             f
   461 |    18440 |     40 |  0.000000E+00 |  0.000000E+00 |  0.0016139622 |             f
   462 |    18480 |     40 |  0.000000E+00 |  0.000000E+00 |  0.0032508578 |             f
   463 |    18520 |     40 |  0.000000E+00 |  0.000000E+00 |  0.0042841148 |             f
   464 |    18560 |     40 |  0.000000E+00 |  0.000000E+00 |  0.0039430464 |             f
   465 |    18600 |     40 |  0.000000E+00 |  0.000000E+00 |  0.0029715256 |             f
   466 |    18640 |     40 |  0.000000E+00 |  0.000000E+00 |  0.0015547256 |             f
   467 |    18680 |     40 |  0.000000E+00 |  0.000000E+00 |  0.0032870244 |             f
   468 |    18720 |     40 |  0.000000E+00 |  0.000000E+00 |  0.0024776328 |             f
   469 |    18760 |     40 |  0.000000E+00 |  0.000000E+00 |  0.0031118159 |             f
   470 |    18800 |     40 |  0.000000E+00 |  0.000000E+00 |  0.0030310936 |             f
   471 |    18840 |     40 |  0.000000E+00 |  0.000000E+00 |  0.0016010055 |             f
   472 |    18880 |     40 |  0.000000E+00 |  0.000000E+00 |  0.0045202463 |             f
   473 |    18920 |     40 |  0.000000E+00 |  0.000000E+00 |  0.0046849528 |             f
   474 |    18960 |     40 |  0.000000E+00 |  0.000000E+00 |  0.0030673410 |             f
   475 |    19000 |     40 |  0.000000E+00 |  0.000000E+00 |  0.0028547030 |             f
   476 |    19040 |     40 |  0.000000E+00 |  0.000000E+00 |  0.0024685360 |             f
   477 |    19080 |     40 |  0.000000E+00 |  0.000000E+00 |  0.0039929304 |             f
   478 |    19120 |     40 |  0.000000E+00 |  0.000000E+00 |  0.0026478747 |         ideal
   479 |    19160 |     40 |  0.000000E+00 |  0.000000E+00 |  0.0028429210 |             f
   480 |    19200 |     40 |  0.000000E+00 |  0.000000E+00 |  0.0030321847 |             f
   481 |    19240 |     40 |  0.000000E+00 |  0.000000E+00 |  0.0021091027 |             f
   482 |    19280 |     40 |  0.000000E+00 |  0.000000E+00 |  0.0045703252 |             f
   483 |    19320 |     40 |  0.000000E+00 |  0.000000E+00 |  0.0022269741 |             f
   484 |    19360 |     40 |  0.000000E+00 |  0.000000E+00 |  0.0039351231 |             f
   485 |    19400 |     40 |  0.000000E+00 |  0.000000E+00 |  0.0019429428 |             f
   486 |    19440 |     40 |  0.000000E+00 |  0.000000E+00 |  0.0033200151 |             f
   487 |    19480 |     40 |  0.000000E+00 |  0.000000E+00 |  0.0031890015 |             f
   488 |    19520 |     40 |  0.000000E+00 |  0.000000E+00 |  0.0011437967 |             f
   489 |    19560 |     40 |  0.000000E+00 |  0.000000E+00 |  0.0036255563 |             f
   490 |    19600 |     40 |  0.000000E+00 |  0.000000E+00 |  0.0021239275 |             f
   491 |    19640 |     40 |  0.000000E+00 |  0.000000E+00 |  0.0036252257 |             f
   492 |    19680 |     40 |  0.000000E+00 |  0.000000E+00 |  0.0037157200 |             f
   493 |    19720 |     40 |  0.000000E+00 |  0.000000E+00 |  0.0031900922 |             f
   494 |    19760 |     40 |  0.000000E+00 |  0.000000E+00 |  0.0019134735 |             f
   495 |    19800 |     40 |  0.000000E+00 |  0.000000E+00 |  0.0029503705 |             f
   496 |    19840 |     40 |  0.000000E+00 |  0.000000E+00 |  0.0036677979 |             f
   497 |    19880 |     40 |  0.000000E+00 |  0.000000E+00 |  0.0016118036 |             f
   498 |    19920 |     40 |  0.000000E+00 |  0.000000E+00 |  0.0032281317 |             f
   499 |    19960 |     40 |  0.000000E+00 |  0.000000E+00 |  0.0025748810 |             f
   500 |    20000 |     40 |  0.000000E+00 |  0.000000E+00 |  0.0033392597 |             f
mean B0=44.9566 homogen=7202.6921
mean B0=68.2482 homogen=204773.8212
mean B0=68.2482 homogen=204773.8212
mean B0=54.9631 homogen=44507.1934
mean B0=62.592 homogen=121943.6064
mean B0=50.4462 homogen=21721.8733
mean B0=56.3856 homogen=57514.9204
mean B0=58.6145 homogen=86957.9758
mean B0=67.0877 homogen=193354.6771
mean B0=53.3216 homogen=33466.1147
mean B0=61.1587 homogen=113547.9177
mean B0=50.0793 homogen=29734.3741
mean B0=62.9224 homogen=135662.6519
mean B0=64.0007 homogen=150624.5548
mean B0=57.7575 homogen=71853.3135
mean B0=66.2084 homogen=177999.6455
mean B0=59.2129 homogen=91043.0964
mean B0=51.9496 homogen=31008.7573
mean B0=56.943 homogen=63728.7744
mean B0=48.8475 homogen=19516.4764
mean B0=60.2499 homogen=104789.0879
mean B0=53.4189 homogen=43419.0974
mean B0=47.8684 homogen=19497.9515
mean B0=62.7886 homogen=135115.3005
mean B0=52.345 homogen=33661.8977
mean B0=48.3813 homogen=17670.563
mean B0=45.0858 homogen=8542.1543
mean B0=67.4779 homogen=195024.8087
mean B0=64.1968 homogen=152008.4231
mean B0=47.4432 homogen=18670.793
mean B0=46.9096 homogen=16648.9744
mean B0=46.2213 homogen=14860.1284
mean B0=57.4553 homogen=69570.1113
mean B0=64.7808 homogen=161848.6077
mean B0=66.2084 homogen=177999.6455
mean B0=59.6313 homogen=99748.0847
mean B0=65.2363 homogen=169029.8835
mean B0=59.6313 homogen=99748.3576
mean B0=65.5851 homogen=172564.0069
mean B0=68.1311 homogen=203497.802
   501 |    20040 |     40 |  0.000000E+00 |  0.000000E+00 |  0.0035041479 |             f
   502 |    20080 |     40 |  0.000000E+00 |  0.000000E+00 |  0.0040645198 |             f
   503 |    20120 |     40 |  0.000000E+00 |  0.000000E+00 |  0.0028817342 |             f
   504 |    20160 |     40 |  0.000000E+00 |  0.000000E+00 |  0.0031047339 |             f
   505 |    20200 |     40 |  0.000000E+00 |  0.000000E+00 |  0.0032132593 |             f
   506 |    20240 |     40 |  0.000000E+00 |  0.000000E+00 |  0.0025201141 |             f
   507 |    20280 |     40 |  0.000000E+00 |  0.000000E+00 |  0.0011720863 |             f
   508 |    20320 |     40 |  0.000000E+00 |  0.000000E+00 |  0.0039214954 |             f
   509 |    20360 |     40 |  0.000000E+00 |  0.000000E+00 |  0.0023967312 |             f
   510 |    20400 |     40 |  0.000000E+00 |  0.000000E+00 |  0.0050973546 |             f
   511 |    20440 |     40 |  0.000000E+00 |  0.000000E+00 |  0.0009352446 |             f
   512 |    20480 |     40 |  0.000000E+00 |  0.000000E+00 |  0.0033726766 |             f
   513 |    20520 |     40 |  0.000000E+00 |  0.000000E+00 |  0.0029860500 |             f
   514 |    20560 |     40 |  0.000000E+00 |  0.000000E+00 |  0.0024381857 |             f
   515 |    20600 |     40 |  0.000000E+00 |  0.000000E+00 |  0.0061200700 |             f
   516 |    20640 |     40 |  0.000000E+00 |  0.000000E+00 |  0.0038070553 |             f
   517 |    20680 |     40 |  0.000000E+00 |  0.000000E+00 |  0.0029863609 |             f
   518 |    20720 |     40 |  0.000000E+00 |  0.000000E+00 |  0.0035757909 |             f
   519 |    20760 |     40 |  0.000000E+00 |  0.000000E+00 |  0.0034159923 |             f
   520 |    20800 |     40 |  0.000000E+00 |  0.000000E+00 |  0.0099603437 |         ideal
   521 |    20840 |     40 |  0.000000E+00 |  0.000000E+00 |  0.0027265116 |             f
   522 |    20880 |     40 |  0.000000E+00 |  0.000000E+00 |  0.0020572535 |             f
   523 |    20920 |     40 |  0.000000E+00 |  0.000000E+00 |  0.0033276993 |             f
   524 |    20960 |     40 |  0.000000E+00 |  0.000000E+00 |  0.0031350064 |             f
   525 |    21000 |     40 |  0.000000E+00 |  0.000000E+00 |  0.0017465072 |             f
   526 |    21040 |     40 |  0.000000E+00 |  0.000000E+00 |  0.0046012471 |             f
   527 |    21080 |     40 |  0.000000E+00 |  0.000000E+00 |  0.0005438166 |             f
   528 |    21120 |     40 |  0.000000E+00 |  0.000000E+00 |  0.0033546035 |             f
   529 |    21160 |     40 |  0.000000E+00 |  0.000000E+00 |  0.0017218232 |             f
   530 |    21200 |     40 |  0.000000E+00 |  0.000000E+00 |  0.0017690692 |             f
   531 |    21240 |     40 |  0.000000E+00 |  0.000000E+00 |  0.0043362674 |             f
   532 |    21280 |     40 |  0.000000E+00 |  0.000000E+00 |  0.0029130141 |             f
   533 |    21320 |     40 |  0.000000E+00 |  0.000000E+00 |  0.0020038472 |             f
   534 |    21360 |     40 |  0.000000E+00 |  0.000000E+00 |  0.0035048995 |             f
   535 |    21400 |     40 |  0.000000E+00 |  0.000000E+00 |  0.0036708586 |             f
   536 |    21440 |     40 |  0.000000E+00 |  0.000000E+00 |  0.0013400819 |             f
   537 |    21480 |     40 |  0.000000E+00 |  0.000000E+00 |  0.0035583383 |             f
   538 |    21520 |     40 |  0.000000E+00 |  0.000000E+00 |  0.0026927059 |         nadir
   539 |    21560 |     40 |  0.000000E+00 |  0.000000E+00 |  0.0028333277 |             f
   540 |    21600 |     40 |  0.000000E+00 |  0.000000E+00 |  0.0029689038 |             f
   541 |    21640 |     40 |  0.000000E+00 |  0.000000E+00 |  0.0032935310 |             f
   542 |    21680 |     40 |  0.000000E+00 |  0.000000E+00 |  0.0016744935 |             f
   543 |    21720 |     40 |  0.000000E+00 |  0.000000E+00 |  0.0034335528 |             f
   544 |    21760 |     40 |  0.000000E+00 |  0.000000E+00 |  0.0017527383 |             f
   545 |    21800 |     40 |  0.000000E+00 |  0.000000E+00 |  0.0035785184 |             f
   546 |    21840 |     40 |  0.000000E+00 |  0.000000E+00 |  0.0032577607 |             f
   547 |    21880 |     40 |  0.000000E+00 |  0.000000E+00 |  0.0025156150 |             f
   548 |    21920 |     40 |  0.000000E+00 |  0.000000E+00 |  0.0035071668 |             f
   549 |    21960 |     40 |  0.000000E+00 |  0.000000E+00 |  0.0028386826 |             f
   550 |    22000 |     40 |  0.000000E+00 |  0.000000E+00 |  0.0036861797 |             f
   551 |    22040 |     40 |  0.000000E+00 |  0.000000E+00 |  0.0010937175 |             f
   552 |    22080 |     40 |  0.000000E+00 |  0.000000E+00 |  0.0038921296 |             f
   553 |    22120 |     40 |  0.000000E+00 |  0.000000E+00 |  0.0032750258 |             f
   554 |    22160 |     40 |  0.000000E+00 |  0.000000E+00 |  0.0039538828 |             f
   555 |    22200 |     40 |  0.000000E+00 |  0.000000E+00 |  0.0032932440 |             f
   556 |    22240 |     40 |  0.000000E+00 |  0.000000E+00 |  0.0033800175 |             f
   557 |    22280 |     40 |  0.000000E+00 |  0.000000E+00 |  0.0030609545 |             f
   558 |    22320 |     40 |  0.000000E+00 |  0.000000E+00 |  0.0037909251 |             f
   559 |    22360 |     40 |  0.000000E+00 |  0.000000E+00 |  0.0015075586 |             f
   560 |    22400 |     40 |  0.000000E+00 |  0.000000E+00 |  0.0038890016 |             f
   561 |    22440 |     40 |  0.000000E+00 |  0.000000E+00 |  0.0018233383 |             f
   562 |    22480 |     40 |  0.000000E+00 |  0.000000E+00 |  0.0037111628 |             f
   563 |    22520 |     40 |  0.000000E+00 |  0.000000E+00 |  0.0040537688 |             f
   564 |    22560 |     40 |  0.000000E+00 |  0.000000E+00 |  0.0014827736 |             f
   565 |    22600 |     40 |  0.000000E+00 |  0.000000E+00 |  0.0058174551 |             f
   566 |    22640 |     40 |  0.000000E+00 |  0.000000E+00 |  0.0049857084 |             f
   567 |    22680 |     40 |  0.000000E+00 |  0.000000E+00 |  0.0023221544 |             f
   568 |    22720 |     40 |  0.000000E+00 |  0.000000E+00 |  0.0035426020 |             f
   569 |    22760 |     40 |  0.000000E+00 |  0.000000E+00 |  0.0017224151 |             f
   570 |    22800 |     40 |  0.000000E+00 |  0.000000E+00 |  0.0024409220 |             f
   571 |    22840 |     40 |  0.000000E+00 |  0.000000E+00 |  0.0054868790 |             f
   572 |    22880 |     40 |  0.000000E+00 |  0.000000E+00 |  0.0009270501 |             f
   573 |    22920 |     40 |  0.000000E+00 |  0.000000E+00 |  0.0016247305 |             f
   574 |    22960 |     40 |  0.000000E+00 |  0.000000E+00 |  0.0027027373 |             f
   575 |    23000 |     40 |  0.000000E+00 |  0.000000E+00 |  0.0034728994 |             f
   576 |    23040 |     40 |  0.000000E+00 |  0.000000E+00 |  0.0025766310 |             f
   577 |    23080 |     40 |  0.000000E+00 |  0.000000E+00 |  0.0007210363 |             f
   578 |    23120 |     40 |  0.000000E+00 |  0.000000E+00 |  0.0042712015 |             f
   579 |    23160 |     40 |  0.000000E+00 |  0.000000E+00 |  0.0028481748 |             f
   580 |    23200 |     40 |  0.000000E+00 |  0.000000E+00 |  0.0013964284 |             f
   581 |    23240 |     40 |  0.000000E+00 |  0.000000E+00 |  0.0028913394 |             f
   582 |    23280 |     40 |  0.000000E+00 |  0.000000E+00 |  0.0033996068 |             f
   583 |    23320 |     40 |  0.000000E+00 |  0.000000E+00 |  0.0267711678 |         nadir
   584 |    23360 |     40 |  0.000000E+00 |  0.000000E+00 |  0.0006219136 |             f
   585 |    23400 |     40 |  0.000000E+00 |  0.000000E+00 |  0.0024557790 |             f
   586 |    23440 |     40 |  0.000000E+00 |  0.000000E+00 |  0.0040824896 |             f
   587 |    23480 |     40 |  0.000000E+00 |  0.000000E+00 |  0.1945674849 |         nadir
   588 |    23520 |     40 |  0.000000E+00 |  0.000000E+00 |  0.0015523500 |             f
Process SpawnPoolWorker-10:
Traceback (most recent call last):
  File "/opt/homebrew/Cellar/python@3.12/3.12.13_4/Frameworks/Python.framework/Versions/3.12/lib/python3.12/multiprocessing/pool.py", line 131, in worker
    put((job, i, result))
  File "/opt/homebrew/Cellar/python@3.12/3.12.13_4/Frameworks/Python.framework/Versions/3.12/lib/python3.12/multiprocessing/queues.py", line 399, in put
    self._writer.send_bytes(obj)
  File "/opt/homebrew/Cellar/python@3.12/3.12.13_4/Frameworks/Python.framework/Versions/3.12/lib/python3.12/multiprocessing/connection.py", line 200, in send_bytes
    self._send_bytes(m[offset:offset + size])
  File "/opt/homebrew/Cellar/python@3.12/3.12.13_4/Frameworks/Python.framework/Versions/3.12/lib/python3.12/multiprocessing/connection.py", line 427, in _send_bytes
    self._send(header + buf)
  File "/opt/homebrew/Cellar/python@3.12/3.12.13_4/Frameworks/Python.framework/Versions/3.12/lib/python3.12/multiprocessing/connection.py", line 384, in _send
    n = write(self._handle, buf)
        ^^^^^^^^^^^^^^^^^^^^^^^^
BrokenPipeError: [Errno 32] Broken pipe

During handling of the above exception, another exception occurred:

Traceback (most recent call last):
  File "/opt/homebrew/Cellar/python@3.12/3.12.13_4/Frameworks/Python.framework/Versions/3.12/lib/python3.12/multiprocessing/process.py", line 314, in _bootstrap
    self.run()
  File "/opt/homebrew/Cellar/python@3.12/3.12.13_4/Frameworks/Python.framework/Versions/3.12/lib/python3.12/multiprocessing/process.py", line 108, in run
    self._target(*self._args, **self._kwargs)
  File "/opt/homebrew/Cellar/python@3.12/3.12.13_4/Frameworks/Python.framework/Versions/3.12/lib/python3.12/multiprocessing/pool.py", line 136, in worker
    put((job, i, (False, wrapped)))
  File "/opt/homebrew/Cellar/python@3.12/3.12.13_4/Frameworks/Python.framework/Versions/3.12/lib/python3.12/multiprocessing/queues.py", line 399, in put
    self._writer.send_bytes(obj)
  File "/opt/homebrew/Cellar/python@3.12/3.12.13_4/Frameworks/Python.framework/Versions/3.12/lib/python3.12/multiprocessing/connection.py", line 200, in send_bytes
    self._send_bytes(m[offset:offset + size])
  File "/opt/homebrew/Cellar/python@3.12/3.12.13_4/Frameworks/Python.framework/Versions/3.12/lib/python3.12/multiprocessing/connection.py", line 427, in _send_bytes
    self._send(header + buf)
  File "/opt/homebrew/Cellar/python@3.12/3.12.13_4/Frameworks/Python.framework/Versions/3.12/lib/python3.12/multiprocessing/connection.py", line 384, in _send
    n = write(self._handle, buf)
        ^^^^^^^^^^^^^^^^^^^^^^^^
BrokenPipeError: [Errno 32] Broken pipe
Process SpawnPoolWorker-6:
Traceback (most recent call last):
  File "/opt/homebrew/Cellar/python@3.12/3.12.13_4/Frameworks/Python.framework/Versions/3.12/lib/python3.12/multiprocessing/pool.py", line 131, in worker
    put((job, i, result))
  File "/opt/homebrew/Cellar/python@3.12/3.12.13_4/Frameworks/Python.framework/Versions/3.12/lib/python3.12/multiprocessing/queues.py", line 399, in put
    self._writer.send_bytes(obj)
  File "/opt/homebrew/Cellar/python@3.12/3.12.13_4/Frameworks/Python.framework/Versions/3.12/lib/python3.12/multiprocessing/connection.py", line 200, in send_bytes
    self._send_bytes(m[offset:offset + size])
  File "/opt/homebrew/Cellar/python@3.12/3.12.13_4/Frameworks/Python.framework/Versions/3.12/lib/python3.12/multiprocessing/connection.py", line 427, in _send_bytes
    self._send(header + buf)
  File "/opt/homebrew/Cellar/python@3.12/3.12.13_4/Frameworks/Python.framework/Versions/3.12/lib/python3.12/multiprocessing/connection.py", line 384, in _send
    n = write(self._handle, buf)
        ^^^^^^^^^^^^^^^^^^^^^^^^
BrokenPipeError: [Errno 32] Broken pipe

During handling of the above exception, another exception occurred:

Traceback (most recent call last):
  File "/opt/homebrew/Cellar/python@3.12/3.12.13_4/Frameworks/Python.framework/Versions/3.12/lib/python3.12/multiprocessing/process.py", line 314, in _bootstrap
    self.run()
  File "/opt/homebrew/Cellar/python@3.12/3.12.13_4/Frameworks/Python.framework/Versions/3.12/lib/python3.12/multiprocessing/process.py", line 108, in run
    self._target(*self._args, **self._kwargs)
  File "/opt/homebrew/Cellar/python@3.12/3.12.13_4/Frameworks/Python.framework/Versions/3.12/lib/python3.12/multiprocessing/pool.py", line 136, in worker
    put((job, i, (False, wrapped)))
  File "/opt/homebrew/Cellar/python@3.12/3.12.13_4/Frameworks/Python.framework/Versions/3.12/lib/python3.12/multiprocessing/queues.py", line 399, in put
    self._writer.send_bytes(obj)
  File "/opt/homebrew/Cellar/python@3.12/3.12.13_4/Frameworks/Python.framework/Versions/3.12/lib/python3.12/multiprocessing/connection.py", line 200, in send_bytes
    self._send_bytes(m[offset:offset + size])
  File "/opt/homebrew/Cellar/python@3.12/3.12.13_4/Frameworks/Python.framework/Versions/3.12/lib/python3.12/multiprocessing/connection.py", line 427, in _send_bytes
    self._send(header + buf)
  File "/opt/homebrew/Cellar/python@3.12/3.12.13_4/Frameworks/Python.framework/Versions/3.12/lib/python3.12/multiprocessing/connection.py", line 384, in _send
    n = write(self._handle, buf)
        ^^^^^^^^^^^^^^^^^^^^^^^^
BrokenPipeError: [Errno 32] Broken pipe
Process SpawnPoolWorker-1:
Traceback (most recent call last):
  File "/opt/homebrew/Cellar/python@3.12/3.12.13_4/Frameworks/Python.framework/Versions/3.12/lib/python3.12/multiprocessing/pool.py", line 131, in worker
    put((job, i, result))
  File "/opt/homebrew/Cellar/python@3.12/3.12.13_4/Frameworks/Python.framework/Versions/3.12/lib/python3.12/multiprocessing/queues.py", line 399, in put
    self._writer.send_bytes(obj)
  File "/opt/homebrew/Cellar/python@3.12/3.12.13_4/Frameworks/Python.framework/Versions/3.12/lib/python3.12/multiprocessing/connection.py", line 200, in send_bytes
    self._send_bytes(m[offset:offset + size])
  File "/opt/homebrew/Cellar/python@3.12/3.12.13_4/Frameworks/Python.framework/Versions/3.12/lib/python3.12/multiprocessing/connection.py", line 427, in _send_bytes
    self._send(header + buf)
  File "/opt/homebrew/Cellar/python@3.12/3.12.13_4/Frameworks/Python.framework/Versions/3.12/lib/python3.12/multiprocessing/connection.py", line 384, in _send
    n = write(self._handle, buf)
        ^^^^^^^^^^^^^^^^^^^^^^^^
BrokenPipeError: [Errno 32] Broken pipe

During handling of the above exception, another exception occurred:

Traceback (most recent call last):
  File "/opt/homebrew/Cellar/python@3.12/3.12.13_4/Frameworks/Python.framework/Versions/3.12/lib/python3.12/multiprocessing/process.py", line 314, in _bootstrap
    self.run()
  File "/opt/homebrew/Cellar/python@3.12/3.12.13_4/Frameworks/Python.framework/Versions/3.12/lib/python3.12/multiprocessing/process.py", line 108, in run
    self._target(*self._args, **self._kwargs)
  File "/opt/homebrew/Cellar/python@3.12/3.12.13_4/Frameworks/Python.framework/Versions/3.12/lib/python3.12/multiprocessing/pool.py", line 136, in worker
    put((job, i, (False, wrapped)))
  File "/opt/homebrew/Cellar/python@3.12/3.12.13_4/Frameworks/Python.framework/Versions/3.12/lib/python3.12/multiprocessing/queues.py", line 399, in put
    self._writer.send_bytes(obj)
  File "/opt/homebrew/Cellar/python@3.12/3.12.13_4/Frameworks/Python.framework/Versions/3.12/lib/python3.12/multiprocessing/connection.py", line 200, in send_bytes
    self._send_bytes(m[offset:offset + size])
  File "/opt/homebrew/Cellar/python@3.12/3.12.13_4/Frameworks/Python.framework/Versions/3.12/lib/python3.12/multiprocessing/connection.py", line 427, in _send_bytes
    self._send(header + buf)
  File "/opt/homebrew/Cellar/python@3.12/3.12.13_4/Frameworks/Python.framework/Versions/3.12/lib/python3.12/multiprocessing/connection.py", line 384, in _send
    n = write(self._handle, buf)
        ^^^^^^^^^^^^^^^^^^^^^^^^
BrokenPipeError: [Errno 32] Broken pipe
Process SpawnPoolWorker-4:
Traceback (most recent call last):
  File "/opt/homebrew/Cellar/python@3.12/3.12.13_4/Frameworks/Python.framework/Versions/3.12/lib/python3.12/multiprocessing/pool.py", line 131, in worker
    put((job, i, result))
  File "/opt/homebrew/Cellar/python@3.12/3.12.13_4/Frameworks/Python.framework/Versions/3.12/lib/python3.12/multiprocessing/queues.py", line 399, in put
    self._writer.send_bytes(obj)
  File "/opt/homebrew/Cellar/python@3.12/3.12.13_4/Frameworks/Python.framework/Versions/3.12/lib/python3.12/multiprocessing/connection.py", line 200, in send_bytes
    self._send_bytes(m[offset:offset + size])
  File "/opt/homebrew/Cellar/python@3.12/3.12.13_4/Frameworks/Python.framework/Versions/3.12/lib/python3.12/multiprocessing/connection.py", line 427, in _send_bytes
    self._send(header + buf)
  File "/opt/homebrew/Cellar/python@3.12/3.12.13_4/Frameworks/Python.framework/Versions/3.12/lib/python3.12/multiprocessing/connection.py", line 384, in _send
    n = write(self._handle, buf)
        ^^^^^^^^^^^^^^^^^^^^^^^^
BrokenPipeError: [Errno 32] Broken pipe

During handling of the above exception, another exception occurred:

Traceback (most recent call last):
  File "/opt/homebrew/Cellar/python@3.12/3.12.13_4/Frameworks/Python.framework/Versions/3.12/lib/python3.12/multiprocessing/process.py", line 314, in _bootstrap
    self.run()
  File "/opt/homebrew/Cellar/python@3.12/3.12.13_4/Frameworks/Python.framework/Versions/3.12/lib/python3.12/multiprocessing/process.py", line 108, in run
    self._target(*self._args, **self._kwargs)
  File "/opt/homebrew/Cellar/python@3.12/3.12.13_4/Frameworks/Python.framework/Versions/3.12/lib/python3.12/multiprocessing/pool.py", line 136, in worker
    put((job, i, (False, wrapped)))
  File "/opt/homebrew/Cellar/python@3.12/3.12.13_4/Frameworks/Python.framework/Versions/3.12/lib/python3.12/multiprocessing/queues.py", line 399, in put
    self._writer.send_bytes(obj)
  File "/opt/homebrew/Cellar/python@3.12/3.12.13_4/Frameworks/Python.framework/Versions/3.12/lib/python3.12/multiprocessing/connection.py", line 200, in send_bytes
    self._send_bytes(m[offset:offset + size])
  File "/opt/homebrew/Cellar/python@3.12/3.12.13_4/Frameworks/Python.framework/Versions/3.12/lib/python3.12/multiprocessing/connection.py", line 427, in _send_bytes
    self._send(header + buf)
  File "/opt/homebrew/Cellar/python@3.12/3.12.13_4/Frameworks/Python.framework/Versions/3.12/lib/python3.12/multiprocessing/connection.py", line 384, in _send
    n = write(self._handle, buf)
        ^^^^^^^^^^^^^^^^^^^^^^^^
BrokenPipeError: [Errno 32] Broken pipe
Process SpawnPoolWorker-11:
Traceback (most recent call last):
  File "/opt/homebrew/Cellar/python@3.12/3.12.13_4/Frameworks/Python.framework/Versions/3.12/lib/python3.12/multiprocessing/pool.py", line 131, in worker
    put((job, i, result))
  File "/opt/homebrew/Cellar/python@3.12/3.12.13_4/Frameworks/Python.framework/Versions/3.12/lib/python3.12/multiprocessing/queues.py", line 399, in put
    self._writer.send_bytes(obj)
  File "/opt/homebrew/Cellar/python@3.12/3.12.13_4/Frameworks/Python.framework/Versions/3.12/lib/python3.12/multiprocessing/connection.py", line 200, in send_bytes
    self._send_bytes(m[offset:offset + size])
  File "/opt/homebrew/Cellar/python@3.12/3.12.13_4/Frameworks/Python.framework/Versions/3.12/lib/python3.12/multiprocessing/connection.py", line 427, in _send_bytes
    self._send(header + buf)
  File "/opt/homebrew/Cellar/python@3.12/3.12.13_4/Frameworks/Python.framework/Versions/3.12/lib/python3.12/multiprocessing/connection.py", line 384, in _send
    n = write(self._handle, buf)
        ^^^^^^^^^^^^^^^^^^^^^^^^
BrokenPipeError: [Errno 32] Broken pipe

During handling of the above exception, another exception occurred:

Traceback (most recent call last):
  File "/opt/homebrew/Cellar/python@3.12/3.12.13_4/Frameworks/Python.framework/Versions/3.12/lib/python3.12/multiprocessing/process.py", line 314, in _bootstrap
    self.run()
  File "/opt/homebrew/Cellar/python@3.12/3.12.13_4/Frameworks/Python.framework/Versions/3.12/lib/python3.12/multiprocessing/process.py", line 108, in run
    self._target(*self._args, **self._kwargs)
  File "/opt/homebrew/Cellar/python@3.12/3.12.13_4/Frameworks/Python.framework/Versions/3.12/lib/python3.12/multiprocessing/pool.py", line 136, in worker
    put((job, i, (False, wrapped)))
  File "/opt/homebrew/Cellar/python@3.12/3.12.13_4/Frameworks/Python.framework/Versions/3.12/lib/python3.12/multiprocessing/queues.py", line 399, in put
    self._writer.send_bytes(obj)
  File "/opt/homebrew/Cellar/python@3.12/3.12.13_4/Frameworks/Python.framework/Versions/3.12/lib/python3.12/multiprocessing/connection.py", line 200, in send_bytes
    self._send_bytes(m[offset:offset + size])
  File "/opt/homebrew/Cellar/python@3.12/3.12.13_4/Frameworks/Python.framework/Versions/3.12/lib/python3.12/multiprocessing/connection.py", line 427, in _send_bytes
    self._send(header + buf)
  File "/opt/homebrew/Cellar/python@3.12/3.12.13_4/Frameworks/Python.framework/Versions/3.12/lib/python3.12/multiprocessing/connection.py", line 384, in _send
    n = write(self._handle, buf)
        ^^^^^^^^^^^^^^^^^^^^^^^^
BrokenPipeError: [Errno 32] Broken pipe
Process SpawnPoolWorker-2:
Traceback (most recent call last):
Process SpawnPoolWorker-9:
  File "/opt/homebrew/Cellar/python@3.12/3.12.13_4/Frameworks/Python.framework/Versions/3.12/lib/python3.12/multiprocessing/pool.py", line 131, in worker
    put((job, i, result))
  File "/opt/homebrew/Cellar/python@3.12/3.12.13_4/Frameworks/Python.framework/Versions/3.12/lib/python3.12/multiprocessing/queues.py", line 399, in put
    self._writer.send_bytes(obj)
  File "/opt/homebrew/Cellar/python@3.12/3.12.13_4/Frameworks/Python.framework/Versions/3.12/lib/python3.12/multiprocessing/connection.py", line 200, in send_bytes
    self._send_bytes(m[offset:offset + size])
  File "/opt/homebrew/Cellar/python@3.12/3.12.13_4/Frameworks/Python.framework/Versions/3.12/lib/python3.12/multiprocessing/connection.py", line 427, in _send_bytes
    self._send(header + buf)
  File "/opt/homebrew/Cellar/python@3.12/3.12.13_4/Frameworks/Python.framework/Versions/3.12/lib/python3.12/multiprocessing/connection.py", line 384, in _send
    n = write(self._handle, buf)
        ^^^^^^^^^^^^^^^^^^^^^^^^
BrokenPipeError: [Errno 32] Broken pipe

During handling of the above exception, another exception occurred:

Traceback (most recent call last):
Traceback (most recent call last):
  File "/opt/homebrew/Cellar/python@3.12/3.12.13_4/Frameworks/Python.framework/Versions/3.12/lib/python3.12/multiprocessing/pool.py", line 131, in worker
    put((job, i, result))
  File "/opt/homebrew/Cellar/python@3.12/3.12.13_4/Frameworks/Python.framework/Versions/3.12/lib/python3.12/multiprocessing/queues.py", line 399, in put
    self._writer.send_bytes(obj)
  File "/opt/homebrew/Cellar/python@3.12/3.12.13_4/Frameworks/Python.framework/Versions/3.12/lib/python3.12/multiprocessing/connection.py", line 200, in send_bytes
    self._send_bytes(m[offset:offset + size])
  File "/opt/homebrew/Cellar/python@3.12/3.12.13_4/Frameworks/Python.framework/Versions/3.12/lib/python3.12/multiprocessing/connection.py", line 427, in _send_bytes
    self._send(header + buf)
  File "/opt/homebrew/Cellar/python@3.12/3.12.13_4/Frameworks/Python.framework/Versions/3.12/lib/python3.12/multiprocessing/connection.py", line 384, in _send
    n = write(self._handle, buf)
        ^^^^^^^^^^^^^^^^^^^^^^^^
BrokenPipeError: [Errno 32] Broken pipe
  File "/opt/homebrew/Cellar/python@3.12/3.12.13_4/Frameworks/Python.framework/Versions/3.12/lib/python3.12/multiprocessing/process.py", line 314, in _bootstrap
    self.run()
  File "/opt/homebrew/Cellar/python@3.12/3.12.13_4/Frameworks/Python.framework/Versions/3.12/lib/python3.12/multiprocessing/process.py", line 108, in run
    self._target(*self._args, **self._kwargs)
  File "/opt/homebrew/Cellar/python@3.12/3.12.13_4/Frameworks/Python.framework/Versions/3.12/lib/python3.12/multiprocessing/pool.py", line 136, in worker
    put((job, i, (False, wrapped)))
  File "/opt/homebrew/Cellar/python@3.12/3.12.13_4/Frameworks/Python.framework/Versions/3.12/lib/python3.12/multiprocessing/queues.py", line 399, in put
    self._writer.send_bytes(obj)
  File "/opt/homebrew/Cellar/python@3.12/3.12.13_4/Frameworks/Python.framework/Versions/3.12/lib/python3.12/multiprocessing/connection.py", line 200, in send_bytes
    self._send_bytes(m[offset:offset + size])
  File "/opt/homebrew/Cellar/python@3.12/3.12.13_4/Frameworks/Python.framework/Versions/3.12/lib/python3.12/multiprocessing/connection.py", line 427, in _send_bytes
    self._send(header + buf)
Process SpawnPoolWorker-8:

During handling of the above exception, another exception occurred:

Traceback (most recent call last):
  File "/opt/homebrew/Cellar/python@3.12/3.12.13_4/Frameworks/Python.framework/Versions/3.12/lib/python3.12/multiprocessing/connection.py", line 384, in _send
    n = write(self._handle, buf)
        ^^^^^^^^^^^^^^^^^^^^^^^^
BrokenPipeError: [Errno 32] Broken pipe
  File "/opt/homebrew/Cellar/python@3.12/3.12.13_4/Frameworks/Python.framework/Versions/3.12/lib/python3.12/multiprocessing/process.py", line 314, in _bootstrap
    self.run()
  File "/opt/homebrew/Cellar/python@3.12/3.12.13_4/Frameworks/Python.framework/Versions/3.12/lib/python3.12/multiprocessing/process.py", line 108, in run
    self._target(*self._args, **self._kwargs)
  File "/opt/homebrew/Cellar/python@3.12/3.12.13_4/Frameworks/Python.framework/Versions/3.12/lib/python3.12/multiprocessing/pool.py", line 136, in worker
    put((job, i, (False, wrapped)))
  File "/opt/homebrew/Cellar/python@3.12/3.12.13_4/Frameworks/Python.framework/Versions/3.12/lib/python3.12/multiprocessing/queues.py", line 399, in put
    self._writer.send_bytes(obj)
  File "/opt/homebrew/Cellar/python@3.12/3.12.13_4/Frameworks/Python.framework/Versions/3.12/lib/python3.12/multiprocessing/connection.py", line 200, in send_bytes
    self._send_bytes(m[offset:offset + size])
  File "/opt/homebrew/Cellar/python@3.12/3.12.13_4/Frameworks/Python.framework/Versions/3.12/lib/python3.12/multiprocessing/connection.py", line 427, in _send_bytes
    self._send(header + buf)
  File "/opt/homebrew/Cellar/python@3.12/3.12.13_4/Frameworks/Python.framework/Versions/3.12/lib/python3.12/multiprocessing/connection.py", line 384, in _send
    n = write(self._handle, buf)
        ^^^^^^^^^^^^^^^^^^^^^^^^
BrokenPipeError: [Errno 32] Broken pipe
Traceback (most recent call last):
  File "/opt/homebrew/Cellar/python@3.12/3.12.13_4/Frameworks/Python.framework/Versions/3.12/lib/python3.12/multiprocessing/pool.py", line 131, in worker
    put((job, i, result))
  File "/opt/homebrew/Cellar/python@3.12/3.12.13_4/Frameworks/Python.framework/Versions/3.12/lib/python3.12/multiprocessing/queues.py", line 399, in put
    self._writer.send_bytes(obj)
  File "/opt/homebrew/Cellar/python@3.12/3.12.13_4/Frameworks/Python.framework/Versions/3.12/lib/python3.12/multiprocessing/connection.py", line 200, in send_bytes
    self._send_bytes(m[offset:offset + size])
  File "/opt/homebrew/Cellar/python@3.12/3.12.13_4/Frameworks/Python.framework/Versions/3.12/lib/python3.12/multiprocessing/connection.py", line 427, in _send_bytes
    self._send(header + buf)
  File "/opt/homebrew/Cellar/python@3.12/3.12.13_4/Frameworks/Python.framework/Versions/3.12/lib/python3.12/multiprocessing/connection.py", line 384, in _send
    n = write(self._handle, buf)
        ^^^^^^^^^^^^^^^^^^^^^^^^
BrokenPipeError: [Errno 32] Broken pipe

During handling of the above exception, another exception occurred:

Traceback (most recent call last):
  File "/opt/homebrew/Cellar/python@3.12/3.12.13_4/Frameworks/Python.framework/Versions/3.12/lib/python3.12/multiprocessing/process.py", line 314, in _bootstrap
    self.run()
  File "/opt/homebrew/Cellar/python@3.12/3.12.13_4/Frameworks/Python.framework/Versions/3.12/lib/python3.12/multiprocessing/process.py", line 108, in run
    self._target(*self._args, **self._kwargs)
  File "/opt/homebrew/Cellar/python@3.12/3.12.13_4/Frameworks/Python.framework/Versions/3.12/lib/python3.12/multiprocessing/pool.py", line 136, in worker
    put((job, i, (False, wrapped)))
  File "/opt/homebrew/Cellar/python@3.12/3.12.13_4/Frameworks/Python.framework/Versions/3.12/lib/python3.12/multiprocessing/queues.py", line 399, in put
    self._writer.send_bytes(obj)
  File "/opt/homebrew/Cellar/python@3.12/3.12.13_4/Frameworks/Python.framework/Versions/3.12/lib/python3.12/multiprocessing/connection.py", line 200, in send_bytes
    self._send_bytes(m[offset:offset + size])
  File "/opt/homebrew/Cellar/python@3.12/3.12.13_4/Frameworks/Python.framework/Versions/3.12/lib/python3.12/multiprocessing/connection.py", line 427, in _send_bytes
    self._send(header + buf)
  File "/opt/homebrew/Cellar/python@3.12/3.12.13_4/Frameworks/Python.framework/Versions/3.12/lib/python3.12/multiprocessing/connection.py", line 384, in _send
    n = write(self._handle, buf)
        ^^^^^^^^^^^^^^^^^^^^^^^^
BrokenPipeError: [Errno 32] Broken pipe
Process SpawnPoolWorker-7:
Traceback (most recent call last):
  File "/opt/homebrew/Cellar/python@3.12/3.12.13_4/Frameworks/Python.framework/Versions/3.12/lib/python3.12/multiprocessing/pool.py", line 131, in worker
    put((job, i, result))
  File "/opt/homebrew/Cellar/python@3.12/3.12.13_4/Frameworks/Python.framework/Versions/3.12/lib/python3.12/multiprocessing/queues.py", line 399, in put
    self._writer.send_bytes(obj)
  File "/opt/homebrew/Cellar/python@3.12/3.12.13_4/Frameworks/Python.framework/Versions/3.12/lib/python3.12/multiprocessing/connection.py", line 200, in send_bytes
    self._send_bytes(m[offset:offset + size])
  File "/opt/homebrew/Cellar/python@3.12/3.12.13_4/Frameworks/Python.framework/Versions/3.12/lib/python3.12/multiprocessing/connection.py", line 427, in _send_bytes
    self._send(header + buf)
  File "/opt/homebrew/Cellar/python@3.12/3.12.13_4/Frameworks/Python.framework/Versions/3.12/lib/python3.12/multiprocessing/connection.py", line 384, in _send
    n = write(self._handle, buf)
        ^^^^^^^^^^^^^^^^^^^^^^^^
BrokenPipeError: [Errno 32] Broken pipe

During handling of the above exception, another exception occurred:

Traceback (most recent call last):
  File "/opt/homebrew/Cellar/python@3.12/3.12.13_4/Frameworks/Python.framework/Versions/3.12/lib/python3.12/multiprocessing/process.py", line 314, in _bootstrap
    self.run()
  File "/opt/homebrew/Cellar/python@3.12/3.12.13_4/Frameworks/Python.framework/Versions/3.12/lib/python3.12/multiprocessing/process.py", line 108, in run
    self._target(*self._args, **self._kwargs)
  File "/opt/homebrew/Cellar/python@3.12/3.12.13_4/Frameworks/Python.framework/Versions/3.12/lib/python3.12/multiprocessing/pool.py", line 136, in worker
    put((job, i, (False, wrapped)))
  File "/opt/homebrew/Cellar/python@3.12/3.12.13_4/Frameworks/Python.framework/Versions/3.12/lib/python3.12/multiprocessing/queues.py", line 399, in put
    self._writer.send_bytes(obj)
  File "/opt/homebrew/Cellar/python@3.12/3.12.13_4/Frameworks/Python.framework/Versions/3.12/lib/python3.12/multiprocessing/connection.py", line 200, in send_bytes
    self._send_bytes(m[offset:offset + size])
  File "/opt/homebrew/Cellar/python@3.12/3.12.13_4/Frameworks/Python.framework/Versions/3.12/lib/python3.12/multiprocessing/connection.py", line 427, in _send_bytes
    self._send(header + buf)
  File "/opt/homebrew/Cellar/python@3.12/3.12.13_4/Frameworks/Python.framework/Versions/3.12/lib/python3.12/multiprocessing/connection.py", line 384, in _send
    n = write(self._handle, buf)
        ^^^^^^^^^^^^^^^^^^^^^^^^
BrokenPipeError: [Errno 32] Broken pipe
Process SpawnPoolWorker-5:
Traceback (most recent call last):
  File "/opt/homebrew/Cellar/python@3.12/3.12.13_4/Frameworks/Python.framework/Versions/3.12/lib/python3.12/multiprocessing/pool.py", line 131, in worker
    put((job, i, result))
  File "/opt/homebrew/Cellar/python@3.12/3.12.13_4/Frameworks/Python.framework/Versions/3.12/lib/python3.12/multiprocessing/queues.py", line 399, in put
    self._writer.send_bytes(obj)
  File "/opt/homebrew/Cellar/python@3.12/3.12.13_4/Frameworks/Python.framework/Versions/3.12/lib/python3.12/multiprocessing/connection.py", line 200, in send_bytes
    self._send_bytes(m[offset:offset + size])
  File "/opt/homebrew/Cellar/python@3.12/3.12.13_4/Frameworks/Python.framework/Versions/3.12/lib/python3.12/multiprocessing/connection.py", line 427, in _send_bytes
    self._send(header + buf)
  File "/opt/homebrew/Cellar/python@3.12/3.12.13_4/Frameworks/Python.framework/Versions/3.12/lib/python3.12/multiprocessing/connection.py", line 384, in _send
    n = write(self._handle, buf)
        ^^^^^^^^^^^^^^^^^^^^^^^^
BrokenPipeError: [Errno 32] Broken pipe

During handling of the above exception, another exception occurred:

Traceback (most recent call last):
  File "/opt/homebrew/Cellar/python@3.12/3.12.13_4/Frameworks/Python.framework/Versions/3.12/lib/python3.12/multiprocessing/process.py", line 314, in _bootstrap
    self.run()
  File "/opt/homebrew/Cellar/python@3.12/3.12.13_4/Frameworks/Python.framework/Versions/3.12/lib/python3.12/multiprocessing/process.py", line 108, in run
    self._target(*self._args, **self._kwargs)
  File "/opt/homebrew/Cellar/python@3.12/3.12.13_4/Frameworks/Python.framework/Versions/3.12/lib/python3.12/multiprocessing/pool.py", line 136, in worker
    put((job, i, (False, wrapped)))
  File "/opt/homebrew/Cellar/python@3.12/3.12.13_4/Frameworks/Python.framework/Versions/3.12/lib/python3.12/multiprocessing/queues.py", line 399, in put
    self._writer.send_bytes(obj)
  File "/opt/homebrew/Cellar/python@3.12/3.12.13_4/Frameworks/Python.framework/Versions/3.12/lib/python3.12/multiprocessing/connection.py", line 200, in send_bytes
    self._send_bytes(m[offset:offset + size])
  File "/opt/homebrew/Cellar/python@3.12/3.12.13_4/Frameworks/Python.framework/Versions/3.12/lib/python3.12/multiprocessing/connection.py", line 427, in _send_bytes
    self._send(header + buf)
  File "/opt/homebrew/Cellar/python@3.12/3.12.13_4/Frameworks/Python.framework/Versions/3.12/lib/python3.12/multiprocessing/connection.py", line 384, in _send
    n = write(self._handle, buf)
        ^^^^^^^^^^^^^^^^^^^^^^^^
BrokenPipeError: [Errno 32] Broken pipe
Process SpawnPoolWorker-3:
Traceback (most recent call last):
  File "/opt/homebrew/Cellar/python@3.12/3.12.13_4/Frameworks/Python.framework/Versions/3.12/lib/python3.12/multiprocessing/pool.py", line 131, in worker
    put((job, i, result))
  File "/opt/homebrew/Cellar/python@3.12/3.12.13_4/Frameworks/Python.framework/Versions/3.12/lib/python3.12/multiprocessing/queues.py", line 399, in put
    self._writer.send_bytes(obj)
  File "/opt/homebrew/Cellar/python@3.12/3.12.13_4/Frameworks/Python.framework/Versions/3.12/lib/python3.12/multiprocessing/connection.py", line 200, in send_bytes
    self._send_bytes(m[offset:offset + size])
  File "/opt/homebrew/Cellar/python@3.12/3.12.13_4/Frameworks/Python.framework/Versions/3.12/lib/python3.12/multiprocessing/connection.py", line 427, in _send_bytes
    self._send(header + buf)
  File "/opt/homebrew/Cellar/python@3.12/3.12.13_4/Frameworks/Python.framework/Versions/3.12/lib/python3.12/multiprocessing/connection.py", line 384, in _send
    n = write(self._handle, buf)
        ^^^^^^^^^^^^^^^^^^^^^^^^
BrokenPipeError: [Errno 32] Broken pipe

During handling of the above exception, another exception occurred:

Traceback (most recent call last):
  File "/opt/homebrew/Cellar/python@3.12/3.12.13_4/Frameworks/Python.framework/Versions/3.12/lib/python3.12/multiprocessing/process.py", line 314, in _bootstrap
    self.run()
  File "/opt/homebrew/Cellar/python@3.12/3.12.13_4/Frameworks/Python.framework/Versions/3.12/lib/python3.12/multiprocessing/process.py", line 108, in run
    self._target(*self._args, **self._kwargs)
  File "/opt/homebrew/Cellar/python@3.12/3.12.13_4/Frameworks/Python.framework/Versions/3.12/lib/python3.12/multiprocessing/pool.py", line 136, in worker
    put((job, i, (False, wrapped)))
  File "/opt/homebrew/Cellar/python@3.12/3.12.13_4/Frameworks/Python.framework/Versions/3.12/lib/python3.12/multiprocessing/queues.py", line 399, in put
    self._writer.send_bytes(obj)
  File "/opt/homebrew/Cellar/python@3.12/3.12.13_4/Frameworks/Python.framework/Versions/3.12/lib/python3.12/multiprocessing/connection.py", line 200, in send_bytes
    self._send_bytes(m[offset:offset + size])
  File "/opt/homebrew/Cellar/python@3.12/3.12.13_4/Frameworks/Python.framework/Versions/3.12/lib/python3.12/multiprocessing/connection.py", line 427, in _send_bytes
    self._send(header + buf)
  File "/opt/homebrew/Cellar/python@3.12/3.12.13_4/Frameworks/Python.framework/Versions/3.12/lib/python3.12/multiprocessing/connection.py", line 384, in _send
    n = write(self._handle, buf)
        ^^^^^^^^^^^^^^^^^^^^^^^^
BrokenPipeError: [Errno 32] Broken pipe
/opt/homebrew/Cellar/python@3.12/3.12.13_4/Frameworks/Python.framework/Versions/3.12/lib/python3.12/multiprocessing/resource_tracker.py:279: UserWarning: resource_tracker: There appear to be 6 leaked semaphore objects to clean up at shutdown
  warnings.warn('resource_tracker: There appear to be %d '
