/Users/nv/Documents/MRI/magnet_design/optimize_robust_aligned.py:54: DeprecationWarning: Importing 'StarmapParallelization' from 'pymoo.core.problem' is deprecated. Please use 'from pymoo.parallelization import StarmapParallelization' instead. This backward compatibility import will be removed in a future version.
  from pymoo.core.problem import StarmapParallelization
==========================================================================================
n_gen  |  n_eval  | n_nds  |     cv_min    |     cv_avg    |      eps      |   indicator  
==========================================================================================
     1 |       40 |      1 |  3.096786E+01 |  1.240614E+02 |             - |             -
     2 |       80 |      1 |  3.096786E+01 |  4.747158E+01 |             - |             -
     3 |      120 |      1 |  2.633329E+01 |  3.531570E+01 |             - |             -
     4 |      160 |      1 |  2.633329E+01 |  3.259281E+01 |             - |             -
     5 |      200 |      1 |  2.599771E+01 |  3.014365E+01 |             - |             -
     6 |      240 |      1 |  2.027925E+01 |  2.793057E+01 |             - |             -
     7 |      280 |      1 |  1.715321E+01 |  2.588428E+01 |             - |             -
     8 |      320 |      1 |  1.396740E+01 |  2.347287E+01 |             - |             -
     9 |      360 |      1 |  1.143478E+01 |  2.081607E+01 |             - |             -
    10 |      400 |      1 |  1.025826E+01 |  1.795182E+01 |             - |             -
    11 |      440 |      1 |  1.004333E+01 |  1.547156E+01 |             - |             -
    12 |      480 |      1 |  6.6461910474 |  1.309176E+01 |             - |             -
    13 |      520 |      1 |  4.1583299473 |  1.111877E+01 |             - |             -
    14 |      560 |      1 |  4.1090649024 |  9.2256387811 |             - |             -
    15 |      600 |      1 |  3.3505489809 |  7.2924676250 |             - |             -
    16 |      640 |      1 |  0.000000E+00 |  5.6903629816 |             - |             -
    17 |      680 |      1 |  0.000000E+00 |  4.4722773739 |  0.000000E+00 |             f
    18 |      720 |      1 |  0.000000E+00 |  3.2641643285 |  0.000000E+00 |             f
    19 |      760 |      2 |  0.000000E+00 |  2.2647710316 |  1.0000000000 |         ideal
    20 |      800 |      1 |  0.000000E+00 |  1.3586566021 |  2.903543E+04 |         ideal
    21 |      840 |      1 |  0.000000E+00 |  0.4940994415 |  0.000000E+00 |             f
    22 |      880 |      2 |  0.000000E+00 |  0.1196792835 |  1.0000000000 |         ideal
    23 |      920 |      5 |  0.000000E+00 |  0.000000E+00 |  0.6817873978 |         ideal
    24 |      960 |      7 |  0.000000E+00 |  0.000000E+00 |  0.2888851065 |         ideal
    25 |     1000 |      9 |  0.000000E+00 |  0.000000E+00 |  0.2679974687 |         ideal
    26 |     1040 |      1 |  0.000000E+00 |  0.000000E+00 |  8.760488E+02 |         ideal
    27 |     1080 |      4 |  0.000000E+00 |  0.000000E+00 |  0.4484554924 |         ideal
    28 |     1120 |      7 |  0.000000E+00 |  0.000000E+00 |  0.2299351201 |         ideal
    29 |     1160 |      7 |  0.000000E+00 |  0.000000E+00 |  0.1425189649 |         ideal
    30 |     1200 |      9 |  0.000000E+00 |  0.000000E+00 |  0.0083154834 |             f
    31 |     1240 |     12 |  0.000000E+00 |  0.000000E+00 |  0.1631859164 |         ideal
    32 |     1280 |     11 |  0.000000E+00 |  0.000000E+00 |  0.2442551971 |         ideal
    33 |     1320 |     16 |  0.000000E+00 |  0.000000E+00 |  0.0266493574 |             f
    34 |     1360 |     13 |  0.000000E+00 |  0.000000E+00 |  0.0211715825 |             f
    35 |     1400 |     21 |  0.000000E+00 |  0.000000E+00 |  0.1419691683 |         ideal
    36 |     1440 |     35 |  0.000000E+00 |  0.000000E+00 |  0.0759273579 |         ideal
    37 |     1480 |     35 |  0.000000E+00 |  0.000000E+00 |  0.0704590018 |         ideal
    38 |     1520 |     21 |  0.000000E+00 |  0.000000E+00 |  0.0555286769 |         ideal
    39 |     1560 |     27 |  0.000000E+00 |  0.000000E+00 |  0.0201576135 |             f
    40 |     1600 |     26 |  0.000000E+00 |  0.000000E+00 |  0.0290928013 |         ideal
    41 |     1640 |     24 |  0.000000E+00 |  0.000000E+00 |  0.0096473120 |         ideal
    42 |     1680 |     25 |  0.000000E+00 |  0.000000E+00 |  0.0122860059 |             f
    43 |     1720 |     32 |  0.000000E+00 |  0.000000E+00 |  0.0886405129 |         ideal
    44 |     1760 |     27 |  0.000000E+00 |  0.000000E+00 |  0.0300390898 |         ideal
    45 |     1800 |     30 |  0.000000E+00 |  0.000000E+00 |  0.1096554395 |         ideal
    46 |     1840 |     31 |  0.000000E+00 |  0.000000E+00 |  0.0164849640 |             f
    47 |     1880 |     39 |  0.000000E+00 |  0.000000E+00 |  0.0054994467 |             f
    48 |     1920 |     34 |  0.000000E+00 |  0.000000E+00 |  0.0104804137 |         ideal
    49 |     1960 |     28 |  0.000000E+00 |  0.000000E+00 |  0.0900679206 |         nadir
    50 |     2000 |     27 |  0.000000E+00 |  0.000000E+00 |  0.0115703988 |         ideal
    51 |     2040 |     34 |  0.000000E+00 |  0.000000E+00 |  0.0128591168 |         ideal
    52 |     2080 |     31 |  0.000000E+00 |  0.000000E+00 |  0.0060211996 |             f
    53 |     2120 |     33 |  0.000000E+00 |  0.000000E+00 |  0.0119714977 |             f
    54 |     2160 |     35 |  0.000000E+00 |  0.000000E+00 |  0.0035078754 |         ideal
    55 |     2200 |     37 |  0.000000E+00 |  0.000000E+00 |  0.0337835659 |         ideal
    56 |     2240 |     40 |  0.000000E+00 |  0.000000E+00 |  0.0058615462 |             f
    57 |     2280 |     40 |  0.000000E+00 |  0.000000E+00 |  0.0105774321 |             f
    58 |     2320 |     30 |  0.000000E+00 |  0.000000E+00 |  0.0147715877 |         ideal
    59 |     2360 |     38 |  0.000000E+00 |  0.000000E+00 |  0.0073317756 |             f
    60 |     2400 |     35 |  0.000000E+00 |  0.000000E+00 |  0.0779205472 |         ideal
    61 |     2440 |     33 |  0.000000E+00 |  0.000000E+00 |  0.0198845655 |         ideal
    62 |     2480 |     33 |  0.000000E+00 |  0.000000E+00 |  0.0083580549 |             f
    63 |     2520 |     25 |  0.000000E+00 |  0.000000E+00 |  0.1003054281 |         ideal
    64 |     2560 |     28 |  0.000000E+00 |  0.000000E+00 |  0.0338552428 |         ideal
    65 |     2600 |     29 |  0.000000E+00 |  0.000000E+00 |  0.0524388866 |         ideal
    66 |     2640 |     36 |  0.000000E+00 |  0.000000E+00 |  0.0055931721 |             f
    67 |     2680 |     38 |  0.000000E+00 |  0.000000E+00 |  0.0117901416 |             f
    68 |     2720 |     29 |  0.000000E+00 |  0.000000E+00 |  0.0129936573 |         ideal
    69 |     2760 |     34 |  0.000000E+00 |  0.000000E+00 |  0.0198758789 |         ideal
    70 |     2800 |     40 |  0.000000E+00 |  0.000000E+00 |  0.0051825599 |             f
    71 |     2840 |     40 |  0.000000E+00 |  0.000000E+00 |  0.0090957654 |             f
    72 |     2880 |     40 |  0.000000E+00 |  0.000000E+00 |  0.0235563679 |         ideal
    73 |     2920 |     40 |  0.000000E+00 |  0.000000E+00 |  0.0562334467 |         ideal
    74 |     2960 |     40 |  0.000000E+00 |  0.000000E+00 |  0.0046398087 |             f
    75 |     3000 |     29 |  0.000000E+00 |  0.000000E+00 |  0.0070459782 |             f
    76 |     3040 |     31 |  0.000000E+00 |  0.000000E+00 |  0.0516385479 |         ideal
    77 |     3080 |     31 |  0.000000E+00 |  0.000000E+00 |  0.2545349520 |         ideal
    78 |     3120 |     40 |  0.000000E+00 |  0.000000E+00 |  0.0025900690 |             f
    79 |     3160 |     29 |  0.000000E+00 |  0.000000E+00 |  0.0087538596 |             f
    80 |     3200 |     34 |  0.000000E+00 |  0.000000E+00 |  0.0345092915 |         ideal
    81 |     3240 |     40 |  0.000000E+00 |  0.000000E+00 |  0.0050603509 |             f
    82 |     3280 |     34 |  0.000000E+00 |  0.000000E+00 |  0.0037213365 |         ideal
    83 |     3320 |     39 |  0.000000E+00 |  0.000000E+00 |  0.0041961936 |             f
    84 |     3360 |     39 |  0.000000E+00 |  0.000000E+00 |  0.0054021460 |             f
    85 |     3400 |     40 |  0.000000E+00 |  0.000000E+00 |  0.0025640077 |             f
    86 |     3440 |     34 |  0.000000E+00 |  0.000000E+00 |  0.0458219871 |         ideal
    87 |     3480 |     40 |  0.000000E+00 |  0.000000E+00 |  0.0059172308 |             f
    88 |     3520 |     39 |  0.000000E+00 |  0.000000E+00 |  0.0080610926 |             f
    89 |     3560 |     37 |  0.000000E+00 |  0.000000E+00 |  0.0056930968 |         ideal
    90 |     3600 |     36 |  0.000000E+00 |  0.000000E+00 |  0.0111463840 |         ideal
    91 |     3640 |     32 |  0.000000E+00 |  0.000000E+00 |  0.0070970484 |             f
    92 |     3680 |     39 |  0.000000E+00 |  0.000000E+00 |  0.0033638848 |             f
    93 |     3720 |     36 |  0.000000E+00 |  0.000000E+00 |  0.0379518394 |         ideal
    94 |     3760 |     35 |  0.000000E+00 |  0.000000E+00 |  0.0446848671 |         ideal
    95 |     3800 |     37 |  0.000000E+00 |  0.000000E+00 |  0.0016108378 |             f
    96 |     3840 |     36 |  0.000000E+00 |  0.000000E+00 |  0.0100037429 |             f
    97 |     3880 |     39 |  0.000000E+00 |  0.000000E+00 |  0.0017371103 |             f
    98 |     3920 |     40 |  0.000000E+00 |  0.000000E+00 |  0.0088347398 |             f
    99 |     3960 |     40 |  0.000000E+00 |  0.000000E+00 |  0.0050219398 |             f
   100 |     4000 |     40 |  0.000000E+00 |  0.000000E+00 |  0.0025451840 |             f
mean B0=66.7726 homogen=157675.0748
mean B0=50.1944 homogen=34778.3633
mean B0=65.9487 homogen=141450.2874
mean B0=52.6705 homogen=42222.1839
mean B0=58.3164 homogen=60948.3849
mean B0=59.4345 homogen=74738.1346
mean B0=60.188 homogen=74894.9199
mean B0=56.3496 homogen=50002.5198
mean B0=54.6636 homogen=45436.7343
mean B0=60.8299 homogen=97775.4389
mean B0=64.9817 homogen=134985.5612
mean B0=57.2502 homogen=55705.9552
mean B0=62.9217 homogen=124072.3043
mean B0=61.1308 homogen=109917.4769
mean B0=64.1481 homogen=129934.167
mean B0=55.896 homogen=42791.1708
mean B0=63.7352 homogen=128041.7751
mean B0=54.707 homogen=45736.6646
mean B0=60.4806 homogen=89268.3997
mean B0=62.2276 homogen=117192.3292
mean B0=50.5137 homogen=36820.6879
mean B0=51.806 homogen=35680.02
mean B0=57.333 homogen=57173.8097
mean B0=62.4454 homogen=121450.1821
mean B0=60.5271 homogen=89730.5717
mean B0=65.0916 homogen=136558.6644
mean B0=51.1361 homogen=41451.4135
mean B0=60.6715 homogen=96148.0795
mean B0=57.7583 homogen=60873.6109
mean B0=61.6558 homogen=112026.9105
mean B0=59.4352 homogen=74748.43
mean B0=51.6321 homogen=34612.3886
mean B0=61.1829 homogen=110524.5514
mean B0=65.2889 homogen=140942.3126
mean B0=65.2889 homogen=140942.6073
mean B0=61.946 homogen=114476.8116
mean B0=51.172 homogen=41565.8482
mean B0=57.7583 homogen=60873.5241
mean B0=56.0895 homogen=47510.9944
mean B0=61.8959 homogen=112510.5371
   101 |     4040 |     40 |  0.000000E+00 |  0.000000E+00 |  0.0025123274 |             f
   102 |     4080 |     40 |  0.000000E+00 |  0.000000E+00 |  0.0023048904 |             f
   103 |     4120 |     40 |  0.000000E+00 |  0.000000E+00 |  0.0042950687 |             f
   104 |     4160 |     40 |  0.000000E+00 |  0.000000E+00 |  0.0462191675 |         ideal
   105 |     4200 |     40 |  0.000000E+00 |  0.000000E+00 |  0.0030040699 |             f
   106 |     4240 |     40 |  0.000000E+00 |  0.000000E+00 |  0.0039406689 |             f
   107 |     4280 |     40 |  0.000000E+00 |  0.000000E+00 |  0.0015240451 |             f
   108 |     4320 |     40 |  0.000000E+00 |  0.000000E+00 |  0.0037879887 |             f
   109 |     4360 |     40 |  0.000000E+00 |  0.000000E+00 |  0.0237899417 |         ideal
   110 |     4400 |     40 |  0.000000E+00 |  0.000000E+00 |  0.0088801023 |         ideal
   111 |     4440 |     40 |  0.000000E+00 |  0.000000E+00 |  0.0023876635 |             f
   112 |     4480 |     40 |  0.000000E+00 |  0.000000E+00 |  0.0082527172 |             f
   113 |     4520 |     40 |  0.000000E+00 |  0.000000E+00 |  0.0019134387 |             f
   114 |     4560 |     40 |  0.000000E+00 |  0.000000E+00 |  0.0043188375 |             f
   115 |     4600 |     40 |  0.000000E+00 |  0.000000E+00 |  0.0028045083 |             f
   116 |     4640 |     40 |  0.000000E+00 |  0.000000E+00 |  0.0091702570 |         nadir
   117 |     4680 |     40 |  0.000000E+00 |  0.000000E+00 |  0.0040371194 |             f
   118 |     4720 |     40 |  0.000000E+00 |  0.000000E+00 |  0.0016668296 |             f
   119 |     4760 |     40 |  0.000000E+00 |  0.000000E+00 |  0.0030847387 |             f
   120 |     4800 |     40 |  0.000000E+00 |  0.000000E+00 |  0.0104749385 |         ideal
   121 |     4840 |     40 |  0.000000E+00 |  0.000000E+00 |  0.0030792241 |             f
   122 |     4880 |     40 |  0.000000E+00 |  0.000000E+00 |  0.0020371580 |             f
   123 |     4920 |     40 |  0.000000E+00 |  0.000000E+00 |  0.0115768664 |         ideal
   124 |     4960 |     40 |  0.000000E+00 |  0.000000E+00 |  0.0023263189 |             f
   125 |     5000 |     40 |  0.000000E+00 |  0.000000E+00 |  0.0139931975 |         ideal
   126 |     5040 |     40 |  0.000000E+00 |  0.000000E+00 |  0.0035612131 |             f
   127 |     5080 |     40 |  0.000000E+00 |  0.000000E+00 |  0.0046650636 |         nadir
   128 |     5120 |     40 |  0.000000E+00 |  0.000000E+00 |  0.0189366001 |         ideal
   129 |     5160 |     40 |  0.000000E+00 |  0.000000E+00 |  0.0060642847 |         ideal
   130 |     5200 |     40 |  0.000000E+00 |  0.000000E+00 |  0.0037595134 |         ideal
   131 |     5240 |     40 |  0.000000E+00 |  0.000000E+00 |  0.0024460266 |             f
   132 |     5280 |     40 |  0.000000E+00 |  0.000000E+00 |  0.0064151292 |             f
   133 |     5320 |     40 |  0.000000E+00 |  0.000000E+00 |  0.0011944544 |             f
   134 |     5360 |     40 |  0.000000E+00 |  0.000000E+00 |  0.0211757602 |         ideal
   135 |     5400 |     40 |  0.000000E+00 |  0.000000E+00 |  0.0042332734 |             f
   136 |     5440 |     40 |  0.000000E+00 |  0.000000E+00 |  0.0177688612 |         ideal
   137 |     5480 |     40 |  0.000000E+00 |  0.000000E+00 |  0.0021169143 |             f
   138 |     5520 |     40 |  0.000000E+00 |  0.000000E+00 |  0.0428739931 |         ideal
   139 |     5560 |     40 |  0.000000E+00 |  0.000000E+00 |  0.0019939002 |             f
   140 |     5600 |     40 |  0.000000E+00 |  0.000000E+00 |  0.0038996851 |             f
   141 |     5640 |     40 |  0.000000E+00 |  0.000000E+00 |  0.0022808340 |             f
   142 |     5680 |     40 |  0.000000E+00 |  0.000000E+00 |  0.0033702105 |             f
   143 |     5720 |     40 |  0.000000E+00 |  0.000000E+00 |  0.0006490790 |             f
   144 |     5760 |     40 |  0.000000E+00 |  0.000000E+00 |  0.0021308962 |             f
   145 |     5800 |     40 |  0.000000E+00 |  0.000000E+00 |  0.0162337370 |         ideal
   146 |     5840 |     40 |  0.000000E+00 |  0.000000E+00 |  0.0019687666 |             f
   147 |     5880 |     40 |  0.000000E+00 |  0.000000E+00 |  0.0045814601 |             f
   148 |     5920 |     40 |  0.000000E+00 |  0.000000E+00 |  0.0019963964 |             f
   149 |     5960 |     40 |  0.000000E+00 |  0.000000E+00 |  0.0042257117 |             f
   150 |     6000 |     40 |  0.000000E+00 |  0.000000E+00 |  0.0016541292 |             f
   151 |     6040 |     40 |  0.000000E+00 |  0.000000E+00 |  0.0040055129 |             f
   152 |     6080 |     40 |  0.000000E+00 |  0.000000E+00 |  0.0024398904 |             f
   153 |     6120 |     40 |  0.000000E+00 |  0.000000E+00 |  0.0162399697 |         ideal
   154 |     6160 |     40 |  0.000000E+00 |  0.000000E+00 |  0.0021435669 |             f
   155 |     6200 |     40 |  0.000000E+00 |  0.000000E+00 |  0.0049702551 |             f
   156 |     6240 |     40 |  0.000000E+00 |  0.000000E+00 |  0.0044440830 |         ideal
   157 |     6280 |     40 |  0.000000E+00 |  0.000000E+00 |  0.0012681347 |             f
   158 |     6320 |     40 |  0.000000E+00 |  0.000000E+00 |  0.0032980559 |             f
   159 |     6360 |     40 |  0.000000E+00 |  0.000000E+00 |  0.0041999847 |             f
   160 |     6400 |     40 |  0.000000E+00 |  0.000000E+00 |  0.0016018248 |             f
   161 |     6440 |     40 |  0.000000E+00 |  0.000000E+00 |  0.0037401425 |             f
   162 |     6480 |     40 |  0.000000E+00 |  0.000000E+00 |  0.0017250818 |             f
   163 |     6520 |     40 |  0.000000E+00 |  0.000000E+00 |  0.0031000477 |             f
   164 |     6560 |     40 |  0.000000E+00 |  0.000000E+00 |  0.0174596374 |         ideal
   165 |     6600 |     40 |  0.000000E+00 |  0.000000E+00 |  0.0052419313 |         ideal
   166 |     6640 |     40 |  0.000000E+00 |  0.000000E+00 |  0.0026053911 |             f
   167 |     6680 |     40 |  0.000000E+00 |  0.000000E+00 |  0.0027311278 |             f
   168 |     6720 |     40 |  0.000000E+00 |  0.000000E+00 |  0.0100079708 |         nadir
   169 |     6760 |     40 |  0.000000E+00 |  0.000000E+00 |  0.0048593831 |             f
   170 |     6800 |     40 |  0.000000E+00 |  0.000000E+00 |  0.0047111299 |             f
   171 |     6840 |     40 |  0.000000E+00 |  0.000000E+00 |  0.0034405251 |             f
   172 |     6880 |     40 |  0.000000E+00 |  0.000000E+00 |  0.0027583726 |             f
   173 |     6920 |     40 |  0.000000E+00 |  0.000000E+00 |  0.0039932136 |             f
   174 |     6960 |     40 |  0.000000E+00 |  0.000000E+00 |  0.0020968701 |             f
   175 |     7000 |     40 |  0.000000E+00 |  0.000000E+00 |  0.0057140508 |             f
   176 |     7040 |     40 |  0.000000E+00 |  0.000000E+00 |  0.0042582661 |             f
   177 |     7080 |     40 |  0.000000E+00 |  0.000000E+00 |  0.0008794777 |             f
   178 |     7120 |     40 |  0.000000E+00 |  0.000000E+00 |  0.0032132430 |             f
   179 |     7160 |     40 |  0.000000E+00 |  0.000000E+00 |  0.0023645211 |             f
   180 |     7200 |     40 |  0.000000E+00 |  0.000000E+00 |  0.0035050593 |             f
   181 |     7240 |     40 |  0.000000E+00 |  0.000000E+00 |  0.0026698337 |             f
   182 |     7280 |     40 |  0.000000E+00 |  0.000000E+00 |  0.0036061145 |         ideal
   183 |     7320 |     40 |  0.000000E+00 |  0.000000E+00 |  0.0031473694 |             f
   184 |     7360 |     40 |  0.000000E+00 |  0.000000E+00 |  0.0042618703 |             f
   185 |     7400 |     40 |  0.000000E+00 |  0.000000E+00 |  0.0025649406 |             f
   186 |     7440 |     40 |  0.000000E+00 |  0.000000E+00 |  0.0033866731 |             f
   187 |     7480 |     40 |  0.000000E+00 |  0.000000E+00 |  0.0034695406 |             f
   188 |     7520 |     40 |  0.000000E+00 |  0.000000E+00 |  0.0016063651 |             f
   189 |     7560 |     40 |  0.000000E+00 |  0.000000E+00 |  0.0041614585 |             f
   190 |     7600 |     40 |  0.000000E+00 |  0.000000E+00 |  0.0023083964 |             f
   191 |     7640 |     40 |  0.000000E+00 |  0.000000E+00 |  0.0034761677 |             f
   192 |     7680 |     40 |  0.000000E+00 |  0.000000E+00 |  0.0036657146 |             f
   193 |     7720 |     40 |  0.000000E+00 |  0.000000E+00 |  0.0035141434 |             f
   194 |     7760 |     40 |  0.000000E+00 |  0.000000E+00 |  0.0025088685 |             f
   195 |     7800 |     40 |  0.000000E+00 |  0.000000E+00 |  0.0041017152 |             f
   196 |     7840 |     40 |  0.000000E+00 |  0.000000E+00 |  0.0024798226 |             f
   197 |     7880 |     40 |  0.000000E+00 |  0.000000E+00 |  0.0976750736 |         nadir
   198 |     7920 |     40 |  0.000000E+00 |  0.000000E+00 |  0.0016843723 |             f
   199 |     7960 |     40 |  0.000000E+00 |  0.000000E+00 |  0.0035460969 |             f
   200 |     8000 |     40 |  0.000000E+00 |  0.000000E+00 |  0.0022536015 |             f
mean B0=51.6787 homogen=14427.3452
mean B0=51.6787 homogen=14427.3452
mean B0=69.6696 homogen=154533.7773
mean B0=61.3467 homogen=63503.3523
mean B0=66.4304 homogen=118119.5428
mean B0=57.1664 homogen=41303.5944
mean B0=54.0804 homogen=24875.0231
mean B0=52.9129 homogen=15150.3172
mean B0=65.021 homogen=106422.9781
mean B0=64.0658 homogen=98791.9493
mean B0=62.3525 homogen=73628.5329
mean B0=65.5661 homogen=110284.0901
mean B0=59.6422 homogen=49875.6434
mean B0=56.3926 homogen=31125.6338
mean B0=63.6896 homogen=89108.0388
mean B0=52.6459 homogen=13991.5968
mean B0=57.8756 homogen=43004.0261
mean B0=69.1652 homogen=150050.0233
mean B0=55.3244 homogen=28805.4508
mean B0=66.9074 homogen=124617.3342
mean B0=64.0567 homogen=98793.3209
mean B0=66.548 homogen=122339.6737
mean B0=62.9755 homogen=79528.7728
mean B0=60.8167 homogen=58880.2251
mean B0=63.1406 homogen=81680.7146
mean B0=60.3954 homogen=52815.2205
mean B0=63.4377 homogen=86877.6268
mean B0=54.4041 homogen=25266.6235
mean B0=68.6384 homogen=146208.5031
mean B0=62.4413 homogen=74994.1901
mean B0=58.9683 homogen=46922.8697
mean B0=60.9493 homogen=60231.1287
mean B0=69.6358 homogen=154363.9309
mean B0=60.3954 homogen=52814.9769
mean B0=59.2213 homogen=47239.9265
mean B0=67.9404 homogen=134928.4701
mean B0=58.1132 homogen=42039.1278
mean B0=68.3143 homogen=141034.1604
mean B0=65.1788 homogen=106738.2417
mean B0=56.0929 homogen=29441.6381
   201 |     8040 |     40 |  0.000000E+00 |  0.000000E+00 |  0.0051316949 |             f
   202 |     8080 |     40 |  0.000000E+00 |  0.000000E+00 |  0.0096824190 |         ideal
   203 |     8120 |     40 |  0.000000E+00 |  0.000000E+00 |  0.0025043657 |             f
   204 |     8160 |     40 |  0.000000E+00 |  0.000000E+00 |  0.0021792843 |             f
   205 |     8200 |     40 |  0.000000E+00 |  0.000000E+00 |  0.0034400845 |         ideal
   206 |     8240 |     40 |  0.000000E+00 |  0.000000E+00 |  0.0412244568 |         ideal
   207 |     8280 |     40 |  0.000000E+00 |  0.000000E+00 |  0.0037161104 |             f
   208 |     8320 |     40 |  0.000000E+00 |  0.000000E+00 |  0.0025595751 |             f
   209 |     8360 |     40 |  0.000000E+00 |  0.000000E+00 |  0.0029345192 |             f
   210 |     8400 |     40 |  0.000000E+00 |  0.000000E+00 |  0.0033284778 |             f
   211 |     8440 |     40 |  0.000000E+00 |  0.000000E+00 |  0.0011330296 |             f
   212 |     8480 |     40 |  0.000000E+00 |  0.000000E+00 |  0.0039903490 |             f
   213 |     8520 |     40 |  0.000000E+00 |  0.000000E+00 |  0.0035920901 |             f
   214 |     8560 |     40 |  0.000000E+00 |  0.000000E+00 |  0.0023325533 |             f
   215 |     8600 |     40 |  0.000000E+00 |  0.000000E+00 |  0.0041016715 |             f
   216 |     8640 |     40 |  0.000000E+00 |  0.000000E+00 |  0.0023397105 |             f
   217 |     8680 |     40 |  0.000000E+00 |  0.000000E+00 |  0.0040606194 |             f
   218 |     8720 |     40 |  0.000000E+00 |  0.000000E+00 |  0.0042571918 |             f
   219 |     8760 |     40 |  0.000000E+00 |  0.000000E+00 |  0.0028819011 |             f
   220 |     8800 |     40 |  0.000000E+00 |  0.000000E+00 |  0.0030305031 |             f
   221 |     8840 |     40 |  0.000000E+00 |  0.000000E+00 |  0.0030289060 |         ideal
   222 |     8880 |     40 |  0.000000E+00 |  0.000000E+00 |  0.0059681360 |         ideal
   223 |     8920 |     40 |  0.000000E+00 |  0.000000E+00 |  0.0075298337 |         ideal
   224 |     8960 |     40 |  0.000000E+00 |  0.000000E+00 |  0.0007136657 |             f
   225 |     9000 |     40 |  0.000000E+00 |  0.000000E+00 |  0.0007823244 |             f
   226 |     9040 |     40 |  0.000000E+00 |  0.000000E+00 |  0.0020803223 |             f
   227 |     9080 |     40 |  0.000000E+00 |  0.000000E+00 |  0.0039419809 |             f
   228 |     9120 |     40 |  0.000000E+00 |  0.000000E+00 |  0.0013400281 |             f
   229 |     9160 |     40 |  0.000000E+00 |  0.000000E+00 |  0.0044272579 |             f
   230 |     9200 |     40 |  0.000000E+00 |  0.000000E+00 |  0.0015449788 |             f
   231 |     9240 |     40 |  0.000000E+00 |  0.000000E+00 |  0.0038325328 |             f
   232 |     9280 |     40 |  0.000000E+00 |  0.000000E+00 |  0.0017161158 |             f
   233 |     9320 |     40 |  0.000000E+00 |  0.000000E+00 |  0.0039491699 |             f
   234 |     9360 |     40 |  0.000000E+00 |  0.000000E+00 |  0.0027800906 |             f
   235 |     9400 |     40 |  0.000000E+00 |  0.000000E+00 |  0.0004339297 |             f
   236 |     9440 |     40 |  0.000000E+00 |  0.000000E+00 |  0.0034454933 |             f
   237 |     9480 |     40 |  0.000000E+00 |  0.000000E+00 |  0.0024535886 |             f
   238 |     9520 |     40 |  0.000000E+00 |  0.000000E+00 |  0.0032315523 |             f
   239 |     9560 |     40 |  0.000000E+00 |  0.000000E+00 |  0.0010518827 |             f
   240 |     9600 |     40 |  0.000000E+00 |  0.000000E+00 |  0.0019487843 |             f
   241 |     9640 |     40 |  0.000000E+00 |  0.000000E+00 |  0.0025974030 |             f
   242 |     9680 |     40 |  0.000000E+00 |  0.000000E+00 |  0.0010188342 |             f
   243 |     9720 |     40 |  0.000000E+00 |  0.000000E+00 |  0.0024989431 |             f
   244 |     9760 |     40 |  0.000000E+00 |  0.000000E+00 |  0.0041279200 |             f
   245 |     9800 |     40 |  0.000000E+00 |  0.000000E+00 |  0.0019902955 |             f
   246 |     9840 |     40 |  0.000000E+00 |  0.000000E+00 |  0.0036849843 |             f
   247 |     9880 |     40 |  0.000000E+00 |  0.000000E+00 |  0.0006193454 |             f
   248 |     9920 |     40 |  0.000000E+00 |  0.000000E+00 |  0.0018511139 |             f
   249 |     9960 |     40 |  0.000000E+00 |  0.000000E+00 |  0.0144135697 |         ideal
   250 |    10000 |     40 |  0.000000E+00 |  0.000000E+00 |  0.0026923944 |             f
   251 |    10040 |     40 |  0.000000E+00 |  0.000000E+00 |  0.0011928836 |             f
   252 |    10080 |     40 |  0.000000E+00 |  0.000000E+00 |  0.0026746500 |             f
   253 |    10120 |     40 |  0.000000E+00 |  0.000000E+00 |  0.0021948766 |             f
   254 |    10160 |     40 |  0.000000E+00 |  0.000000E+00 |  0.0026644425 |             f
   255 |    10200 |     40 |  0.000000E+00 |  0.000000E+00 |  0.0000754619 |             f
   256 |    10240 |     40 |  0.000000E+00 |  0.000000E+00 |  0.0018627163 |             f
   257 |    10280 |     40 |  0.000000E+00 |  0.000000E+00 |  0.0031218755 |             f
   258 |    10320 |     40 |  0.000000E+00 |  0.000000E+00 |  0.0024710833 |             f
   259 |    10360 |     40 |  0.000000E+00 |  0.000000E+00 |  0.0036567430 |             f
   260 |    10400 |     40 |  0.000000E+00 |  0.000000E+00 |  0.0016826738 |             f
   261 |    10440 |     40 |  0.000000E+00 |  0.000000E+00 |  0.0030569825 |             f
   262 |    10480 |     40 |  0.000000E+00 |  0.000000E+00 |  0.0017276270 |             f
   263 |    10520 |     40 |  0.000000E+00 |  0.000000E+00 |  0.0024185563 |             f
   264 |    10560 |     40 |  0.000000E+00 |  0.000000E+00 |  0.0025795753 |             f
   265 |    10600 |     40 |  0.000000E+00 |  0.000000E+00 |  0.0027603533 |             f
   266 |    10640 |     40 |  0.000000E+00 |  0.000000E+00 |  0.0019779793 |             f
   267 |    10680 |     40 |  0.000000E+00 |  0.000000E+00 |  0.0031559606 |             f
   268 |    10720 |     40 |  0.000000E+00 |  0.000000E+00 |  0.0014352269 |             f
   269 |    10760 |     40 |  0.000000E+00 |  0.000000E+00 |  0.0025412160 |             f
   270 |    10800 |     40 |  0.000000E+00 |  0.000000E+00 |  0.0021430839 |             f
   271 |    10840 |     40 |  0.000000E+00 |  0.000000E+00 |  0.0033574191 |             f
   272 |    10880 |     40 |  0.000000E+00 |  0.000000E+00 |  0.0018838594 |             f
   273 |    10920 |     40 |  0.000000E+00 |  0.000000E+00 |  0.0024155094 |             f
   274 |    10960 |     40 |  0.000000E+00 |  0.000000E+00 |  0.0034005071 |             f
   275 |    11000 |     40 |  0.000000E+00 |  0.000000E+00 |  0.0005691395 |             f
   276 |    11040 |     40 |  0.000000E+00 |  0.000000E+00 |  0.0016561791 |             f
   277 |    11080 |     40 |  0.000000E+00 |  0.000000E+00 |  0.0040026331 |             f
   278 |    11120 |     40 |  0.000000E+00 |  0.000000E+00 |  0.0016496458 |             f
   279 |    11160 |     40 |  0.000000E+00 |  0.000000E+00 |  0.0370238750 |         nadir
   280 |    11200 |     40 |  0.000000E+00 |  0.000000E+00 |  0.0024107155 |             f
   281 |    11240 |     40 |  0.000000E+00 |  0.000000E+00 |  0.0036847785 |             f
   282 |    11280 |     40 |  0.000000E+00 |  0.000000E+00 |  0.0014860459 |             f
   283 |    11320 |     40 |  0.000000E+00 |  0.000000E+00 |  0.0036870270 |             f
   284 |    11360 |     40 |  0.000000E+00 |  0.000000E+00 |  0.0019284598 |             f
   285 |    11400 |     40 |  0.000000E+00 |  0.000000E+00 |  0.0020161870 |             f
   286 |    11440 |     40 |  0.000000E+00 |  0.000000E+00 |  0.0036115471 |             f
   287 |    11480 |     40 |  0.000000E+00 |  0.000000E+00 |  0.0019444521 |             f
   288 |    11520 |     40 |  0.000000E+00 |  0.000000E+00 |  0.0026970598 |             f
   289 |    11560 |     40 |  0.000000E+00 |  0.000000E+00 |  0.0006768269 |             f
   290 |    11600 |     40 |  0.000000E+00 |  0.000000E+00 |  0.0029238554 |             f
   291 |    11640 |     40 |  0.000000E+00 |  0.000000E+00 |  0.0013881001 |             f
   292 |    11680 |     40 |  0.000000E+00 |  0.000000E+00 |  0.0022702062 |             f
   293 |    11720 |     40 |  0.000000E+00 |  0.000000E+00 |  0.0024532559 |             f
   294 |    11760 |     40 |  0.000000E+00 |  0.000000E+00 |  0.0026967124 |             f
   295 |    11800 |     40 |  0.000000E+00 |  0.000000E+00 |  0.0007764031 |             f
   296 |    11840 |     40 |  0.000000E+00 |  0.000000E+00 |  0.0035936743 |             f
   297 |    11880 |     40 |  0.000000E+00 |  0.000000E+00 |  0.0006198309 |             f
   298 |    11920 |     40 |  0.000000E+00 |  0.000000E+00 |  0.0025489851 |             f
   299 |    11960 |     40 |  0.000000E+00 |  0.000000E+00 |  0.0027152482 |             f
   300 |    12000 |     40 |  0.000000E+00 |  0.000000E+00 |  0.0026675607 |             f
mean B0=69.7971 homogen=151849.7499
mean B0=50.0654 homogen=16948.0034
mean B0=64.1324 homogen=80625.2877
mean B0=52.8029 homogen=10867.2208
mean B0=60.3313 homogen=49410.7975
mean B0=54.6817 homogen=16944.6993
mean B0=59.1862 homogen=40530.1386
mean B0=66.9107 homogen=119456.6136
mean B0=64.2951 homogen=93222.7748
mean B0=61.8195 homogen=62639.1778
mean B0=60.9721 homogen=47216.5059
mean B0=62.8391 homogen=66285.583
mean B0=66.4141 homogen=115535.2829
mean B0=55.8672 homogen=20496.888
mean B0=50.5888 homogen=19226.9026
mean B0=67.1383 homogen=128475.38
mean B0=51.177 homogen=20842.2944
mean B0=64.8136 homogen=101689.5442
mean B0=63.5912 homogen=72870.4821
mean B0=57.4098 homogen=33524.5541
mean B0=54.3146 homogen=14741.7615
mean B0=65.2481 homogen=105126.5203
mean B0=65.9469 homogen=111757.3164
mean B0=68.637 homogen=140886.6724
mean B0=64.6799 homogen=94666.2209
mean B0=65.8178 homogen=107314.0428
mean B0=69.4352 homogen=148358.5679
mean B0=56.2926 homogen=25426.5541
mean B0=58.9266 homogen=42272.8993
mean B0=63.1717 homogen=71824.5156
mean B0=53.5213 homogen=12642.2729
mean B0=53.3713 homogen=12939.9997
mean B0=57.7484 homogen=33757.1592
mean B0=61.4749 homogen=54016.4088
mean B0=61.6868 homogen=53992.2856
mean B0=69.1026 homogen=145877.2211
mean B0=51.1726 homogen=20767.8571
mean B0=68.8872 homogen=143628.1379
mean B0=67.8599 homogen=131425.5906
mean B0=58.2537 homogen=37267.4934
   301 |    12040 |     40 |  0.000000E+00 |  0.000000E+00 |  0.0022880675 |             f
   302 |    12080 |     40 |  0.000000E+00 |  0.000000E+00 |  0.0027433572 |             f
   303 |    12120 |     40 |  0.000000E+00 |  0.000000E+00 |  0.0029802407 |             f
   304 |    12160 |     40 |  0.000000E+00 |  0.000000E+00 |  0.0012622218 |             f
   305 |    12200 |     40 |  0.000000E+00 |  0.000000E+00 |  0.0021279237 |             f
   306 |    12240 |     40 |  0.000000E+00 |  0.000000E+00 |  0.0041054533 |             f
   307 |    12280 |     40 |  0.000000E+00 |  0.000000E+00 |  0.0013796132 |             f
   308 |    12320 |     40 |  0.000000E+00 |  0.000000E+00 |  0.0025699588 |             f
   309 |    12360 |     40 |  0.000000E+00 |  0.000000E+00 |  0.0018736376 |             f
   310 |    12400 |     40 |  0.000000E+00 |  0.000000E+00 |  0.0052451434 |             f
   311 |    12440 |     40 |  0.000000E+00 |  0.000000E+00 |  0.0005129378 |             f
   312 |    12480 |     40 |  0.000000E+00 |  0.000000E+00 |  0.0034582899 |         nadir
   313 |    12520 |     40 |  0.000000E+00 |  0.000000E+00 |  0.0011977930 |             f
   314 |    12560 |     40 |  0.000000E+00 |  0.000000E+00 |  0.0029869390 |             f
   315 |    12600 |     40 |  0.000000E+00 |  0.000000E+00 |  0.0013583508 |             f
   316 |    12640 |     40 |  0.000000E+00 |  0.000000E+00 |  0.0072769360 |         nadir
   317 |    12680 |     40 |  0.000000E+00 |  0.000000E+00 |  0.0011974698 |             f
   318 |    12720 |     40 |  0.000000E+00 |  0.000000E+00 |  0.0023390263 |             f
   319 |    12760 |     40 |  0.000000E+00 |  0.000000E+00 |  0.0047073439 |             f
   320 |    12800 |     40 |  0.000000E+00 |  0.000000E+00 |  0.0020910552 |             f
   321 |    12840 |     40 |  0.000000E+00 |  0.000000E+00 |  0.0040163980 |             f
   322 |    12880 |     40 |  0.000000E+00 |  0.000000E+00 |  0.0003502991 |             f
   323 |    12920 |     40 |  0.000000E+00 |  0.000000E+00 |  0.0034024374 |             f
   324 |    12960 |     40 |  0.000000E+00 |  0.000000E+00 |  0.0013302866 |             f
   325 |    13000 |     40 |  0.000000E+00 |  0.000000E+00 |  0.0039664549 |             f
   326 |    13040 |     40 |  0.000000E+00 |  0.000000E+00 |  0.0020298102 |             f
   327 |    13080 |     40 |  0.000000E+00 |  0.000000E+00 |  0.0027741453 |             f
   328 |    13120 |     40 |  0.000000E+00 |  0.000000E+00 |  0.0017167942 |             f
   329 |    13160 |     40 |  0.000000E+00 |  0.000000E+00 |  0.0019656480 |             f
   330 |    13200 |     40 |  0.000000E+00 |  0.000000E+00 |  0.0037915351 |             f
   331 |    13240 |     40 |  0.000000E+00 |  0.000000E+00 |  0.0027786078 |             f
   332 |    13280 |     40 |  0.000000E+00 |  0.000000E+00 |  0.0086971880 |         nadir
   333 |    13320 |     40 |  0.000000E+00 |  0.000000E+00 |  0.0020119852 |             f
   334 |    13360 |     40 |  0.000000E+00 |  0.000000E+00 |  0.0026125303 |             f
   335 |    13400 |     40 |  0.000000E+00 |  0.000000E+00 |  0.0020139173 |             f
   336 |    13440 |     40 |  0.000000E+00 |  0.000000E+00 |  0.0036504992 |             f
   337 |    13480 |     40 |  0.000000E+00 |  0.000000E+00 |  0.0004755736 |             f
   338 |    13520 |     40 |  0.000000E+00 |  0.000000E+00 |  0.0023172855 |             f
   339 |    13560 |     40 |  0.000000E+00 |  0.000000E+00 |  0.0039899103 |             f
   340 |    13600 |     40 |  0.000000E+00 |  0.000000E+00 |  0.0009219076 |             f
   341 |    13640 |     40 |  0.000000E+00 |  0.000000E+00 |  0.0044659022 |             f
   342 |    13680 |     40 |  0.000000E+00 |  0.000000E+00 |  0.0036168332 |             f
   343 |    13720 |     40 |  0.000000E+00 |  0.000000E+00 |  0.0011355566 |             f
   344 |    13760 |     40 |  0.000000E+00 |  0.000000E+00 |  0.0028249610 |             f
   345 |    13800 |     40 |  0.000000E+00 |  0.000000E+00 |  0.0015114908 |             f
   346 |    13840 |     40 |  0.000000E+00 |  0.000000E+00 |  0.0031910710 |             f
   347 |    13880 |     40 |  0.000000E+00 |  0.000000E+00 |  0.0027983910 |             f
   348 |    13920 |     40 |  0.000000E+00 |  0.000000E+00 |  0.0021812371 |             f
   349 |    13960 |     40 |  0.000000E+00 |  0.000000E+00 |  0.0042845738 |             f
   350 |    14000 |     40 |  0.000000E+00 |  0.000000E+00 |  0.0011289542 |             f
   351 |    14040 |     40 |  0.000000E+00 |  0.000000E+00 |  0.0020165151 |             f
   352 |    14080 |     40 |  0.000000E+00 |  0.000000E+00 |  0.0033047754 |             f
   353 |    14120 |     40 |  0.000000E+00 |  0.000000E+00 |  0.0012040730 |             f
   354 |    14160 |     40 |  0.000000E+00 |  0.000000E+00 |  0.0035069823 |             f
   355 |    14200 |     40 |  0.000000E+00 |  0.000000E+00 |  0.0009860775 |             f
   356 |    14240 |     40 |  0.000000E+00 |  0.000000E+00 |  0.0019988600 |             f
   357 |    14280 |     40 |  0.000000E+00 |  0.000000E+00 |  0.0032034492 |             f
   358 |    14320 |     40 |  0.000000E+00 |  0.000000E+00 |  0.0013612312 |             f
   359 |    14360 |     40 |  0.000000E+00 |  0.000000E+00 |  0.0034611593 |             f
   360 |    14400 |     40 |  0.000000E+00 |  0.000000E+00 |  0.0029102877 |             f
   361 |    14440 |     40 |  0.000000E+00 |  0.000000E+00 |  0.0031944615 |             f
   362 |    14480 |     40 |  0.000000E+00 |  0.000000E+00 |  0.0020175999 |             f
   363 |    14520 |     40 |  0.000000E+00 |  0.000000E+00 |  0.0047826917 |             f
   364 |    14560 |     40 |  0.000000E+00 |  0.000000E+00 |  0.0018262681 |             f
   365 |    14600 |     40 |  0.000000E+00 |  0.000000E+00 |  0.0019151619 |             f
   366 |    14640 |     40 |  0.000000E+00 |  0.000000E+00 |  0.0033777058 |             f
   367 |    14680 |     40 |  0.000000E+00 |  0.000000E+00 |  0.0024972776 |             f
   368 |    14720 |     40 |  0.000000E+00 |  0.000000E+00 |  0.0038736507 |             f
   369 |    14760 |     40 |  0.000000E+00 |  0.000000E+00 |  0.0032675429 |             f
   370 |    14800 |     40 |  0.000000E+00 |  0.000000E+00 |  0.0022741579 |             f
   371 |    14840 |     40 |  0.000000E+00 |  0.000000E+00 |  0.0041231756 |             f
   372 |    14880 |     40 |  0.000000E+00 |  0.000000E+00 |  0.0025470729 |             f
   373 |    14920 |     40 |  0.000000E+00 |  0.000000E+00 |  0.0019336341 |             f
   374 |    14960 |     40 |  0.000000E+00 |  0.000000E+00 |  0.0025008435 |             f
   375 |    15000 |     40 |  0.000000E+00 |  0.000000E+00 |  0.0015731140 |             f
   376 |    15040 |     40 |  0.000000E+00 |  0.000000E+00 |  0.0029749377 |             f
   377 |    15080 |     40 |  0.000000E+00 |  0.000000E+00 |  0.0024757164 |             f
   378 |    15120 |     40 |  0.000000E+00 |  0.000000E+00 |  0.0049846917 |             f
   379 |    15160 |     40 |  0.000000E+00 |  0.000000E+00 |  0.0015360219 |             f
   380 |    15200 |     40 |  0.000000E+00 |  0.000000E+00 |  0.0032099175 |             f
   381 |    15240 |     40 |  0.000000E+00 |  0.000000E+00 |  0.0032389829 |             f
   382 |    15280 |     40 |  0.000000E+00 |  0.000000E+00 |  0.0020344900 |             f
   383 |    15320 |     40 |  0.000000E+00 |  0.000000E+00 |  0.0044018201 |             f
   384 |    15360 |     40 |  0.000000E+00 |  0.000000E+00 |  0.0034548931 |         nadir
   385 |    15400 |     40 |  0.000000E+00 |  0.000000E+00 |  0.0023201016 |             f
   386 |    15440 |     40 |  0.000000E+00 |  0.000000E+00 |  0.0049426982 |             f
   387 |    15480 |     40 |  0.000000E+00 |  0.000000E+00 |  0.0008847174 |             f
   388 |    15520 |     40 |  0.000000E+00 |  0.000000E+00 |  0.0027530038 |             f
   389 |    15560 |     40 |  0.000000E+00 |  0.000000E+00 |  0.0010737791 |             f
   390 |    15600 |     40 |  0.000000E+00 |  0.000000E+00 |  0.0029831036 |             f
   391 |    15640 |     40 |  0.000000E+00 |  0.000000E+00 |  0.0020094356 |             f
   392 |    15680 |     40 |  0.000000E+00 |  0.000000E+00 |  0.0032075630 |             f
   393 |    15720 |     40 |  0.000000E+00 |  0.000000E+00 |  0.0013259011 |             f
   394 |    15760 |     40 |  0.000000E+00 |  0.000000E+00 |  0.0022266709 |             f
   395 |    15800 |     40 |  0.000000E+00 |  0.000000E+00 |  0.0029131812 |             f
   396 |    15840 |     40 |  0.000000E+00 |  0.000000E+00 |  0.0019207220 |             f
   397 |    15880 |     40 |  0.000000E+00 |  0.000000E+00 |  0.0037165548 |             f
   398 |    15920 |     40 |  0.000000E+00 |  0.000000E+00 |  0.0009531227 |             f
   399 |    15960 |     40 |  0.000000E+00 |  0.000000E+00 |  0.0035297812 |             f
   400 |    16000 |     40 |  0.000000E+00 |  0.000000E+00 |  0.0021898286 |             f
mean B0=49.9952 homogen=15588.259
mean B0=69.89 homogen=152464.4208
mean B0=55.3484 homogen=21025.0548
mean B0=51.8451 homogen=9908.3635
mean B0=59.5821 homogen=40325.7447
mean B0=56.5359 homogen=25403.0348
mean B0=64.7804 homogen=94710.3618
mean B0=50.5226 homogen=16879.5336
mean B0=64.3967 homogen=90152.8372
mean B0=67.8149 homogen=129994.3819
mean B0=57.4058 homogen=32008.7346
mean B0=58.2793 homogen=37177.9025
mean B0=60.5493 homogen=48871.6809
mean B0=61.4569 homogen=54093.6235
mean B0=68.8649 homogen=139709.8012
mean B0=58.8168 homogen=35799.6182
mean B0=65.4311 homogen=102803.7591
mean B0=53.4664 homogen=15663.4161
mean B0=61.0268 homogen=47903.4538
mean B0=65.8657 homogen=108997.3839
mean B0=67.1951 homogen=122205.9305
mean B0=64.2444 homogen=79784.2842
mean B0=52.7092 homogen=10428.5322
mean B0=62.1516 homogen=57396.8536
mean B0=66.6661 homogen=117139.4728
mean B0=69.0828 homogen=146097.5923
mean B0=68.3777 homogen=136913.8031
mean B0=63.573 homogen=71802.9326
mean B0=53.4528 homogen=12123.3731
mean B0=65.4915 homogen=103274.9015
mean B0=67.0841 homogen=121574.572
mean B0=54.3685 homogen=16543.5797
mean B0=69.5696 homogen=148820.6874
mean B0=54.3685 homogen=16543.5797
mean B0=53.01 homogen=11232.1224
mean B0=63.8096 homogen=75199.094
mean B0=58.7611 homogen=36077.7951
mean B0=64.0591 homogen=77445.9563
mean B0=62.4006 homogen=59380.8281
mean B0=66.5137 homogen=114479.1024
   401 |    16040 |     40 |  0.000000E+00 |  0.000000E+00 |  0.0038715860 |             f
   402 |    16080 |     40 |  0.000000E+00 |  0.000000E+00 |  0.0078073859 |         nadir
   403 |    16120 |     40 |  0.000000E+00 |  0.000000E+00 |  0.0017211737 |             f
   404 |    16160 |     40 |  0.000000E+00 |  0.000000E+00 |  0.0028045921 |             f
   405 |    16200 |     40 |  0.000000E+00 |  0.000000E+00 |  0.0037067153 |             f
   406 |    16240 |     40 |  0.000000E+00 |  0.000000E+00 |  0.0011616075 |             f
   407 |    16280 |     40 |  0.000000E+00 |  0.000000E+00 |  0.0034066974 |             f
   408 |    16320 |     40 |  0.000000E+00 |  0.000000E+00 |  0.0020117250 |             f
   409 |    16360 |     40 |  0.000000E+00 |  0.000000E+00 |  0.0038387413 |             f
   410 |    16400 |     40 |  0.000000E+00 |  0.000000E+00 |  0.0017946678 |             f
   411 |    16440 |     40 |  0.000000E+00 |  0.000000E+00 |  0.0033325504 |             f
   412 |    16480 |     40 |  0.000000E+00 |  0.000000E+00 |  0.0031407040 |             f
   413 |    16520 |     40 |  0.000000E+00 |  0.000000E+00 |  0.0011781143 |             f
   414 |    16560 |     40 |  0.000000E+00 |  0.000000E+00 |  0.0035661963 |             f
   415 |    16600 |     40 |  0.000000E+00 |  0.000000E+00 |  0.0028207522 |             f
   416 |    16640 |     40 |  0.000000E+00 |  0.000000E+00 |  0.0034856691 |             f
   417 |    16680 |     40 |  0.000000E+00 |  0.000000E+00 |  0.0019499661 |             f
   418 |    16720 |     40 |  0.000000E+00 |  0.000000E+00 |  0.0027865015 |             f
   419 |    16760 |     40 |  0.000000E+00 |  0.000000E+00 |  0.0021766877 |             f
   420 |    16800 |     40 |  0.000000E+00 |  0.000000E+00 |  0.0039115628 |             f
   421 |    16840 |     40 |  0.000000E+00 |  0.000000E+00 |  0.0032892812 |             f
   422 |    16880 |     40 |  0.000000E+00 |  0.000000E+00 |  0.0003541563 |             f
   423 |    16920 |     40 |  0.000000E+00 |  0.000000E+00 |  0.0017472580 |             f
   424 |    16960 |     40 |  0.000000E+00 |  0.000000E+00 |  0.0023563777 |             f
   425 |    17000 |     40 |  0.000000E+00 |  0.000000E+00 |  0.0038972105 |             f
   426 |    17040 |     40 |  0.000000E+00 |  0.000000E+00 |  0.0029133784 |             f
   427 |    17080 |     40 |  0.000000E+00 |  0.000000E+00 |  0.0008254269 |             f
   428 |    17120 |     40 |  0.000000E+00 |  0.000000E+00 |  0.0016782048 |             f
   429 |    17160 |     40 |  0.000000E+00 |  0.000000E+00 |  0.0040663561 |             f
   430 |    17200 |     40 |  0.000000E+00 |  0.000000E+00 |  0.0049771067 |         nadir
   431 |    17240 |     40 |  0.000000E+00 |  0.000000E+00 |  0.0019820626 |             f
   432 |    17280 |     40 |  0.000000E+00 |  0.000000E+00 |  0.0033050741 |             f
   433 |    17320 |     40 |  0.000000E+00 |  0.000000E+00 |  0.0006128068 |             f
   434 |    17360 |     40 |  0.000000E+00 |  0.000000E+00 |  0.0032550255 |             f
   435 |    17400 |     40 |  0.000000E+00 |  0.000000E+00 |  0.0017142188 |             f
   436 |    17440 |     40 |  0.000000E+00 |  0.000000E+00 |  0.0025507797 |             f
   437 |    17480 |     40 |  0.000000E+00 |  0.000000E+00 |  0.0018575926 |             f
   438 |    17520 |     40 |  0.000000E+00 |  0.000000E+00 |  0.0026802603 |             f
   439 |    17560 |     40 |  0.000000E+00 |  0.000000E+00 |  0.0013285712 |             f
   440 |    17600 |     40 |  0.000000E+00 |  0.000000E+00 |  0.0038136035 |             f
   441 |    17640 |     40 |  0.000000E+00 |  0.000000E+00 |  0.0020474063 |             f
   442 |    17680 |     40 |  0.000000E+00 |  0.000000E+00 |  0.0030268959 |             f
   443 |    17720 |     40 |  0.000000E+00 |  0.000000E+00 |  0.0013921415 |             f
   444 |    17760 |     40 |  0.000000E+00 |  0.000000E+00 |  0.0024452233 |             f
   445 |    17800 |     40 |  0.000000E+00 |  0.000000E+00 |  0.0045229832 |             f
   446 |    17840 |     40 |  0.000000E+00 |  0.000000E+00 |  0.0029713193 |             f
   447 |    17880 |     40 |  0.000000E+00 |  0.000000E+00 |  0.0022211695 |             f
   448 |    17920 |     40 |  0.000000E+00 |  0.000000E+00 |  0.0038951139 |             f
   449 |    17960 |     40 |  0.000000E+00 |  0.000000E+00 |  0.0014764943 |             f
   450 |    18000 |     40 |  0.000000E+00 |  0.000000E+00 |  0.0020805356 |             f
   451 |    18040 |     40 |  0.000000E+00 |  0.000000E+00 |  0.0029426867 |             f
   452 |    18080 |     40 |  0.000000E+00 |  0.000000E+00 |  0.0021215785 |             f
   453 |    18120 |     40 |  0.000000E+00 |  0.000000E+00 |  0.0047491897 |             f
   454 |    18160 |     40 |  0.000000E+00 |  0.000000E+00 |  0.0041533290 |             f
   455 |    18200 |     40 |  0.000000E+00 |  0.000000E+00 |  0.0023545524 |             f
   456 |    18240 |     40 |  0.000000E+00 |  0.000000E+00 |  0.0037607166 |             f
   457 |    18280 |     40 |  0.000000E+00 |  0.000000E+00 |  0.0022652579 |             f
   458 |    18320 |     40 |  0.000000E+00 |  0.000000E+00 |  0.0046989716 |             f
   459 |    18360 |     40 |  0.000000E+00 |  0.000000E+00 |  0.0009877913 |             f
   460 |    18400 |     40 |  0.000000E+00 |  0.000000E+00 |  0.0020349200 |             f
   461 |    18440 |     40 |  0.000000E+00 |  0.000000E+00 |  0.0028824812 |             f
   462 |    18480 |     40 |  0.000000E+00 |  0.000000E+00 |  0.0039589789 |             f
   463 |    18520 |     40 |  0.000000E+00 |  0.000000E+00 |  0.0029703220 |             f
   464 |    18560 |     40 |  0.000000E+00 |  0.000000E+00 |  0.0015076587 |             f
   465 |    18600 |     40 |  0.000000E+00 |  0.000000E+00 |  0.0027631646 |             f
   466 |    18640 |     40 |  0.000000E+00 |  0.000000E+00 |  0.0037674029 |             f
   467 |    18680 |     40 |  0.000000E+00 |  0.000000E+00 |  0.0049926811 |             f
   468 |    18720 |     40 |  0.000000E+00 |  0.000000E+00 |  0.0022383701 |             f
   469 |    18760 |     40 |  0.000000E+00 |  0.000000E+00 |  0.0044052336 |             f
   470 |    18800 |     40 |  0.000000E+00 |  0.000000E+00 |  0.0011201253 |             f
   471 |    18840 |     40 |  0.000000E+00 |  0.000000E+00 |  0.0030631034 |             f
   472 |    18880 |     40 |  0.000000E+00 |  0.000000E+00 |  0.0026986447 |             f
   473 |    18920 |     40 |  0.000000E+00 |  0.000000E+00 |  0.0019027134 |             f
   474 |    18960 |     40 |  0.000000E+00 |  0.000000E+00 |  0.0033364172 |             f
   475 |    19000 |     40 |  0.000000E+00 |  0.000000E+00 |  0.0020040745 |             f
   476 |    19040 |     40 |  0.000000E+00 |  0.000000E+00 |  0.0059195761 |             f
   477 |    19080 |     40 |  0.000000E+00 |  0.000000E+00 |  0.0029819970 |             f
   478 |    19120 |     40 |  0.000000E+00 |  0.000000E+00 |  0.0025984327 |             f
   479 |    19160 |     40 |  0.000000E+00 |  0.000000E+00 |  0.0025656488 |             f
   480 |    19200 |     40 |  0.000000E+00 |  0.000000E+00 |  0.0010639029 |             f
   481 |    19240 |     40 |  0.000000E+00 |  0.000000E+00 |  0.0051843752 |             f
   482 |    19280 |     40 |  0.000000E+00 |  0.000000E+00 |  0.0024531270 |             f
   483 |    19320 |     40 |  0.000000E+00 |  0.000000E+00 |  0.0029774751 |             f
Process SpawnPoolWorker-11:
Traceback (most recent call last):
  File "/opt/homebrew/Cellar/python@3.12/3.12.13_4/Frameworks/Python.framework/Versions/3.12/lib/python3.12/multiprocessing/pool.py", line 131, in worker
    put((job, i, result))
  File "/opt/homebrew/Cellar/python@3.12/3.12.13_4/Frameworks/Python.framework/Versions/3.12/lib/python3.12/multiprocessing/queues.py", line 399, in put
    self._writer.send_bytes(obj)
  File "/opt/homebrew/Cellar/python@3.12/3.12.13_4/Frameworks/Python.framework/Versions/3.12/lib/python3.12/multiprocessing/connection.py", line 200, in send_bytes
    self._send_bytes(m[offset:offset + size])
  File "/opt/homebrew/Cellar/python@3.12/3.12.13_4/Frameworks/Python.framework/Versions/3.12/lib/python3.12/multiprocessing/connection.py", line 427, in _send_bytes
    self._send(header + buf)
  File "/opt/homebrew/Cellar/python@3.12/3.12.13_4/Frameworks/Python.framework/Versions/3.12/lib/python3.12/multiprocessing/connection.py", line 384, in _send
    n = write(self._handle, buf)
        ^^^^^^^^^^^^^^^^^^^^^^^^
BrokenPipeError: [Errno 32] Broken pipe

During handling of the above exception, another exception occurred:

Traceback (most recent call last):
  File "/opt/homebrew/Cellar/python@3.12/3.12.13_4/Frameworks/Python.framework/Versions/3.12/lib/python3.12/multiprocessing/process.py", line 314, in _bootstrap
    self.run()
  File "/opt/homebrew/Cellar/python@3.12/3.12.13_4/Frameworks/Python.framework/Versions/3.12/lib/python3.12/multiprocessing/process.py", line 108, in run
    self._target(*self._args, **self._kwargs)
  File "/opt/homebrew/Cellar/python@3.12/3.12.13_4/Frameworks/Python.framework/Versions/3.12/lib/python3.12/multiprocessing/pool.py", line 136, in worker
    put((job, i, (False, wrapped)))
  File "/opt/homebrew/Cellar/python@3.12/3.12.13_4/Frameworks/Python.framework/Versions/3.12/lib/python3.12/multiprocessing/queues.py", line 399, in put
    self._writer.send_bytes(obj)
  File "/opt/homebrew/Cellar/python@3.12/3.12.13_4/Frameworks/Python.framework/Versions/3.12/lib/python3.12/multiprocessing/connection.py", line 200, in send_bytes
    self._send_bytes(m[offset:offset + size])
  File "/opt/homebrew/Cellar/python@3.12/3.12.13_4/Frameworks/Python.framework/Versions/3.12/lib/python3.12/multiprocessing/connection.py", line 427, in _send_bytes
    self._send(header + buf)
  File "/opt/homebrew/Cellar/python@3.12/3.12.13_4/Frameworks/Python.framework/Versions/3.12/lib/python3.12/multiprocessing/connection.py", line 384, in _send
    n = write(self._handle, buf)
        ^^^^^^^^^^^^^^^^^^^^^^^^
BrokenPipeError: [Errno 32] Broken pipe
Process SpawnPoolWorker-2:
Traceback (most recent call last):
  File "/opt/homebrew/Cellar/python@3.12/3.12.13_4/Frameworks/Python.framework/Versions/3.12/lib/python3.12/multiprocessing/pool.py", line 131, in worker
    put((job, i, result))
  File "/opt/homebrew/Cellar/python@3.12/3.12.13_4/Frameworks/Python.framework/Versions/3.12/lib/python3.12/multiprocessing/queues.py", line 399, in put
    self._writer.send_bytes(obj)
  File "/opt/homebrew/Cellar/python@3.12/3.12.13_4/Frameworks/Python.framework/Versions/3.12/lib/python3.12/multiprocessing/connection.py", line 200, in send_bytes
    self._send_bytes(m[offset:offset + size])
  File "/opt/homebrew/Cellar/python@3.12/3.12.13_4/Frameworks/Python.framework/Versions/3.12/lib/python3.12/multiprocessing/connection.py", line 427, in _send_bytes
    self._send(header + buf)
  File "/opt/homebrew/Cellar/python@3.12/3.12.13_4/Frameworks/Python.framework/Versions/3.12/lib/python3.12/multiprocessing/connection.py", line 384, in _send
    n = write(self._handle, buf)
        ^^^^^^^^^^^^^^^^^^^^^^^^
BrokenPipeError: [Errno 32] Broken pipe

During handling of the above exception, another exception occurred:

Traceback (most recent call last):
  File "/opt/homebrew/Cellar/python@3.12/3.12.13_4/Frameworks/Python.framework/Versions/3.12/lib/python3.12/multiprocessing/process.py", line 314, in _bootstrap
    self.run()
  File "/opt/homebrew/Cellar/python@3.12/3.12.13_4/Frameworks/Python.framework/Versions/3.12/lib/python3.12/multiprocessing/process.py", line 108, in run
    self._target(*self._args, **self._kwargs)
  File "/opt/homebrew/Cellar/python@3.12/3.12.13_4/Frameworks/Python.framework/Versions/3.12/lib/python3.12/multiprocessing/pool.py", line 136, in worker
    put((job, i, (False, wrapped)))
  File "/opt/homebrew/Cellar/python@3.12/3.12.13_4/Frameworks/Python.framework/Versions/3.12/lib/python3.12/multiprocessing/queues.py", line 399, in put
    self._writer.send_bytes(obj)
  File "/opt/homebrew/Cellar/python@3.12/3.12.13_4/Frameworks/Python.framework/Versions/3.12/lib/python3.12/multiprocessing/connection.py", line 200, in send_bytes
    self._send_bytes(m[offset:offset + size])
  File "/opt/homebrew/Cellar/python@3.12/3.12.13_4/Frameworks/Python.framework/Versions/3.12/lib/python3.12/multiprocessing/connection.py", line 427, in _send_bytes
    self._send(header + buf)
  File "/opt/homebrew/Cellar/python@3.12/3.12.13_4/Frameworks/Python.framework/Versions/3.12/lib/python3.12/multiprocessing/connection.py", line 384, in _send
    n = write(self._handle, buf)
        ^^^^^^^^^^^^^^^^^^^^^^^^
BrokenPipeError: [Errno 32] Broken pipe
Process SpawnPoolWorker-6:
Traceback (most recent call last):
  File "/opt/homebrew/Cellar/python@3.12/3.12.13_4/Frameworks/Python.framework/Versions/3.12/lib/python3.12/multiprocessing/pool.py", line 131, in worker
    put((job, i, result))
  File "/opt/homebrew/Cellar/python@3.12/3.12.13_4/Frameworks/Python.framework/Versions/3.12/lib/python3.12/multiprocessing/queues.py", line 399, in put
    self._writer.send_bytes(obj)
  File "/opt/homebrew/Cellar/python@3.12/3.12.13_4/Frameworks/Python.framework/Versions/3.12/lib/python3.12/multiprocessing/connection.py", line 200, in send_bytes
    self._send_bytes(m[offset:offset + size])
  File "/opt/homebrew/Cellar/python@3.12/3.12.13_4/Frameworks/Python.framework/Versions/3.12/lib/python3.12/multiprocessing/connection.py", line 427, in _send_bytes
    self._send(header + buf)
  File "/opt/homebrew/Cellar/python@3.12/3.12.13_4/Frameworks/Python.framework/Versions/3.12/lib/python3.12/multiprocessing/connection.py", line 384, in _send
    n = write(self._handle, buf)
        ^^^^^^^^^^^^^^^^^^^^^^^^
BrokenPipeError: [Errno 32] Broken pipe

During handling of the above exception, another exception occurred:

Traceback (most recent call last):
  File "/opt/homebrew/Cellar/python@3.12/3.12.13_4/Frameworks/Python.framework/Versions/3.12/lib/python3.12/multiprocessing/process.py", line 314, in _bootstrap
    self.run()
  File "/opt/homebrew/Cellar/python@3.12/3.12.13_4/Frameworks/Python.framework/Versions/3.12/lib/python3.12/multiprocessing/process.py", line 108, in run
    self._target(*self._args, **self._kwargs)
  File "/opt/homebrew/Cellar/python@3.12/3.12.13_4/Frameworks/Python.framework/Versions/3.12/lib/python3.12/multiprocessing/pool.py", line 136, in worker
    put((job, i, (False, wrapped)))
  File "/opt/homebrew/Cellar/python@3.12/3.12.13_4/Frameworks/Python.framework/Versions/3.12/lib/python3.12/multiprocessing/queues.py", line 399, in put
    self._writer.send_bytes(obj)
  File "/opt/homebrew/Cellar/python@3.12/3.12.13_4/Frameworks/Python.framework/Versions/3.12/lib/python3.12/multiprocessing/connection.py", line 200, in send_bytes
    self._send_bytes(m[offset:offset + size])
  File "/opt/homebrew/Cellar/python@3.12/3.12.13_4/Frameworks/Python.framework/Versions/3.12/lib/python3.12/multiprocessing/connection.py", line 427, in _send_bytes
    self._send(header + buf)
  File "/opt/homebrew/Cellar/python@3.12/3.12.13_4/Frameworks/Python.framework/Versions/3.12/lib/python3.12/multiprocessing/connection.py", line 384, in _send
    n = write(self._handle, buf)
        ^^^^^^^^^^^^^^^^^^^^^^^^
BrokenPipeError: [Errno 32] Broken pipe
Process SpawnPoolWorker-4:
Traceback (most recent call last):
  File "/opt/homebrew/Cellar/python@3.12/3.12.13_4/Frameworks/Python.framework/Versions/3.12/lib/python3.12/multiprocessing/pool.py", line 131, in worker
    put((job, i, result))
  File "/opt/homebrew/Cellar/python@3.12/3.12.13_4/Frameworks/Python.framework/Versions/3.12/lib/python3.12/multiprocessing/queues.py", line 399, in put
    self._writer.send_bytes(obj)
  File "/opt/homebrew/Cellar/python@3.12/3.12.13_4/Frameworks/Python.framework/Versions/3.12/lib/python3.12/multiprocessing/connection.py", line 200, in send_bytes
    self._send_bytes(m[offset:offset + size])
  File "/opt/homebrew/Cellar/python@3.12/3.12.13_4/Frameworks/Python.framework/Versions/3.12/lib/python3.12/multiprocessing/connection.py", line 427, in _send_bytes
    self._send(header + buf)
  File "/opt/homebrew/Cellar/python@3.12/3.12.13_4/Frameworks/Python.framework/Versions/3.12/lib/python3.12/multiprocessing/connection.py", line 384, in _send
    n = write(self._handle, buf)
        ^^^^^^^^^^^^^^^^^^^^^^^^
BrokenPipeError: [Errno 32] Broken pipe

During handling of the above exception, another exception occurred:

Traceback (most recent call last):
  File "/opt/homebrew/Cellar/python@3.12/3.12.13_4/Frameworks/Python.framework/Versions/3.12/lib/python3.12/multiprocessing/process.py", line 314, in _bootstrap
    self.run()
  File "/opt/homebrew/Cellar/python@3.12/3.12.13_4/Frameworks/Python.framework/Versions/3.12/lib/python3.12/multiprocessing/process.py", line 108, in run
    self._target(*self._args, **self._kwargs)
  File "/opt/homebrew/Cellar/python@3.12/3.12.13_4/Frameworks/Python.framework/Versions/3.12/lib/python3.12/multiprocessing/pool.py", line 136, in worker
    put((job, i, (False, wrapped)))
  File "/opt/homebrew/Cellar/python@3.12/3.12.13_4/Frameworks/Python.framework/Versions/3.12/lib/python3.12/multiprocessing/queues.py", line 399, in put
    self._writer.send_bytes(obj)
  File "/opt/homebrew/Cellar/python@3.12/3.12.13_4/Frameworks/Python.framework/Versions/3.12/lib/python3.12/multiprocessing/connection.py", line 200, in send_bytes
    self._send_bytes(m[offset:offset + size])
  File "/opt/homebrew/Cellar/python@3.12/3.12.13_4/Frameworks/Python.framework/Versions/3.12/lib/python3.12/multiprocessing/connection.py", line 427, in _send_bytes
    self._send(header + buf)
  File "/opt/homebrew/Cellar/python@3.12/3.12.13_4/Frameworks/Python.framework/Versions/3.12/lib/python3.12/multiprocessing/connection.py", line 384, in _send
    n = write(self._handle, buf)
        ^^^^^^^^^^^^^^^^^^^^^^^^
BrokenPipeError: [Errno 32] Broken pipe
Process SpawnPoolWorker-5:
Traceback (most recent call last):
  File "/opt/homebrew/Cellar/python@3.12/3.12.13_4/Frameworks/Python.framework/Versions/3.12/lib/python3.12/multiprocessing/pool.py", line 131, in worker
    put((job, i, result))
  File "/opt/homebrew/Cellar/python@3.12/3.12.13_4/Frameworks/Python.framework/Versions/3.12/lib/python3.12/multiprocessing/queues.py", line 399, in put
    self._writer.send_bytes(obj)
  File "/opt/homebrew/Cellar/python@3.12/3.12.13_4/Frameworks/Python.framework/Versions/3.12/lib/python3.12/multiprocessing/connection.py", line 200, in send_bytes
    self._send_bytes(m[offset:offset + size])
  File "/opt/homebrew/Cellar/python@3.12/3.12.13_4/Frameworks/Python.framework/Versions/3.12/lib/python3.12/multiprocessing/connection.py", line 427, in _send_bytes
    self._send(header + buf)
  File "/opt/homebrew/Cellar/python@3.12/3.12.13_4/Frameworks/Python.framework/Versions/3.12/lib/python3.12/multiprocessing/connection.py", line 384, in _send
    n = write(self._handle, buf)
        ^^^^^^^^^^^^^^^^^^^^^^^^
BrokenPipeError: [Errno 32] Broken pipe

During handling of the above exception, another exception occurred:

Traceback (most recent call last):
  File "/opt/homebrew/Cellar/python@3.12/3.12.13_4/Frameworks/Python.framework/Versions/3.12/lib/python3.12/multiprocessing/process.py", line 314, in _bootstrap
    self.run()
  File "/opt/homebrew/Cellar/python@3.12/3.12.13_4/Frameworks/Python.framework/Versions/3.12/lib/python3.12/multiprocessing/process.py", line 108, in run
    self._target(*self._args, **self._kwargs)
  File "/opt/homebrew/Cellar/python@3.12/3.12.13_4/Frameworks/Python.framework/Versions/3.12/lib/python3.12/multiprocessing/pool.py", line 136, in worker
    put((job, i, (False, wrapped)))
  File "/opt/homebrew/Cellar/python@3.12/3.12.13_4/Frameworks/Python.framework/Versions/3.12/lib/python3.12/multiprocessing/queues.py", line 399, in put
    self._writer.send_bytes(obj)
  File "/opt/homebrew/Cellar/python@3.12/3.12.13_4/Frameworks/Python.framework/Versions/3.12/lib/python3.12/multiprocessing/connection.py", line 200, in send_bytes
    self._send_bytes(m[offset:offset + size])
  File "/opt/homebrew/Cellar/python@3.12/3.12.13_4/Frameworks/Python.framework/Versions/3.12/lib/python3.12/multiprocessing/connection.py", line 427, in _send_bytes
    self._send(header + buf)
  File "/opt/homebrew/Cellar/python@3.12/3.12.13_4/Frameworks/Python.framework/Versions/3.12/lib/python3.12/multiprocessing/connection.py", line 384, in _send
    n = write(self._handle, buf)
        ^^^^^^^^^^^^^^^^^^^^^^^^
BrokenPipeError: [Errno 32] Broken pipe
Process SpawnPoolWorker-8:
Traceback (most recent call last):
  File "/opt/homebrew/Cellar/python@3.12/3.12.13_4/Frameworks/Python.framework/Versions/3.12/lib/python3.12/multiprocessing/pool.py", line 131, in worker
    put((job, i, result))
  File "/opt/homebrew/Cellar/python@3.12/3.12.13_4/Frameworks/Python.framework/Versions/3.12/lib/python3.12/multiprocessing/queues.py", line 399, in put
    self._writer.send_bytes(obj)
  File "/opt/homebrew/Cellar/python@3.12/3.12.13_4/Frameworks/Python.framework/Versions/3.12/lib/python3.12/multiprocessing/connection.py", line 200, in send_bytes
    self._send_bytes(m[offset:offset + size])
  File "/opt/homebrew/Cellar/python@3.12/3.12.13_4/Frameworks/Python.framework/Versions/3.12/lib/python3.12/multiprocessing/connection.py", line 427, in _send_bytes
    self._send(header + buf)
  File "/opt/homebrew/Cellar/python@3.12/3.12.13_4/Frameworks/Python.framework/Versions/3.12/lib/python3.12/multiprocessing/connection.py", line 384, in _send
    n = write(self._handle, buf)
        ^^^^^^^^^^^^^^^^^^^^^^^^
BrokenPipeError: [Errno 32] Broken pipe

During handling of the above exception, another exception occurred:

Traceback (most recent call last):
  File "/opt/homebrew/Cellar/python@3.12/3.12.13_4/Frameworks/Python.framework/Versions/3.12/lib/python3.12/multiprocessing/process.py", line 314, in _bootstrap
    self.run()
  File "/opt/homebrew/Cellar/python@3.12/3.12.13_4/Frameworks/Python.framework/Versions/3.12/lib/python3.12/multiprocessing/process.py", line 108, in run
    self._target(*self._args, **self._kwargs)
  File "/opt/homebrew/Cellar/python@3.12/3.12.13_4/Frameworks/Python.framework/Versions/3.12/lib/python3.12/multiprocessing/pool.py", line 136, in worker
    put((job, i, (False, wrapped)))
  File "/opt/homebrew/Cellar/python@3.12/3.12.13_4/Frameworks/Python.framework/Versions/3.12/lib/python3.12/multiprocessing/queues.py", line 399, in put
    self._writer.send_bytes(obj)
  File "/opt/homebrew/Cellar/python@3.12/3.12.13_4/Frameworks/Python.framework/Versions/3.12/lib/python3.12/multiprocessing/connection.py", line 200, in send_bytes
    self._send_bytes(m[offset:offset + size])
  File "/opt/homebrew/Cellar/python@3.12/3.12.13_4/Frameworks/Python.framework/Versions/3.12/lib/python3.12/multiprocessing/connection.py", line 427, in _send_bytes
    self._send(header + buf)
  File "/opt/homebrew/Cellar/python@3.12/3.12.13_4/Frameworks/Python.framework/Versions/3.12/lib/python3.12/multiprocessing/connection.py", line 384, in _send
    n = write(self._handle, buf)
        ^^^^^^^^^^^^^^^^^^^^^^^^
BrokenPipeError: [Errno 32] Broken pipe
Process SpawnPoolWorker-1:
Traceback (most recent call last):
  File "/opt/homebrew/Cellar/python@3.12/3.12.13_4/Frameworks/Python.framework/Versions/3.12/lib/python3.12/multiprocessing/pool.py", line 131, in worker
    put((job, i, result))
  File "/opt/homebrew/Cellar/python@3.12/3.12.13_4/Frameworks/Python.framework/Versions/3.12/lib/python3.12/multiprocessing/queues.py", line 399, in put
    self._writer.send_bytes(obj)
  File "/opt/homebrew/Cellar/python@3.12/3.12.13_4/Frameworks/Python.framework/Versions/3.12/lib/python3.12/multiprocessing/connection.py", line 200, in send_bytes
    self._send_bytes(m[offset:offset + size])
  File "/opt/homebrew/Cellar/python@3.12/3.12.13_4/Frameworks/Python.framework/Versions/3.12/lib/python3.12/multiprocessing/connection.py", line 427, in _send_bytes
    self._send(header + buf)
  File "/opt/homebrew/Cellar/python@3.12/3.12.13_4/Frameworks/Python.framework/Versions/3.12/lib/python3.12/multiprocessing/connection.py", line 384, in _send
    n = write(self._handle, buf)
        ^^^^^^^^^^^^^^^^^^^^^^^^
BrokenPipeError: [Errno 32] Broken pipe

During handling of the above exception, another exception occurred:

Traceback (most recent call last):
  File "/opt/homebrew/Cellar/python@3.12/3.12.13_4/Frameworks/Python.framework/Versions/3.12/lib/python3.12/multiprocessing/process.py", line 314, in _bootstrap
    self.run()
  File "/opt/homebrew/Cellar/python@3.12/3.12.13_4/Frameworks/Python.framework/Versions/3.12/lib/python3.12/multiprocessing/process.py", line 108, in run
    self._target(*self._args, **self._kwargs)
  File "/opt/homebrew/Cellar/python@3.12/3.12.13_4/Frameworks/Python.framework/Versions/3.12/lib/python3.12/multiprocessing/pool.py", line 136, in worker
    put((job, i, (False, wrapped)))
  File "/opt/homebrew/Cellar/python@3.12/3.12.13_4/Frameworks/Python.framework/Versions/3.12/lib/python3.12/multiprocessing/queues.py", line 399, in put
    self._writer.send_bytes(obj)
  File "/opt/homebrew/Cellar/python@3.12/3.12.13_4/Frameworks/Python.framework/Versions/3.12/lib/python3.12/multiprocessing/connection.py", line 200, in send_bytes
    self._send_bytes(m[offset:offset + size])
  File "/opt/homebrew/Cellar/python@3.12/3.12.13_4/Frameworks/Python.framework/Versions/3.12/lib/python3.12/multiprocessing/connection.py", line 427, in _send_bytes
    self._send(header + buf)
  File "/opt/homebrew/Cellar/python@3.12/3.12.13_4/Frameworks/Python.framework/Versions/3.12/lib/python3.12/multiprocessing/connection.py", line 384, in _send
    n = write(self._handle, buf)
        ^^^^^^^^^^^^^^^^^^^^^^^^
BrokenPipeError: [Errno 32] Broken pipe
Process SpawnPoolWorker-10:
Traceback (most recent call last):
  File "/opt/homebrew/Cellar/python@3.12/3.12.13_4/Frameworks/Python.framework/Versions/3.12/lib/python3.12/multiprocessing/pool.py", line 131, in worker
    put((job, i, result))
  File "/opt/homebrew/Cellar/python@3.12/3.12.13_4/Frameworks/Python.framework/Versions/3.12/lib/python3.12/multiprocessing/queues.py", line 399, in put
    self._writer.send_bytes(obj)
  File "/opt/homebrew/Cellar/python@3.12/3.12.13_4/Frameworks/Python.framework/Versions/3.12/lib/python3.12/multiprocessing/connection.py", line 200, in send_bytes
    self._send_bytes(m[offset:offset + size])
  File "/opt/homebrew/Cellar/python@3.12/3.12.13_4/Frameworks/Python.framework/Versions/3.12/lib/python3.12/multiprocessing/connection.py", line 427, in _send_bytes
    self._send(header + buf)
  File "/opt/homebrew/Cellar/python@3.12/3.12.13_4/Frameworks/Python.framework/Versions/3.12/lib/python3.12/multiprocessing/connection.py", line 384, in _send
    n = write(self._handle, buf)
        ^^^^^^^^^^^^^^^^^^^^^^^^
BrokenPipeError: [Errno 32] Broken pipe

During handling of the above exception, another exception occurred:

Traceback (most recent call last):
  File "/opt/homebrew/Cellar/python@3.12/3.12.13_4/Frameworks/Python.framework/Versions/3.12/lib/python3.12/multiprocessing/process.py", line 314, in _bootstrap
    self.run()
  File "/opt/homebrew/Cellar/python@3.12/3.12.13_4/Frameworks/Python.framework/Versions/3.12/lib/python3.12/multiprocessing/process.py", line 108, in run
    self._target(*self._args, **self._kwargs)
  File "/opt/homebrew/Cellar/python@3.12/3.12.13_4/Frameworks/Python.framework/Versions/3.12/lib/python3.12/multiprocessing/pool.py", line 136, in worker
    put((job, i, (False, wrapped)))
  File "/opt/homebrew/Cellar/python@3.12/3.12.13_4/Frameworks/Python.framework/Versions/3.12/lib/python3.12/multiprocessing/queues.py", line 399, in put
    self._writer.send_bytes(obj)
  File "/opt/homebrew/Cellar/python@3.12/3.12.13_4/Frameworks/Python.framework/Versions/3.12/lib/python3.12/multiprocessing/connection.py", line 200, in send_bytes
    self._send_bytes(m[offset:offset + size])
  File "/opt/homebrew/Cellar/python@3.12/3.12.13_4/Frameworks/Python.framework/Versions/3.12/lib/python3.12/multiprocessing/connection.py", line 427, in _send_bytes
    self._send(header + buf)
  File "/opt/homebrew/Cellar/python@3.12/3.12.13_4/Frameworks/Python.framework/Versions/3.12/lib/python3.12/multiprocessing/connection.py", line 384, in _send
    n = write(self._handle, buf)
        ^^^^^^^^^^^^^^^^^^^^^^^^
BrokenPipeError: [Errno 32] Broken pipe
Process SpawnPoolWorker-7:
Traceback (most recent call last):
  File "/opt/homebrew/Cellar/python@3.12/3.12.13_4/Frameworks/Python.framework/Versions/3.12/lib/python3.12/multiprocessing/pool.py", line 131, in worker
    put((job, i, result))
  File "/opt/homebrew/Cellar/python@3.12/3.12.13_4/Frameworks/Python.framework/Versions/3.12/lib/python3.12/multiprocessing/queues.py", line 399, in put
    self._writer.send_bytes(obj)
  File "/opt/homebrew/Cellar/python@3.12/3.12.13_4/Frameworks/Python.framework/Versions/3.12/lib/python3.12/multiprocessing/connection.py", line 200, in send_bytes
    self._send_bytes(m[offset:offset + size])
  File "/opt/homebrew/Cellar/python@3.12/3.12.13_4/Frameworks/Python.framework/Versions/3.12/lib/python3.12/multiprocessing/connection.py", line 427, in _send_bytes
    self._send(header + buf)
  File "/opt/homebrew/Cellar/python@3.12/3.12.13_4/Frameworks/Python.framework/Versions/3.12/lib/python3.12/multiprocessing/connection.py", line 384, in _send
    n = write(self._handle, buf)
        ^^^^^^^^^^^^^^^^^^^^^^^^
BrokenPipeError: [Errno 32] Broken pipe

During handling of the above exception, another exception occurred:

Traceback (most recent call last):
  File "/opt/homebrew/Cellar/python@3.12/3.12.13_4/Frameworks/Python.framework/Versions/3.12/lib/python3.12/multiprocessing/process.py", line 314, in _bootstrap
    self.run()
  File "/opt/homebrew/Cellar/python@3.12/3.12.13_4/Frameworks/Python.framework/Versions/3.12/lib/python3.12/multiprocessing/process.py", line 108, in run
    self._target(*self._args, **self._kwargs)
  File "/opt/homebrew/Cellar/python@3.12/3.12.13_4/Frameworks/Python.framework/Versions/3.12/lib/python3.12/multiprocessing/pool.py", line 136, in worker
    put((job, i, (False, wrapped)))
  File "/opt/homebrew/Cellar/python@3.12/3.12.13_4/Frameworks/Python.framework/Versions/3.12/lib/python3.12/multiprocessing/queues.py", line 399, in put
    self._writer.send_bytes(obj)
  File "/opt/homebrew/Cellar/python@3.12/3.12.13_4/Frameworks/Python.framework/Versions/3.12/lib/python3.12/multiprocessing/connection.py", line 200, in send_bytes
    self._send_bytes(m[offset:offset + size])
  File "/opt/homebrew/Cellar/python@3.12/3.12.13_4/Frameworks/Python.framework/Versions/3.12/lib/python3.12/multiprocessing/connection.py", line 427, in _send_bytes
    self._send(header + buf)
  File "/opt/homebrew/Cellar/python@3.12/3.12.13_4/Frameworks/Python.framework/Versions/3.12/lib/python3.12/multiprocessing/connection.py", line 384, in _send
    n = write(self._handle, buf)
        ^^^^^^^^^^^^^^^^^^^^^^^^
BrokenPipeError: [Errno 32] Broken pipe
/opt/homebrew/Cellar/python@3.12/3.12.13_4/Frameworks/Python.framework/Versions/3.12/lib/python3.12/multiprocessing/resource_tracker.py:279: UserWarning: resource_tracker: There appear to be 6 leaked semaphore objects to clean up at shutdown
  warnings.warn('resource_tracker: There appear to be %d '
