start: 650 magnets, 3015 ppm, B0 45.01 mT, 213 check points, radial=True
round 1 minimax: 2110 ppm (feasible=True)  (6 s)
   ring (2, 3): 38 -> 37, ring (0, 3): 31 -> 32 magnets (total 650), 1865 ppm  (56 s)
   ring (1, 2): 36 -> 35, ring (0, 2): 31 -> 32 magnets (total 650), 1701 ppm  (106 s)
   ring (2, 3): 37 -> 36, ring (1, 3): 38 -> 39 magnets (total 650), 1628 ppm  (156 s)
   ring (2, 3): 36 -> 35, ring (1, 2): 35 -> 36 magnets (total 650), 1559 ppm  (208 s)
   ring (2, 3): 35 -> 34, ring (1, 2): 36 -> 37 magnets (total 650), 1490 ppm  (260 s)
   ring (2, 3): 34 -> 33, ring (1, 2): 37 -> 38 magnets (total 650), 1423 ppm  (311 s)
   ring (2, 3): 33 -> 32, ring (1, 2): 38 -> 39 magnets (total 650), 1357 ppm  (358 s)
   ring (2, 1): 38 -> 37, ring (1, 1): 10 -> 11 magnets (total 650), 1342 ppm  (407 s)
   ring (2, 1): 37 -> 36, ring (1, 1): 11 -> 12 magnets (total 650), 1327 ppm  (455 s)
   ring (2, 1): 36 -> 35, ring (1, 1): 12 -> 13 magnets (total 650), 1312 ppm  (501 s)
   ring (2, 1): 35 -> 34, ring (1, 1): 13 -> 14 magnets (total 650), 1298 ppm  (546 s)
   ring (2, 1): 34 -> 33, ring (1, 1): 14 -> 15 magnets (total 650), 1284 ppm  (591 s)
   ring (2, 1): 33 -> 32, ring (1, 1): 15 -> 16 magnets (total 650), 1271 ppm  (636 s)
   ring (2, 1): 32 -> 31, ring (1, 1): 16 -> 17 magnets (total 650), 1257 ppm  (682 s)
   ring (2, 1): 31 -> 30, ring (1, 1): 17 -> 18 magnets (total 650), 1244 ppm  (727 s)
   ring (2, 1): 30 -> 29, ring (1, 1): 18 -> 19 magnets (total 650), 1231 ppm  (772 s)
   ring (2, 1): 29 -> 28, ring (1, 1): 19 -> 20 magnets (total 650), 1218 ppm  (816 s)
   ring (2, 1): 28 -> 27, ring (1, 1): 20 -> 21 magnets (total 650), 1205 ppm  (861 s)
   ring (2, 1): 27 -> 26, ring (1, 1): 21 -> 22 magnets (total 650), 1192 ppm  (906 s)
   ring (2, 1): 26 -> 25, ring (1, 1): 22 -> 23 magnets (total 650), 1180 ppm  (950 s)
round 2 minimax: 1180 ppm (feasible=True)  (951 s)
   ring (2, 1): 25 -> 24, ring (1, 1): 23 -> 24 magnets (total 650), 1167 ppm  (996 s)
   ring (2, 1): 24 -> 23, ring (1, 1): 24 -> 25 magnets (total 650), 1155 ppm  (1040 s)
   ring (2, 1): 23 -> 22, ring (1, 1): 25 -> 26 magnets (total 650), 1143 ppm  (1080 s)
   ring (2, 1): 22 -> 21, ring (1, 1): 26 -> 27 magnets (total 650), 1132 ppm  (1122 s)
   ring (2, 1): 21 -> 20, ring (1, 1): 27 -> 28 magnets (total 650), 1120 ppm  (1166 s)
   ring (2, 1): 20 -> 19, ring (1, 1): 28 -> 29 magnets (total 650), 1109 ppm  (1211 s)
   ring (2, 1): 19 -> 18, ring (1, 1): 29 -> 30 magnets (total 650), 1098 ppm  (1257 s)
   ring (2, 1): 18 -> 17, ring (1, 1): 30 -> 31 magnets (total 650), 1087 ppm  (1304 s)
   ring (2, 1): 17 -> 16, ring (1, 1): 31 -> 32 magnets (total 650), 1076 ppm  (1349 s)
   ring (2, 1): 16 -> 15, ring (1, 1): 32 -> 33 magnets (total 650), 1066 ppm  (1393 s)
   ring (2, 1): 15 -> 14, ring (1, 1): 33 -> 34 magnets (total 650), 1055 ppm  (1438 s)
   ring (2, 1): 14 -> 13, ring (1, 1): 34 -> 35 magnets (total 650), 1045 ppm  (1482 s)
   ring (2, 1): 13 -> 12, ring (1, 1): 35 -> 36 magnets (total 650), 1035 ppm  (1527 s)
   ring (2, 1): 12 -> 11, ring (1, 1): 36 -> 37 magnets (total 650), 1025 ppm  (1571 s)
   ring (2, 1): 11 -> 10, ring (1, 1): 37 -> 38 magnets (total 650), 1015 ppm  (1615 s)
   ring (2, 1): 10 -> 9, ring (1, 1): 38 -> 39 magnets (total 650), 1005 ppm  (1659 s)
round 3 minimax: 1005 ppm (feasible=True)  (1715 s)
done: 650 magnets, 1005 ppm, B0 45.00 mT, length 121.5 mm, ring radii 57.5-80.3 mm  (1769 s) -> results/MM2_from_ga3layer.xlsx
