start: 649 magnets, 1572 ppm, B0 45.02 mT, 213 check points, radial=True
round 1 minimax: 591 ppm (feasible=True)  (60 s)
   ring (2, 1): 38 -> 37, ring (1, 1): 24 -> 25 magnets (total 649), 579 ppm  (117 s)
   ring (2, 1): 37 -> 36, ring (1, 1): 25 -> 26 magnets (total 649), 566 ppm  (223 s)
   ring (2, 1): 36 -> 35, ring (1, 1): 26 -> 27 magnets (total 649), 554 ppm  (296 s)
   ring (2, 1): 35 -> 34, ring (1, 1): 27 -> 28 magnets (total 649), 542 ppm  (383 s)
   ring (2, 1): 34 -> 33, ring (1, 1): 28 -> 29 magnets (total 649), 529 ppm  (446 s)
   ring (2, 1): 33 -> 32, ring (1, 1): 29 -> 30 magnets (total 649), 517 ppm  (517 s)
   ring (2, 1): 32 -> 31, ring (1, 1): 30 -> 31 magnets (total 649), 505 ppm  (584 s)
   ring (2, 1): 31 -> 30, ring (1, 1): 31 -> 32 magnets (total 649), 493 ppm  (650 s)
   ring (2, 1): 30 -> 29, ring (1, 1): 32 -> 33 magnets (total 649), 482 ppm  (715 s)
   ring (2, 1): 29 -> 28, ring (1, 1): 33 -> 34 magnets (total 649), 470 ppm  (789 s)
   ring (2, 1): 28 -> 27, ring (1, 1): 34 -> 35 magnets (total 649), 459 ppm  (864 s)
   ring (2, 1): 27 -> 26, ring (1, 1): 35 -> 36 magnets (total 649), 451 ppm  (966 s)
   ring (2, 1): 26 -> 25, ring (1, 1): 36 -> 37 magnets (total 649), 445 ppm  (1073 s)
   ring (2, 1): 25 -> 24, ring (1, 1): 37 -> 38 magnets (total 649), 441 ppm  (1196 s)
   ring (1, 3): 29 -> 28, ring (0, 3): 31 -> 32 magnets (total 649), 436 ppm  (1243 s)
   ring (2, 1): 24 -> 23, ring (1, 1): 38 -> 39 magnets (total 649), 432 ppm  (1296 s)
   ring (2, 3): 33 -> 32, ring (1, 3): 28 -> 29 magnets (total 649), 430 ppm  (1362 s)
   ring (2, 3): 32 -> 31, ring (1, 3): 29 -> 30 magnets (total 649), 427 ppm  (1439 s)
   ring (2, 3): 31 -> 30, ring (1, 3): 30 -> 31 magnets (total 649), 425 ppm  (1518 s)
   ring (2, 3): 30 -> 29, ring (1, 3): 31 -> 32 magnets (total 649), 422 ppm  (1598 s)
round 2 minimax: 422 ppm (feasible=True)  (1599 s)
   ring (2, 3): 29 -> 28, ring (1, 3): 32 -> 33 magnets (total 649), 420 ppm  (1677 s)
   ring (2, 3): 28 -> 27, ring (1, 3): 33 -> 34 magnets (total 649), 418 ppm  (1761 s)
   ring (2, 3): 27 -> 26, ring (1, 3): 34 -> 35 magnets (total 649), 415 ppm  (1837 s)
   ring (2, 3): 26 -> 25, ring (1, 3): 35 -> 36 magnets (total 649), 413 ppm  (1918 s)
   ring (2, 3): 25 -> 24, ring (1, 3): 36 -> 37 magnets (total 649), 410 ppm  (2000 s)
   ring (2, 3): 24 -> 23, ring (1, 3): 37 -> 38 magnets (total 649), 408 ppm  (2083 s)
   ring (2, 3): 23 -> 22, ring (1, 3): 38 -> 39 magnets (total 649), 405 ppm  (2212 s)
   ring (2, 3): 22 -> 21, ring (1, 2): 32 -> 33 magnets (total 649), 403 ppm  (2347 s)
   ring (2, 3): 21 -> 20, ring (1, 2): 33 -> 34 magnets (total 649), 400 ppm  (2561 s)
   ring (2, 3): 20 -> 19, ring (1, 2): 34 -> 35 magnets (total 649), 398 ppm  (2630 s)
   ring (2, 3): 19 -> 18, ring (1, 2): 35 -> 36 magnets (total 649), 396 ppm  (2699 s)
   ring (2, 3): 18 -> 17, ring (1, 2): 36 -> 37 magnets (total 649), 393 ppm  (2768 s)
   ring (2, 3): 17 -> 16, ring (1, 2): 37 -> 38 magnets (total 649), 391 ppm  (2839 s)
   ring (2, 3): 16 -> 15, ring (1, 2): 38 -> 39 magnets (total 649), 389 ppm  (2909 s)
round 3 minimax: 389 ppm (feasible=True)  (3025 s)
done: 649 magnets, 389 ppm, B0 45.00 mT, length 143.9 mm, ring radii 57.5-84.6 mm  (3159 s) -> results/MM2_from_refined.xlsx
