/Users/nv/Documents/MRI/magnet_design/optimize_robust_aligned.py:54: DeprecationWarning: Importing 'StarmapParallelization' from 'pymoo.core.problem' is deprecated. Please use 'from pymoo.parallelization import StarmapParallelization' instead. This backward compatibility import will be removed in a future version.
  from pymoo.core.problem import StarmapParallelization
==========================================================================================
n_gen  |  n_eval  | n_nds  |     cv_min    |     cv_avg    |      eps      |   indicator  
==========================================================================================
     1 |       40 |      1 |  2.809966E+01 |  1.632730E+02 |             - |             -
     2 |       80 |      1 |  2.535189E+01 |  5.292337E+01 |             - |             -
     3 |      120 |      1 |  2.154194E+01 |  3.647489E+01 |             - |             -
     4 |      160 |      1 |  1.503213E+01 |  3.145693E+01 |             - |             -
     5 |      200 |      1 |  6.2738184600 |  2.689497E+01 |             - |             -
     6 |      240 |      1 |  6.2738184600 |  2.295525E+01 |             - |             -
     7 |      280 |      1 |  6.2738184600 |  1.959660E+01 |             - |             -
     8 |      320 |      1 |  6.2738184600 |  1.734444E+01 |             - |             -
     9 |      360 |      1 |  1.2807551044 |  1.413414E+01 |             - |             -
    10 |      400 |      1 |  1.2807551044 |  1.102246E+01 |             - |             -
    11 |      440 |      1 |  1.1572601725 |  7.5917860073 |             - |             -
    12 |      480 |      1 |  0.1681474337 |  5.7750362227 |             - |             -
    13 |      520 |      1 |  0.000000E+00 |  3.6992138051 |             - |             -
    14 |      560 |      1 |  0.000000E+00 |  1.8190731364 |  2.664252E+04 |         ideal
    15 |      600 |      1 |  0.000000E+00 |  0.9090260350 |  6.685114E+03 |         ideal
    16 |      640 |      1 |  0.000000E+00 |  0.4746129004 |  0.000000E+00 |             f
    17 |      680 |      1 |  0.000000E+00 |  0.1887391846 |  0.000000E+00 |             f
    18 |      720 |      1 |  0.000000E+00 |  0.1017150515 |  0.000000E+00 |             f
    19 |      760 |      1 |  0.000000E+00 |  0.0298098751 |  0.000000E+00 |             f
    20 |      800 |      1 |  0.000000E+00 |  0.0076978886 |  7.806490E+03 |         ideal
    21 |      840 |      1 |  0.000000E+00 |  0.000000E+00 |  0.000000E+00 |             f
    22 |      880 |      1 |  0.000000E+00 |  0.000000E+00 |  0.000000E+00 |             f
    23 |      920 |      1 |  0.000000E+00 |  0.000000E+00 |  0.000000E+00 |             f
    24 |      960 |      1 |  0.000000E+00 |  0.000000E+00 |  0.000000E+00 |             f
    25 |     1000 |      1 |  0.000000E+00 |  0.000000E+00 |  0.000000E+00 |             f
    26 |     1040 |      1 |  0.000000E+00 |  0.000000E+00 |  1.513103E+03 |         ideal
    27 |     1080 |      1 |  0.000000E+00 |  0.000000E+00 |  0.000000E+00 |             f
    28 |     1120 |      1 |  0.000000E+00 |  0.000000E+00 |  0.000000E+00 |             f
    29 |     1160 |      1 |  0.000000E+00 |  0.000000E+00 |  0.000000E+00 |             f
    30 |     1200 |      1 |  0.000000E+00 |  0.000000E+00 |  4.221150E+03 |         ideal
    31 |     1240 |      1 |  0.000000E+00 |  0.000000E+00 |  2.306062E+03 |         ideal
    32 |     1280 |      1 |  0.000000E+00 |  0.000000E+00 |  0.000000E+00 |             f
    33 |     1320 |      1 |  0.000000E+00 |  0.000000E+00 |  0.000000E+00 |             f
    34 |     1360 |      1 |  0.000000E+00 |  0.000000E+00 |  0.000000E+00 |             f
    35 |     1400 |      1 |  0.000000E+00 |  0.000000E+00 |  0.000000E+00 |             f
    36 |     1440 |      1 |  0.000000E+00 |  0.000000E+00 |  0.000000E+00 |             f
    37 |     1480 |      1 |  0.000000E+00 |  0.000000E+00 |  4.772693E+02 |         ideal
    38 |     1520 |      1 |  0.000000E+00 |  0.000000E+00 |  0.000000E+00 |             f
    39 |     1560 |      1 |  0.000000E+00 |  0.000000E+00 |  5.058073E+02 |         ideal
    40 |     1600 |      1 |  0.000000E+00 |  0.000000E+00 |  6.652492E+02 |         ideal
    41 |     1640 |      1 |  0.000000E+00 |  0.000000E+00 |  1.305203E+03 |         ideal
    42 |     1680 |      1 |  0.000000E+00 |  0.000000E+00 |  2.571956E+04 |         ideal
    43 |     1720 |      1 |  0.000000E+00 |  0.000000E+00 |  0.000000E+00 |             f
    44 |     1760 |      1 |  0.000000E+00 |  0.000000E+00 |  0.000000E+00 |             f
    45 |     1800 |      1 |  0.000000E+00 |  0.000000E+00 |  0.000000E+00 |             f
    46 |     1840 |      1 |  0.000000E+00 |  0.000000E+00 |  0.000000E+00 |             f
    47 |     1880 |      1 |  0.000000E+00 |  0.000000E+00 |  0.000000E+00 |             f
    48 |     1920 |      1 |  0.000000E+00 |  0.000000E+00 |  0.000000E+00 |             f
    49 |     1960 |      1 |  0.000000E+00 |  0.000000E+00 |  0.000000E+00 |             f
    50 |     2000 |      1 |  0.000000E+00 |  0.000000E+00 |  0.000000E+00 |             f
    51 |     2040 |      1 |  0.000000E+00 |  0.000000E+00 |  0.000000E+00 |             f
    52 |     2080 |      1 |  0.000000E+00 |  0.000000E+00 |  2.8814515359 |         ideal
    53 |     2120 |      1 |  0.000000E+00 |  0.000000E+00 |  0.000000E+00 |             f
    54 |     2160 |      1 |  0.000000E+00 |  0.000000E+00 |  0.000000E+00 |             f
    55 |     2200 |      1 |  0.000000E+00 |  0.000000E+00 |  0.000000E+00 |             f
    56 |     2240 |      1 |  0.000000E+00 |  0.000000E+00 |  0.000000E+00 |             f
    57 |     2280 |      1 |  0.000000E+00 |  0.000000E+00 |  0.000000E+00 |             f
    58 |     2320 |      1 |  0.000000E+00 |  0.000000E+00 |  7.679639E+02 |         ideal
    59 |     2360 |      1 |  0.000000E+00 |  0.000000E+00 |  4.522122E+02 |         ideal
    60 |     2400 |      1 |  0.000000E+00 |  0.000000E+00 |  0.000000E+00 |             f
    61 |     2440 |      1 |  0.000000E+00 |  0.000000E+00 |  1.149456E+03 |         ideal
    62 |     2480 |      2 |  0.000000E+00 |  0.000000E+00 |  0.000000E+00 |             f
    63 |     2520 |      2 |  0.000000E+00 |  0.000000E+00 |  0.000000E+00 |             f
    64 |     2560 |      1 |  0.000000E+00 |  0.000000E+00 |  3.4085838091 |         ideal
    65 |     2600 |      1 |  0.000000E+00 |  0.000000E+00 |  3.065841E+02 |         ideal
    66 |     2640 |      1 |  0.000000E+00 |  0.000000E+00 |  8.275175E+02 |         ideal
    67 |     2680 |      1 |  0.000000E+00 |  0.000000E+00 |  8.955867E+02 |         ideal
    68 |     2720 |      1 |  0.000000E+00 |  0.000000E+00 |  0.000000E+00 |             f
    69 |     2760 |      1 |  0.000000E+00 |  0.000000E+00 |  1.998615E+03 |         ideal
    70 |     2800 |      1 |  0.000000E+00 |  0.000000E+00 |  0.000000E+00 |             f
    71 |     2840 |      1 |  0.000000E+00 |  0.000000E+00 |  2.356522E+03 |         ideal
    72 |     2880 |      1 |  0.000000E+00 |  0.000000E+00 |  9.792017E+01 |         ideal
    73 |     2920 |      1 |  0.000000E+00 |  0.000000E+00 |  0.000000E+00 |             f
    74 |     2960 |      2 |  0.000000E+00 |  0.000000E+00 |  0.000000E+00 |             f
    75 |     3000 |      1 |  0.000000E+00 |  0.000000E+00 |  2.104492E+02 |         ideal
    76 |     3040 |      1 |  0.000000E+00 |  0.000000E+00 |  0.000000E+00 |             f
    77 |     3080 |      1 |  0.000000E+00 |  0.000000E+00 |  2.110462E+03 |         ideal
    78 |     3120 |      1 |  0.000000E+00 |  0.000000E+00 |  5.124104E+02 |         ideal
    79 |     3160 |      1 |  0.000000E+00 |  0.000000E+00 |  0.000000E+00 |             f
    80 |     3200 |      1 |  0.000000E+00 |  0.000000E+00 |  0.000000E+00 |             f
    81 |     3240 |      1 |  0.000000E+00 |  0.000000E+00 |  0.000000E+00 |             f
    82 |     3280 |      1 |  0.000000E+00 |  0.000000E+00 |  1.340552E+03 |         ideal
    83 |     3320 |      1 |  0.000000E+00 |  0.000000E+00 |  5.045324E+02 |         ideal
    84 |     3360 |      1 |  0.000000E+00 |  0.000000E+00 |  2.185191E+02 |         ideal
    85 |     3400 |      1 |  0.000000E+00 |  0.000000E+00 |  9.0001389063 |         ideal
    86 |     3440 |      1 |  0.000000E+00 |  0.000000E+00 |  3.464265E+02 |         ideal
    87 |     3480 |      1 |  0.000000E+00 |  0.000000E+00 |  9.476993E+02 |         ideal
    88 |     3520 |      1 |  0.000000E+00 |  0.000000E+00 |  0.000000E+00 |             f
    89 |     3560 |      1 |  0.000000E+00 |  0.000000E+00 |  3.195384E+02 |         ideal
    90 |     3600 |      1 |  0.000000E+00 |  0.000000E+00 |  3.057416E+02 |         ideal
    91 |     3640 |      1 |  0.000000E+00 |  0.000000E+00 |  8.609815E+01 |         ideal
    92 |     3680 |      1 |  0.000000E+00 |  0.000000E+00 |  1.660520E+02 |         ideal
    93 |     3720 |      1 |  0.000000E+00 |  0.000000E+00 |  0.000000E+00 |             f
    94 |     3760 |      1 |  0.000000E+00 |  0.000000E+00 |  3.105481E+03 |         ideal
    95 |     3800 |      1 |  0.000000E+00 |  0.000000E+00 |  0.000000E+00 |             f
    96 |     3840 |      1 |  0.000000E+00 |  0.000000E+00 |  0.000000E+00 |             f
    97 |     3880 |      1 |  0.000000E+00 |  0.000000E+00 |  0.000000E+00 |             f
    98 |     3920 |      1 |  0.000000E+00 |  0.000000E+00 |  0.000000E+00 |             f
    99 |     3960 |      1 |  0.000000E+00 |  0.000000E+00 |  0.000000E+00 |             f
   100 |     4000 |      1 |  0.000000E+00 |  0.000000E+00 |  0.000000E+00 |             f
mean B0=45.1544 homogen=14126.1932
   101 |     4040 |      1 |  0.000000E+00 |  0.000000E+00 |  5.308231E+02 |         ideal
   102 |     4080 |      1 |  0.000000E+00 |  0.000000E+00 |  0.000000E+00 |             f
   103 |     4120 |      1 |  0.000000E+00 |  0.000000E+00 |  2.020442E+02 |         ideal
   104 |     4160 |      1 |  0.000000E+00 |  0.000000E+00 |  4.814889E+02 |         ideal
   105 |     4200 |      1 |  0.000000E+00 |  0.000000E+00 |  4.448512E+01 |         ideal
   106 |     4240 |      1 |  0.000000E+00 |  0.000000E+00 |  3.555259E+02 |         ideal
   107 |     4280 |      1 |  0.000000E+00 |  0.000000E+00 |  1.313987E+02 |         ideal
   108 |     4320 |      1 |  0.000000E+00 |  0.000000E+00 |  0.000000E+00 |             f
   109 |     4360 |      1 |  0.000000E+00 |  0.000000E+00 |  0.000000E+00 |             f
   110 |     4400 |      1 |  0.000000E+00 |  0.000000E+00 |  1.135354E+01 |         ideal
   111 |     4440 |      1 |  0.000000E+00 |  0.000000E+00 |  0.3457212658 |         ideal
   112 |     4480 |      1 |  0.000000E+00 |  0.000000E+00 |  3.021203E+02 |         ideal
   113 |     4520 |      1 |  0.000000E+00 |  0.000000E+00 |  1.773125E+02 |         ideal
   114 |     4560 |      1 |  0.000000E+00 |  0.000000E+00 |  0.000000E+00 |             f
   115 |     4600 |      1 |  0.000000E+00 |  0.000000E+00 |  6.286400E+02 |         ideal
   116 |     4640 |      1 |  0.000000E+00 |  0.000000E+00 |  0.000000E+00 |             f
   117 |     4680 |      1 |  0.000000E+00 |  0.000000E+00 |  0.000000E+00 |             f
   118 |     4720 |      1 |  0.000000E+00 |  0.000000E+00 |  0.000000E+00 |             f
   119 |     4760 |      1 |  0.000000E+00 |  0.000000E+00 |  0.000000E+00 |             f
   120 |     4800 |      2 |  0.000000E+00 |  0.000000E+00 |  0.000000E+00 |             f
   121 |     4840 |      3 |  0.000000E+00 |  0.000000E+00 |  0.000000E+00 |             f
   122 |     4880 |      1 |  0.000000E+00 |  0.000000E+00 |  0.0224102875 |         ideal
   123 |     4920 |      1 |  0.000000E+00 |  0.000000E+00 |  0.000000E+00 |             f
   124 |     4960 |      1 |  0.000000E+00 |  0.000000E+00 |  2.401298E+01 |         ideal
   125 |     5000 |      1 |  0.000000E+00 |  0.000000E+00 |  2.478784E+01 |         ideal
   126 |     5040 |      1 |  0.000000E+00 |  0.000000E+00 |  0.3792331129 |         ideal
   127 |     5080 |      1 |  0.000000E+00 |  0.000000E+00 |  0.000000E+00 |             f
   128 |     5120 |      1 |  0.000000E+00 |  0.000000E+00 |  6.9400185321 |         ideal
   129 |     5160 |      2 |  0.000000E+00 |  0.000000E+00 |  0.000000E+00 |             f
   130 |     5200 |      1 |  0.000000E+00 |  0.000000E+00 |  0.0393138394 |         ideal
   131 |     5240 |      1 |  0.000000E+00 |  0.000000E+00 |  0.8960218441 |         ideal
   132 |     5280 |      1 |  0.000000E+00 |  0.000000E+00 |  1.9682147736 |         ideal
   133 |     5320 |      1 |  0.000000E+00 |  0.000000E+00 |  0.000000E+00 |             f
   134 |     5360 |      1 |  0.000000E+00 |  0.000000E+00 |  0.4217543058 |         ideal
   135 |     5400 |      1 |  0.000000E+00 |  0.000000E+00 |  0.9495501819 |         ideal
   136 |     5440 |      1 |  0.000000E+00 |  0.000000E+00 |  0.000000E+00 |             f
   137 |     5480 |      1 |  0.000000E+00 |  0.000000E+00 |  0.000000E+00 |             f
   138 |     5520 |      1 |  0.000000E+00 |  0.000000E+00 |  0.1614000825 |         ideal
   139 |     5560 |      1 |  0.000000E+00 |  0.000000E+00 |  0.000000E+00 |             f
   140 |     5600 |      1 |  0.000000E+00 |  0.000000E+00 |  0.1485217414 |         ideal
   141 |     5640 |      1 |  0.000000E+00 |  0.000000E+00 |  0.4767048789 |         ideal
   142 |     5680 |      1 |  0.000000E+00 |  0.000000E+00 |  0.000000E+00 |             f
   143 |     5720 |      1 |  0.000000E+00 |  0.000000E+00 |  0.000000E+00 |             f
   144 |     5760 |      1 |  0.000000E+00 |  0.000000E+00 |  0.6388268212 |         ideal
   145 |     5800 |      1 |  0.000000E+00 |  0.000000E+00 |  0.000000E+00 |             f
   146 |     5840 |      1 |  0.000000E+00 |  0.000000E+00 |  0.000000E+00 |             f
   147 |     5880 |      2 |  0.000000E+00 |  0.000000E+00 |  0.000000E+00 |             f
   148 |     5920 |      2 |  0.000000E+00 |  0.000000E+00 |  0.000000E+00 |             f
   149 |     5960 |      2 |  0.000000E+00 |  0.000000E+00 |  0.000000E+00 |             f
   150 |     6000 |      3 |  0.000000E+00 |  0.000000E+00 |  0.000000E+00 |             f
   151 |     6040 |      3 |  0.000000E+00 |  0.000000E+00 |  0.000000E+00 |             f
   152 |     6080 |      3 |  0.000000E+00 |  0.000000E+00 |  0.000000E+00 |             f
   153 |     6120 |      1 |  0.000000E+00 |  0.000000E+00 |  0.2892893766 |         ideal
   154 |     6160 |      1 |  0.000000E+00 |  0.000000E+00 |  0.0575178349 |         ideal
   155 |     6200 |      1 |  0.000000E+00 |  0.000000E+00 |  0.000000E+00 |             f
   156 |     6240 |      1 |  0.000000E+00 |  0.000000E+00 |  0.3278526919 |         ideal
   157 |     6280 |      1 |  0.000000E+00 |  0.000000E+00 |  0.000000E+00 |             f
   158 |     6320 |      1 |  0.000000E+00 |  0.000000E+00 |  0.000000E+00 |             f
   159 |     6360 |      1 |  0.000000E+00 |  0.000000E+00 |  0.000000E+00 |             f
   160 |     6400 |      1 |  0.000000E+00 |  0.000000E+00 |  0.1689274162 |         ideal
   161 |     6440 |      1 |  0.000000E+00 |  0.000000E+00 |  0.000000E+00 |             f
   162 |     6480 |      1 |  0.000000E+00 |  0.000000E+00 |  0.0466008463 |         ideal
   163 |     6520 |      1 |  0.000000E+00 |  0.000000E+00 |  0.0922122609 |         ideal
   164 |     6560 |      1 |  0.000000E+00 |  0.000000E+00 |  0.0142897814 |         ideal
   165 |     6600 |      1 |  0.000000E+00 |  0.000000E+00 |  0.0069196411 |         ideal
   166 |     6640 |      1 |  0.000000E+00 |  0.000000E+00 |  0.3469872926 |         ideal
   167 |     6680 |      2 |  0.000000E+00 |  0.000000E+00 |  0.000000E+00 |             f
   168 |     6720 |      2 |  0.000000E+00 |  0.000000E+00 |  0.000000E+00 |             f
   169 |     6760 |      1 |  0.000000E+00 |  0.000000E+00 |  0.0370614481 |         ideal
   170 |     6800 |      1 |  0.000000E+00 |  0.000000E+00 |  0.0512558285 |         ideal
   171 |     6840 |      1 |  0.000000E+00 |  0.000000E+00 |  0.000000E+00 |             f
   172 |     6880 |      1 |  0.000000E+00 |  0.000000E+00 |  0.2169397607 |         ideal
   173 |     6920 |      1 |  0.000000E+00 |  0.000000E+00 |  0.0095727766 |         ideal
   174 |     6960 |      1 |  0.000000E+00 |  0.000000E+00 |  0.000000E+00 |             f
   175 |     7000 |      1 |  0.000000E+00 |  0.000000E+00 |  0.0650621465 |         ideal
   176 |     7040 |      1 |  0.000000E+00 |  0.000000E+00 |  0.000000E+00 |             f
   177 |     7080 |      1 |  0.000000E+00 |  0.000000E+00 |  0.000000E+00 |             f
   178 |     7120 |      1 |  0.000000E+00 |  0.000000E+00 |  0.1067486785 |         ideal
   179 |     7160 |      1 |  0.000000E+00 |  0.000000E+00 |  0.000000E+00 |             f
   180 |     7200 |      1 |  0.000000E+00 |  0.000000E+00 |  0.000000E+00 |             f
   181 |     7240 |      1 |  0.000000E+00 |  0.000000E+00 |  0.000000E+00 |             f
   182 |     7280 |      1 |  0.000000E+00 |  0.000000E+00 |  0.000000E+00 |             f
   183 |     7320 |      1 |  0.000000E+00 |  0.000000E+00 |  0.0957337608 |         ideal
   184 |     7360 |      1 |  0.000000E+00 |  0.000000E+00 |  0.000000E+00 |             f
   185 |     7400 |      1 |  0.000000E+00 |  0.000000E+00 |  0.000000E+00 |             f
   186 |     7440 |      1 |  0.000000E+00 |  0.000000E+00 |  0.2212810322 |         ideal
   187 |     7480 |      1 |  0.000000E+00 |  0.000000E+00 |  0.000000E+00 |             f
   188 |     7520 |      1 |  0.000000E+00 |  0.000000E+00 |  0.0029911939 |         ideal
   189 |     7560 |      1 |  0.000000E+00 |  0.000000E+00 |  0.000000E+00 |             f
   190 |     7600 |      1 |  0.000000E+00 |  0.000000E+00 |  0.000000E+00 |             f
   191 |     7640 |      1 |  0.000000E+00 |  0.000000E+00 |  0.1114260929 |         ideal
   192 |     7680 |      1 |  0.000000E+00 |  0.000000E+00 |  0.0582432639 |         ideal
   193 |     7720 |      1 |  0.000000E+00 |  0.000000E+00 |  0.0285686039 |         ideal
   194 |     7760 |      1 |  0.000000E+00 |  0.000000E+00 |  0.000000E+00 |             f
   195 |     7800 |      1 |  0.000000E+00 |  0.000000E+00 |  0.1399727634 |         ideal
   196 |     7840 |      1 |  0.000000E+00 |  0.000000E+00 |  0.000000E+00 |             f
   197 |     7880 |      1 |  0.000000E+00 |  0.000000E+00 |  0.000000E+00 |             f
   198 |     7920 |      1 |  0.000000E+00 |  0.000000E+00 |  0.000000E+00 |             f
   199 |     7960 |      1 |  0.000000E+00 |  0.000000E+00 |  0.000000E+00 |             f
   200 |     8000 |      1 |  0.000000E+00 |  0.000000E+00 |  0.0278292096 |         ideal
mean B0=45.0094 homogen=10592.1531
   201 |     8040 |      1 |  0.000000E+00 |  0.000000E+00 |  0.000000E+00 |             f
   202 |     8080 |      1 |  0.000000E+00 |  0.000000E+00 |  0.000000E+00 |             f
   203 |     8120 |      1 |  0.000000E+00 |  0.000000E+00 |  0.0933127233 |         ideal
   204 |     8160 |      1 |  0.000000E+00 |  0.000000E+00 |  0.000000E+00 |             f
   205 |     8200 |      1 |  0.000000E+00 |  0.000000E+00 |  0.000000E+00 |             f
   206 |     8240 |      2 |  0.000000E+00 |  0.000000E+00 |  0.000000E+00 |             f
   207 |     8280 |      2 |  0.000000E+00 |  0.000000E+00 |  0.000000E+00 |             f
   208 |     8320 |      1 |  0.000000E+00 |  0.000000E+00 |  0.0101502185 |         ideal
   209 |     8360 |      1 |  0.000000E+00 |  0.000000E+00 |  0.0158473548 |         ideal
   210 |     8400 |      1 |  0.000000E+00 |  0.000000E+00 |  0.0052715320 |         ideal
   211 |     8440 |      1 |  0.000000E+00 |  0.000000E+00 |  0.0281291164 |         ideal
   212 |     8480 |      1 |  0.000000E+00 |  0.000000E+00 |  0.0152491969 |         ideal
   213 |     8520 |      1 |  0.000000E+00 |  0.000000E+00 |  0.000000E+00 |             f
   214 |     8560 |      1 |  0.000000E+00 |  0.000000E+00 |  0.0091311109 |         ideal
   215 |     8600 |      1 |  0.000000E+00 |  0.000000E+00 |  0.0581237002 |         ideal
   216 |     8640 |      1 |  0.000000E+00 |  0.000000E+00 |  0.000000E+00 |             f
   217 |     8680 |      1 |  0.000000E+00 |  0.000000E+00 |  0.000000E+00 |             f
   218 |     8720 |      2 |  0.000000E+00 |  0.000000E+00 |  0.000000E+00 |             f
   219 |     8760 |      2 |  0.000000E+00 |  0.000000E+00 |  0.000000E+00 |             f
   220 |     8800 |      1 |  0.000000E+00 |  0.000000E+00 |  0.0037713777 |         ideal
   221 |     8840 |      1 |  0.000000E+00 |  0.000000E+00 |  0.000000E+00 |             f
   222 |     8880 |      2 |  0.000000E+00 |  0.000000E+00 |  0.000000E+00 |             f
   223 |     8920 |      3 |  0.000000E+00 |  0.000000E+00 |  0.000000E+00 |             f
   224 |     8960 |      1 |  0.000000E+00 |  0.000000E+00 |  0.0016277220 |             f
   225 |     9000 |      1 |  0.000000E+00 |  0.000000E+00 |  0.0136134242 |         ideal
   226 |     9040 |      1 |  0.000000E+00 |  0.000000E+00 |  0.0321690372 |         ideal
   227 |     9080 |      1 |  0.000000E+00 |  0.000000E+00 |  1.696505E+01 |         ideal
   228 |     9120 |      2 |  0.000000E+00 |  0.000000E+00 |  0.000000E+00 |             f
   229 |     9160 |      3 |  0.000000E+00 |  0.000000E+00 |  0.000000E+00 |             f
   230 |     9200 |      5 |  0.000000E+00 |  0.000000E+00 |  0.000000E+00 |             f
   231 |     9240 |      1 |  0.000000E+00 |  0.000000E+00 |  3.4091533334 |         ideal
   232 |     9280 |      1 |  0.000000E+00 |  0.000000E+00 |  0.000000E+00 |             f
   233 |     9320 |      2 |  0.000000E+00 |  0.000000E+00 |  0.000000E+00 |             f
   234 |     9360 |      1 |  0.000000E+00 |  0.000000E+00 |  0.0521379151 |         ideal
   235 |     9400 |      1 |  0.000000E+00 |  0.000000E+00 |  0.000000E+00 |             f
   236 |     9440 |      1 |  0.000000E+00 |  0.000000E+00 |  0.000000E+00 |             f
   237 |     9480 |      2 |  0.000000E+00 |  0.000000E+00 |  0.000000E+00 |             f
   238 |     9520 |      1 |  0.000000E+00 |  0.000000E+00 |  0.0025200558 |         ideal
   239 |     9560 |      1 |  0.000000E+00 |  0.000000E+00 |  0.000000E+00 |             f
   240 |     9600 |      1 |  0.000000E+00 |  0.000000E+00 |  0.0068523533 |         ideal
   241 |     9640 |      1 |  0.000000E+00 |  0.000000E+00 |  0.000000E+00 |             f
   242 |     9680 |      1 |  0.000000E+00 |  0.000000E+00 |  0.0126062697 |         ideal
   243 |     9720 |      1 |  0.000000E+00 |  0.000000E+00 |  0.0045866975 |         ideal
   244 |     9760 |      1 |  0.000000E+00 |  0.000000E+00 |  0.0467644920 |         ideal
   245 |     9800 |      2 |  0.000000E+00 |  0.000000E+00 |  0.000000E+00 |             f
   246 |     9840 |      3 |  0.000000E+00 |  0.000000E+00 |  0.000000E+00 |             f
   247 |     9880 |      4 |  0.000000E+00 |  0.000000E+00 |  0.000000E+00 |             f
   248 |     9920 |      6 |  0.000000E+00 |  0.000000E+00 |  0.000000E+00 |             f
   249 |     9960 |      1 |  0.000000E+00 |  0.000000E+00 |  0.0194586186 |         ideal
   250 |    10000 |      2 |  0.000000E+00 |  0.000000E+00 |  0.000000E+00 |             f
   251 |    10040 |      3 |  0.000000E+00 |  0.000000E+00 |  0.000000E+00 |             f
   252 |    10080 |      3 |  0.000000E+00 |  0.000000E+00 |  0.000000E+00 |             f
   253 |    10120 |      6 |  0.000000E+00 |  0.000000E+00 |  0.000000E+00 |             f
   254 |    10160 |      6 |  0.000000E+00 |  0.000000E+00 |  0.000000E+00 |             f
   255 |    10200 |      1 |  0.000000E+00 |  0.000000E+00 |  0.0073101195 |         ideal
   256 |    10240 |      2 |  0.000000E+00 |  0.000000E+00 |  0.000000E+00 |             f
   257 |    10280 |      3 |  0.000000E+00 |  0.000000E+00 |  0.000000E+00 |             f
   258 |    10320 |      6 |  0.000000E+00 |  0.000000E+00 |  0.000000E+00 |             f
   259 |    10360 |      9 |  0.000000E+00 |  0.000000E+00 |  0.000000E+00 |             f
   260 |    10400 |     13 |  0.000000E+00 |  0.000000E+00 |  0.000000E+00 |             f
   261 |    10440 |     20 |  0.000000E+00 |  0.000000E+00 |  0.000000E+00 |             f
   262 |    10480 |     34 |  0.000000E+00 |  0.000000E+00 |  0.000000E+00 |             f
   263 |    10520 |     40 |  0.000000E+00 |  0.000000E+00 |  0.000000E+00 |             f
   264 |    10560 |     40 |  0.000000E+00 |  0.000000E+00 |  0.000000E+00 |             f
   265 |    10600 |     40 |  0.000000E+00 |  0.000000E+00 |  0.000000E+00 |             f
   266 |    10640 |     40 |  0.000000E+00 |  0.000000E+00 |  0.000000E+00 |             f
   267 |    10680 |     40 |  0.000000E+00 |  0.000000E+00 |  0.000000E+00 |             f
   268 |    10720 |     40 |  0.000000E+00 |  0.000000E+00 |  0.000000E+00 |             f
   269 |    10760 |     40 |  0.000000E+00 |  0.000000E+00 |  0.000000E+00 |             f
   270 |    10800 |     40 |  0.000000E+00 |  0.000000E+00 |  0.000000E+00 |             f
   271 |    10840 |     40 |  0.000000E+00 |  0.000000E+00 |  0.000000E+00 |             f
   272 |    10880 |     40 |  0.000000E+00 |  0.000000E+00 |  0.000000E+00 |             f
   273 |    10920 |     40 |  0.000000E+00 |  0.000000E+00 |  0.000000E+00 |             f
   274 |    10960 |     40 |  0.000000E+00 |  0.000000E+00 |  0.000000E+00 |             f
   275 |    11000 |     40 |  0.000000E+00 |  0.000000E+00 |  0.000000E+00 |             f
   276 |    11040 |     40 |  0.000000E+00 |  0.000000E+00 |  0.000000E+00 |             f
   277 |    11080 |     40 |  0.000000E+00 |  0.000000E+00 |  0.000000E+00 |             f
   278 |    11120 |     40 |  0.000000E+00 |  0.000000E+00 |  0.000000E+00 |             f
   279 |    11160 |     40 |  0.000000E+00 |  0.000000E+00 |  0.000000E+00 |             f
   280 |    11200 |     40 |  0.000000E+00 |  0.000000E+00 |  0.000000E+00 |             f
   281 |    11240 |     40 |  0.000000E+00 |  0.000000E+00 |  0.000000E+00 |             f
   282 |    11280 |     40 |  0.000000E+00 |  0.000000E+00 |  0.000000E+00 |             f
   283 |    11320 |     40 |  0.000000E+00 |  0.000000E+00 |  0.000000E+00 |             f
   284 |    11360 |     40 |  0.000000E+00 |  0.000000E+00 |  0.000000E+00 |             f
   285 |    11400 |     40 |  0.000000E+00 |  0.000000E+00 |  0.000000E+00 |             f
   286 |    11440 |     40 |  0.000000E+00 |  0.000000E+00 |  0.000000E+00 |             f
   287 |    11480 |     40 |  0.000000E+00 |  0.000000E+00 |  0.000000E+00 |             f
   288 |    11520 |     40 |  0.000000E+00 |  0.000000E+00 |  0.000000E+00 |             f
   289 |    11560 |     40 |  0.000000E+00 |  0.000000E+00 |  0.000000E+00 |             f
   290 |    11600 |     40 |  0.000000E+00 |  0.000000E+00 |  0.000000E+00 |             f
   291 |    11640 |      1 |  0.000000E+00 |  0.000000E+00 |  0.0724190301 |         ideal
   292 |    11680 |      1 |  0.000000E+00 |  0.000000E+00 |  0.000000E+00 |             f
   293 |    11720 |      2 |  0.000000E+00 |  0.000000E+00 |  0.000000E+00 |             f
   294 |    11760 |      3 |  0.000000E+00 |  0.000000E+00 |  0.000000E+00 |             f
   295 |    11800 |      5 |  0.000000E+00 |  0.000000E+00 |  0.000000E+00 |             f
   296 |    11840 |      8 |  0.000000E+00 |  0.000000E+00 |  0.000000E+00 |             f
   297 |    11880 |      9 |  0.000000E+00 |  0.000000E+00 |  0.000000E+00 |             f
   298 |    11920 |     12 |  0.000000E+00 |  0.000000E+00 |  0.000000E+00 |             f
   299 |    11960 |     19 |  0.000000E+00 |  0.000000E+00 |  0.000000E+00 |             f
   300 |    12000 |      1 |  0.000000E+00 |  0.000000E+00 |  0.4301584862 |         ideal
mean B0=45.0034 homogen=10607.7662
   301 |    12040 |      1 |  0.000000E+00 |  0.000000E+00 |  0.000000E+00 |             f
   302 |    12080 |      1 |  0.000000E+00 |  0.000000E+00 |  0.000000E+00 |             f
   303 |    12120 |      2 |  0.000000E+00 |  0.000000E+00 |  0.000000E+00 |             f
   304 |    12160 |      2 |  0.000000E+00 |  0.000000E+00 |  0.000000E+00 |             f
   305 |    12200 |      4 |  0.000000E+00 |  0.000000E+00 |  0.000000E+00 |             f
   306 |    12240 |      5 |  0.000000E+00 |  0.000000E+00 |  0.000000E+00 |             f
   307 |    12280 |      1 |  0.000000E+00 |  0.000000E+00 |  0.2074383078 |         ideal
   308 |    12320 |      1 |  0.000000E+00 |  0.000000E+00 |  0.000000E+00 |             f
   309 |    12360 |      1 |  0.000000E+00 |  0.000000E+00 |  0.000000E+00 |             f
   310 |    12400 |      2 |  0.000000E+00 |  0.000000E+00 |  0.000000E+00 |             f
   311 |    12440 |      3 |  0.000000E+00 |  0.000000E+00 |  0.000000E+00 |             f
   312 |    12480 |      4 |  0.000000E+00 |  0.000000E+00 |  0.000000E+00 |             f
   313 |    12520 |      4 |  0.000000E+00 |  0.000000E+00 |  0.000000E+00 |             f
   314 |    12560 |      4 |  0.000000E+00 |  0.000000E+00 |  0.000000E+00 |             f
   315 |    12600 |      5 |  0.000000E+00 |  0.000000E+00 |  0.000000E+00 |             f
   316 |    12640 |      8 |  0.000000E+00 |  0.000000E+00 |  0.000000E+00 |             f
   317 |    12680 |     12 |  0.000000E+00 |  0.000000E+00 |  0.000000E+00 |             f
   318 |    12720 |     16 |  0.000000E+00 |  0.000000E+00 |  0.000000E+00 |             f
   319 |    12760 |     25 |  0.000000E+00 |  0.000000E+00 |  0.000000E+00 |             f
   320 |    12800 |     40 |  0.000000E+00 |  0.000000E+00 |  0.000000E+00 |             f
   321 |    12840 |      1 |  0.000000E+00 |  0.000000E+00 |  0.4435576723 |         ideal
   322 |    12880 |      1 |  0.000000E+00 |  0.000000E+00 |  0.000000E+00 |             f
   323 |    12920 |      1 |  0.000000E+00 |  0.000000E+00 |  0.000000E+00 |             f
   324 |    12960 |      1 |  0.000000E+00 |  0.000000E+00 |  0.000000E+00 |             f
   325 |    13000 |      1 |  0.000000E+00 |  0.000000E+00 |  0.000000E+00 |             f
   326 |    13040 |      1 |  0.000000E+00 |  0.000000E+00 |  0.000000E+00 |             f
   327 |    13080 |      1 |  0.000000E+00 |  0.000000E+00 |  0.000000E+00 |             f
   328 |    13120 |      2 |  0.000000E+00 |  0.000000E+00 |  0.000000E+00 |             f
   329 |    13160 |      3 |  0.000000E+00 |  0.000000E+00 |  0.000000E+00 |             f
   330 |    13200 |      5 |  0.000000E+00 |  0.000000E+00 |  0.000000E+00 |             f
   331 |    13240 |      5 |  0.000000E+00 |  0.000000E+00 |  0.000000E+00 |             f
   332 |    13280 |      1 |  0.000000E+00 |  0.000000E+00 |  0.1138172844 |         ideal
   333 |    13320 |      2 |  0.000000E+00 |  0.000000E+00 |  0.000000E+00 |             f
   334 |    13360 |      4 |  0.000000E+00 |  0.000000E+00 |  0.000000E+00 |             f
   335 |    13400 |      1 |  0.000000E+00 |  0.000000E+00 |  0.1758776138 |         ideal
   336 |    13440 |      2 |  0.000000E+00 |  0.000000E+00 |  0.000000E+00 |             f
   337 |    13480 |      2 |  0.000000E+00 |  0.000000E+00 |  0.000000E+00 |             f
   338 |    13520 |      2 |  0.000000E+00 |  0.000000E+00 |  0.000000E+00 |             f
   339 |    13560 |      2 |  0.000000E+00 |  0.000000E+00 |  0.000000E+00 |             f
   340 |    13600 |      2 |  0.000000E+00 |  0.000000E+00 |  0.000000E+00 |             f
   341 |    13640 |      3 |  0.000000E+00 |  0.000000E+00 |  0.000000E+00 |             f
   342 |    13680 |      4 |  0.000000E+00 |  0.000000E+00 |  0.000000E+00 |             f
   343 |    13720 |      5 |  0.000000E+00 |  0.000000E+00 |  0.000000E+00 |             f
   344 |    13760 |      1 |  0.000000E+00 |  0.000000E+00 |  0.0627347105 |         ideal
   345 |    13800 |      1 |  0.000000E+00 |  0.000000E+00 |  0.0691969578 |         ideal
   346 |    13840 |      1 |  0.000000E+00 |  0.000000E+00 |  0.2407282015 |         ideal
   347 |    13880 |      1 |  0.000000E+00 |  0.000000E+00 |  0.000000E+00 |             f
   348 |    13920 |      1 |  0.000000E+00 |  0.000000E+00 |  0.000000E+00 |             f
   349 |    13960 |      1 |  0.000000E+00 |  0.000000E+00 |  0.000000E+00 |             f
   350 |    14000 |      1 |  0.000000E+00 |  0.000000E+00 |  0.0802295777 |         ideal
   351 |    14040 |      1 |  0.000000E+00 |  0.000000E+00 |  0.1319312914 |         ideal
   352 |    14080 |      1 |  0.000000E+00 |  0.000000E+00 |  0.1825558860 |         ideal
   353 |    14120 |      1 |  0.000000E+00 |  0.000000E+00 |  0.000000E+00 |             f
   354 |    14160 |      1 |  0.000000E+00 |  0.000000E+00 |  0.0590729111 |         ideal
   355 |    14200 |      1 |  0.000000E+00 |  0.000000E+00 |  0.0375771608 |         ideal
   356 |    14240 |      2 |  0.000000E+00 |  0.000000E+00 |  0.000000E+00 |             f
   357 |    14280 |      3 |  0.000000E+00 |  0.000000E+00 |  0.000000E+00 |             f
   358 |    14320 |      3 |  0.000000E+00 |  0.000000E+00 |  0.000000E+00 |             f
   359 |    14360 |      3 |  0.000000E+00 |  0.000000E+00 |  0.000000E+00 |             f
   360 |    14400 |      4 |  0.000000E+00 |  0.000000E+00 |  0.000000E+00 |             f
   361 |    14440 |      5 |  0.000000E+00 |  0.000000E+00 |  0.000000E+00 |             f
   362 |    14480 |      1 |  0.000000E+00 |  0.000000E+00 |  0.0163298344 |         ideal
   363 |    14520 |      1 |  0.000000E+00 |  0.000000E+00 |  0.000000E+00 |             f
   364 |    14560 |      1 |  0.000000E+00 |  0.000000E+00 |  0.000000E+00 |             f
   365 |    14600 |      1 |  0.000000E+00 |  0.000000E+00 |  0.0584655326 |         ideal
   366 |    14640 |      1 |  0.000000E+00 |  0.000000E+00 |  0.0329667857 |         ideal
   367 |    14680 |      3 |  0.000000E+00 |  0.000000E+00 |  0.000000E+00 |             f
   368 |    14720 |      4 |  0.000000E+00 |  0.000000E+00 |  0.000000E+00 |             f
   369 |    14760 |      8 |  0.000000E+00 |  0.000000E+00 |  0.000000E+00 |             f
   370 |    14800 |     14 |  0.000000E+00 |  0.000000E+00 |  0.000000E+00 |             f
   371 |    14840 |     20 |  0.000000E+00 |  0.000000E+00 |  0.000000E+00 |             f
   372 |    14880 |     34 |  0.000000E+00 |  0.000000E+00 |  0.000000E+00 |             f
   373 |    14920 |     40 |  0.000000E+00 |  0.000000E+00 |  0.000000E+00 |             f
   374 |    14960 |     40 |  0.000000E+00 |  0.000000E+00 |  0.000000E+00 |             f
   375 |    15000 |     40 |  0.000000E+00 |  0.000000E+00 |  0.000000E+00 |             f
   376 |    15040 |     40 |  0.000000E+00 |  0.000000E+00 |  0.000000E+00 |             f
   377 |    15080 |     40 |  0.000000E+00 |  0.000000E+00 |  0.000000E+00 |             f
   378 |    15120 |     40 |  0.000000E+00 |  0.000000E+00 |  0.000000E+00 |             f
   379 |    15160 |     40 |  0.000000E+00 |  0.000000E+00 |  0.000000E+00 |             f
   380 |    15200 |     40 |  0.000000E+00 |  0.000000E+00 |  0.000000E+00 |             f
   381 |    15240 |     40 |  0.000000E+00 |  0.000000E+00 |  0.000000E+00 |             f
   382 |    15280 |     40 |  0.000000E+00 |  0.000000E+00 |  0.000000E+00 |             f
   383 |    15320 |     40 |  0.000000E+00 |  0.000000E+00 |  0.000000E+00 |             f
   384 |    15360 |     40 |  0.000000E+00 |  0.000000E+00 |  0.000000E+00 |             f
   385 |    15400 |     40 |  0.000000E+00 |  0.000000E+00 |  0.000000E+00 |             f
   386 |    15440 |     40 |  0.000000E+00 |  0.000000E+00 |  0.000000E+00 |             f
   387 |    15480 |     40 |  0.000000E+00 |  0.000000E+00 |  0.000000E+00 |             f
   388 |    15520 |     40 |  0.000000E+00 |  0.000000E+00 |  0.000000E+00 |             f
   389 |    15560 |     40 |  0.000000E+00 |  0.000000E+00 |  0.000000E+00 |             f
   390 |    15600 |      1 |  0.000000E+00 |  0.000000E+00 |  0.0003112447 |             f
   391 |    15640 |      2 |  0.000000E+00 |  0.000000E+00 |  0.0003112447 |             f
   392 |    15680 |      3 |  0.000000E+00 |  0.000000E+00 |  0.0003112447 |             f
   393 |    15720 |      5 |  0.000000E+00 |  0.000000E+00 |  0.0003112447 |             f
   394 |    15760 |      9 |  0.000000E+00 |  0.000000E+00 |  0.0003112447 |             f
   395 |    15800 |     13 |  0.000000E+00 |  0.000000E+00 |  0.0003112447 |             f
   396 |    15840 |     22 |  0.000000E+00 |  0.000000E+00 |  0.0003112447 |             f
   397 |    15880 |     39 |  0.000000E+00 |  0.000000E+00 |  0.0003112447 |             f
   398 |    15920 |     40 |  0.000000E+00 |  0.000000E+00 |  0.0003112447 |             f
   399 |    15960 |     40 |  0.000000E+00 |  0.000000E+00 |  0.0003112447 |             f
   400 |    16000 |     40 |  0.000000E+00 |  0.000000E+00 |  0.0003112447 |             f
mean B0=45.0035 homogen=10607.002
mean B0=45.0035 homogen=10607.002
mean B0=45.0035 homogen=10607.002
mean B0=45.0035 homogen=10607.002
mean B0=45.0035 homogen=10607.002
mean B0=45.0035 homogen=10607.002
mean B0=45.0035 homogen=10607.002
mean B0=45.0035 homogen=10607.002
mean B0=45.0035 homogen=10607.002
mean B0=45.0035 homogen=10607.002
mean B0=45.0035 homogen=10607.002
mean B0=45.0035 homogen=10607.002
mean B0=45.0035 homogen=10607.002
mean B0=45.0035 homogen=10607.002
mean B0=45.0035 homogen=10607.002
mean B0=45.0035 homogen=10607.002
mean B0=45.0035 homogen=10607.002
mean B0=45.0035 homogen=10607.002
mean B0=45.0035 homogen=10607.002
mean B0=45.0035 homogen=10607.002
mean B0=45.0035 homogen=10607.002
mean B0=45.0035 homogen=10607.002
mean B0=45.0035 homogen=10607.002
mean B0=45.0035 homogen=10607.002
mean B0=45.0035 homogen=10607.002
mean B0=45.0035 homogen=10607.002
mean B0=45.0035 homogen=10607.002
mean B0=45.0035 homogen=10607.002
mean B0=45.0035 homogen=10607.002
mean B0=45.0035 homogen=10607.002
mean B0=45.0035 homogen=10607.002
mean B0=45.0035 homogen=10607.002
mean B0=45.0035 homogen=10607.002
mean B0=45.0035 homogen=10607.002
mean B0=45.0035 homogen=10607.002
mean B0=45.0035 homogen=10607.002
mean B0=45.0035 homogen=10607.002
mean B0=45.0035 homogen=10607.002
mean B0=45.0035 homogen=10607.002
mean B0=45.0035 homogen=10607.002
   401 |    16040 |     40 |  0.000000E+00 |  0.000000E+00 |  0.0003112447 |             f
   402 |    16080 |     40 |  0.000000E+00 |  0.000000E+00 |  0.0003112447 |             f
   403 |    16120 |     40 |  0.000000E+00 |  0.000000E+00 |  0.0003112447 |             f
   404 |    16160 |     40 |  0.000000E+00 |  0.000000E+00 |  0.0003112447 |             f
   405 |    16200 |     40 |  0.000000E+00 |  0.000000E+00 |  0.0003112447 |             f
   406 |    16240 |     40 |  0.000000E+00 |  0.000000E+00 |  0.0003112447 |             f
   407 |    16280 |     40 |  0.000000E+00 |  0.000000E+00 |  0.0003112447 |             f
   408 |    16320 |     40 |  0.000000E+00 |  0.000000E+00 |  0.0003112447 |             f
   409 |    16360 |     40 |  0.000000E+00 |  0.000000E+00 |  0.0003112447 |             f
   410 |    16400 |     40 |  0.000000E+00 |  0.000000E+00 |  0.0003112447 |             f
   411 |    16440 |     40 |  0.000000E+00 |  0.000000E+00 |  0.0003112447 |             f
   412 |    16480 |     40 |  0.000000E+00 |  0.000000E+00 |  0.0003112447 |             f
   413 |    16520 |     40 |  0.000000E+00 |  0.000000E+00 |  0.0003112447 |             f
   414 |    16560 |     40 |  0.000000E+00 |  0.000000E+00 |  0.0003112447 |             f
   415 |    16600 |     40 |  0.000000E+00 |  0.000000E+00 |  0.0003112447 |             f
   416 |    16640 |     40 |  0.000000E+00 |  0.000000E+00 |  0.0003112447 |             f
   417 |    16680 |     40 |  0.000000E+00 |  0.000000E+00 |  0.0003112447 |             f
   418 |    16720 |     40 |  0.000000E+00 |  0.000000E+00 |  0.0003112447 |             f
   419 |    16760 |     40 |  0.000000E+00 |  0.000000E+00 |  0.0003112447 |             f
   420 |    16800 |     40 |  0.000000E+00 |  0.000000E+00 |  0.0003112447 |             f
   421 |    16840 |     40 |  0.000000E+00 |  0.000000E+00 |  0.0003112447 |             f
   422 |    16880 |     40 |  0.000000E+00 |  0.000000E+00 |  0.0003112447 |             f
   423 |    16920 |     40 |  0.000000E+00 |  0.000000E+00 |  0.0003112447 |             f
   424 |    16960 |      1 |  0.000000E+00 |  0.000000E+00 |  0.0963721298 |         ideal
   425 |    17000 |      1 |  0.000000E+00 |  0.000000E+00 |  0.000000E+00 |             f
   426 |    17040 |      2 |  0.000000E+00 |  0.000000E+00 |  0.000000E+00 |             f
   427 |    17080 |      3 |  0.000000E+00 |  0.000000E+00 |  0.000000E+00 |             f
   428 |    17120 |      5 |  0.000000E+00 |  0.000000E+00 |  0.000000E+00 |             f
   429 |    17160 |      7 |  0.000000E+00 |  0.000000E+00 |  0.000000E+00 |             f
   430 |    17200 |      8 |  0.000000E+00 |  0.000000E+00 |  0.000000E+00 |             f
   431 |    17240 |     10 |  0.000000E+00 |  0.000000E+00 |  0.000000E+00 |             f
   432 |    17280 |     14 |  0.000000E+00 |  0.000000E+00 |  0.000000E+00 |             f
   433 |    17320 |     18 |  0.000000E+00 |  0.000000E+00 |  0.000000E+00 |             f
   434 |    17360 |     28 |  0.000000E+00 |  0.000000E+00 |  0.000000E+00 |             f
   435 |    17400 |     40 |  0.000000E+00 |  0.000000E+00 |  0.000000E+00 |             f
   436 |    17440 |     40 |  0.000000E+00 |  0.000000E+00 |  0.000000E+00 |             f
   437 |    17480 |     40 |  0.000000E+00 |  0.000000E+00 |  0.000000E+00 |             f
   438 |    17520 |     40 |  0.000000E+00 |  0.000000E+00 |  0.000000E+00 |             f
   439 |    17560 |     40 |  0.000000E+00 |  0.000000E+00 |  0.000000E+00 |             f
   440 |    17600 |     40 |  0.000000E+00 |  0.000000E+00 |  0.000000E+00 |             f
   441 |    17640 |     40 |  0.000000E+00 |  0.000000E+00 |  0.000000E+00 |             f
   442 |    17680 |     40 |  0.000000E+00 |  0.000000E+00 |  0.000000E+00 |             f
   443 |    17720 |     40 |  0.000000E+00 |  0.000000E+00 |  0.000000E+00 |             f
   444 |    17760 |     40 |  0.000000E+00 |  0.000000E+00 |  0.000000E+00 |             f
   445 |    17800 |     40 |  0.000000E+00 |  0.000000E+00 |  0.000000E+00 |             f
   446 |    17840 |     40 |  0.000000E+00 |  0.000000E+00 |  0.000000E+00 |             f
   447 |    17880 |     40 |  0.000000E+00 |  0.000000E+00 |  0.000000E+00 |             f
   448 |    17920 |     40 |  0.000000E+00 |  0.000000E+00 |  0.000000E+00 |             f
   449 |    17960 |     40 |  0.000000E+00 |  0.000000E+00 |  0.000000E+00 |             f
   450 |    18000 |     40 |  0.000000E+00 |  0.000000E+00 |  0.000000E+00 |             f
   451 |    18040 |     40 |  0.000000E+00 |  0.000000E+00 |  0.000000E+00 |             f
   452 |    18080 |     40 |  0.000000E+00 |  0.000000E+00 |  0.000000E+00 |             f
   453 |    18120 |     40 |  0.000000E+00 |  0.000000E+00 |  0.000000E+00 |             f
   454 |    18160 |     40 |  0.000000E+00 |  0.000000E+00 |  0.000000E+00 |             f
   455 |    18200 |     40 |  0.000000E+00 |  0.000000E+00 |  0.000000E+00 |             f
   456 |    18240 |     40 |  0.000000E+00 |  0.000000E+00 |  0.000000E+00 |             f
   457 |    18280 |     40 |  0.000000E+00 |  0.000000E+00 |  0.000000E+00 |             f
   458 |    18320 |     40 |  0.000000E+00 |  0.000000E+00 |  0.000000E+00 |             f
   459 |    18360 |     40 |  0.000000E+00 |  0.000000E+00 |  0.000000E+00 |             f
   460 |    18400 |     40 |  0.000000E+00 |  0.000000E+00 |  0.000000E+00 |             f
   461 |    18440 |      1 |  0.000000E+00 |  0.000000E+00 |  0.0166107672 |         ideal
   462 |    18480 |      1 |  0.000000E+00 |  0.000000E+00 |  0.000000E+00 |             f
   463 |    18520 |      1 |  0.000000E+00 |  0.000000E+00 |  0.000000E+00 |             f
   464 |    18560 |      1 |  0.000000E+00 |  0.000000E+00 |  0.000000E+00 |             f
   465 |    18600 |      2 |  0.000000E+00 |  0.000000E+00 |  0.000000E+00 |             f
   466 |    18640 |      3 |  0.000000E+00 |  0.000000E+00 |  0.000000E+00 |             f
   467 |    18680 |      3 |  0.000000E+00 |  0.000000E+00 |  0.000000E+00 |             f
   468 |    18720 |      4 |  0.000000E+00 |  0.000000E+00 |  0.000000E+00 |             f
   469 |    18760 |      7 |  0.000000E+00 |  0.000000E+00 |  0.000000E+00 |             f
   470 |    18800 |      9 |  0.000000E+00 |  0.000000E+00 |  0.000000E+00 |             f
   471 |    18840 |     13 |  0.000000E+00 |  0.000000E+00 |  0.000000E+00 |             f
   472 |    18880 |      1 |  0.000000E+00 |  0.000000E+00 |  0.0009062151 |             f
   473 |    18920 |      2 |  0.000000E+00 |  0.000000E+00 |  0.0009062151 |             f
   474 |    18960 |      3 |  0.000000E+00 |  0.000000E+00 |  0.0009062151 |             f
   475 |    19000 |      5 |  0.000000E+00 |  0.000000E+00 |  0.0009062151 |             f
   476 |    19040 |      6 |  0.000000E+00 |  0.000000E+00 |  0.0009062151 |             f
   477 |    19080 |      9 |  0.000000E+00 |  0.000000E+00 |  0.0009062151 |             f
   478 |    19120 |     13 |  0.000000E+00 |  0.000000E+00 |  0.0009062151 |             f
   479 |    19160 |     20 |  0.000000E+00 |  0.000000E+00 |  0.0009062151 |             f
   480 |    19200 |     30 |  0.000000E+00 |  0.000000E+00 |  0.0009062151 |             f
   481 |    19240 |     40 |  0.000000E+00 |  0.000000E+00 |  0.0009062151 |             f
   482 |    19280 |     40 |  0.000000E+00 |  0.000000E+00 |  0.0009062151 |             f
   483 |    19320 |     40 |  0.000000E+00 |  0.000000E+00 |  0.0009062151 |             f
   484 |    19360 |     40 |  0.000000E+00 |  0.000000E+00 |  0.0009062151 |             f
   485 |    19400 |     40 |  0.000000E+00 |  0.000000E+00 |  0.0009062151 |             f
   486 |    19440 |     40 |  0.000000E+00 |  0.000000E+00 |  0.0009062151 |             f
   487 |    19480 |     40 |  0.000000E+00 |  0.000000E+00 |  0.0009062151 |             f
   488 |    19520 |     40 |  0.000000E+00 |  0.000000E+00 |  0.0009062151 |             f
   489 |    19560 |     40 |  0.000000E+00 |  0.000000E+00 |  0.0009062151 |             f
   490 |    19600 |     40 |  0.000000E+00 |  0.000000E+00 |  0.0009062151 |             f
   491 |    19640 |     40 |  0.000000E+00 |  0.000000E+00 |  0.0009062151 |             f
   492 |    19680 |     40 |  0.000000E+00 |  0.000000E+00 |  0.0009062151 |             f
   493 |    19720 |     40 |  0.000000E+00 |  0.000000E+00 |  0.0009062151 |             f
   494 |    19760 |     40 |  0.000000E+00 |  0.000000E+00 |  0.0009062151 |             f
   495 |    19800 |     40 |  0.000000E+00 |  0.000000E+00 |  0.0009062151 |             f
   496 |    19840 |     40 |  0.000000E+00 |  0.000000E+00 |  0.0009062151 |             f
   497 |    19880 |     40 |  0.000000E+00 |  0.000000E+00 |  0.0009062151 |             f
   498 |    19920 |     40 |  0.000000E+00 |  0.000000E+00 |  0.0009062151 |             f
   499 |    19960 |     40 |  0.000000E+00 |  0.000000E+00 |  0.0009062151 |             f
   500 |    20000 |     40 |  0.000000E+00 |  0.000000E+00 |  0.0009062151 |             f
mean B0=45.0035 homogen=10606.9976
mean B0=45.0035 homogen=10606.9976
mean B0=45.0035 homogen=10606.9976
mean B0=45.0035 homogen=10606.9976
mean B0=45.0035 homogen=10606.9976
mean B0=45.0035 homogen=10606.9976
mean B0=45.0035 homogen=10606.9976
mean B0=45.0035 homogen=10606.9976
mean B0=45.0035 homogen=10606.9976
mean B0=45.0035 homogen=10606.9976
mean B0=45.0035 homogen=10606.9976
mean B0=45.0035 homogen=10606.9976
mean B0=45.0035 homogen=10606.9976
mean B0=45.0035 homogen=10606.9976
mean B0=45.0035 homogen=10606.9976
mean B0=45.0035 homogen=10606.9976
mean B0=45.0035 homogen=10606.9976
mean B0=45.0035 homogen=10606.9976
mean B0=45.0035 homogen=10606.9976
mean B0=45.0035 homogen=10606.9976
mean B0=45.0035 homogen=10606.9976
mean B0=45.0035 homogen=10606.9976
mean B0=45.0035 homogen=10606.9976
mean B0=45.0035 homogen=10606.9976
mean B0=45.0035 homogen=10606.9976
mean B0=45.0035 homogen=10606.9976
mean B0=45.0035 homogen=10606.9976
mean B0=45.0035 homogen=10606.9976
mean B0=45.0035 homogen=10606.9976
mean B0=45.0035 homogen=10606.9976
mean B0=45.0035 homogen=10606.9976
mean B0=45.0035 homogen=10606.9976
mean B0=45.0035 homogen=10606.9976
mean B0=45.0035 homogen=10606.9976
mean B0=45.0035 homogen=10606.9976
mean B0=45.0035 homogen=10606.9976
mean B0=45.0035 homogen=10606.9976
mean B0=45.0035 homogen=10606.9976
mean B0=45.0035 homogen=10606.9976
mean B0=45.0035 homogen=10606.9976
   501 |    20040 |     40 |  0.000000E+00 |  0.000000E+00 |  0.0009062151 |             f
   502 |    20080 |     40 |  0.000000E+00 |  0.000000E+00 |  0.0009062151 |             f
   503 |    20120 |     40 |  0.000000E+00 |  0.000000E+00 |  0.0009062151 |             f
   504 |    20160 |     40 |  0.000000E+00 |  0.000000E+00 |  0.0009062151 |             f
   505 |    20200 |     40 |  0.000000E+00 |  0.000000E+00 |  0.0009062151 |             f
   506 |    20240 |     40 |  0.000000E+00 |  0.000000E+00 |  0.0009062151 |             f
   507 |    20280 |     40 |  0.000000E+00 |  0.000000E+00 |  0.0009062151 |             f
   508 |    20320 |     40 |  0.000000E+00 |  0.000000E+00 |  0.0009062151 |             f
   509 |    20360 |     40 |  0.000000E+00 |  0.000000E+00 |  0.0009062151 |             f
   510 |    20400 |     40 |  0.000000E+00 |  0.000000E+00 |  0.0009062151 |             f
   511 |    20440 |     40 |  0.000000E+00 |  0.000000E+00 |  0.0009062151 |             f
   512 |    20480 |     40 |  0.000000E+00 |  0.000000E+00 |  0.0009062151 |             f
   513 |    20520 |     40 |  0.000000E+00 |  0.000000E+00 |  0.0009062151 |             f
   514 |    20560 |     40 |  0.000000E+00 |  0.000000E+00 |  0.0009062151 |             f
   515 |    20600 |     40 |  0.000000E+00 |  0.000000E+00 |  0.0009062151 |             f
   516 |    20640 |     40 |  0.000000E+00 |  0.000000E+00 |  0.0009062151 |             f
   517 |    20680 |     40 |  0.000000E+00 |  0.000000E+00 |  0.0009062151 |             f
   518 |    20720 |     40 |  0.000000E+00 |  0.000000E+00 |  0.0009062151 |             f
   519 |    20760 |     40 |  0.000000E+00 |  0.000000E+00 |  0.0009062151 |             f
   520 |    20800 |     40 |  0.000000E+00 |  0.000000E+00 |  0.0009062151 |             f
   521 |    20840 |     40 |  0.000000E+00 |  0.000000E+00 |  0.0009062151 |             f
   522 |    20880 |     40 |  0.000000E+00 |  0.000000E+00 |  0.0009062151 |             f
   523 |    20920 |     40 |  0.000000E+00 |  0.000000E+00 |  0.0009062151 |             f
   524 |    20960 |     40 |  0.000000E+00 |  0.000000E+00 |  0.0009062151 |             f
   525 |    21000 |     40 |  0.000000E+00 |  0.000000E+00 |  0.0009062151 |             f
   526 |    21040 |     40 |  0.000000E+00 |  0.000000E+00 |  0.0009062151 |             f
   527 |    21080 |     40 |  0.000000E+00 |  0.000000E+00 |  0.0009062151 |             f
   528 |    21120 |     40 |  0.000000E+00 |  0.000000E+00 |  0.0009062151 |             f
   529 |    21160 |     40 |  0.000000E+00 |  0.000000E+00 |  0.0009062151 |             f
   530 |    21200 |     40 |  0.000000E+00 |  0.000000E+00 |  0.0009062151 |             f
   531 |    21240 |     40 |  0.000000E+00 |  0.000000E+00 |  0.0009062151 |             f
   532 |    21280 |     40 |  0.000000E+00 |  0.000000E+00 |  0.0009062151 |             f
   533 |    21320 |     40 |  0.000000E+00 |  0.000000E+00 |  0.0009062151 |             f
   534 |    21360 |     40 |  0.000000E+00 |  0.000000E+00 |  0.0009062151 |             f
   535 |    21400 |     40 |  0.000000E+00 |  0.000000E+00 |  0.0009062151 |             f
   536 |    21440 |     40 |  0.000000E+00 |  0.000000E+00 |  0.0009062151 |             f
   537 |    21480 |     40 |  0.000000E+00 |  0.000000E+00 |  0.0009062151 |             f
   538 |    21520 |     40 |  0.000000E+00 |  0.000000E+00 |  0.0009062151 |             f
   539 |    21560 |     40 |  0.000000E+00 |  0.000000E+00 |  0.0009062151 |             f
   540 |    21600 |     40 |  0.000000E+00 |  0.000000E+00 |  0.0009062151 |             f
   541 |    21640 |     40 |  0.000000E+00 |  0.000000E+00 |  0.0009062151 |             f
   542 |    21680 |     40 |  0.000000E+00 |  0.000000E+00 |  0.0009062151 |             f
   543 |    21720 |     40 |  0.000000E+00 |  0.000000E+00 |  0.0009062151 |             f
   544 |    21760 |     40 |  0.000000E+00 |  0.000000E+00 |  0.0009062151 |             f
   545 |    21800 |     40 |  0.000000E+00 |  0.000000E+00 |  0.0009062151 |             f
   546 |    21840 |     40 |  0.000000E+00 |  0.000000E+00 |  0.0009062151 |             f
   547 |    21880 |     40 |  0.000000E+00 |  0.000000E+00 |  0.0009062151 |             f
   548 |    21920 |     40 |  0.000000E+00 |  0.000000E+00 |  0.0009062151 |             f
   549 |    21960 |     40 |  0.000000E+00 |  0.000000E+00 |  0.0009062151 |             f
   550 |    22000 |     40 |  0.000000E+00 |  0.000000E+00 |  0.0009062151 |             f
   551 |    22040 |     40 |  0.000000E+00 |  0.000000E+00 |  0.0009062151 |             f
   552 |    22080 |     40 |  0.000000E+00 |  0.000000E+00 |  0.0009062151 |             f
   553 |    22120 |     40 |  0.000000E+00 |  0.000000E+00 |  0.0009062151 |             f
   554 |    22160 |     40 |  0.000000E+00 |  0.000000E+00 |  0.0009062151 |             f
   555 |    22200 |     40 |  0.000000E+00 |  0.000000E+00 |  0.0009062151 |             f
   556 |    22240 |     40 |  0.000000E+00 |  0.000000E+00 |  0.0009062151 |             f
   557 |    22280 |     40 |  0.000000E+00 |  0.000000E+00 |  0.0009062151 |             f
   558 |    22320 |     40 |  0.000000E+00 |  0.000000E+00 |  0.0009062151 |             f
   559 |    22360 |     40 |  0.000000E+00 |  0.000000E+00 |  0.0009062151 |             f
   560 |    22400 |     40 |  0.000000E+00 |  0.000000E+00 |  0.0009062151 |             f
   561 |    22440 |     40 |  0.000000E+00 |  0.000000E+00 |  0.0009062151 |             f
   562 |    22480 |     40 |  0.000000E+00 |  0.000000E+00 |  0.0009062151 |             f
   563 |    22520 |     40 |  0.000000E+00 |  0.000000E+00 |  0.0009062151 |             f
   564 |    22560 |     40 |  0.000000E+00 |  0.000000E+00 |  0.0009062151 |             f
   565 |    22600 |     40 |  0.000000E+00 |  0.000000E+00 |  0.0009062151 |             f
   566 |    22640 |     40 |  0.000000E+00 |  0.000000E+00 |  0.0009062151 |             f
   567 |    22680 |     40 |  0.000000E+00 |  0.000000E+00 |  0.0009062151 |             f
   568 |    22720 |     40 |  0.000000E+00 |  0.000000E+00 |  0.0009062151 |             f
   569 |    22760 |     40 |  0.000000E+00 |  0.000000E+00 |  0.0009062151 |             f
   570 |    22800 |     40 |  0.000000E+00 |  0.000000E+00 |  0.0009062151 |             f
   571 |    22840 |     40 |  0.000000E+00 |  0.000000E+00 |  0.0009062151 |             f
   572 |    22880 |     40 |  0.000000E+00 |  0.000000E+00 |  0.0009062151 |             f
   573 |    22920 |     40 |  0.000000E+00 |  0.000000E+00 |  0.0009062151 |             f
   574 |    22960 |     40 |  0.000000E+00 |  0.000000E+00 |  0.0009062151 |             f
   575 |    23000 |      1 |  0.000000E+00 |  0.000000E+00 |  0.0161824641 |         ideal
   576 |    23040 |      2 |  0.000000E+00 |  0.000000E+00 |  0.000000E+00 |             f
   577 |    23080 |      4 |  0.000000E+00 |  0.000000E+00 |  0.000000E+00 |             f
   578 |    23120 |      6 |  0.000000E+00 |  0.000000E+00 |  0.000000E+00 |             f
   579 |    23160 |      7 |  0.000000E+00 |  0.000000E+00 |  0.000000E+00 |             f
   580 |    23200 |     12 |  0.000000E+00 |  0.000000E+00 |  0.000000E+00 |             f
   581 |    23240 |     17 |  0.000000E+00 |  0.000000E+00 |  0.000000E+00 |             f
   582 |    23280 |     27 |  0.000000E+00 |  0.000000E+00 |  0.000000E+00 |             f
   583 |    23320 |      1 |  0.000000E+00 |  0.000000E+00 |  0.0312881395 |         ideal
   584 |    23360 |      1 |  0.000000E+00 |  0.000000E+00 |  0.000000E+00 |             f
   585 |    23400 |      1 |  0.000000E+00 |  0.000000E+00 |  0.000000E+00 |             f
   586 |    23440 |      2 |  0.000000E+00 |  0.000000E+00 |  0.000000E+00 |             f
   587 |    23480 |      2 |  0.000000E+00 |  0.000000E+00 |  0.000000E+00 |             f
   588 |    23520 |      3 |  0.000000E+00 |  0.000000E+00 |  0.000000E+00 |             f
   589 |    23560 |      4 |  0.000000E+00 |  0.000000E+00 |  0.000000E+00 |             f
   590 |    23600 |      6 |  0.000000E+00 |  0.000000E+00 |  0.000000E+00 |             f
   591 |    23640 |      8 |  0.000000E+00 |  0.000000E+00 |  0.000000E+00 |             f
   592 |    23680 |     15 |  0.000000E+00 |  0.000000E+00 |  0.000000E+00 |             f
   593 |    23720 |     21 |  0.000000E+00 |  0.000000E+00 |  0.000000E+00 |             f
   594 |    23760 |     32 |  0.000000E+00 |  0.000000E+00 |  0.000000E+00 |             f
   595 |    23800 |     40 |  0.000000E+00 |  0.000000E+00 |  0.000000E+00 |             f
   596 |    23840 |     40 |  0.000000E+00 |  0.000000E+00 |  0.000000E+00 |             f
   597 |    23880 |     40 |  0.000000E+00 |  0.000000E+00 |  0.000000E+00 |             f
   598 |    23920 |     40 |  0.000000E+00 |  0.000000E+00 |  0.000000E+00 |             f
   599 |    23960 |     40 |  0.000000E+00 |  0.000000E+00 |  0.000000E+00 |             f
   600 |    24000 |     40 |  0.000000E+00 |  0.000000E+00 |  0.000000E+00 |             f
mean B0=45.0035 homogen=10606.8339
mean B0=45.0035 homogen=10606.8339
mean B0=45.0035 homogen=10606.8339
mean B0=45.0035 homogen=10606.8339
mean B0=45.0035 homogen=10606.8339
mean B0=45.0035 homogen=10606.8339
mean B0=45.0035 homogen=10606.8339
mean B0=45.0035 homogen=10606.8339
mean B0=45.0035 homogen=10606.8339
mean B0=45.0035 homogen=10606.8339
mean B0=45.0035 homogen=10606.8339
mean B0=45.0035 homogen=10606.8339
mean B0=45.0035 homogen=10606.8339
mean B0=45.0035 homogen=10606.8339
mean B0=45.0035 homogen=10606.8339
mean B0=45.0035 homogen=10606.8339
mean B0=45.0035 homogen=10606.8339
mean B0=45.0035 homogen=10606.8339
mean B0=45.0035 homogen=10606.8339
mean B0=45.0035 homogen=10606.8339
mean B0=45.0035 homogen=10606.8339
mean B0=45.0035 homogen=10606.8339
mean B0=45.0035 homogen=10606.8339
mean B0=45.0035 homogen=10606.8339
mean B0=45.0035 homogen=10606.8339
mean B0=45.0035 homogen=10606.8339
mean B0=45.0035 homogen=10606.8339
mean B0=45.0035 homogen=10606.8339
mean B0=45.0035 homogen=10606.8339
mean B0=45.0035 homogen=10606.8339
mean B0=45.0035 homogen=10606.8339
mean B0=45.0035 homogen=10606.8339
mean B0=45.0035 homogen=10606.8339
mean B0=45.0035 homogen=10606.8339
mean B0=45.0035 homogen=10606.8339
mean B0=45.0035 homogen=10606.8339
mean B0=45.0035 homogen=10606.8339
mean B0=45.0035 homogen=10606.8339
mean B0=45.0035 homogen=10606.8339
mean B0=45.0035 homogen=10606.8339
   601 |    24040 |     40 |  0.000000E+00 |  0.000000E+00 |  0.000000E+00 |             f
   602 |    24080 |     40 |  0.000000E+00 |  0.000000E+00 |  0.000000E+00 |             f
   603 |    24120 |     40 |  0.000000E+00 |  0.000000E+00 |  0.000000E+00 |             f
   604 |    24160 |     40 |  0.000000E+00 |  0.000000E+00 |  0.000000E+00 |             f
   605 |    24200 |     40 |  0.000000E+00 |  0.000000E+00 |  0.000000E+00 |             f
   606 |    24240 |     40 |  0.000000E+00 |  0.000000E+00 |  0.000000E+00 |             f
   607 |    24280 |     40 |  0.000000E+00 |  0.000000E+00 |  0.000000E+00 |             f
   608 |    24320 |     40 |  0.000000E+00 |  0.000000E+00 |  0.000000E+00 |             f
   609 |    24360 |     40 |  0.000000E+00 |  0.000000E+00 |  0.000000E+00 |             f
   610 |    24400 |     40 |  0.000000E+00 |  0.000000E+00 |  0.000000E+00 |             f
   611 |    24440 |     40 |  0.000000E+00 |  0.000000E+00 |  0.000000E+00 |             f
   612 |    24480 |     40 |  0.000000E+00 |  0.000000E+00 |  0.000000E+00 |             f
   613 |    24520 |     40 |  0.000000E+00 |  0.000000E+00 |  0.000000E+00 |             f
   614 |    24560 |     40 |  0.000000E+00 |  0.000000E+00 |  0.000000E+00 |             f
   615 |    24600 |     40 |  0.000000E+00 |  0.000000E+00 |  0.000000E+00 |             f
   616 |    24640 |     40 |  0.000000E+00 |  0.000000E+00 |  0.000000E+00 |             f
   617 |    24680 |     40 |  0.000000E+00 |  0.000000E+00 |  0.000000E+00 |             f
   618 |    24720 |     40 |  0.000000E+00 |  0.000000E+00 |  0.000000E+00 |             f
   619 |    24760 |     40 |  0.000000E+00 |  0.000000E+00 |  0.000000E+00 |             f
   620 |    24800 |     40 |  0.000000E+00 |  0.000000E+00 |  0.000000E+00 |             f
   621 |    24840 |     40 |  0.000000E+00 |  0.000000E+00 |  0.000000E+00 |             f
   622 |    24880 |     40 |  0.000000E+00 |  0.000000E+00 |  0.000000E+00 |             f
   623 |    24920 |     40 |  0.000000E+00 |  0.000000E+00 |  0.000000E+00 |             f
   624 |    24960 |     40 |  0.000000E+00 |  0.000000E+00 |  0.000000E+00 |             f
   625 |    25000 |     40 |  0.000000E+00 |  0.000000E+00 |  0.000000E+00 |             f
   626 |    25040 |     40 |  0.000000E+00 |  0.000000E+00 |  0.000000E+00 |             f
   627 |    25080 |      1 |  0.000000E+00 |  0.000000E+00 |  0.0213313258 |         ideal
   628 |    25120 |      1 |  0.000000E+00 |  0.000000E+00 |  0.000000E+00 |             f
   629 |    25160 |      1 |  0.000000E+00 |  0.000000E+00 |  0.000000E+00 |             f
   630 |    25200 |      1 |  0.000000E+00 |  0.000000E+00 |  0.000000E+00 |             f
   631 |    25240 |      2 |  0.000000E+00 |  0.000000E+00 |  0.000000E+00 |             f
   632 |    25280 |      2 |  0.000000E+00 |  0.000000E+00 |  0.000000E+00 |             f
   633 |    25320 |      3 |  0.000000E+00 |  0.000000E+00 |  0.000000E+00 |             f
   634 |    25360 |      5 |  0.000000E+00 |  0.000000E+00 |  0.000000E+00 |             f
   635 |    25400 |      1 |  0.000000E+00 |  0.000000E+00 |  1.9959378755 |         ideal
   636 |    25440 |      1 |  0.000000E+00 |  0.000000E+00 |  0.000000E+00 |             f
   637 |    25480 |      1 |  0.000000E+00 |  0.000000E+00 |  0.000000E+00 |             f
   638 |    25520 |      2 |  0.000000E+00 |  0.000000E+00 |  0.000000E+00 |             f
   639 |    25560 |      4 |  0.000000E+00 |  0.000000E+00 |  0.000000E+00 |             f
   640 |    25600 |      7 |  0.000000E+00 |  0.000000E+00 |  0.000000E+00 |             f
   641 |    25640 |      1 |  0.000000E+00 |  0.000000E+00 |  0.0210995165 |         ideal
   642 |    25680 |      2 |  0.000000E+00 |  0.000000E+00 |  0.000000E+00 |             f
   643 |    25720 |      1 |  0.000000E+00 |  0.000000E+00 |  0.2636297795 |         ideal
   644 |    25760 |      1 |  0.000000E+00 |  0.000000E+00 |  0.000000E+00 |             f
   645 |    25800 |      1 |  0.000000E+00 |  0.000000E+00 |  0.000000E+00 |             f
   646 |    25840 |      2 |  0.000000E+00 |  0.000000E+00 |  0.000000E+00 |             f
   647 |    25880 |      4 |  0.000000E+00 |  0.000000E+00 |  0.000000E+00 |             f
   648 |    25920 |      7 |  0.000000E+00 |  0.000000E+00 |  0.000000E+00 |             f
   649 |    25960 |     11 |  0.000000E+00 |  0.000000E+00 |  0.000000E+00 |             f
   650 |    26000 |      1 |  0.000000E+00 |  0.000000E+00 |  0.0211024550 |         ideal
   651 |    26040 |      1 |  0.000000E+00 |  0.000000E+00 |  0.000000E+00 |             f
   652 |    26080 |      2 |  0.000000E+00 |  0.000000E+00 |  0.000000E+00 |             f
   653 |    26120 |      2 |  0.000000E+00 |  0.000000E+00 |  0.000000E+00 |             f
   654 |    26160 |      2 |  0.000000E+00 |  0.000000E+00 |  0.000000E+00 |             f
   655 |    26200 |      3 |  0.000000E+00 |  0.000000E+00 |  0.000000E+00 |             f
   656 |    26240 |      6 |  0.000000E+00 |  0.000000E+00 |  0.000000E+00 |             f
   657 |    26280 |      8 |  0.000000E+00 |  0.000000E+00 |  0.000000E+00 |             f
   658 |    26320 |     11 |  0.000000E+00 |  0.000000E+00 |  0.000000E+00 |             f
   659 |    26360 |     17 |  0.000000E+00 |  0.000000E+00 |  0.000000E+00 |             f
   660 |    26400 |     27 |  0.000000E+00 |  0.000000E+00 |  0.000000E+00 |             f
   661 |    26440 |     40 |  0.000000E+00 |  0.000000E+00 |  0.000000E+00 |             f
   662 |    26480 |     40 |  0.000000E+00 |  0.000000E+00 |  0.000000E+00 |             f
   663 |    26520 |     40 |  0.000000E+00 |  0.000000E+00 |  0.000000E+00 |             f
   664 |    26560 |     40 |  0.000000E+00 |  0.000000E+00 |  0.000000E+00 |             f
   665 |    26600 |     40 |  0.000000E+00 |  0.000000E+00 |  0.000000E+00 |             f
   666 |    26640 |     40 |  0.000000E+00 |  0.000000E+00 |  0.000000E+00 |             f
   667 |    26680 |     40 |  0.000000E+00 |  0.000000E+00 |  0.000000E+00 |             f
   668 |    26720 |     40 |  0.000000E+00 |  0.000000E+00 |  0.000000E+00 |             f
   669 |    26760 |     40 |  0.000000E+00 |  0.000000E+00 |  0.000000E+00 |             f
   670 |    26800 |     40 |  0.000000E+00 |  0.000000E+00 |  0.000000E+00 |             f
   671 |    26840 |     40 |  0.000000E+00 |  0.000000E+00 |  0.000000E+00 |             f
   672 |    26880 |     40 |  0.000000E+00 |  0.000000E+00 |  0.000000E+00 |             f
   673 |    26920 |     40 |  0.000000E+00 |  0.000000E+00 |  0.000000E+00 |             f
   674 |    26960 |     40 |  0.000000E+00 |  0.000000E+00 |  0.000000E+00 |             f
   675 |    27000 |     40 |  0.000000E+00 |  0.000000E+00 |  0.000000E+00 |             f
   676 |    27040 |     40 |  0.000000E+00 |  0.000000E+00 |  0.000000E+00 |             f
   677 |    27080 |     40 |  0.000000E+00 |  0.000000E+00 |  0.000000E+00 |             f
   678 |    27120 |     40 |  0.000000E+00 |  0.000000E+00 |  0.000000E+00 |             f
   679 |    27160 |     40 |  0.000000E+00 |  0.000000E+00 |  0.000000E+00 |             f
   680 |    27200 |     40 |  0.000000E+00 |  0.000000E+00 |  0.000000E+00 |             f
   681 |    27240 |     40 |  0.000000E+00 |  0.000000E+00 |  0.000000E+00 |             f
   682 |    27280 |     40 |  0.000000E+00 |  0.000000E+00 |  0.000000E+00 |             f
   683 |    27320 |     40 |  0.000000E+00 |  0.000000E+00 |  0.000000E+00 |             f
   684 |    27360 |     40 |  0.000000E+00 |  0.000000E+00 |  0.000000E+00 |             f
   685 |    27400 |     40 |  0.000000E+00 |  0.000000E+00 |  0.000000E+00 |             f
   686 |    27440 |     40 |  0.000000E+00 |  0.000000E+00 |  0.000000E+00 |             f
   687 |    27480 |     40 |  0.000000E+00 |  0.000000E+00 |  0.000000E+00 |             f
   688 |    27520 |     40 |  0.000000E+00 |  0.000000E+00 |  0.000000E+00 |             f
   689 |    27560 |     40 |  0.000000E+00 |  0.000000E+00 |  0.000000E+00 |             f
   690 |    27600 |     40 |  0.000000E+00 |  0.000000E+00 |  0.000000E+00 |             f
   691 |    27640 |     40 |  0.000000E+00 |  0.000000E+00 |  0.000000E+00 |             f
   692 |    27680 |     40 |  0.000000E+00 |  0.000000E+00 |  0.000000E+00 |             f
   693 |    27720 |     40 |  0.000000E+00 |  0.000000E+00 |  0.000000E+00 |             f
   694 |    27760 |     40 |  0.000000E+00 |  0.000000E+00 |  0.000000E+00 |             f
   695 |    27800 |     40 |  0.000000E+00 |  0.000000E+00 |  0.000000E+00 |             f
   696 |    27840 |     40 |  0.000000E+00 |  0.000000E+00 |  0.000000E+00 |             f
   697 |    27880 |     40 |  0.000000E+00 |  0.000000E+00 |  0.000000E+00 |             f
   698 |    27920 |     40 |  0.000000E+00 |  0.000000E+00 |  0.000000E+00 |             f
   699 |    27960 |     40 |  0.000000E+00 |  0.000000E+00 |  0.000000E+00 |             f
   700 |    28000 |     40 |  0.000000E+00 |  0.000000E+00 |  0.000000E+00 |             f
mean B0=45.0017 homogen=10616.8547
mean B0=45.0017 homogen=10616.8547
mean B0=45.0017 homogen=10616.8547
mean B0=45.0017 homogen=10616.8547
mean B0=45.0017 homogen=10616.8547
mean B0=45.0017 homogen=10616.8547
mean B0=45.0017 homogen=10616.8547
mean B0=45.0017 homogen=10616.8547
mean B0=45.0017 homogen=10616.8547
mean B0=45.0017 homogen=10616.8547
mean B0=45.0017 homogen=10616.8547
mean B0=45.0017 homogen=10616.8547
mean B0=45.0017 homogen=10616.8547
mean B0=45.0017 homogen=10616.8547
mean B0=45.0017 homogen=10616.8547
mean B0=45.0017 homogen=10616.8547
mean B0=45.0017 homogen=10616.8547
mean B0=45.0017 homogen=10616.8547
mean B0=45.0017 homogen=10616.8547
mean B0=45.0017 homogen=10616.8547
mean B0=45.0017 homogen=10616.8547
mean B0=45.0017 homogen=10616.8547
mean B0=45.0017 homogen=10616.8547
mean B0=45.0017 homogen=10616.8547
mean B0=45.0017 homogen=10616.8547
mean B0=45.0017 homogen=10616.8547
mean B0=45.0017 homogen=10616.8547
mean B0=45.0017 homogen=10616.8547
mean B0=45.0017 homogen=10616.8547
mean B0=45.0017 homogen=10616.8547
mean B0=45.0017 homogen=10616.8547
mean B0=45.0017 homogen=10616.8547
mean B0=45.0017 homogen=10616.8547
mean B0=45.0017 homogen=10616.8547
mean B0=45.0017 homogen=10616.8547
mean B0=45.0017 homogen=10616.8547
mean B0=45.0017 homogen=10616.8547
mean B0=45.0017 homogen=10616.8547
mean B0=45.0017 homogen=10616.8547
mean B0=45.0017 homogen=10616.8547
   701 |    28040 |     40 |  0.000000E+00 |  0.000000E+00 |  0.000000E+00 |             f
   702 |    28080 |     40 |  0.000000E+00 |  0.000000E+00 |  0.000000E+00 |             f
   703 |    28120 |     40 |  0.000000E+00 |  0.000000E+00 |  0.000000E+00 |             f
   704 |    28160 |     40 |  0.000000E+00 |  0.000000E+00 |  0.000000E+00 |             f
   705 |    28200 |     40 |  0.000000E+00 |  0.000000E+00 |  0.000000E+00 |             f
   706 |    28240 |     40 |  0.000000E+00 |  0.000000E+00 |  0.000000E+00 |             f
   707 |    28280 |     40 |  0.000000E+00 |  0.000000E+00 |  0.000000E+00 |             f
   708 |    28320 |     40 |  0.000000E+00 |  0.000000E+00 |  0.000000E+00 |             f
   709 |    28360 |     40 |  0.000000E+00 |  0.000000E+00 |  0.000000E+00 |             f
   710 |    28400 |     40 |  0.000000E+00 |  0.000000E+00 |  0.000000E+00 |             f
   711 |    28440 |     40 |  0.000000E+00 |  0.000000E+00 |  0.000000E+00 |             f
   712 |    28480 |     40 |  0.000000E+00 |  0.000000E+00 |  0.000000E+00 |             f
   713 |    28520 |     40 |  0.000000E+00 |  0.000000E+00 |  0.000000E+00 |             f
   714 |    28560 |     40 |  0.000000E+00 |  0.000000E+00 |  0.000000E+00 |             f
   715 |    28600 |     40 |  0.000000E+00 |  0.000000E+00 |  0.000000E+00 |             f
   716 |    28640 |     40 |  0.000000E+00 |  0.000000E+00 |  0.000000E+00 |             f
   717 |    28680 |     40 |  0.000000E+00 |  0.000000E+00 |  0.000000E+00 |             f
   718 |    28720 |     40 |  0.000000E+00 |  0.000000E+00 |  0.000000E+00 |             f
   719 |    28760 |     40 |  0.000000E+00 |  0.000000E+00 |  0.000000E+00 |             f
   720 |    28800 |     40 |  0.000000E+00 |  0.000000E+00 |  0.000000E+00 |             f
   721 |    28840 |     40 |  0.000000E+00 |  0.000000E+00 |  0.000000E+00 |             f
   722 |    28880 |     40 |  0.000000E+00 |  0.000000E+00 |  0.000000E+00 |             f
   723 |    28920 |     40 |  0.000000E+00 |  0.000000E+00 |  0.000000E+00 |             f
   724 |    28960 |     40 |  0.000000E+00 |  0.000000E+00 |  0.000000E+00 |             f
   725 |    29000 |     40 |  0.000000E+00 |  0.000000E+00 |  0.000000E+00 |             f
   726 |    29040 |     40 |  0.000000E+00 |  0.000000E+00 |  0.000000E+00 |             f
   727 |    29080 |     40 |  0.000000E+00 |  0.000000E+00 |  0.000000E+00 |             f
   728 |    29120 |     40 |  0.000000E+00 |  0.000000E+00 |  0.000000E+00 |             f
   729 |    29160 |     40 |  0.000000E+00 |  0.000000E+00 |  0.000000E+00 |             f
   730 |    29200 |     40 |  0.000000E+00 |  0.000000E+00 |  0.000000E+00 |             f
   731 |    29240 |     40 |  0.000000E+00 |  0.000000E+00 |  0.000000E+00 |             f
   732 |    29280 |     40 |  0.000000E+00 |  0.000000E+00 |  0.000000E+00 |             f
   733 |    29320 |     40 |  0.000000E+00 |  0.000000E+00 |  0.000000E+00 |             f
   734 |    29360 |     40 |  0.000000E+00 |  0.000000E+00 |  0.000000E+00 |             f
   735 |    29400 |     40 |  0.000000E+00 |  0.000000E+00 |  0.000000E+00 |             f
   736 |    29440 |     40 |  0.000000E+00 |  0.000000E+00 |  0.000000E+00 |             f
   737 |    29480 |     40 |  0.000000E+00 |  0.000000E+00 |  0.000000E+00 |             f
   738 |    29520 |     40 |  0.000000E+00 |  0.000000E+00 |  0.000000E+00 |             f
   739 |    29560 |     40 |  0.000000E+00 |  0.000000E+00 |  0.000000E+00 |             f
   740 |    29600 |     40 |  0.000000E+00 |  0.000000E+00 |  0.000000E+00 |             f
   741 |    29640 |     40 |  0.000000E+00 |  0.000000E+00 |  0.000000E+00 |             f
   742 |    29680 |     40 |  0.000000E+00 |  0.000000E+00 |  0.000000E+00 |             f
   743 |    29720 |     40 |  0.000000E+00 |  0.000000E+00 |  0.000000E+00 |             f
   744 |    29760 |     40 |  0.000000E+00 |  0.000000E+00 |  0.000000E+00 |             f
   745 |    29800 |     40 |  0.000000E+00 |  0.000000E+00 |  0.000000E+00 |             f
   746 |    29840 |     40 |  0.000000E+00 |  0.000000E+00 |  0.000000E+00 |             f
   747 |    29880 |     40 |  0.000000E+00 |  0.000000E+00 |  0.000000E+00 |             f
   748 |    29920 |     40 |  0.000000E+00 |  0.000000E+00 |  0.000000E+00 |             f
   749 |    29960 |     40 |  0.000000E+00 |  0.000000E+00 |  0.000000E+00 |             f
   750 |    30000 |     40 |  0.000000E+00 |  0.000000E+00 |  0.000000E+00 |             f
   751 |    30040 |     40 |  0.000000E+00 |  0.000000E+00 |  0.000000E+00 |             f
   752 |    30080 |     40 |  0.000000E+00 |  0.000000E+00 |  0.000000E+00 |             f
   753 |    30120 |     40 |  0.000000E+00 |  0.000000E+00 |  0.000000E+00 |             f
   754 |    30160 |     40 |  0.000000E+00 |  0.000000E+00 |  0.000000E+00 |             f
   755 |    30200 |     40 |  0.000000E+00 |  0.000000E+00 |  0.000000E+00 |             f
   756 |    30240 |     40 |  0.000000E+00 |  0.000000E+00 |  0.000000E+00 |             f
   757 |    30280 |     40 |  0.000000E+00 |  0.000000E+00 |  0.000000E+00 |             f
   758 |    30320 |     40 |  0.000000E+00 |  0.000000E+00 |  0.000000E+00 |             f
   759 |    30360 |     40 |  0.000000E+00 |  0.000000E+00 |  0.000000E+00 |             f
   760 |    30400 |     40 |  0.000000E+00 |  0.000000E+00 |  0.000000E+00 |             f
   761 |    30440 |     40 |  0.000000E+00 |  0.000000E+00 |  0.000000E+00 |             f
   762 |    30480 |     40 |  0.000000E+00 |  0.000000E+00 |  0.000000E+00 |             f
   763 |    30520 |     40 |  0.000000E+00 |  0.000000E+00 |  0.000000E+00 |             f
   764 |    30560 |     40 |  0.000000E+00 |  0.000000E+00 |  0.000000E+00 |             f
   765 |    30600 |     40 |  0.000000E+00 |  0.000000E+00 |  0.000000E+00 |             f
   766 |    30640 |     40 |  0.000000E+00 |  0.000000E+00 |  0.000000E+00 |             f
   767 |    30680 |     40 |  0.000000E+00 |  0.000000E+00 |  0.000000E+00 |             f
   768 |    30720 |     40 |  0.000000E+00 |  0.000000E+00 |  0.000000E+00 |             f
   769 |    30760 |     40 |  0.000000E+00 |  0.000000E+00 |  0.000000E+00 |             f
   770 |    30800 |     40 |  0.000000E+00 |  0.000000E+00 |  0.000000E+00 |             f
   771 |    30840 |     40 |  0.000000E+00 |  0.000000E+00 |  0.000000E+00 |             f
   772 |    30880 |     40 |  0.000000E+00 |  0.000000E+00 |  0.000000E+00 |             f
   773 |    30920 |     40 |  0.000000E+00 |  0.000000E+00 |  0.000000E+00 |             f
   774 |    30960 |     40 |  0.000000E+00 |  0.000000E+00 |  0.000000E+00 |             f
   775 |    31000 |     40 |  0.000000E+00 |  0.000000E+00 |  0.000000E+00 |             f
   776 |    31040 |     40 |  0.000000E+00 |  0.000000E+00 |  0.000000E+00 |             f
   777 |    31080 |     40 |  0.000000E+00 |  0.000000E+00 |  0.000000E+00 |             f
   778 |    31120 |     40 |  0.000000E+00 |  0.000000E+00 |  0.000000E+00 |             f
   779 |    31160 |     40 |  0.000000E+00 |  0.000000E+00 |  0.000000E+00 |             f
   780 |    31200 |     40 |  0.000000E+00 |  0.000000E+00 |  0.000000E+00 |             f
   781 |    31240 |     40 |  0.000000E+00 |  0.000000E+00 |  0.000000E+00 |             f
   782 |    31280 |     40 |  0.000000E+00 |  0.000000E+00 |  0.000000E+00 |             f
   783 |    31320 |     40 |  0.000000E+00 |  0.000000E+00 |  0.000000E+00 |             f
   784 |    31360 |     40 |  0.000000E+00 |  0.000000E+00 |  0.000000E+00 |             f
   785 |    31400 |     40 |  0.000000E+00 |  0.000000E+00 |  0.000000E+00 |             f
   786 |    31440 |     40 |  0.000000E+00 |  0.000000E+00 |  0.000000E+00 |             f
   787 |    31480 |     40 |  0.000000E+00 |  0.000000E+00 |  0.000000E+00 |             f
   788 |    31520 |     40 |  0.000000E+00 |  0.000000E+00 |  0.000000E+00 |             f
   789 |    31560 |     40 |  0.000000E+00 |  0.000000E+00 |  0.000000E+00 |             f
   790 |    31600 |     40 |  0.000000E+00 |  0.000000E+00 |  0.000000E+00 |             f
   791 |    31640 |     40 |  0.000000E+00 |  0.000000E+00 |  0.000000E+00 |             f
   792 |    31680 |     40 |  0.000000E+00 |  0.000000E+00 |  0.000000E+00 |             f
   793 |    31720 |     40 |  0.000000E+00 |  0.000000E+00 |  0.000000E+00 |             f
   794 |    31760 |     40 |  0.000000E+00 |  0.000000E+00 |  0.000000E+00 |             f
   795 |    31800 |     40 |  0.000000E+00 |  0.000000E+00 |  0.000000E+00 |             f
   796 |    31840 |     40 |  0.000000E+00 |  0.000000E+00 |  0.000000E+00 |             f
   797 |    31880 |     40 |  0.000000E+00 |  0.000000E+00 |  0.000000E+00 |             f
   798 |    31920 |     40 |  0.000000E+00 |  0.000000E+00 |  0.000000E+00 |             f
   799 |    31960 |     40 |  0.000000E+00 |  0.000000E+00 |  0.000000E+00 |             f
   800 |    32000 |     40 |  0.000000E+00 |  0.000000E+00 |  0.000000E+00 |             f
mean B0=45.0017 homogen=10616.8547
mean B0=45.0017 homogen=10616.8547
mean B0=45.0017 homogen=10616.8547
mean B0=45.0017 homogen=10616.8547
mean B0=45.0017 homogen=10616.8547
mean B0=45.0017 homogen=10616.8547
mean B0=45.0017 homogen=10616.8547
mean B0=45.0017 homogen=10616.8547
mean B0=45.0017 homogen=10616.8547
mean B0=45.0017 homogen=10616.8547
mean B0=45.0017 homogen=10616.8547
mean B0=45.0017 homogen=10616.8547
mean B0=45.0017 homogen=10616.8547
mean B0=45.0017 homogen=10616.8547
mean B0=45.0017 homogen=10616.8547
mean B0=45.0017 homogen=10616.8547
mean B0=45.0017 homogen=10616.8547
mean B0=45.0017 homogen=10616.8547
mean B0=45.0017 homogen=10616.8547
mean B0=45.0017 homogen=10616.8547
mean B0=45.0017 homogen=10616.8547
mean B0=45.0017 homogen=10616.8547
mean B0=45.0017 homogen=10616.8547
mean B0=45.0017 homogen=10616.8547
mean B0=45.0017 homogen=10616.8547
mean B0=45.0017 homogen=10616.8547
mean B0=45.0017 homogen=10616.8547
mean B0=45.0017 homogen=10616.8547
mean B0=45.0017 homogen=10616.8547
mean B0=45.0017 homogen=10616.8547
mean B0=45.0017 homogen=10616.8547
mean B0=45.0017 homogen=10616.8547
mean B0=45.0017 homogen=10616.8547
mean B0=45.0017 homogen=10616.8547
mean B0=45.0017 homogen=10616.8547
mean B0=45.0017 homogen=10616.8547
mean B0=45.0017 homogen=10616.8547
mean B0=45.0017 homogen=10616.8547
mean B0=45.0017 homogen=10616.8547
mean B0=45.0017 homogen=10616.8547
   801 |    32040 |     40 |  0.000000E+00 |  0.000000E+00 |  0.000000E+00 |             f
   802 |    32080 |     40 |  0.000000E+00 |  0.000000E+00 |  0.000000E+00 |             f
   803 |    32120 |     40 |  0.000000E+00 |  0.000000E+00 |  0.000000E+00 |             f
   804 |    32160 |     40 |  0.000000E+00 |  0.000000E+00 |  0.000000E+00 |             f
   805 |    32200 |     40 |  0.000000E+00 |  0.000000E+00 |  0.000000E+00 |             f
   806 |    32240 |     40 |  0.000000E+00 |  0.000000E+00 |  0.000000E+00 |             f
   807 |    32280 |     40 |  0.000000E+00 |  0.000000E+00 |  0.000000E+00 |             f
   808 |    32320 |     40 |  0.000000E+00 |  0.000000E+00 |  0.000000E+00 |             f
   809 |    32360 |     40 |  0.000000E+00 |  0.000000E+00 |  0.000000E+00 |             f
   810 |    32400 |     40 |  0.000000E+00 |  0.000000E+00 |  0.000000E+00 |             f
   811 |    32440 |     40 |  0.000000E+00 |  0.000000E+00 |  0.000000E+00 |             f
   812 |    32480 |     40 |  0.000000E+00 |  0.000000E+00 |  0.000000E+00 |             f
   813 |    32520 |     40 |  0.000000E+00 |  0.000000E+00 |  0.000000E+00 |             f
   814 |    32560 |     40 |  0.000000E+00 |  0.000000E+00 |  0.000000E+00 |             f
   815 |    32600 |     40 |  0.000000E+00 |  0.000000E+00 |  0.000000E+00 |             f
   816 |    32640 |     40 |  0.000000E+00 |  0.000000E+00 |  0.000000E+00 |             f
   817 |    32680 |     40 |  0.000000E+00 |  0.000000E+00 |  0.000000E+00 |             f
   818 |    32720 |     40 |  0.000000E+00 |  0.000000E+00 |  0.000000E+00 |             f
   819 |    32760 |      1 |  0.000000E+00 |  0.000000E+00 |  0.1924690711 |         ideal
   820 |    32800 |      1 |  0.000000E+00 |  0.000000E+00 |  0.000000E+00 |             f
   821 |    32840 |      1 |  0.000000E+00 |  0.000000E+00 |  0.000000E+00 |             f
   822 |    32880 |      2 |  0.000000E+00 |  0.000000E+00 |  0.000000E+00 |             f
   823 |    32920 |      2 |  0.000000E+00 |  0.000000E+00 |  0.000000E+00 |             f
   824 |    32960 |      4 |  0.000000E+00 |  0.000000E+00 |  0.000000E+00 |             f
   825 |    33000 |      6 |  0.000000E+00 |  0.000000E+00 |  0.000000E+00 |             f
   826 |    33040 |      9 |  0.000000E+00 |  0.000000E+00 |  0.000000E+00 |             f
   827 |    33080 |     12 |  0.000000E+00 |  0.000000E+00 |  0.000000E+00 |             f
   828 |    33120 |     19 |  0.000000E+00 |  0.000000E+00 |  0.000000E+00 |             f
   829 |    33160 |     30 |  0.000000E+00 |  0.000000E+00 |  0.000000E+00 |             f
   830 |    33200 |     40 |  0.000000E+00 |  0.000000E+00 |  0.000000E+00 |             f
   831 |    33240 |     40 |  0.000000E+00 |  0.000000E+00 |  0.000000E+00 |             f
   832 |    33280 |     40 |  0.000000E+00 |  0.000000E+00 |  0.000000E+00 |             f
   833 |    33320 |     40 |  0.000000E+00 |  0.000000E+00 |  0.000000E+00 |             f
   834 |    33360 |     40 |  0.000000E+00 |  0.000000E+00 |  0.000000E+00 |             f
   835 |    33400 |      1 |  0.000000E+00 |  0.000000E+00 |  0.0153895822 |         ideal
   836 |    33440 |      1 |  0.000000E+00 |  0.000000E+00 |  0.000000E+00 |             f
   837 |    33480 |      2 |  0.000000E+00 |  0.000000E+00 |  0.000000E+00 |             f
   838 |    33520 |      2 |  0.000000E+00 |  0.000000E+00 |  0.000000E+00 |             f
   839 |    33560 |      3 |  0.000000E+00 |  0.000000E+00 |  0.000000E+00 |             f
   840 |    33600 |      3 |  0.000000E+00 |  0.000000E+00 |  0.000000E+00 |             f
   841 |    33640 |      4 |  0.000000E+00 |  0.000000E+00 |  0.000000E+00 |             f
   842 |    33680 |      6 |  0.000000E+00 |  0.000000E+00 |  0.000000E+00 |             f
   843 |    33720 |      8 |  0.000000E+00 |  0.000000E+00 |  0.000000E+00 |             f
   844 |    33760 |      9 |  0.000000E+00 |  0.000000E+00 |  0.000000E+00 |             f
   845 |    33800 |     14 |  0.000000E+00 |  0.000000E+00 |  0.000000E+00 |             f
   846 |    33840 |     21 |  0.000000E+00 |  0.000000E+00 |  0.000000E+00 |             f
   847 |    33880 |     34 |  0.000000E+00 |  0.000000E+00 |  0.000000E+00 |             f
   848 |    33920 |     40 |  0.000000E+00 |  0.000000E+00 |  0.000000E+00 |             f
   849 |    33960 |     40 |  0.000000E+00 |  0.000000E+00 |  0.000000E+00 |             f
   850 |    34000 |     40 |  0.000000E+00 |  0.000000E+00 |  0.000000E+00 |             f
   851 |    34040 |     40 |  0.000000E+00 |  0.000000E+00 |  0.000000E+00 |             f
   852 |    34080 |     40 |  0.000000E+00 |  0.000000E+00 |  0.000000E+00 |             f
   853 |    34120 |     40 |  0.000000E+00 |  0.000000E+00 |  0.000000E+00 |             f
   854 |    34160 |     40 |  0.000000E+00 |  0.000000E+00 |  0.000000E+00 |             f
   855 |    34200 |     40 |  0.000000E+00 |  0.000000E+00 |  0.000000E+00 |             f
   856 |    34240 |     40 |  0.000000E+00 |  0.000000E+00 |  0.000000E+00 |             f
   857 |    34280 |     40 |  0.000000E+00 |  0.000000E+00 |  0.000000E+00 |             f
   858 |    34320 |     40 |  0.000000E+00 |  0.000000E+00 |  0.000000E+00 |             f
   859 |    34360 |     40 |  0.000000E+00 |  0.000000E+00 |  0.000000E+00 |             f
   860 |    34400 |     40 |  0.000000E+00 |  0.000000E+00 |  0.000000E+00 |             f
   861 |    34440 |     40 |  0.000000E+00 |  0.000000E+00 |  0.000000E+00 |             f
   862 |    34480 |     40 |  0.000000E+00 |  0.000000E+00 |  0.000000E+00 |             f
   863 |    34520 |     40 |  0.000000E+00 |  0.000000E+00 |  0.000000E+00 |             f
   864 |    34560 |     40 |  0.000000E+00 |  0.000000E+00 |  0.000000E+00 |             f
   865 |    34600 |     40 |  0.000000E+00 |  0.000000E+00 |  0.000000E+00 |             f
   866 |    34640 |     40 |  0.000000E+00 |  0.000000E+00 |  0.000000E+00 |             f
   867 |    34680 |     40 |  0.000000E+00 |  0.000000E+00 |  0.000000E+00 |             f
   868 |    34720 |     40 |  0.000000E+00 |  0.000000E+00 |  0.000000E+00 |             f
   869 |    34760 |     40 |  0.000000E+00 |  0.000000E+00 |  0.000000E+00 |             f
   870 |    34800 |     40 |  0.000000E+00 |  0.000000E+00 |  0.000000E+00 |             f
   871 |    34840 |     40 |  0.000000E+00 |  0.000000E+00 |  0.000000E+00 |             f
   872 |    34880 |     40 |  0.000000E+00 |  0.000000E+00 |  0.000000E+00 |             f
   873 |    34920 |     40 |  0.000000E+00 |  0.000000E+00 |  0.000000E+00 |             f
   874 |    34960 |     40 |  0.000000E+00 |  0.000000E+00 |  0.000000E+00 |             f
   875 |    35000 |     40 |  0.000000E+00 |  0.000000E+00 |  0.000000E+00 |             f
   876 |    35040 |      1 |  0.000000E+00 |  0.000000E+00 |  0.0012456618 |             f
Process SpawnPoolWorker-3:
Traceback (most recent call last):
  File "/opt/homebrew/Cellar/python@3.12/3.12.13_4/Frameworks/Python.framework/Versions/3.12/lib/python3.12/multiprocessing/pool.py", line 131, in worker
    put((job, i, result))
  File "/opt/homebrew/Cellar/python@3.12/3.12.13_4/Frameworks/Python.framework/Versions/3.12/lib/python3.12/multiprocessing/queues.py", line 399, in put
    self._writer.send_bytes(obj)
  File "/opt/homebrew/Cellar/python@3.12/3.12.13_4/Frameworks/Python.framework/Versions/3.12/lib/python3.12/multiprocessing/connection.py", line 200, in send_bytes
    self._send_bytes(m[offset:offset + size])
  File "/opt/homebrew/Cellar/python@3.12/3.12.13_4/Frameworks/Python.framework/Versions/3.12/lib/python3.12/multiprocessing/connection.py", line 427, in _send_bytes
    self._send(header + buf)
  File "/opt/homebrew/Cellar/python@3.12/3.12.13_4/Frameworks/Python.framework/Versions/3.12/lib/python3.12/multiprocessing/connection.py", line 384, in _send
    n = write(self._handle, buf)
        ^^^^^^^^^^^^^^^^^^^^^^^^
BrokenPipeError: [Errno 32] Broken pipe

During handling of the above exception, another exception occurred:

Traceback (most recent call last):
  File "/opt/homebrew/Cellar/python@3.12/3.12.13_4/Frameworks/Python.framework/Versions/3.12/lib/python3.12/multiprocessing/process.py", line 314, in _bootstrap
    self.run()
  File "/opt/homebrew/Cellar/python@3.12/3.12.13_4/Frameworks/Python.framework/Versions/3.12/lib/python3.12/multiprocessing/process.py", line 108, in run
    self._target(*self._args, **self._kwargs)
  File "/opt/homebrew/Cellar/python@3.12/3.12.13_4/Frameworks/Python.framework/Versions/3.12/lib/python3.12/multiprocessing/pool.py", line 136, in worker
    put((job, i, (False, wrapped)))
  File "/opt/homebrew/Cellar/python@3.12/3.12.13_4/Frameworks/Python.framework/Versions/3.12/lib/python3.12/multiprocessing/queues.py", line 399, in put
    self._writer.send_bytes(obj)
  File "/opt/homebrew/Cellar/python@3.12/3.12.13_4/Frameworks/Python.framework/Versions/3.12/lib/python3.12/multiprocessing/connection.py", line 200, in send_bytes
    self._send_bytes(m[offset:offset + size])
  File "/opt/homebrew/Cellar/python@3.12/3.12.13_4/Frameworks/Python.framework/Versions/3.12/lib/python3.12/multiprocessing/connection.py", line 427, in _send_bytes
    self._send(header + buf)
  File "/opt/homebrew/Cellar/python@3.12/3.12.13_4/Frameworks/Python.framework/Versions/3.12/lib/python3.12/multiprocessing/connection.py", line 384, in _send
    n = write(self._handle, buf)
        ^^^^^^^^^^^^^^^^^^^^^^^^
BrokenPipeError: [Errno 32] Broken pipe
Process SpawnPoolWorker-2:
Traceback (most recent call last):
  File "/opt/homebrew/Cellar/python@3.12/3.12.13_4/Frameworks/Python.framework/Versions/3.12/lib/python3.12/multiprocessing/pool.py", line 131, in worker
    put((job, i, result))
  File "/opt/homebrew/Cellar/python@3.12/3.12.13_4/Frameworks/Python.framework/Versions/3.12/lib/python3.12/multiprocessing/queues.py", line 399, in put
    self._writer.send_bytes(obj)
  File "/opt/homebrew/Cellar/python@3.12/3.12.13_4/Frameworks/Python.framework/Versions/3.12/lib/python3.12/multiprocessing/connection.py", line 200, in send_bytes
    self._send_bytes(m[offset:offset + size])
  File "/opt/homebrew/Cellar/python@3.12/3.12.13_4/Frameworks/Python.framework/Versions/3.12/lib/python3.12/multiprocessing/connection.py", line 427, in _send_bytes
    self._send(header + buf)
  File "/opt/homebrew/Cellar/python@3.12/3.12.13_4/Frameworks/Python.framework/Versions/3.12/lib/python3.12/multiprocessing/connection.py", line 384, in _send
    n = write(self._handle, buf)
        ^^^^^^^^^^^^^^^^^^^^^^^^
BrokenPipeError: [Errno 32] Broken pipe

During handling of the above exception, another exception occurred:

Traceback (most recent call last):
  File "/opt/homebrew/Cellar/python@3.12/3.12.13_4/Frameworks/Python.framework/Versions/3.12/lib/python3.12/multiprocessing/process.py", line 314, in _bootstrap
    self.run()
  File "/opt/homebrew/Cellar/python@3.12/3.12.13_4/Frameworks/Python.framework/Versions/3.12/lib/python3.12/multiprocessing/process.py", line 108, in run
    self._target(*self._args, **self._kwargs)
  File "/opt/homebrew/Cellar/python@3.12/3.12.13_4/Frameworks/Python.framework/Versions/3.12/lib/python3.12/multiprocessing/pool.py", line 136, in worker
    put((job, i, (False, wrapped)))
  File "/opt/homebrew/Cellar/python@3.12/3.12.13_4/Frameworks/Python.framework/Versions/3.12/lib/python3.12/multiprocessing/queues.py", line 399, in put
    self._writer.send_bytes(obj)
  File "/opt/homebrew/Cellar/python@3.12/3.12.13_4/Frameworks/Python.framework/Versions/3.12/lib/python3.12/multiprocessing/connection.py", line 200, in send_bytes
    self._send_bytes(m[offset:offset + size])
  File "/opt/homebrew/Cellar/python@3.12/3.12.13_4/Frameworks/Python.framework/Versions/3.12/lib/python3.12/multiprocessing/connection.py", line 427, in _send_bytes
    self._send(header + buf)
  File "/opt/homebrew/Cellar/python@3.12/3.12.13_4/Frameworks/Python.framework/Versions/3.12/lib/python3.12/multiprocessing/connection.py", line 384, in _send
    n = write(self._handle, buf)
        ^^^^^^^^^^^^^^^^^^^^^^^^
BrokenPipeError: [Errno 32] Broken pipe
Process SpawnPoolWorker-1:
Traceback (most recent call last):
  File "/opt/homebrew/Cellar/python@3.12/3.12.13_4/Frameworks/Python.framework/Versions/3.12/lib/python3.12/multiprocessing/pool.py", line 131, in worker
    put((job, i, result))
  File "/opt/homebrew/Cellar/python@3.12/3.12.13_4/Frameworks/Python.framework/Versions/3.12/lib/python3.12/multiprocessing/queues.py", line 399, in put
    self._writer.send_bytes(obj)
  File "/opt/homebrew/Cellar/python@3.12/3.12.13_4/Frameworks/Python.framework/Versions/3.12/lib/python3.12/multiprocessing/connection.py", line 200, in send_bytes
    self._send_bytes(m[offset:offset + size])
  File "/opt/homebrew/Cellar/python@3.12/3.12.13_4/Frameworks/Python.framework/Versions/3.12/lib/python3.12/multiprocessing/connection.py", line 427, in _send_bytes
    self._send(header + buf)
  File "/opt/homebrew/Cellar/python@3.12/3.12.13_4/Frameworks/Python.framework/Versions/3.12/lib/python3.12/multiprocessing/connection.py", line 384, in _send
    n = write(self._handle, buf)
        ^^^^^^^^^^^^^^^^^^^^^^^^
BrokenPipeError: [Errno 32] Broken pipe

During handling of the above exception, another exception occurred:

Traceback (most recent call last):
  File "/opt/homebrew/Cellar/python@3.12/3.12.13_4/Frameworks/Python.framework/Versions/3.12/lib/python3.12/multiprocessing/process.py", line 314, in _bootstrap
    self.run()
  File "/opt/homebrew/Cellar/python@3.12/3.12.13_4/Frameworks/Python.framework/Versions/3.12/lib/python3.12/multiprocessing/process.py", line 108, in run
    self._target(*self._args, **self._kwargs)
  File "/opt/homebrew/Cellar/python@3.12/3.12.13_4/Frameworks/Python.framework/Versions/3.12/lib/python3.12/multiprocessing/pool.py", line 136, in worker
    put((job, i, (False, wrapped)))
  File "/opt/homebrew/Cellar/python@3.12/3.12.13_4/Frameworks/Python.framework/Versions/3.12/lib/python3.12/multiprocessing/queues.py", line 399, in put
    self._writer.send_bytes(obj)
  File "/opt/homebrew/Cellar/python@3.12/3.12.13_4/Frameworks/Python.framework/Versions/3.12/lib/python3.12/multiprocessing/connection.py", line 200, in send_bytes
    self._send_bytes(m[offset:offset + size])
  File "/opt/homebrew/Cellar/python@3.12/3.12.13_4/Frameworks/Python.framework/Versions/3.12/lib/python3.12/multiprocessing/connection.py", line 427, in _send_bytes
    self._send(header + buf)
  File "/opt/homebrew/Cellar/python@3.12/3.12.13_4/Frameworks/Python.framework/Versions/3.12/lib/python3.12/multiprocessing/connection.py", line 384, in _send
    n = write(self._handle, buf)
        ^^^^^^^^^^^^^^^^^^^^^^^^
BrokenPipeError: [Errno 32] Broken pipe
/opt/homebrew/Cellar/python@3.12/3.12.13_4/Frameworks/Python.framework/Versions/3.12/lib/python3.12/multiprocessing/resource_tracker.py:279: UserWarning: resource_tracker: There appear to be 6 leaked semaphore objects to clean up at shutdown
  warnings.warn('resource_tracker: There appear to be %d '
