/Users/nv/Documents/MRI/magnet_design/optimize_robust_aligned.py:54: DeprecationWarning: Importing 'StarmapParallelization' from 'pymoo.core.problem' is deprecated. Please use 'from pymoo.parallelization import StarmapParallelization' instead. This backward compatibility import will be removed in a future version.
  from pymoo.core.problem import StarmapParallelization
==========================================================================================
n_gen  |  n_eval  | n_nds  |     cv_min    |     cv_avg    |      eps      |   indicator  
==========================================================================================
     1 |       40 |      1 |  2.805622E+01 |  1.808052E+02 |             - |             -
     2 |       80 |      1 |  2.799608E+01 |  7.115943E+01 |             - |             -
     3 |      120 |      1 |  2.361654E+01 |  3.626877E+01 |             - |             -
     4 |      160 |      1 |  2.361654E+01 |  3.067015E+01 |             - |             -
     5 |      200 |      1 |  1.431916E+01 |  2.681796E+01 |             - |             -
     6 |      240 |      1 |  1.245386E+01 |  2.410749E+01 |             - |             -
     7 |      280 |      1 |  1.245386E+01 |  2.125944E+01 |             - |             -
     8 |      320 |      1 |  1.242823E+01 |  1.856627E+01 |             - |             -
     9 |      360 |      1 |  5.3020391887 |  1.582421E+01 |             - |             -
    10 |      400 |      1 |  5.3020391887 |  1.337412E+01 |             - |             -
    11 |      440 |      1 |  3.0913182419 |  1.098621E+01 |             - |             -
    12 |      480 |      1 |  1.0704257489 |  9.0233417170 |             - |             -
    13 |      520 |      1 |  0.0702732917 |  6.6496340183 |             - |             -
    14 |      560 |      1 |  0.000000E+00 |  4.4100952970 |             - |             -
    15 |      600 |      1 |  0.000000E+00 |  2.6506323350 |  5.342889E+04 |         ideal
    16 |      640 |      1 |  0.000000E+00 |  1.1235756509 |  0.000000E+00 |             f
    17 |      680 |      1 |  0.000000E+00 |  0.6176967498 |  0.000000E+00 |             f
    18 |      720 |      1 |  0.000000E+00 |  0.3067980588 |  1.662455E+04 |         ideal
    19 |      760 |      1 |  0.000000E+00 |  0.1056520799 |  0.000000E+00 |             f
    20 |      800 |      1 |  0.000000E+00 |  0.0261215268 |  0.000000E+00 |             f
    21 |      840 |      1 |  0.000000E+00 |  4.305432E-06 |  0.000000E+00 |             f
    22 |      880 |      1 |  0.000000E+00 |  0.000000E+00 |  0.000000E+00 |             f
    23 |      920 |      1 |  0.000000E+00 |  0.000000E+00 |  0.000000E+00 |             f
    24 |      960 |      1 |  0.000000E+00 |  0.000000E+00 |  0.000000E+00 |             f
    25 |     1000 |      1 |  0.000000E+00 |  0.000000E+00 |  0.000000E+00 |             f
    26 |     1040 |      1 |  0.000000E+00 |  0.000000E+00 |  0.000000E+00 |             f
    27 |     1080 |      1 |  0.000000E+00 |  0.000000E+00 |  4.495024E+02 |         ideal
    28 |     1120 |      1 |  0.000000E+00 |  0.000000E+00 |  4.849792E+02 |         ideal
    29 |     1160 |      1 |  0.000000E+00 |  0.000000E+00 |  0.000000E+00 |             f
    30 |     1200 |      1 |  0.000000E+00 |  0.000000E+00 |  0.000000E+00 |             f
    31 |     1240 |      1 |  0.000000E+00 |  0.000000E+00 |  0.000000E+00 |             f
    32 |     1280 |      1 |  0.000000E+00 |  0.000000E+00 |  2.502794E+03 |         ideal
    33 |     1320 |      1 |  0.000000E+00 |  0.000000E+00 |  1.403419E+03 |         ideal
    34 |     1360 |      1 |  0.000000E+00 |  0.000000E+00 |  0.000000E+00 |             f
    35 |     1400 |      1 |  0.000000E+00 |  0.000000E+00 |  0.000000E+00 |             f
    36 |     1440 |      1 |  0.000000E+00 |  0.000000E+00 |  0.000000E+00 |             f
    37 |     1480 |      1 |  0.000000E+00 |  0.000000E+00 |  0.000000E+00 |             f
    38 |     1520 |      1 |  0.000000E+00 |  0.000000E+00 |  0.000000E+00 |             f
    39 |     1560 |      1 |  0.000000E+00 |  0.000000E+00 |  0.000000E+00 |             f
    40 |     1600 |      1 |  0.000000E+00 |  0.000000E+00 |  8.120408E+03 |         ideal
    41 |     1640 |      1 |  0.000000E+00 |  0.000000E+00 |  0.000000E+00 |             f
    42 |     1680 |      1 |  0.000000E+00 |  0.000000E+00 |  0.000000E+00 |             f
    43 |     1720 |      1 |  0.000000E+00 |  0.000000E+00 |  0.000000E+00 |             f
    44 |     1760 |      1 |  0.000000E+00 |  0.000000E+00 |  0.000000E+00 |             f
    45 |     1800 |      1 |  0.000000E+00 |  0.000000E+00 |  2.119010E+03 |         ideal
    46 |     1840 |      1 |  0.000000E+00 |  0.000000E+00 |  0.000000E+00 |             f
    47 |     1880 |      1 |  0.000000E+00 |  0.000000E+00 |  0.000000E+00 |             f
    48 |     1920 |      1 |  0.000000E+00 |  0.000000E+00 |  0.000000E+00 |             f
    49 |     1960 |      1 |  0.000000E+00 |  0.000000E+00 |  0.000000E+00 |             f
    50 |     2000 |      1 |  0.000000E+00 |  0.000000E+00 |  0.000000E+00 |             f
    51 |     2040 |      1 |  0.000000E+00 |  0.000000E+00 |  0.000000E+00 |             f
    52 |     2080 |      1 |  0.000000E+00 |  0.000000E+00 |  0.000000E+00 |             f
    53 |     2120 |      1 |  0.000000E+00 |  0.000000E+00 |  6.231249E+03 |         ideal
    54 |     2160 |      1 |  0.000000E+00 |  0.000000E+00 |  0.000000E+00 |             f
    55 |     2200 |      1 |  0.000000E+00 |  0.000000E+00 |  2.385867E+02 |         ideal
    56 |     2240 |      1 |  0.000000E+00 |  0.000000E+00 |  0.000000E+00 |             f
    57 |     2280 |      1 |  0.000000E+00 |  0.000000E+00 |  4.475223E+02 |         ideal
    58 |     2320 |      1 |  0.000000E+00 |  0.000000E+00 |  0.000000E+00 |             f
    59 |     2360 |      1 |  0.000000E+00 |  0.000000E+00 |  0.000000E+00 |             f
    60 |     2400 |      1 |  0.000000E+00 |  0.000000E+00 |  0.000000E+00 |             f
    61 |     2440 |      1 |  0.000000E+00 |  0.000000E+00 |  1.601829E+03 |         ideal
    62 |     2480 |      1 |  0.000000E+00 |  0.000000E+00 |  0.000000E+00 |             f
    63 |     2520 |      1 |  0.000000E+00 |  0.000000E+00 |  3.305895E+02 |         ideal
    64 |     2560 |      1 |  0.000000E+00 |  0.000000E+00 |  0.000000E+00 |             f
    65 |     2600 |      1 |  0.000000E+00 |  0.000000E+00 |  0.000000E+00 |             f
    66 |     2640 |      1 |  0.000000E+00 |  0.000000E+00 |  7.144131E+01 |         ideal
    67 |     2680 |      1 |  0.000000E+00 |  0.000000E+00 |  1.438087E+03 |         ideal
    68 |     2720 |      1 |  0.000000E+00 |  0.000000E+00 |  1.709002E+01 |         ideal
    69 |     2760 |      1 |  0.000000E+00 |  0.000000E+00 |  3.870038E+01 |         ideal
    70 |     2800 |      1 |  0.000000E+00 |  0.000000E+00 |  0.000000E+00 |             f
    71 |     2840 |      1 |  0.000000E+00 |  0.000000E+00 |  0.000000E+00 |             f
    72 |     2880 |      1 |  0.000000E+00 |  0.000000E+00 |  1.521566E+03 |         ideal
    73 |     2920 |      1 |  0.000000E+00 |  0.000000E+00 |  0.000000E+00 |             f
    74 |     2960 |      1 |  0.000000E+00 |  0.000000E+00 |  0.000000E+00 |             f
    75 |     3000 |      1 |  0.000000E+00 |  0.000000E+00 |  2.060407E+02 |         ideal
    76 |     3040 |      1 |  0.000000E+00 |  0.000000E+00 |  1.734465E+03 |         ideal
    77 |     3080 |      1 |  0.000000E+00 |  0.000000E+00 |  0.000000E+00 |             f
    78 |     3120 |      1 |  0.000000E+00 |  0.000000E+00 |  0.000000E+00 |             f
    79 |     3160 |      1 |  0.000000E+00 |  0.000000E+00 |  0.000000E+00 |             f
    80 |     3200 |      1 |  0.000000E+00 |  0.000000E+00 |  0.000000E+00 |             f
    81 |     3240 |      1 |  0.000000E+00 |  0.000000E+00 |  3.4818652453 |         ideal
    82 |     3280 |      1 |  0.000000E+00 |  0.000000E+00 |  5.783882E+01 |         ideal
    83 |     3320 |      2 |  0.000000E+00 |  0.000000E+00 |  0.000000E+00 |             f
    84 |     3360 |      1 |  0.000000E+00 |  0.000000E+00 |  2.454886E+01 |         ideal
    85 |     3400 |      1 |  0.000000E+00 |  0.000000E+00 |  0.000000E+00 |             f
    86 |     3440 |      1 |  0.000000E+00 |  0.000000E+00 |  1.289606E+02 |         ideal
    87 |     3480 |      1 |  0.000000E+00 |  0.000000E+00 |  0.000000E+00 |             f
    88 |     3520 |      1 |  0.000000E+00 |  0.000000E+00 |  2.509655E+02 |         ideal
    89 |     3560 |      1 |  0.000000E+00 |  0.000000E+00 |  0.000000E+00 |             f
    90 |     3600 |      1 |  0.000000E+00 |  0.000000E+00 |  2.370570E+02 |         ideal
    91 |     3640 |      1 |  0.000000E+00 |  0.000000E+00 |  2.2219309009 |         ideal
    92 |     3680 |      1 |  0.000000E+00 |  0.000000E+00 |  3.681283E+02 |         ideal
    93 |     3720 |      2 |  0.000000E+00 |  0.000000E+00 |  0.000000E+00 |             f
    94 |     3760 |      1 |  0.000000E+00 |  0.000000E+00 |  3.528693E+02 |         ideal
    95 |     3800 |      2 |  0.000000E+00 |  0.000000E+00 |  0.000000E+00 |             f
    96 |     3840 |      1 |  0.000000E+00 |  0.000000E+00 |  0.6340343116 |         ideal
    97 |     3880 |      1 |  0.000000E+00 |  0.000000E+00 |  0.000000E+00 |             f
    98 |     3920 |      1 |  0.000000E+00 |  0.000000E+00 |  1.0447188986 |         ideal
    99 |     3960 |      1 |  0.000000E+00 |  0.000000E+00 |  6.821471E+01 |         ideal
   100 |     4000 |      1 |  0.000000E+00 |  0.000000E+00 |  3.5329672927 |         ideal
mean B0=45.0105 homogen=17427.3021
   101 |     4040 |      1 |  0.000000E+00 |  0.000000E+00 |  1.062765E+02 |         ideal
   102 |     4080 |      1 |  0.000000E+00 |  0.000000E+00 |  3.106249E+02 |         ideal
   103 |     4120 |      1 |  0.000000E+00 |  0.000000E+00 |  0.000000E+00 |             f
   104 |     4160 |      1 |  0.000000E+00 |  0.000000E+00 |  0.000000E+00 |             f
   105 |     4200 |      1 |  0.000000E+00 |  0.000000E+00 |  3.053104E+01 |         ideal
   106 |     4240 |      1 |  0.000000E+00 |  0.000000E+00 |  2.116508E+01 |         ideal
   107 |     4280 |      1 |  0.000000E+00 |  0.000000E+00 |  0.000000E+00 |             f
   108 |     4320 |      1 |  0.000000E+00 |  0.000000E+00 |  0.000000E+00 |             f
   109 |     4360 |      1 |  0.000000E+00 |  0.000000E+00 |  0.000000E+00 |             f
   110 |     4400 |      1 |  0.000000E+00 |  0.000000E+00 |  0.000000E+00 |             f
   111 |     4440 |      1 |  0.000000E+00 |  0.000000E+00 |  1.567662E+02 |         ideal
   112 |     4480 |      1 |  0.000000E+00 |  0.000000E+00 |  0.000000E+00 |             f
   113 |     4520 |      1 |  0.000000E+00 |  0.000000E+00 |  2.225375E+02 |         ideal
   114 |     4560 |      1 |  0.000000E+00 |  0.000000E+00 |  0.000000E+00 |             f
   115 |     4600 |      1 |  0.000000E+00 |  0.000000E+00 |  0.000000E+00 |             f
   116 |     4640 |      1 |  0.000000E+00 |  0.000000E+00 |  0.000000E+00 |             f
   117 |     4680 |      1 |  0.000000E+00 |  0.000000E+00 |  0.000000E+00 |             f
   118 |     4720 |      1 |  0.000000E+00 |  0.000000E+00 |  0.000000E+00 |             f
   119 |     4760 |      1 |  0.000000E+00 |  0.000000E+00 |  0.000000E+00 |             f
   120 |     4800 |      1 |  0.000000E+00 |  0.000000E+00 |  1.854737E+01 |         ideal
   121 |     4840 |      1 |  0.000000E+00 |  0.000000E+00 |  0.000000E+00 |             f
   122 |     4880 |      1 |  0.000000E+00 |  0.000000E+00 |  4.844847E+01 |         ideal
   123 |     4920 |      1 |  0.000000E+00 |  0.000000E+00 |  1.948438E+01 |         ideal
   124 |     4960 |      1 |  0.000000E+00 |  0.000000E+00 |  6.061397E+01 |         ideal
   125 |     5000 |      1 |  0.000000E+00 |  0.000000E+00 |  8.868535E+01 |         ideal
   126 |     5040 |      1 |  0.000000E+00 |  0.000000E+00 |  4.981171E+01 |         ideal
   127 |     5080 |      1 |  0.000000E+00 |  0.000000E+00 |  4.624024E+02 |         ideal
   128 |     5120 |      1 |  0.000000E+00 |  0.000000E+00 |  0.000000E+00 |             f
   129 |     5160 |      1 |  0.000000E+00 |  0.000000E+00 |  0.8434643682 |         ideal
   130 |     5200 |      1 |  0.000000E+00 |  0.000000E+00 |  5.968596E+01 |         ideal
   131 |     5240 |      1 |  0.000000E+00 |  0.000000E+00 |  0.000000E+00 |             f
   132 |     5280 |      1 |  0.000000E+00 |  0.000000E+00 |  3.449654E+01 |         ideal
   133 |     5320 |      1 |  0.000000E+00 |  0.000000E+00 |  1.064976E+01 |         ideal
   134 |     5360 |      1 |  0.000000E+00 |  0.000000E+00 |  2.224830E+02 |         ideal
   135 |     5400 |      1 |  0.000000E+00 |  0.000000E+00 |  2.4093706261 |         ideal
   136 |     5440 |      1 |  0.000000E+00 |  0.000000E+00 |  0.000000E+00 |             f
   137 |     5480 |      1 |  0.000000E+00 |  0.000000E+00 |  0.000000E+00 |             f
   138 |     5520 |      1 |  0.000000E+00 |  0.000000E+00 |  1.5564250041 |         ideal
   139 |     5560 |      1 |  0.000000E+00 |  0.000000E+00 |  8.705308E+01 |         ideal
   140 |     5600 |      1 |  0.000000E+00 |  0.000000E+00 |  0.000000E+00 |             f
   141 |     5640 |      1 |  0.000000E+00 |  0.000000E+00 |  0.000000E+00 |             f
   142 |     5680 |      1 |  0.000000E+00 |  0.000000E+00 |  0.000000E+00 |             f
   143 |     5720 |      1 |  0.000000E+00 |  0.000000E+00 |  2.2496946411 |         ideal
   144 |     5760 |      1 |  0.000000E+00 |  0.000000E+00 |  0.7076229988 |         ideal
   145 |     5800 |      1 |  0.000000E+00 |  0.000000E+00 |  0.3063888032 |         ideal
   146 |     5840 |      1 |  0.000000E+00 |  0.000000E+00 |  5.2333169117 |         ideal
   147 |     5880 |      1 |  0.000000E+00 |  0.000000E+00 |  0.000000E+00 |             f
   148 |     5920 |      1 |  0.000000E+00 |  0.000000E+00 |  4.2997578639 |         ideal
   149 |     5960 |      1 |  0.000000E+00 |  0.000000E+00 |  4.436748E+01 |         ideal
   150 |     6000 |      1 |  0.000000E+00 |  0.000000E+00 |  0.0961778244 |         ideal
   151 |     6040 |      1 |  0.000000E+00 |  0.000000E+00 |  0.000000E+00 |             f
   152 |     6080 |      1 |  0.000000E+00 |  0.000000E+00 |  2.8809856680 |         ideal
   153 |     6120 |      1 |  0.000000E+00 |  0.000000E+00 |  4.6341870334 |         ideal
   154 |     6160 |      1 |  0.000000E+00 |  0.000000E+00 |  6.4588710591 |         ideal
   155 |     6200 |      1 |  0.000000E+00 |  0.000000E+00 |  1.403423E+01 |         ideal
   156 |     6240 |      1 |  0.000000E+00 |  0.000000E+00 |  0.000000E+00 |             f
   157 |     6280 |      1 |  0.000000E+00 |  0.000000E+00 |  0.000000E+00 |             f
   158 |     6320 |      1 |  0.000000E+00 |  0.000000E+00 |  1.071024E+01 |         ideal
   159 |     6360 |      1 |  0.000000E+00 |  0.000000E+00 |  7.9598569603 |         ideal
   160 |     6400 |      1 |  0.000000E+00 |  0.000000E+00 |  0.000000E+00 |             f
   161 |     6440 |      1 |  0.000000E+00 |  0.000000E+00 |  0.000000E+00 |             f
   162 |     6480 |      1 |  0.000000E+00 |  0.000000E+00 |  0.0797584602 |         ideal
   163 |     6520 |      1 |  0.000000E+00 |  0.000000E+00 |  0.1475804010 |         ideal
   164 |     6560 |      1 |  0.000000E+00 |  0.000000E+00 |  0.4616588335 |         ideal
   165 |     6600 |      1 |  0.000000E+00 |  0.000000E+00 |  0.000000E+00 |             f
   166 |     6640 |      1 |  0.000000E+00 |  0.000000E+00 |  1.5061975325 |         ideal
   167 |     6680 |      1 |  0.000000E+00 |  0.000000E+00 |  1.1961810434 |         ideal
   168 |     6720 |      1 |  0.000000E+00 |  0.000000E+00 |  0.7844437948 |         ideal
   169 |     6760 |      1 |  0.000000E+00 |  0.000000E+00 |  9.2544521724 |         ideal
   170 |     6800 |      1 |  0.000000E+00 |  0.000000E+00 |  0.000000E+00 |             f
   171 |     6840 |      2 |  0.000000E+00 |  0.000000E+00 |  0.000000E+00 |             f
   172 |     6880 |      3 |  0.000000E+00 |  0.000000E+00 |  0.000000E+00 |             f
   173 |     6920 |      3 |  0.000000E+00 |  0.000000E+00 |  0.000000E+00 |             f
   174 |     6960 |      1 |  0.000000E+00 |  0.000000E+00 |  0.8124011756 |         ideal
   175 |     7000 |      1 |  0.000000E+00 |  0.000000E+00 |  6.5401675201 |         ideal
   176 |     7040 |      1 |  0.000000E+00 |  0.000000E+00 |  0.000000E+00 |             f
   177 |     7080 |      1 |  0.000000E+00 |  0.000000E+00 |  0.000000E+00 |             f
   178 |     7120 |      1 |  0.000000E+00 |  0.000000E+00 |  0.000000E+00 |             f
   179 |     7160 |      1 |  0.000000E+00 |  0.000000E+00 |  0.4568062540 |         ideal
   180 |     7200 |      1 |  0.000000E+00 |  0.000000E+00 |  0.000000E+00 |             f
   181 |     7240 |      1 |  0.000000E+00 |  0.000000E+00 |  0.000000E+00 |             f
   182 |     7280 |      1 |  0.000000E+00 |  0.000000E+00 |  0.0086915990 |         ideal
   183 |     7320 |      1 |  0.000000E+00 |  0.000000E+00 |  1.4361272146 |         ideal
   184 |     7360 |      1 |  0.000000E+00 |  0.000000E+00 |  0.000000E+00 |             f
   185 |     7400 |      1 |  0.000000E+00 |  0.000000E+00 |  1.3298716735 |         ideal
   186 |     7440 |      1 |  0.000000E+00 |  0.000000E+00 |  0.000000E+00 |             f
   187 |     7480 |      1 |  0.000000E+00 |  0.000000E+00 |  0.000000E+00 |             f
   188 |     7520 |      1 |  0.000000E+00 |  0.000000E+00 |  0.4370861745 |         ideal
   189 |     7560 |      1 |  0.000000E+00 |  0.000000E+00 |  0.1426887638 |         ideal
   190 |     7600 |      1 |  0.000000E+00 |  0.000000E+00 |  0.9246282839 |         ideal
   191 |     7640 |      1 |  0.000000E+00 |  0.000000E+00 |  0.000000E+00 |             f
   192 |     7680 |      1 |  0.000000E+00 |  0.000000E+00 |  0.1551400272 |         ideal
   193 |     7720 |      1 |  0.000000E+00 |  0.000000E+00 |  0.000000E+00 |             f
   194 |     7760 |      1 |  0.000000E+00 |  0.000000E+00 |  0.000000E+00 |             f
   195 |     7800 |      1 |  0.000000E+00 |  0.000000E+00 |  0.1937299786 |         ideal
   196 |     7840 |      1 |  0.000000E+00 |  0.000000E+00 |  0.2417144064 |         ideal
   197 |     7880 |      1 |  0.000000E+00 |  0.000000E+00 |  0.6106604399 |         ideal
   198 |     7920 |      1 |  0.000000E+00 |  0.000000E+00 |  0.1777231514 |         ideal
   199 |     7960 |      1 |  0.000000E+00 |  0.000000E+00 |  0.000000E+00 |             f
   200 |     8000 |      1 |  0.000000E+00 |  0.000000E+00 |  0.0221719350 |         ideal
mean B0=44.9393 homogen=17672.2735
   201 |     8040 |      2 |  0.000000E+00 |  0.000000E+00 |  0.000000E+00 |             f
   202 |     8080 |      1 |  0.000000E+00 |  0.000000E+00 |  1.3779056172 |         ideal
   203 |     8120 |      1 |  0.000000E+00 |  0.000000E+00 |  0.000000E+00 |             f
   204 |     8160 |      1 |  0.000000E+00 |  0.000000E+00 |  3.4998894528 |         ideal
   205 |     8200 |      2 |  0.000000E+00 |  0.000000E+00 |  0.000000E+00 |             f
   206 |     8240 |      2 |  0.000000E+00 |  0.000000E+00 |  0.000000E+00 |             f
   207 |     8280 |      1 |  0.000000E+00 |  0.000000E+00 |  0.4422481050 |         ideal
   208 |     8320 |      1 |  0.000000E+00 |  0.000000E+00 |  0.0660530549 |         ideal
   209 |     8360 |      1 |  0.000000E+00 |  0.000000E+00 |  0.0152532502 |         ideal
   210 |     8400 |      1 |  0.000000E+00 |  0.000000E+00 |  0.3564970191 |         ideal
   211 |     8440 |      1 |  0.000000E+00 |  0.000000E+00 |  8.5691485779 |         ideal
   212 |     8480 |      1 |  0.000000E+00 |  0.000000E+00 |  0.2277880142 |         ideal
   213 |     8520 |      2 |  0.000000E+00 |  0.000000E+00 |  0.000000E+00 |             f
   214 |     8560 |      1 |  0.000000E+00 |  0.000000E+00 |  1.7079198928 |         ideal
   215 |     8600 |      1 |  0.000000E+00 |  0.000000E+00 |  0.2943528051 |         ideal
   216 |     8640 |      1 |  0.000000E+00 |  0.000000E+00 |  0.000000E+00 |             f
   217 |     8680 |      1 |  0.000000E+00 |  0.000000E+00 |  0.2936335869 |         ideal
   218 |     8720 |      1 |  0.000000E+00 |  0.000000E+00 |  0.3562015407 |         ideal
   219 |     8760 |      1 |  0.000000E+00 |  0.000000E+00 |  0.2585317565 |         ideal
   220 |     8800 |      1 |  0.000000E+00 |  0.000000E+00 |  2.2672904306 |         ideal
   221 |     8840 |      1 |  0.000000E+00 |  0.000000E+00 |  0.000000E+00 |             f
   222 |     8880 |      1 |  0.000000E+00 |  0.000000E+00 |  1.1133725136 |         ideal
   223 |     8920 |      2 |  0.000000E+00 |  0.000000E+00 |  0.000000E+00 |             f
   224 |     8960 |      2 |  0.000000E+00 |  0.000000E+00 |  0.000000E+00 |             f
   225 |     9000 |      1 |  0.000000E+00 |  0.000000E+00 |  0.0212925148 |         ideal
   226 |     9040 |      1 |  0.000000E+00 |  0.000000E+00 |  0.000000E+00 |             f
   227 |     9080 |      1 |  0.000000E+00 |  0.000000E+00 |  0.0169830803 |         ideal
   228 |     9120 |      1 |  0.000000E+00 |  0.000000E+00 |  0.0199102690 |         ideal
   229 |     9160 |      1 |  0.000000E+00 |  0.000000E+00 |  0.9939556493 |         ideal
   230 |     9200 |      1 |  0.000000E+00 |  0.000000E+00 |  0.000000E+00 |             f
   231 |     9240 |      1 |  0.000000E+00 |  0.000000E+00 |  0.6320970578 |         ideal
   232 |     9280 |      1 |  0.000000E+00 |  0.000000E+00 |  0.000000E+00 |             f
   233 |     9320 |      1 |  0.000000E+00 |  0.000000E+00 |  0.1927836138 |         ideal
   234 |     9360 |      1 |  0.000000E+00 |  0.000000E+00 |  0.000000E+00 |             f
   235 |     9400 |      1 |  0.000000E+00 |  0.000000E+00 |  0.000000E+00 |             f
   236 |     9440 |      1 |  0.000000E+00 |  0.000000E+00 |  0.1174869371 |         ideal
   237 |     9480 |      1 |  0.000000E+00 |  0.000000E+00 |  0.0693741938 |         ideal
   238 |     9520 |      1 |  0.000000E+00 |  0.000000E+00 |  0.0764936403 |         ideal
   239 |     9560 |      1 |  0.000000E+00 |  0.000000E+00 |  0.0662032383 |         ideal
   240 |     9600 |      1 |  0.000000E+00 |  0.000000E+00 |  0.2044560198 |         ideal
   241 |     9640 |      2 |  0.000000E+00 |  0.000000E+00 |  0.000000E+00 |             f
   242 |     9680 |      2 |  0.000000E+00 |  0.000000E+00 |  0.000000E+00 |             f
   243 |     9720 |      1 |  0.000000E+00 |  0.000000E+00 |  0.7474010683 |         ideal
   244 |     9760 |      1 |  0.000000E+00 |  0.000000E+00 |  0.000000E+00 |             f
   245 |     9800 |      1 |  0.000000E+00 |  0.000000E+00 |  0.0259489177 |         ideal
   246 |     9840 |      1 |  0.000000E+00 |  0.000000E+00 |  0.5177076881 |         ideal
   247 |     9880 |      1 |  0.000000E+00 |  0.000000E+00 |  0.000000E+00 |             f
   248 |     9920 |      1 |  0.000000E+00 |  0.000000E+00 |  0.000000E+00 |             f
   249 |     9960 |      1 |  0.000000E+00 |  0.000000E+00 |  0.000000E+00 |             f
   250 |    10000 |      1 |  0.000000E+00 |  0.000000E+00 |  1.6559636613 |         ideal
   251 |    10040 |      1 |  0.000000E+00 |  0.000000E+00 |  0.000000E+00 |             f
   252 |    10080 |      1 |  0.000000E+00 |  0.000000E+00 |  0.2254439647 |         ideal
   253 |    10120 |      1 |  0.000000E+00 |  0.000000E+00 |  0.1314053687 |         ideal
   254 |    10160 |      1 |  0.000000E+00 |  0.000000E+00 |  0.7754544944 |         ideal
   255 |    10200 |      1 |  0.000000E+00 |  0.000000E+00 |  0.000000E+00 |             f
   256 |    10240 |      1 |  0.000000E+00 |  0.000000E+00 |  1.9390439370 |         ideal
   257 |    10280 |      1 |  0.000000E+00 |  0.000000E+00 |  0.3589397441 |         ideal
   258 |    10320 |      2 |  0.000000E+00 |  0.000000E+00 |  0.000000E+00 |             f
   259 |    10360 |      3 |  0.000000E+00 |  0.000000E+00 |  0.000000E+00 |             f
   260 |    10400 |      1 |  0.000000E+00 |  0.000000E+00 |  1.0347751354 |         ideal
   261 |    10440 |      1 |  0.000000E+00 |  0.000000E+00 |  0.6668241109 |         ideal
   262 |    10480 |      1 |  0.000000E+00 |  0.000000E+00 |  0.000000E+00 |             f
   263 |    10520 |      1 |  0.000000E+00 |  0.000000E+00 |  0.000000E+00 |             f
   264 |    10560 |      1 |  0.000000E+00 |  0.000000E+00 |  0.000000E+00 |             f
   265 |    10600 |      1 |  0.000000E+00 |  0.000000E+00 |  0.000000E+00 |             f
   266 |    10640 |      1 |  0.000000E+00 |  0.000000E+00 |  0.3662954217 |         ideal
   267 |    10680 |      1 |  0.000000E+00 |  0.000000E+00 |  0.0145333239 |         ideal
   268 |    10720 |      1 |  0.000000E+00 |  0.000000E+00 |  0.1206799997 |         ideal
   269 |    10760 |      2 |  0.000000E+00 |  0.000000E+00 |  0.000000E+00 |             f
   270 |    10800 |      2 |  0.000000E+00 |  0.000000E+00 |  0.000000E+00 |             f
   271 |    10840 |      1 |  0.000000E+00 |  0.000000E+00 |  0.1151859427 |         ideal
   272 |    10880 |      1 |  0.000000E+00 |  0.000000E+00 |  0.0315113837 |         ideal
   273 |    10920 |      1 |  0.000000E+00 |  0.000000E+00 |  0.4675603458 |         ideal
   274 |    10960 |      1 |  0.000000E+00 |  0.000000E+00 |  0.000000E+00 |             f
   275 |    11000 |      1 |  0.000000E+00 |  0.000000E+00 |  0.000000E+00 |             f
   276 |    11040 |      1 |  0.000000E+00 |  0.000000E+00 |  0.000000E+00 |             f
   277 |    11080 |      1 |  0.000000E+00 |  0.000000E+00 |  0.000000E+00 |             f
   278 |    11120 |      1 |  0.000000E+00 |  0.000000E+00 |  0.0672392390 |         ideal
   279 |    11160 |      1 |  0.000000E+00 |  0.000000E+00 |  0.000000E+00 |             f
   280 |    11200 |      1 |  0.000000E+00 |  0.000000E+00 |  0.000000E+00 |             f
   281 |    11240 |      1 |  0.000000E+00 |  0.000000E+00 |  0.1943937591 |         ideal
   282 |    11280 |      1 |  0.000000E+00 |  0.000000E+00 |  0.1131417108 |         ideal
   283 |    11320 |      1 |  0.000000E+00 |  0.000000E+00 |  2.034016E+01 |         ideal
   284 |    11360 |      1 |  0.000000E+00 |  0.000000E+00 |  0.4055272575 |         ideal
   285 |    11400 |      1 |  0.000000E+00 |  0.000000E+00 |  2.6669615537 |         ideal
   286 |    11440 |      1 |  0.000000E+00 |  0.000000E+00 |  0.3181832768 |         ideal
   287 |    11480 |      2 |  0.000000E+00 |  0.000000E+00 |  0.000000E+00 |             f
   288 |    11520 |      1 |  0.000000E+00 |  0.000000E+00 |  0.9523864282 |         ideal
   289 |    11560 |      1 |  0.000000E+00 |  0.000000E+00 |  0.7064124267 |         ideal
   290 |    11600 |      2 |  0.000000E+00 |  0.000000E+00 |  0.000000E+00 |             f
   291 |    11640 |      1 |  0.000000E+00 |  0.000000E+00 |  0.7478701891 |         ideal
   292 |    11680 |      1 |  0.000000E+00 |  0.000000E+00 |  0.000000E+00 |             f
   293 |    11720 |      1 |  0.000000E+00 |  0.000000E+00 |  6.0183025569 |         ideal
   294 |    11760 |      1 |  0.000000E+00 |  0.000000E+00 |  0.000000E+00 |             f
   295 |    11800 |      2 |  0.000000E+00 |  0.000000E+00 |  0.000000E+00 |             f
   296 |    11840 |      1 |  0.000000E+00 |  0.000000E+00 |  0.9186355341 |         ideal
   297 |    11880 |      1 |  0.000000E+00 |  0.000000E+00 |  1.2093508428 |         ideal
   298 |    11920 |      2 |  0.000000E+00 |  0.000000E+00 |  0.000000E+00 |             f
   299 |    11960 |      1 |  0.000000E+00 |  0.000000E+00 |  0.0936405511 |         ideal
   300 |    12000 |      1 |  0.000000E+00 |  0.000000E+00 |  0.000000E+00 |             f
mean B0=44.9385 homogen=17673.0124
   301 |    12040 |      1 |  0.000000E+00 |  0.000000E+00 |  5.7334420007 |         ideal
   302 |    12080 |      1 |  0.000000E+00 |  0.000000E+00 |  0.1686129929 |         ideal
   303 |    12120 |      1 |  0.000000E+00 |  0.000000E+00 |  0.000000E+00 |             f
   304 |    12160 |      1 |  0.000000E+00 |  0.000000E+00 |  0.4831124877 |         ideal
   305 |    12200 |      1 |  0.000000E+00 |  0.000000E+00 |  1.5372753014 |         ideal
   306 |    12240 |      1 |  0.000000E+00 |  0.000000E+00 |  1.2781880182 |         ideal
   307 |    12280 |      1 |  0.000000E+00 |  0.000000E+00 |  0.4688002243 |         ideal
   308 |    12320 |      1 |  0.000000E+00 |  0.000000E+00 |  1.1357890965 |         ideal
   309 |    12360 |      1 |  0.000000E+00 |  0.000000E+00 |  2.2754815278 |         ideal
   310 |    12400 |      1 |  0.000000E+00 |  0.000000E+00 |  0.3353899873 |         ideal
   311 |    12440 |      1 |  0.000000E+00 |  0.000000E+00 |  0.000000E+00 |             f
   312 |    12480 |      2 |  0.000000E+00 |  0.000000E+00 |  0.000000E+00 |             f
   313 |    12520 |      1 |  0.000000E+00 |  0.000000E+00 |  2.4717570413 |         ideal
   314 |    12560 |      2 |  0.000000E+00 |  0.000000E+00 |  0.000000E+00 |             f
   315 |    12600 |      2 |  0.000000E+00 |  0.000000E+00 |  0.000000E+00 |             f
   316 |    12640 |      1 |  0.000000E+00 |  0.000000E+00 |  0.0858379476 |         ideal
   317 |    12680 |      1 |  0.000000E+00 |  0.000000E+00 |  0.000000E+00 |             f
   318 |    12720 |      1 |  0.000000E+00 |  0.000000E+00 |  0.1767446725 |         ideal
   319 |    12760 |      1 |  0.000000E+00 |  0.000000E+00 |  0.1335025229 |         ideal
   320 |    12800 |      1 |  0.000000E+00 |  0.000000E+00 |  5.3006231594 |         ideal
   321 |    12840 |      1 |  0.000000E+00 |  0.000000E+00 |  2.3286218770 |         ideal
   322 |    12880 |      1 |  0.000000E+00 |  0.000000E+00 |  0.000000E+00 |             f
   323 |    12920 |      2 |  0.000000E+00 |  0.000000E+00 |  0.000000E+00 |             f
   324 |    12960 |      1 |  0.000000E+00 |  0.000000E+00 |  4.1032366531 |         ideal
   325 |    13000 |      1 |  0.000000E+00 |  0.000000E+00 |  0.000000E+00 |             f
   326 |    13040 |      1 |  0.000000E+00 |  0.000000E+00 |  0.000000E+00 |             f
   327 |    13080 |      1 |  0.000000E+00 |  0.000000E+00 |  0.2474520866 |         ideal
   328 |    13120 |      1 |  0.000000E+00 |  0.000000E+00 |  3.5008136190 |         ideal
   329 |    13160 |      1 |  0.000000E+00 |  0.000000E+00 |  0.000000E+00 |             f
   330 |    13200 |      1 |  0.000000E+00 |  0.000000E+00 |  0.000000E+00 |             f
   331 |    13240 |      1 |  0.000000E+00 |  0.000000E+00 |  0.1399880945 |         ideal
   332 |    13280 |      1 |  0.000000E+00 |  0.000000E+00 |  0.4284215738 |         ideal
   333 |    13320 |      1 |  0.000000E+00 |  0.000000E+00 |  0.6393121270 |         ideal
   334 |    13360 |      1 |  0.000000E+00 |  0.000000E+00 |  0.3070880271 |         ideal
   335 |    13400 |      1 |  0.000000E+00 |  0.000000E+00 |  0.000000E+00 |             f
   336 |    13440 |      1 |  0.000000E+00 |  0.000000E+00 |  0.000000E+00 |             f
   337 |    13480 |      1 |  0.000000E+00 |  0.000000E+00 |  0.000000E+00 |             f
   338 |    13520 |      1 |  0.000000E+00 |  0.000000E+00 |  2.0393261060 |         ideal
   339 |    13560 |      1 |  0.000000E+00 |  0.000000E+00 |  0.000000E+00 |             f
   340 |    13600 |      2 |  0.000000E+00 |  0.000000E+00 |  0.000000E+00 |             f
   341 |    13640 |      1 |  0.000000E+00 |  0.000000E+00 |  0.3018041902 |         ideal
   342 |    13680 |      1 |  0.000000E+00 |  0.000000E+00 |  0.000000E+00 |             f
   343 |    13720 |      1 |  0.000000E+00 |  0.000000E+00 |  0.000000E+00 |             f
   344 |    13760 |      1 |  0.000000E+00 |  0.000000E+00 |  0.1609282485 |         ideal
   345 |    13800 |      1 |  0.000000E+00 |  0.000000E+00 |  0.000000E+00 |             f
   346 |    13840 |      1 |  0.000000E+00 |  0.000000E+00 |  0.000000E+00 |             f
   347 |    13880 |      1 |  0.000000E+00 |  0.000000E+00 |  0.000000E+00 |             f
   348 |    13920 |      1 |  0.000000E+00 |  0.000000E+00 |  0.4773034789 |         ideal
   349 |    13960 |      1 |  0.000000E+00 |  0.000000E+00 |  0.1571621018 |         ideal
   350 |    14000 |      1 |  0.000000E+00 |  0.000000E+00 |  0.000000E+00 |             f
   351 |    14040 |      1 |  0.000000E+00 |  0.000000E+00 |  0.000000E+00 |             f
   352 |    14080 |      1 |  0.000000E+00 |  0.000000E+00 |  0.3204911999 |         ideal
   353 |    14120 |      1 |  0.000000E+00 |  0.000000E+00 |  0.000000E+00 |             f
   354 |    14160 |      1 |  0.000000E+00 |  0.000000E+00 |  0.1848533888 |         ideal
   355 |    14200 |      1 |  0.000000E+00 |  0.000000E+00 |  0.2544815611 |         ideal
   356 |    14240 |      1 |  0.000000E+00 |  0.000000E+00 |  0.0064724227 |         ideal
   357 |    14280 |      2 |  0.000000E+00 |  0.000000E+00 |  0.000000E+00 |             f
   358 |    14320 |      2 |  0.000000E+00 |  0.000000E+00 |  0.000000E+00 |             f
   359 |    14360 |      1 |  0.000000E+00 |  0.000000E+00 |  0.0990429624 |         ideal
   360 |    14400 |      1 |  0.000000E+00 |  0.000000E+00 |  0.0162662879 |         ideal
   361 |    14440 |      1 |  0.000000E+00 |  0.000000E+00 |  0.1034503400 |         ideal
   362 |    14480 |      1 |  0.000000E+00 |  0.000000E+00 |  0.0805470373 |         ideal
   363 |    14520 |      1 |  0.000000E+00 |  0.000000E+00 |  0.000000E+00 |             f
   364 |    14560 |      1 |  0.000000E+00 |  0.000000E+00 |  0.000000E+00 |             f
   365 |    14600 |      1 |  0.000000E+00 |  0.000000E+00 |  0.3423992895 |         ideal
   366 |    14640 |      2 |  0.000000E+00 |  0.000000E+00 |  0.000000E+00 |             f
   367 |    14680 |      2 |  0.000000E+00 |  0.000000E+00 |  0.000000E+00 |             f
   368 |    14720 |      1 |  0.000000E+00 |  0.000000E+00 |  0.1066328511 |         ideal
   369 |    14760 |      1 |  0.000000E+00 |  0.000000E+00 |  0.000000E+00 |             f
   370 |    14800 |      1 |  0.000000E+00 |  0.000000E+00 |  0.0194758591 |         ideal
   371 |    14840 |      1 |  0.000000E+00 |  0.000000E+00 |  0.000000E+00 |             f
   372 |    14880 |      2 |  0.000000E+00 |  0.000000E+00 |  0.000000E+00 |             f
   373 |    14920 |      1 |  0.000000E+00 |  0.000000E+00 |  0.0551705738 |         ideal
   374 |    14960 |      1 |  0.000000E+00 |  0.000000E+00 |  0.0109196360 |         ideal
   375 |    15000 |      1 |  0.000000E+00 |  0.000000E+00 |  0.000000E+00 |             f
   376 |    15040 |      1 |  0.000000E+00 |  0.000000E+00 |  0.000000E+00 |             f
   377 |    15080 |      1 |  0.000000E+00 |  0.000000E+00 |  0.0158917682 |         ideal
   378 |    15120 |      1 |  0.000000E+00 |  0.000000E+00 |  0.000000E+00 |             f
   379 |    15160 |      1 |  0.000000E+00 |  0.000000E+00 |  0.0705032991 |         ideal
   380 |    15200 |      1 |  0.000000E+00 |  0.000000E+00 |  0.5208311041 |         ideal
   381 |    15240 |      1 |  0.000000E+00 |  0.000000E+00 |  0.000000E+00 |             f
   382 |    15280 |      1 |  0.000000E+00 |  0.000000E+00 |  0.1379584847 |         ideal
   383 |    15320 |      1 |  0.000000E+00 |  0.000000E+00 |  0.000000E+00 |             f
   384 |    15360 |      1 |  0.000000E+00 |  0.000000E+00 |  0.000000E+00 |             f
   385 |    15400 |      1 |  0.000000E+00 |  0.000000E+00 |  0.000000E+00 |             f
   386 |    15440 |      1 |  0.000000E+00 |  0.000000E+00 |  0.0242036791 |         ideal
   387 |    15480 |      1 |  0.000000E+00 |  0.000000E+00 |  0.2499835346 |         ideal
   388 |    15520 |      1 |  0.000000E+00 |  0.000000E+00 |  0.000000E+00 |             f
   389 |    15560 |      1 |  0.000000E+00 |  0.000000E+00 |  0.000000E+00 |             f
   390 |    15600 |      1 |  0.000000E+00 |  0.000000E+00 |  0.000000E+00 |             f
   391 |    15640 |      1 |  0.000000E+00 |  0.000000E+00 |  0.6237175824 |         ideal
   392 |    15680 |      1 |  0.000000E+00 |  0.000000E+00 |  0.2099075742 |         ideal
   393 |    15720 |      1 |  0.000000E+00 |  0.000000E+00 |  0.000000E+00 |             f
   394 |    15760 |      1 |  0.000000E+00 |  0.000000E+00 |  0.8860463326 |         ideal
   395 |    15800 |      1 |  0.000000E+00 |  0.000000E+00 |  0.000000E+00 |             f
   396 |    15840 |      1 |  0.000000E+00 |  0.000000E+00 |  1.9219509324 |         ideal
   397 |    15880 |      1 |  0.000000E+00 |  0.000000E+00 |  0.000000E+00 |             f
   398 |    15920 |      1 |  0.000000E+00 |  0.000000E+00 |  0.3088048434 |         ideal
   399 |    15960 |      1 |  0.000000E+00 |  0.000000E+00 |  0.3533633669 |         ideal
   400 |    16000 |      1 |  0.000000E+00 |  0.000000E+00 |  0.000000E+00 |             f
mean B0=44.9385 homogen=17675.2038
   401 |    16040 |      2 |  0.000000E+00 |  0.000000E+00 |  0.000000E+00 |             f
   402 |    16080 |      3 |  0.000000E+00 |  0.000000E+00 |  0.000000E+00 |             f
   403 |    16120 |      4 |  0.000000E+00 |  0.000000E+00 |  0.000000E+00 |             f
   404 |    16160 |      1 |  0.000000E+00 |  0.000000E+00 |  0.1391862401 |         ideal
   405 |    16200 |      1 |  0.000000E+00 |  0.000000E+00 |  0.000000E+00 |             f
   406 |    16240 |      1 |  0.000000E+00 |  0.000000E+00 |  2.7892062633 |         ideal
   407 |    16280 |      1 |  0.000000E+00 |  0.000000E+00 |  0.000000E+00 |             f
   408 |    16320 |      1 |  0.000000E+00 |  0.000000E+00 |  0.000000E+00 |             f
   409 |    16360 |      1 |  0.000000E+00 |  0.000000E+00 |  0.000000E+00 |             f
   410 |    16400 |      2 |  0.000000E+00 |  0.000000E+00 |  0.000000E+00 |             f
   411 |    16440 |      1 |  0.000000E+00 |  0.000000E+00 |  0.1013268502 |         ideal
   412 |    16480 |      1 |  0.000000E+00 |  0.000000E+00 |  0.000000E+00 |             f
   413 |    16520 |      1 |  0.000000E+00 |  0.000000E+00 |  0.1572570819 |         ideal
   414 |    16560 |      2 |  0.000000E+00 |  0.000000E+00 |  0.000000E+00 |             f
   415 |    16600 |      1 |  0.000000E+00 |  0.000000E+00 |  0.0973117708 |         ideal
   416 |    16640 |      1 |  0.000000E+00 |  0.000000E+00 |  0.0307089680 |         ideal
   417 |    16680 |      1 |  0.000000E+00 |  0.000000E+00 |  0.000000E+00 |             f
   418 |    16720 |      1 |  0.000000E+00 |  0.000000E+00 |  0.000000E+00 |             f
   419 |    16760 |      1 |  0.000000E+00 |  0.000000E+00 |  0.000000E+00 |             f
   420 |    16800 |      1 |  0.000000E+00 |  0.000000E+00 |  0.0186692596 |         ideal
   421 |    16840 |      1 |  0.000000E+00 |  0.000000E+00 |  0.0411437992 |         ideal
   422 |    16880 |      1 |  0.000000E+00 |  0.000000E+00 |  0.4049187395 |         ideal
   423 |    16920 |      1 |  0.000000E+00 |  0.000000E+00 |  0.000000E+00 |             f
   424 |    16960 |      1 |  0.000000E+00 |  0.000000E+00 |  0.000000E+00 |             f
   425 |    17000 |      1 |  0.000000E+00 |  0.000000E+00 |  0.0921852326 |         ideal
   426 |    17040 |      1 |  0.000000E+00 |  0.000000E+00 |  0.1639875858 |         ideal
   427 |    17080 |      1 |  0.000000E+00 |  0.000000E+00 |  0.1677311583 |         ideal
   428 |    17120 |      1 |  0.000000E+00 |  0.000000E+00 |  0.0870368180 |         ideal
   429 |    17160 |      1 |  0.000000E+00 |  0.000000E+00 |  0.000000E+00 |             f
   430 |    17200 |      1 |  0.000000E+00 |  0.000000E+00 |  0.000000E+00 |             f
   431 |    17240 |      1 |  0.000000E+00 |  0.000000E+00 |  0.1558070366 |         ideal
   432 |    17280 |      1 |  0.000000E+00 |  0.000000E+00 |  0.0786331429 |         ideal
   433 |    17320 |      1 |  0.000000E+00 |  0.000000E+00 |  0.0647054203 |         ideal
   434 |    17360 |      1 |  0.000000E+00 |  0.000000E+00 |  0.0080667468 |         ideal
   435 |    17400 |      1 |  0.000000E+00 |  0.000000E+00 |  0.0158239252 |         ideal
   436 |    17440 |      1 |  0.000000E+00 |  0.000000E+00 |  0.0258339223 |         ideal
   437 |    17480 |      1 |  0.000000E+00 |  0.000000E+00 |  0.3884941118 |         ideal
   438 |    17520 |      2 |  0.000000E+00 |  0.000000E+00 |  0.000000E+00 |             f
   439 |    17560 |      2 |  0.000000E+00 |  0.000000E+00 |  0.000000E+00 |             f
   440 |    17600 |      2 |  0.000000E+00 |  0.000000E+00 |  0.000000E+00 |             f
   441 |    17640 |      1 |  0.000000E+00 |  0.000000E+00 |  0.0525875830 |         ideal
   442 |    17680 |      1 |  0.000000E+00 |  0.000000E+00 |  0.000000E+00 |             f
   443 |    17720 |      1 |  0.000000E+00 |  0.000000E+00 |  0.1066298186 |         ideal
   444 |    17760 |      1 |  0.000000E+00 |  0.000000E+00 |  0.0717838184 |         ideal
   445 |    17800 |      1 |  0.000000E+00 |  0.000000E+00 |  0.000000E+00 |             f
   446 |    17840 |      1 |  0.000000E+00 |  0.000000E+00 |  0.0919065585 |         ideal
   447 |    17880 |      1 |  0.000000E+00 |  0.000000E+00 |  0.000000E+00 |             f
   448 |    17920 |      1 |  0.000000E+00 |  0.000000E+00 |  0.1754680452 |         ideal
   449 |    17960 |      2 |  0.000000E+00 |  0.000000E+00 |  0.000000E+00 |             f
   450 |    18000 |      2 |  0.000000E+00 |  0.000000E+00 |  0.000000E+00 |             f
   451 |    18040 |      3 |  0.000000E+00 |  0.000000E+00 |  0.000000E+00 |             f
   452 |    18080 |      4 |  0.000000E+00 |  0.000000E+00 |  0.000000E+00 |             f
   453 |    18120 |      1 |  0.000000E+00 |  0.000000E+00 |  0.1048211093 |         ideal
   454 |    18160 |      1 |  0.000000E+00 |  0.000000E+00 |  0.0014072958 |             f
   455 |    18200 |      1 |  0.000000E+00 |  0.000000E+00 |  0.0014072958 |             f
   456 |    18240 |      1 |  0.000000E+00 |  0.000000E+00 |  0.0368230764 |         ideal
   457 |    18280 |      1 |  0.000000E+00 |  0.000000E+00 |  0.000000E+00 |             f
   458 |    18320 |      1 |  0.000000E+00 |  0.000000E+00 |  0.000000E+00 |             f
   459 |    18360 |      1 |  0.000000E+00 |  0.000000E+00 |  0.000000E+00 |             f
   460 |    18400 |      1 |  0.000000E+00 |  0.000000E+00 |  0.0409960792 |         ideal
   461 |    18440 |      1 |  0.000000E+00 |  0.000000E+00 |  0.000000E+00 |             f
   462 |    18480 |      1 |  0.000000E+00 |  0.000000E+00 |  0.000000E+00 |             f
   463 |    18520 |      1 |  0.000000E+00 |  0.000000E+00 |  0.000000E+00 |             f
   464 |    18560 |      2 |  0.000000E+00 |  0.000000E+00 |  0.000000E+00 |             f
   465 |    18600 |      2 |  0.000000E+00 |  0.000000E+00 |  0.000000E+00 |             f
   466 |    18640 |      2 |  0.000000E+00 |  0.000000E+00 |  0.000000E+00 |             f
   467 |    18680 |      2 |  0.000000E+00 |  0.000000E+00 |  0.000000E+00 |             f
   468 |    18720 |      3 |  0.000000E+00 |  0.000000E+00 |  0.000000E+00 |             f
   469 |    18760 |      1 |  0.000000E+00 |  0.000000E+00 |  0.0017690974 |             f
   470 |    18800 |      1 |  0.000000E+00 |  0.000000E+00 |  0.0073482471 |         ideal
   471 |    18840 |      1 |  0.000000E+00 |  0.000000E+00 |  0.0291709491 |         ideal
   472 |    18880 |      1 |  0.000000E+00 |  0.000000E+00 |  0.2283534151 |         ideal
   473 |    18920 |      1 |  0.000000E+00 |  0.000000E+00 |  0.000000E+00 |             f
   474 |    18960 |      2 |  0.000000E+00 |  0.000000E+00 |  0.000000E+00 |             f
   475 |    19000 |      3 |  0.000000E+00 |  0.000000E+00 |  0.000000E+00 |             f
   476 |    19040 |      3 |  0.000000E+00 |  0.000000E+00 |  0.000000E+00 |             f
   477 |    19080 |      1 |  0.000000E+00 |  0.000000E+00 |  0.0344448586 |         ideal
   478 |    19120 |      2 |  0.000000E+00 |  0.000000E+00 |  0.000000E+00 |             f
   479 |    19160 |      1 |  0.000000E+00 |  0.000000E+00 |  4.0307919792 |         ideal
   480 |    19200 |      1 |  0.000000E+00 |  0.000000E+00 |  0.000000E+00 |             f
   481 |    19240 |      1 |  0.000000E+00 |  0.000000E+00 |  0.000000E+00 |             f
   482 |    19280 |      1 |  0.000000E+00 |  0.000000E+00 |  0.000000E+00 |             f
   483 |    19320 |      1 |  0.000000E+00 |  0.000000E+00 |  1.7428891440 |         ideal
   484 |    19360 |      1 |  0.000000E+00 |  0.000000E+00 |  0.000000E+00 |             f
   485 |    19400 |      1 |  0.000000E+00 |  0.000000E+00 |  0.000000E+00 |             f
   486 |    19440 |      1 |  0.000000E+00 |  0.000000E+00 |  0.000000E+00 |             f
   487 |    19480 |      1 |  0.000000E+00 |  0.000000E+00 |  0.000000E+00 |             f
   488 |    19520 |      1 |  0.000000E+00 |  0.000000E+00 |  0.000000E+00 |             f
   489 |    19560 |      1 |  0.000000E+00 |  0.000000E+00 |  0.000000E+00 |             f
   490 |    19600 |      1 |  0.000000E+00 |  0.000000E+00 |  2.9630030846 |         ideal
   491 |    19640 |      2 |  0.000000E+00 |  0.000000E+00 |  0.000000E+00 |             f
   492 |    19680 |      3 |  0.000000E+00 |  0.000000E+00 |  0.000000E+00 |             f
   493 |    19720 |      1 |  0.000000E+00 |  0.000000E+00 |  0.1785772548 |         ideal
   494 |    19760 |      1 |  0.000000E+00 |  0.000000E+00 |  7.3965533463 |         ideal
   495 |    19800 |      1 |  0.000000E+00 |  0.000000E+00 |  0.000000E+00 |             f
   496 |    19840 |      1 |  0.000000E+00 |  0.000000E+00 |  0.000000E+00 |             f
   497 |    19880 |      1 |  0.000000E+00 |  0.000000E+00 |  1.1340041540 |         ideal
   498 |    19920 |      1 |  0.000000E+00 |  0.000000E+00 |  2.0111712950 |         ideal
   499 |    19960 |      1 |  0.000000E+00 |  0.000000E+00 |  0.000000E+00 |             f
   500 |    20000 |      1 |  0.000000E+00 |  0.000000E+00 |  0.4654004527 |         ideal
mean B0=44.9385 homogen=17674.9311
   501 |    20040 |      1 |  0.000000E+00 |  0.000000E+00 |  0.7689557684 |         ideal
   502 |    20080 |      1 |  0.000000E+00 |  0.000000E+00 |  0.000000E+00 |             f
   503 |    20120 |      2 |  0.000000E+00 |  0.000000E+00 |  0.000000E+00 |             f
   504 |    20160 |      2 |  0.000000E+00 |  0.000000E+00 |  0.000000E+00 |             f
   505 |    20200 |      3 |  0.000000E+00 |  0.000000E+00 |  0.000000E+00 |             f
   506 |    20240 |      1 |  0.000000E+00 |  0.000000E+00 |  0.3128485543 |         ideal
   507 |    20280 |      1 |  0.000000E+00 |  0.000000E+00 |  2.1046162438 |         ideal
   508 |    20320 |      1 |  0.000000E+00 |  0.000000E+00 |  0.000000E+00 |             f
   509 |    20360 |      1 |  0.000000E+00 |  0.000000E+00 |  0.000000E+00 |             f
   510 |    20400 |      1 |  0.000000E+00 |  0.000000E+00 |  0.000000E+00 |             f
   511 |    20440 |      1 |  0.000000E+00 |  0.000000E+00 |  0.000000E+00 |             f
   512 |    20480 |      1 |  0.000000E+00 |  0.000000E+00 |  0.000000E+00 |             f
   513 |    20520 |      1 |  0.000000E+00 |  0.000000E+00 |  0.000000E+00 |             f
   514 |    20560 |      1 |  0.000000E+00 |  0.000000E+00 |  0.3733921910 |         ideal
   515 |    20600 |      1 |  0.000000E+00 |  0.000000E+00 |  0.000000E+00 |             f
   516 |    20640 |      1 |  0.000000E+00 |  0.000000E+00 |  0.4545445176 |         ideal
   517 |    20680 |      1 |  0.000000E+00 |  0.000000E+00 |  0.000000E+00 |             f
   518 |    20720 |      1 |  0.000000E+00 |  0.000000E+00 |  4.3766681117 |         ideal
   519 |    20760 |      2 |  0.000000E+00 |  0.000000E+00 |  0.000000E+00 |             f
   520 |    20800 |      3 |  0.000000E+00 |  0.000000E+00 |  0.000000E+00 |             f
   521 |    20840 |      1 |  0.000000E+00 |  0.000000E+00 |  0.7321307158 |         ideal
   522 |    20880 |      1 |  0.000000E+00 |  0.000000E+00 |  0.000000E+00 |             f
   523 |    20920 |      1 |  0.000000E+00 |  0.000000E+00 |  0.000000E+00 |             f
   524 |    20960 |      1 |  0.000000E+00 |  0.000000E+00 |  3.1308618145 |         ideal
   525 |    21000 |      1 |  0.000000E+00 |  0.000000E+00 |  0.5218947420 |         ideal
   526 |    21040 |      1 |  0.000000E+00 |  0.000000E+00 |  0.000000E+00 |             f
   527 |    21080 |      1 |  0.000000E+00 |  0.000000E+00 |  0.3554330562 |         ideal
   528 |    21120 |      1 |  0.000000E+00 |  0.000000E+00 |  0.6348562454 |         ideal
   529 |    21160 |      1 |  0.000000E+00 |  0.000000E+00 |  0.000000E+00 |             f
   530 |    21200 |      2 |  0.000000E+00 |  0.000000E+00 |  0.000000E+00 |             f
   531 |    21240 |      1 |  0.000000E+00 |  0.000000E+00 |  0.1876586333 |         ideal
   532 |    21280 |      1 |  0.000000E+00 |  0.000000E+00 |  0.5969166354 |         ideal
   533 |    21320 |      1 |  0.000000E+00 |  0.000000E+00 |  0.000000E+00 |             f
   534 |    21360 |      1 |  0.000000E+00 |  0.000000E+00 |  0.2310104762 |         ideal
   535 |    21400 |      1 |  0.000000E+00 |  0.000000E+00 |  0.0701376340 |         ideal
   536 |    21440 |      1 |  0.000000E+00 |  0.000000E+00 |  0.1601018195 |         ideal
   537 |    21480 |      1 |  0.000000E+00 |  0.000000E+00 |  0.2856835164 |         ideal
   538 |    21520 |      1 |  0.000000E+00 |  0.000000E+00 |  0.6686867539 |         ideal
   539 |    21560 |      1 |  0.000000E+00 |  0.000000E+00 |  1.0618887750 |         ideal
   540 |    21600 |      1 |  0.000000E+00 |  0.000000E+00 |  0.000000E+00 |             f
   541 |    21640 |      1 |  0.000000E+00 |  0.000000E+00 |  0.000000E+00 |             f
   542 |    21680 |      2 |  0.000000E+00 |  0.000000E+00 |  0.000000E+00 |             f
   543 |    21720 |      2 |  0.000000E+00 |  0.000000E+00 |  0.000000E+00 |             f
   544 |    21760 |      1 |  0.000000E+00 |  0.000000E+00 |  0.1684979566 |         ideal
   545 |    21800 |      1 |  0.000000E+00 |  0.000000E+00 |  0.1611016856 |         ideal
   546 |    21840 |      1 |  0.000000E+00 |  0.000000E+00 |  0.000000E+00 |             f
   547 |    21880 |      1 |  0.000000E+00 |  0.000000E+00 |  0.000000E+00 |             f
   548 |    21920 |      1 |  0.000000E+00 |  0.000000E+00 |  0.000000E+00 |             f
   549 |    21960 |      2 |  0.000000E+00 |  0.000000E+00 |  0.000000E+00 |             f
   550 |    22000 |      2 |  0.000000E+00 |  0.000000E+00 |  0.000000E+00 |             f
   551 |    22040 |      1 |  0.000000E+00 |  0.000000E+00 |  0.0893421677 |         ideal
   552 |    22080 |      2 |  0.000000E+00 |  0.000000E+00 |  0.000000E+00 |             f
   553 |    22120 |      2 |  0.000000E+00 |  0.000000E+00 |  0.000000E+00 |             f
   554 |    22160 |      1 |  0.000000E+00 |  0.000000E+00 |  0.0265470366 |         ideal
   555 |    22200 |      1 |  0.000000E+00 |  0.000000E+00 |  0.1216350757 |         ideal
   556 |    22240 |      2 |  0.000000E+00 |  0.000000E+00 |  0.000000E+00 |             f
   557 |    22280 |      1 |  0.000000E+00 |  0.000000E+00 |  0.1368746327 |         ideal
   558 |    22320 |      1 |  0.000000E+00 |  0.000000E+00 |  0.000000E+00 |             f
   559 |    22360 |      1 |  0.000000E+00 |  0.000000E+00 |  0.000000E+00 |             f
   560 |    22400 |      1 |  0.000000E+00 |  0.000000E+00 |  0.000000E+00 |             f
   561 |    22440 |      1 |  0.000000E+00 |  0.000000E+00 |  0.0478535923 |         ideal
   562 |    22480 |      1 |  0.000000E+00 |  0.000000E+00 |  0.000000E+00 |             f
   563 |    22520 |      1 |  0.000000E+00 |  0.000000E+00 |  0.0007792243 |             f
   564 |    22560 |      1 |  0.000000E+00 |  0.000000E+00 |  0.0596143110 |         ideal
   565 |    22600 |      1 |  0.000000E+00 |  0.000000E+00 |  0.000000E+00 |             f
   566 |    22640 |      1 |  0.000000E+00 |  0.000000E+00 |  0.0420537225 |         ideal
   567 |    22680 |      1 |  0.000000E+00 |  0.000000E+00 |  0.0287398374 |         ideal
   568 |    22720 |      2 |  0.000000E+00 |  0.000000E+00 |  0.000000E+00 |             f
   569 |    22760 |      1 |  0.000000E+00 |  0.000000E+00 |  0.0138089252 |         ideal
   570 |    22800 |      1 |  0.000000E+00 |  0.000000E+00 |  0.0128051162 |         ideal
   571 |    22840 |      1 |  0.000000E+00 |  0.000000E+00 |  0.0401086809 |         ideal
   572 |    22880 |      1 |  0.000000E+00 |  0.000000E+00 |  0.4159691330 |         ideal
   573 |    22920 |      1 |  0.000000E+00 |  0.000000E+00 |  0.000000E+00 |             f
   574 |    22960 |      1 |  0.000000E+00 |  0.000000E+00 |  0.000000E+00 |             f
   575 |    23000 |      1 |  0.000000E+00 |  0.000000E+00 |  0.000000E+00 |             f
   576 |    23040 |      1 |  0.000000E+00 |  0.000000E+00 |  0.1205369473 |         ideal
   577 |    23080 |      1 |  0.000000E+00 |  0.000000E+00 |  0.0110900289 |         ideal
   578 |    23120 |      2 |  0.000000E+00 |  0.000000E+00 |  0.000000E+00 |             f
   579 |    23160 |      1 |  0.000000E+00 |  0.000000E+00 |  0.0257726522 |         ideal
   580 |    23200 |      2 |  0.000000E+00 |  0.000000E+00 |  0.000000E+00 |             f
   581 |    23240 |      3 |  0.000000E+00 |  0.000000E+00 |  0.000000E+00 |             f
   582 |    23280 |      4 |  0.000000E+00 |  0.000000E+00 |  0.000000E+00 |             f
   583 |    23320 |      7 |  0.000000E+00 |  0.000000E+00 |  0.000000E+00 |             f
   584 |    23360 |      9 |  0.000000E+00 |  0.000000E+00 |  0.000000E+00 |             f
   585 |    23400 |      2 |  0.000000E+00 |  0.000000E+00 |  0.0002336317 |             f
   586 |    23440 |      5 |  0.000000E+00 |  0.000000E+00 |  0.0002336317 |             f
   587 |    23480 |      8 |  0.000000E+00 |  0.000000E+00 |  0.0002336317 |             f
   588 |    23520 |     13 |  0.000000E+00 |  0.000000E+00 |  0.0002336317 |             f
   589 |    23560 |     21 |  0.000000E+00 |  0.000000E+00 |  0.0002336317 |             f
   590 |    23600 |      1 |  0.000000E+00 |  0.000000E+00 |  0.0075880735 |         ideal
   591 |    23640 |      2 |  0.000000E+00 |  0.000000E+00 |  0.000000E+00 |             f
   592 |    23680 |      3 |  0.000000E+00 |  0.000000E+00 |  0.000000E+00 |             f
   593 |    23720 |      5 |  0.000000E+00 |  0.000000E+00 |  0.000000E+00 |             f
   594 |    23760 |      7 |  0.000000E+00 |  0.000000E+00 |  0.000000E+00 |             f
   595 |    23800 |     10 |  0.000000E+00 |  0.000000E+00 |  0.000000E+00 |             f
   596 |    23840 |     15 |  0.000000E+00 |  0.000000E+00 |  0.000000E+00 |             f
   597 |    23880 |     20 |  0.000000E+00 |  0.000000E+00 |  0.000000E+00 |             f
   598 |    23920 |     31 |  0.000000E+00 |  0.000000E+00 |  0.000000E+00 |             f
   599 |    23960 |     40 |  0.000000E+00 |  0.000000E+00 |  0.000000E+00 |             f
   600 |    24000 |     40 |  0.000000E+00 |  0.000000E+00 |  0.000000E+00 |             f
mean B0=44.9374 homogen=17676.3909
mean B0=44.9374 homogen=17676.3909
mean B0=44.9374 homogen=17676.3909
mean B0=44.9374 homogen=17676.3909
mean B0=44.9374 homogen=17676.3909
mean B0=44.9374 homogen=17676.3909
mean B0=44.9374 homogen=17676.3909
mean B0=44.9374 homogen=17676.3909
mean B0=44.9374 homogen=17676.3909
mean B0=44.9374 homogen=17676.3909
mean B0=44.9374 homogen=17676.3909
mean B0=44.9374 homogen=17676.3909
mean B0=44.9374 homogen=17676.3909
mean B0=44.9374 homogen=17676.3909
mean B0=44.9374 homogen=17676.3909
mean B0=44.9374 homogen=17676.3909
mean B0=44.9374 homogen=17676.3909
mean B0=44.9374 homogen=17676.3909
mean B0=44.9374 homogen=17676.3909
mean B0=44.9374 homogen=17676.3909
mean B0=44.9374 homogen=17676.3909
mean B0=44.9374 homogen=17676.3909
mean B0=44.9374 homogen=17676.3909
mean B0=44.9374 homogen=17676.3909
mean B0=44.9374 homogen=17676.3909
mean B0=44.9374 homogen=17676.3909
mean B0=44.9374 homogen=17676.3909
mean B0=44.9374 homogen=17676.3909
mean B0=44.9374 homogen=17676.3909
mean B0=44.9374 homogen=17676.3909
mean B0=44.9374 homogen=17676.3909
mean B0=44.9374 homogen=17676.3909
mean B0=44.9374 homogen=17676.3909
mean B0=44.9374 homogen=17676.3909
mean B0=44.9374 homogen=17676.3909
mean B0=44.9374 homogen=17676.3909
mean B0=44.9374 homogen=17676.3909
mean B0=44.9374 homogen=17676.3909
mean B0=44.9374 homogen=17676.3909
mean B0=44.9374 homogen=17676.3909
   601 |    24040 |     40 |  0.000000E+00 |  0.000000E+00 |  0.000000E+00 |             f
   602 |    24080 |     40 |  0.000000E+00 |  0.000000E+00 |  0.000000E+00 |             f
   603 |    24120 |     40 |  0.000000E+00 |  0.000000E+00 |  0.000000E+00 |             f
   604 |    24160 |     40 |  0.000000E+00 |  0.000000E+00 |  0.000000E+00 |             f
   605 |    24200 |     40 |  0.000000E+00 |  0.000000E+00 |  0.000000E+00 |             f
   606 |    24240 |     40 |  0.000000E+00 |  0.000000E+00 |  0.000000E+00 |             f
   607 |    24280 |     40 |  0.000000E+00 |  0.000000E+00 |  0.000000E+00 |             f
   608 |    24320 |     40 |  0.000000E+00 |  0.000000E+00 |  0.000000E+00 |             f
   609 |    24360 |     40 |  0.000000E+00 |  0.000000E+00 |  0.000000E+00 |             f
   610 |    24400 |     40 |  0.000000E+00 |  0.000000E+00 |  0.000000E+00 |             f
   611 |    24440 |     40 |  0.000000E+00 |  0.000000E+00 |  0.000000E+00 |             f
   612 |    24480 |     40 |  0.000000E+00 |  0.000000E+00 |  0.000000E+00 |             f
   613 |    24520 |     40 |  0.000000E+00 |  0.000000E+00 |  0.000000E+00 |             f
   614 |    24560 |     40 |  0.000000E+00 |  0.000000E+00 |  0.000000E+00 |             f
   615 |    24600 |     40 |  0.000000E+00 |  0.000000E+00 |  0.000000E+00 |             f
   616 |    24640 |     40 |  0.000000E+00 |  0.000000E+00 |  0.000000E+00 |             f
   617 |    24680 |     40 |  0.000000E+00 |  0.000000E+00 |  0.000000E+00 |             f
   618 |    24720 |     40 |  0.000000E+00 |  0.000000E+00 |  0.000000E+00 |             f
   619 |    24760 |     40 |  0.000000E+00 |  0.000000E+00 |  0.000000E+00 |             f
   620 |    24800 |     40 |  0.000000E+00 |  0.000000E+00 |  0.000000E+00 |             f
   621 |    24840 |     40 |  0.000000E+00 |  0.000000E+00 |  0.000000E+00 |             f
   622 |    24880 |     40 |  0.000000E+00 |  0.000000E+00 |  0.000000E+00 |             f
   623 |    24920 |     40 |  0.000000E+00 |  0.000000E+00 |  0.000000E+00 |             f
   624 |    24960 |     40 |  0.000000E+00 |  0.000000E+00 |  0.000000E+00 |             f
   625 |    25000 |     40 |  0.000000E+00 |  0.000000E+00 |  0.000000E+00 |             f
   626 |    25040 |     40 |  0.000000E+00 |  0.000000E+00 |  0.000000E+00 |             f
   627 |    25080 |     40 |  0.000000E+00 |  0.000000E+00 |  0.000000E+00 |             f
   628 |    25120 |     40 |  0.000000E+00 |  0.000000E+00 |  0.000000E+00 |             f
   629 |    25160 |     40 |  0.000000E+00 |  0.000000E+00 |  0.000000E+00 |             f
   630 |    25200 |     40 |  0.000000E+00 |  0.000000E+00 |  0.000000E+00 |             f
   631 |    25240 |     40 |  0.000000E+00 |  0.000000E+00 |  0.000000E+00 |             f
   632 |    25280 |     40 |  0.000000E+00 |  0.000000E+00 |  0.000000E+00 |             f
   633 |    25320 |     40 |  0.000000E+00 |  0.000000E+00 |  0.000000E+00 |             f
   634 |    25360 |     40 |  0.000000E+00 |  0.000000E+00 |  0.000000E+00 |             f
   635 |    25400 |     40 |  0.000000E+00 |  0.000000E+00 |  0.000000E+00 |             f
   636 |    25440 |     40 |  0.000000E+00 |  0.000000E+00 |  0.000000E+00 |             f
   637 |    25480 |     40 |  0.000000E+00 |  0.000000E+00 |  0.000000E+00 |             f
   638 |    25520 |     40 |  0.000000E+00 |  0.000000E+00 |  0.000000E+00 |             f
   639 |    25560 |     40 |  0.000000E+00 |  0.000000E+00 |  0.000000E+00 |             f
   640 |    25600 |     40 |  0.000000E+00 |  0.000000E+00 |  0.000000E+00 |             f
   641 |    25640 |     40 |  0.000000E+00 |  0.000000E+00 |  0.000000E+00 |             f
   642 |    25680 |     40 |  0.000000E+00 |  0.000000E+00 |  0.000000E+00 |             f
   643 |    25720 |     40 |  0.000000E+00 |  0.000000E+00 |  0.000000E+00 |             f
   644 |    25760 |     40 |  0.000000E+00 |  0.000000E+00 |  0.000000E+00 |             f
   645 |    25800 |     40 |  0.000000E+00 |  0.000000E+00 |  0.000000E+00 |             f
   646 |    25840 |     40 |  0.000000E+00 |  0.000000E+00 |  0.000000E+00 |             f
   647 |    25880 |     40 |  0.000000E+00 |  0.000000E+00 |  0.000000E+00 |             f
   648 |    25920 |     40 |  0.000000E+00 |  0.000000E+00 |  0.000000E+00 |             f
   649 |    25960 |     40 |  0.000000E+00 |  0.000000E+00 |  0.000000E+00 |             f
   650 |    26000 |     40 |  0.000000E+00 |  0.000000E+00 |  0.000000E+00 |             f
   651 |    26040 |     40 |  0.000000E+00 |  0.000000E+00 |  0.000000E+00 |             f
   652 |    26080 |     40 |  0.000000E+00 |  0.000000E+00 |  0.000000E+00 |             f
   653 |    26120 |     40 |  0.000000E+00 |  0.000000E+00 |  0.000000E+00 |             f
   654 |    26160 |     40 |  0.000000E+00 |  0.000000E+00 |  0.000000E+00 |             f
   655 |    26200 |     40 |  0.000000E+00 |  0.000000E+00 |  0.000000E+00 |             f
   656 |    26240 |     40 |  0.000000E+00 |  0.000000E+00 |  0.000000E+00 |             f
   657 |    26280 |     40 |  0.000000E+00 |  0.000000E+00 |  0.000000E+00 |             f
   658 |    26320 |     40 |  0.000000E+00 |  0.000000E+00 |  0.000000E+00 |             f
   659 |    26360 |     40 |  0.000000E+00 |  0.000000E+00 |  0.000000E+00 |             f
   660 |    26400 |     40 |  0.000000E+00 |  0.000000E+00 |  0.000000E+00 |             f
   661 |    26440 |     40 |  0.000000E+00 |  0.000000E+00 |  0.000000E+00 |             f
   662 |    26480 |     40 |  0.000000E+00 |  0.000000E+00 |  0.000000E+00 |             f
   663 |    26520 |     40 |  0.000000E+00 |  0.000000E+00 |  0.000000E+00 |             f
   664 |    26560 |     40 |  0.000000E+00 |  0.000000E+00 |  0.000000E+00 |             f
   665 |    26600 |     40 |  0.000000E+00 |  0.000000E+00 |  0.000000E+00 |             f
   666 |    26640 |     40 |  0.000000E+00 |  0.000000E+00 |  0.000000E+00 |             f
   667 |    26680 |     40 |  0.000000E+00 |  0.000000E+00 |  0.000000E+00 |             f
   668 |    26720 |     40 |  0.000000E+00 |  0.000000E+00 |  0.000000E+00 |             f
   669 |    26760 |     40 |  0.000000E+00 |  0.000000E+00 |  0.000000E+00 |             f
   670 |    26800 |     40 |  0.000000E+00 |  0.000000E+00 |  0.000000E+00 |             f
   671 |    26840 |     40 |  0.000000E+00 |  0.000000E+00 |  0.000000E+00 |             f
   672 |    26880 |     40 |  0.000000E+00 |  0.000000E+00 |  0.000000E+00 |             f
   673 |    26920 |     40 |  0.000000E+00 |  0.000000E+00 |  0.000000E+00 |             f
   674 |    26960 |     40 |  0.000000E+00 |  0.000000E+00 |  0.000000E+00 |             f
   675 |    27000 |     40 |  0.000000E+00 |  0.000000E+00 |  0.000000E+00 |             f
   676 |    27040 |     40 |  0.000000E+00 |  0.000000E+00 |  0.000000E+00 |             f
   677 |    27080 |     40 |  0.000000E+00 |  0.000000E+00 |  0.000000E+00 |             f
   678 |    27120 |     40 |  0.000000E+00 |  0.000000E+00 |  0.000000E+00 |             f
   679 |    27160 |     40 |  0.000000E+00 |  0.000000E+00 |  0.000000E+00 |             f
   680 |    27200 |     40 |  0.000000E+00 |  0.000000E+00 |  0.000000E+00 |             f
   681 |    27240 |     40 |  0.000000E+00 |  0.000000E+00 |  0.000000E+00 |             f
   682 |    27280 |     40 |  0.000000E+00 |  0.000000E+00 |  0.000000E+00 |             f
   683 |    27320 |     40 |  0.000000E+00 |  0.000000E+00 |  0.000000E+00 |             f
   684 |    27360 |     40 |  0.000000E+00 |  0.000000E+00 |  0.000000E+00 |             f
   685 |    27400 |     40 |  0.000000E+00 |  0.000000E+00 |  0.000000E+00 |             f
   686 |    27440 |     40 |  0.000000E+00 |  0.000000E+00 |  0.000000E+00 |             f
   687 |    27480 |     40 |  0.000000E+00 |  0.000000E+00 |  0.000000E+00 |             f
   688 |    27520 |     40 |  0.000000E+00 |  0.000000E+00 |  0.000000E+00 |             f
   689 |    27560 |     40 |  0.000000E+00 |  0.000000E+00 |  0.000000E+00 |             f
   690 |    27600 |     40 |  0.000000E+00 |  0.000000E+00 |  0.000000E+00 |             f
   691 |    27640 |     40 |  0.000000E+00 |  0.000000E+00 |  0.000000E+00 |             f
   692 |    27680 |     40 |  0.000000E+00 |  0.000000E+00 |  0.000000E+00 |             f
   693 |    27720 |     40 |  0.000000E+00 |  0.000000E+00 |  0.000000E+00 |             f
   694 |    27760 |     40 |  0.000000E+00 |  0.000000E+00 |  0.000000E+00 |             f
   695 |    27800 |     40 |  0.000000E+00 |  0.000000E+00 |  0.000000E+00 |             f
   696 |    27840 |     40 |  0.000000E+00 |  0.000000E+00 |  0.000000E+00 |             f
   697 |    27880 |     40 |  0.000000E+00 |  0.000000E+00 |  0.000000E+00 |             f
   698 |    27920 |     40 |  0.000000E+00 |  0.000000E+00 |  0.000000E+00 |             f
   699 |    27960 |     40 |  0.000000E+00 |  0.000000E+00 |  0.000000E+00 |             f
   700 |    28000 |     40 |  0.000000E+00 |  0.000000E+00 |  0.000000E+00 |             f
mean B0=44.9374 homogen=17676.3909
mean B0=44.9374 homogen=17676.3909
mean B0=44.9374 homogen=17676.3909
mean B0=44.9374 homogen=17676.3909
mean B0=44.9374 homogen=17676.3909
mean B0=44.9374 homogen=17676.3909
mean B0=44.9374 homogen=17676.3909
mean B0=44.9374 homogen=17676.3909
mean B0=44.9374 homogen=17676.3909
mean B0=44.9374 homogen=17676.3909
mean B0=44.9374 homogen=17676.3909
mean B0=44.9374 homogen=17676.3909
mean B0=44.9374 homogen=17676.3909
mean B0=44.9374 homogen=17676.3909
mean B0=44.9374 homogen=17676.3909
mean B0=44.9374 homogen=17676.3909
mean B0=44.9374 homogen=17676.3909
mean B0=44.9374 homogen=17676.3909
mean B0=44.9374 homogen=17676.3909
mean B0=44.9374 homogen=17676.3909
mean B0=44.9374 homogen=17676.3909
mean B0=44.9374 homogen=17676.3909
mean B0=44.9374 homogen=17676.3909
mean B0=44.9374 homogen=17676.3909
mean B0=44.9374 homogen=17676.3909
mean B0=44.9374 homogen=17676.3909
mean B0=44.9374 homogen=17676.3909
mean B0=44.9374 homogen=17676.3909
mean B0=44.9374 homogen=17676.3909
mean B0=44.9374 homogen=17676.3909
mean B0=44.9374 homogen=17676.3909
mean B0=44.9374 homogen=17676.3909
mean B0=44.9374 homogen=17676.3909
mean B0=44.9374 homogen=17676.3909
mean B0=44.9374 homogen=17676.3909
mean B0=44.9374 homogen=17676.3909
mean B0=44.9374 homogen=17676.3909
mean B0=44.9374 homogen=17676.3909
mean B0=44.9374 homogen=17676.3909
mean B0=44.9374 homogen=17676.3909
   701 |    28040 |     40 |  0.000000E+00 |  0.000000E+00 |  0.000000E+00 |             f
   702 |    28080 |     40 |  0.000000E+00 |  0.000000E+00 |  0.000000E+00 |             f
   703 |    28120 |     40 |  0.000000E+00 |  0.000000E+00 |  0.000000E+00 |             f
   704 |    28160 |     40 |  0.000000E+00 |  0.000000E+00 |  0.000000E+00 |             f
   705 |    28200 |     40 |  0.000000E+00 |  0.000000E+00 |  0.000000E+00 |             f
   706 |    28240 |     40 |  0.000000E+00 |  0.000000E+00 |  0.000000E+00 |             f
   707 |    28280 |     40 |  0.000000E+00 |  0.000000E+00 |  0.000000E+00 |             f
   708 |    28320 |     40 |  0.000000E+00 |  0.000000E+00 |  0.000000E+00 |             f
   709 |    28360 |     40 |  0.000000E+00 |  0.000000E+00 |  0.000000E+00 |             f
   710 |    28400 |     40 |  0.000000E+00 |  0.000000E+00 |  0.000000E+00 |             f
   711 |    28440 |     40 |  0.000000E+00 |  0.000000E+00 |  0.000000E+00 |             f
   712 |    28480 |     40 |  0.000000E+00 |  0.000000E+00 |  0.000000E+00 |             f
   713 |    28520 |     40 |  0.000000E+00 |  0.000000E+00 |  0.000000E+00 |             f
   714 |    28560 |     40 |  0.000000E+00 |  0.000000E+00 |  0.000000E+00 |             f
   715 |    28600 |     40 |  0.000000E+00 |  0.000000E+00 |  0.000000E+00 |             f
   716 |    28640 |     40 |  0.000000E+00 |  0.000000E+00 |  0.000000E+00 |             f
   717 |    28680 |     40 |  0.000000E+00 |  0.000000E+00 |  0.000000E+00 |             f
   718 |    28720 |     40 |  0.000000E+00 |  0.000000E+00 |  0.000000E+00 |             f
   719 |    28760 |     40 |  0.000000E+00 |  0.000000E+00 |  0.000000E+00 |             f
   720 |    28800 |     40 |  0.000000E+00 |  0.000000E+00 |  0.000000E+00 |             f
   721 |    28840 |     40 |  0.000000E+00 |  0.000000E+00 |  0.000000E+00 |             f
   722 |    28880 |     40 |  0.000000E+00 |  0.000000E+00 |  0.000000E+00 |             f
   723 |    28920 |     40 |  0.000000E+00 |  0.000000E+00 |  0.000000E+00 |             f
   724 |    28960 |     40 |  0.000000E+00 |  0.000000E+00 |  0.000000E+00 |             f
   725 |    29000 |     40 |  0.000000E+00 |  0.000000E+00 |  0.000000E+00 |             f
   726 |    29040 |     40 |  0.000000E+00 |  0.000000E+00 |  0.000000E+00 |             f
   727 |    29080 |     40 |  0.000000E+00 |  0.000000E+00 |  0.000000E+00 |             f
   728 |    29120 |     40 |  0.000000E+00 |  0.000000E+00 |  0.000000E+00 |             f
   729 |    29160 |     40 |  0.000000E+00 |  0.000000E+00 |  0.000000E+00 |             f
   730 |    29200 |     40 |  0.000000E+00 |  0.000000E+00 |  0.000000E+00 |             f
   731 |    29240 |     40 |  0.000000E+00 |  0.000000E+00 |  0.000000E+00 |             f
   732 |    29280 |     40 |  0.000000E+00 |  0.000000E+00 |  0.000000E+00 |             f
   733 |    29320 |     40 |  0.000000E+00 |  0.000000E+00 |  0.000000E+00 |             f
   734 |    29360 |     40 |  0.000000E+00 |  0.000000E+00 |  0.000000E+00 |             f
   735 |    29400 |     40 |  0.000000E+00 |  0.000000E+00 |  0.000000E+00 |             f
   736 |    29440 |     40 |  0.000000E+00 |  0.000000E+00 |  0.000000E+00 |             f
   737 |    29480 |     40 |  0.000000E+00 |  0.000000E+00 |  0.000000E+00 |             f
   738 |    29520 |     40 |  0.000000E+00 |  0.000000E+00 |  0.000000E+00 |             f
   739 |    29560 |     40 |  0.000000E+00 |  0.000000E+00 |  0.000000E+00 |             f
   740 |    29600 |     40 |  0.000000E+00 |  0.000000E+00 |  0.000000E+00 |             f
   741 |    29640 |     40 |  0.000000E+00 |  0.000000E+00 |  0.000000E+00 |             f
   742 |    29680 |     40 |  0.000000E+00 |  0.000000E+00 |  0.000000E+00 |             f
   743 |    29720 |     40 |  0.000000E+00 |  0.000000E+00 |  0.000000E+00 |             f
   744 |    29760 |     40 |  0.000000E+00 |  0.000000E+00 |  0.000000E+00 |             f
   745 |    29800 |     40 |  0.000000E+00 |  0.000000E+00 |  0.000000E+00 |             f
   746 |    29840 |     40 |  0.000000E+00 |  0.000000E+00 |  0.000000E+00 |             f
   747 |    29880 |     40 |  0.000000E+00 |  0.000000E+00 |  0.000000E+00 |             f
   748 |    29920 |     40 |  0.000000E+00 |  0.000000E+00 |  0.000000E+00 |             f
   749 |    29960 |     40 |  0.000000E+00 |  0.000000E+00 |  0.000000E+00 |             f
   750 |    30000 |     40 |  0.000000E+00 |  0.000000E+00 |  0.000000E+00 |             f
   751 |    30040 |     40 |  0.000000E+00 |  0.000000E+00 |  0.000000E+00 |             f
   752 |    30080 |     40 |  0.000000E+00 |  0.000000E+00 |  0.000000E+00 |             f
   753 |    30120 |     40 |  0.000000E+00 |  0.000000E+00 |  0.000000E+00 |             f
   754 |    30160 |     40 |  0.000000E+00 |  0.000000E+00 |  0.000000E+00 |             f
   755 |    30200 |     40 |  0.000000E+00 |  0.000000E+00 |  0.000000E+00 |             f
   756 |    30240 |     40 |  0.000000E+00 |  0.000000E+00 |  0.000000E+00 |             f
   757 |    30280 |     40 |  0.000000E+00 |  0.000000E+00 |  0.000000E+00 |             f
   758 |    30320 |     40 |  0.000000E+00 |  0.000000E+00 |  0.000000E+00 |             f
   759 |    30360 |     40 |  0.000000E+00 |  0.000000E+00 |  0.000000E+00 |             f
   760 |    30400 |     40 |  0.000000E+00 |  0.000000E+00 |  0.000000E+00 |             f
   761 |    30440 |     40 |  0.000000E+00 |  0.000000E+00 |  0.000000E+00 |             f
   762 |    30480 |     40 |  0.000000E+00 |  0.000000E+00 |  0.000000E+00 |             f
   763 |    30520 |     40 |  0.000000E+00 |  0.000000E+00 |  0.000000E+00 |             f
   764 |    30560 |     40 |  0.000000E+00 |  0.000000E+00 |  0.000000E+00 |             f
   765 |    30600 |     40 |  0.000000E+00 |  0.000000E+00 |  0.000000E+00 |             f
   766 |    30640 |     40 |  0.000000E+00 |  0.000000E+00 |  0.000000E+00 |             f
   767 |    30680 |     40 |  0.000000E+00 |  0.000000E+00 |  0.000000E+00 |             f
   768 |    30720 |     40 |  0.000000E+00 |  0.000000E+00 |  0.000000E+00 |             f
   769 |    30760 |     40 |  0.000000E+00 |  0.000000E+00 |  0.000000E+00 |             f
   770 |    30800 |     40 |  0.000000E+00 |  0.000000E+00 |  0.000000E+00 |             f
   771 |    30840 |     40 |  0.000000E+00 |  0.000000E+00 |  0.000000E+00 |             f
   772 |    30880 |     40 |  0.000000E+00 |  0.000000E+00 |  0.000000E+00 |             f
   773 |    30920 |     40 |  0.000000E+00 |  0.000000E+00 |  0.000000E+00 |             f
   774 |    30960 |     40 |  0.000000E+00 |  0.000000E+00 |  0.000000E+00 |             f
   775 |    31000 |     40 |  0.000000E+00 |  0.000000E+00 |  0.000000E+00 |             f
   776 |    31040 |     40 |  0.000000E+00 |  0.000000E+00 |  0.000000E+00 |             f
   777 |    31080 |     40 |  0.000000E+00 |  0.000000E+00 |  0.000000E+00 |             f
   778 |    31120 |     40 |  0.000000E+00 |  0.000000E+00 |  0.000000E+00 |             f
   779 |    31160 |     40 |  0.000000E+00 |  0.000000E+00 |  0.000000E+00 |             f
   780 |    31200 |     40 |  0.000000E+00 |  0.000000E+00 |  0.000000E+00 |             f
   781 |    31240 |     40 |  0.000000E+00 |  0.000000E+00 |  0.000000E+00 |             f
   782 |    31280 |     40 |  0.000000E+00 |  0.000000E+00 |  0.000000E+00 |             f
   783 |    31320 |     40 |  0.000000E+00 |  0.000000E+00 |  0.000000E+00 |             f
   784 |    31360 |     40 |  0.000000E+00 |  0.000000E+00 |  0.000000E+00 |             f
   785 |    31400 |     40 |  0.000000E+00 |  0.000000E+00 |  0.000000E+00 |             f
   786 |    31440 |     40 |  0.000000E+00 |  0.000000E+00 |  0.000000E+00 |             f
   787 |    31480 |     40 |  0.000000E+00 |  0.000000E+00 |  0.000000E+00 |             f
   788 |    31520 |     40 |  0.000000E+00 |  0.000000E+00 |  0.000000E+00 |             f
   789 |    31560 |     40 |  0.000000E+00 |  0.000000E+00 |  0.000000E+00 |             f
   790 |    31600 |     40 |  0.000000E+00 |  0.000000E+00 |  0.000000E+00 |             f
   791 |    31640 |     40 |  0.000000E+00 |  0.000000E+00 |  0.000000E+00 |             f
   792 |    31680 |     40 |  0.000000E+00 |  0.000000E+00 |  0.000000E+00 |             f
   793 |    31720 |     40 |  0.000000E+00 |  0.000000E+00 |  0.000000E+00 |             f
   794 |    31760 |     40 |  0.000000E+00 |  0.000000E+00 |  0.000000E+00 |             f
   795 |    31800 |     40 |  0.000000E+00 |  0.000000E+00 |  0.000000E+00 |             f
   796 |    31840 |     40 |  0.000000E+00 |  0.000000E+00 |  0.000000E+00 |             f
   797 |    31880 |     40 |  0.000000E+00 |  0.000000E+00 |  0.000000E+00 |             f
   798 |    31920 |     40 |  0.000000E+00 |  0.000000E+00 |  0.000000E+00 |             f
   799 |    31960 |     40 |  0.000000E+00 |  0.000000E+00 |  0.000000E+00 |             f
   800 |    32000 |     40 |  0.000000E+00 |  0.000000E+00 |  0.000000E+00 |             f
mean B0=44.9374 homogen=17676.3909
mean B0=44.9374 homogen=17676.3909
mean B0=44.9374 homogen=17676.3909
mean B0=44.9374 homogen=17676.3909
mean B0=44.9374 homogen=17676.3909
mean B0=44.9374 homogen=17676.3909
mean B0=44.9374 homogen=17676.3909
mean B0=44.9374 homogen=17676.3909
mean B0=44.9374 homogen=17676.3909
mean B0=44.9374 homogen=17676.3909
mean B0=44.9374 homogen=17676.3909
mean B0=44.9374 homogen=17676.3909
mean B0=44.9374 homogen=17676.3909
mean B0=44.9374 homogen=17676.3909
mean B0=44.9374 homogen=17676.3909
mean B0=44.9374 homogen=17676.3909
mean B0=44.9374 homogen=17676.3909
mean B0=44.9374 homogen=17676.3909
mean B0=44.9374 homogen=17676.3909
mean B0=44.9374 homogen=17676.3909
mean B0=44.9374 homogen=17676.3909
mean B0=44.9374 homogen=17676.3909
mean B0=44.9374 homogen=17676.3909
mean B0=44.9374 homogen=17676.3909
mean B0=44.9374 homogen=17676.3909
mean B0=44.9374 homogen=17676.3909
mean B0=44.9374 homogen=17676.3909
mean B0=44.9374 homogen=17676.3909
mean B0=44.9374 homogen=17676.3909
mean B0=44.9374 homogen=17676.3909
mean B0=44.9374 homogen=17676.3909
mean B0=44.9374 homogen=17676.3909
mean B0=44.9374 homogen=17676.3909
mean B0=44.9374 homogen=17676.3909
mean B0=44.9374 homogen=17676.3909
mean B0=44.9374 homogen=17676.3909
mean B0=44.9374 homogen=17676.3909
mean B0=44.9374 homogen=17676.3909
mean B0=44.9374 homogen=17676.3909
mean B0=44.9374 homogen=17676.3909
   801 |    32040 |     40 |  0.000000E+00 |  0.000000E+00 |  0.000000E+00 |             f
   802 |    32080 |     40 |  0.000000E+00 |  0.000000E+00 |  0.000000E+00 |             f
   803 |    32120 |     40 |  0.000000E+00 |  0.000000E+00 |  0.000000E+00 |             f
   804 |    32160 |     40 |  0.000000E+00 |  0.000000E+00 |  0.000000E+00 |             f
   805 |    32200 |     40 |  0.000000E+00 |  0.000000E+00 |  0.000000E+00 |             f
   806 |    32240 |     40 |  0.000000E+00 |  0.000000E+00 |  0.000000E+00 |             f
   807 |    32280 |     40 |  0.000000E+00 |  0.000000E+00 |  0.000000E+00 |             f
   808 |    32320 |     40 |  0.000000E+00 |  0.000000E+00 |  0.000000E+00 |             f
   809 |    32360 |     40 |  0.000000E+00 |  0.000000E+00 |  0.000000E+00 |             f
   810 |    32400 |     40 |  0.000000E+00 |  0.000000E+00 |  0.000000E+00 |             f
   811 |    32440 |     40 |  0.000000E+00 |  0.000000E+00 |  0.000000E+00 |             f
   812 |    32480 |     40 |  0.000000E+00 |  0.000000E+00 |  0.000000E+00 |             f
   813 |    32520 |     40 |  0.000000E+00 |  0.000000E+00 |  0.000000E+00 |             f
   814 |    32560 |     40 |  0.000000E+00 |  0.000000E+00 |  0.000000E+00 |             f
   815 |    32600 |     40 |  0.000000E+00 |  0.000000E+00 |  0.000000E+00 |             f
   816 |    32640 |     40 |  0.000000E+00 |  0.000000E+00 |  0.000000E+00 |             f
   817 |    32680 |     40 |  0.000000E+00 |  0.000000E+00 |  0.000000E+00 |             f
   818 |    32720 |     40 |  0.000000E+00 |  0.000000E+00 |  0.000000E+00 |             f
   819 |    32760 |     40 |  0.000000E+00 |  0.000000E+00 |  0.000000E+00 |             f
   820 |    32800 |     40 |  0.000000E+00 |  0.000000E+00 |  0.000000E+00 |             f
   821 |    32840 |     40 |  0.000000E+00 |  0.000000E+00 |  0.000000E+00 |             f
   822 |    32880 |     40 |  0.000000E+00 |  0.000000E+00 |  0.000000E+00 |             f
   823 |    32920 |     40 |  0.000000E+00 |  0.000000E+00 |  0.000000E+00 |             f
   824 |    32960 |     40 |  0.000000E+00 |  0.000000E+00 |  0.000000E+00 |             f
   825 |    33000 |     40 |  0.000000E+00 |  0.000000E+00 |  0.000000E+00 |             f
   826 |    33040 |     40 |  0.000000E+00 |  0.000000E+00 |  0.000000E+00 |             f
   827 |    33080 |     40 |  0.000000E+00 |  0.000000E+00 |  0.000000E+00 |             f
   828 |    33120 |     40 |  0.000000E+00 |  0.000000E+00 |  0.000000E+00 |             f
   829 |    33160 |     40 |  0.000000E+00 |  0.000000E+00 |  0.000000E+00 |             f
   830 |    33200 |     40 |  0.000000E+00 |  0.000000E+00 |  0.000000E+00 |             f
   831 |    33240 |     40 |  0.000000E+00 |  0.000000E+00 |  0.000000E+00 |             f
   832 |    33280 |     40 |  0.000000E+00 |  0.000000E+00 |  0.000000E+00 |             f
   833 |    33320 |     40 |  0.000000E+00 |  0.000000E+00 |  0.000000E+00 |             f
   834 |    33360 |     40 |  0.000000E+00 |  0.000000E+00 |  0.000000E+00 |             f
   835 |    33400 |     40 |  0.000000E+00 |  0.000000E+00 |  0.000000E+00 |             f
   836 |    33440 |     40 |  0.000000E+00 |  0.000000E+00 |  0.000000E+00 |             f
   837 |    33480 |     40 |  0.000000E+00 |  0.000000E+00 |  0.000000E+00 |             f
   838 |    33520 |     40 |  0.000000E+00 |  0.000000E+00 |  0.000000E+00 |             f
   839 |    33560 |     40 |  0.000000E+00 |  0.000000E+00 |  0.000000E+00 |             f
   840 |    33600 |     40 |  0.000000E+00 |  0.000000E+00 |  0.000000E+00 |             f
   841 |    33640 |     40 |  0.000000E+00 |  0.000000E+00 |  0.000000E+00 |             f
   842 |    33680 |     40 |  0.000000E+00 |  0.000000E+00 |  0.000000E+00 |             f
   843 |    33720 |     40 |  0.000000E+00 |  0.000000E+00 |  0.000000E+00 |             f
   844 |    33760 |     40 |  0.000000E+00 |  0.000000E+00 |  0.000000E+00 |             f
   845 |    33800 |     40 |  0.000000E+00 |  0.000000E+00 |  0.000000E+00 |             f
   846 |    33840 |     40 |  0.000000E+00 |  0.000000E+00 |  0.000000E+00 |             f
   847 |    33880 |     40 |  0.000000E+00 |  0.000000E+00 |  0.000000E+00 |             f
   848 |    33920 |     40 |  0.000000E+00 |  0.000000E+00 |  0.000000E+00 |             f
   849 |    33960 |     40 |  0.000000E+00 |  0.000000E+00 |  0.000000E+00 |             f
   850 |    34000 |     40 |  0.000000E+00 |  0.000000E+00 |  0.000000E+00 |             f
   851 |    34040 |     40 |  0.000000E+00 |  0.000000E+00 |  0.000000E+00 |             f
   852 |    34080 |     40 |  0.000000E+00 |  0.000000E+00 |  0.000000E+00 |             f
   853 |    34120 |     40 |  0.000000E+00 |  0.000000E+00 |  0.000000E+00 |             f
   854 |    34160 |     40 |  0.000000E+00 |  0.000000E+00 |  0.000000E+00 |             f
   855 |    34200 |     40 |  0.000000E+00 |  0.000000E+00 |  0.000000E+00 |             f
   856 |    34240 |     40 |  0.000000E+00 |  0.000000E+00 |  0.000000E+00 |             f
   857 |    34280 |     40 |  0.000000E+00 |  0.000000E+00 |  0.000000E+00 |             f
   858 |    34320 |     40 |  0.000000E+00 |  0.000000E+00 |  0.000000E+00 |             f
   859 |    34360 |     40 |  0.000000E+00 |  0.000000E+00 |  0.000000E+00 |             f
   860 |    34400 |     40 |  0.000000E+00 |  0.000000E+00 |  0.000000E+00 |             f
   861 |    34440 |     40 |  0.000000E+00 |  0.000000E+00 |  0.000000E+00 |             f
   862 |    34480 |     40 |  0.000000E+00 |  0.000000E+00 |  0.000000E+00 |             f
   863 |    34520 |     40 |  0.000000E+00 |  0.000000E+00 |  0.000000E+00 |             f
   864 |    34560 |     40 |  0.000000E+00 |  0.000000E+00 |  0.000000E+00 |             f
   865 |    34600 |     40 |  0.000000E+00 |  0.000000E+00 |  0.000000E+00 |             f
   866 |    34640 |     40 |  0.000000E+00 |  0.000000E+00 |  0.000000E+00 |             f
   867 |    34680 |     40 |  0.000000E+00 |  0.000000E+00 |  0.000000E+00 |             f
   868 |    34720 |     40 |  0.000000E+00 |  0.000000E+00 |  0.000000E+00 |             f
   869 |    34760 |     40 |  0.000000E+00 |  0.000000E+00 |  0.000000E+00 |             f
   870 |    34800 |     40 |  0.000000E+00 |  0.000000E+00 |  0.000000E+00 |             f
   871 |    34840 |     40 |  0.000000E+00 |  0.000000E+00 |  0.000000E+00 |             f
   872 |    34880 |     40 |  0.000000E+00 |  0.000000E+00 |  0.000000E+00 |             f
   873 |    34920 |     40 |  0.000000E+00 |  0.000000E+00 |  0.000000E+00 |             f
   874 |    34960 |     40 |  0.000000E+00 |  0.000000E+00 |  0.000000E+00 |             f
   875 |    35000 |     40 |  0.000000E+00 |  0.000000E+00 |  0.000000E+00 |             f
   876 |    35040 |     40 |  0.000000E+00 |  0.000000E+00 |  0.000000E+00 |             f
   877 |    35080 |     40 |  0.000000E+00 |  0.000000E+00 |  0.000000E+00 |             f
   878 |    35120 |     40 |  0.000000E+00 |  0.000000E+00 |  0.000000E+00 |             f
   879 |    35160 |     40 |  0.000000E+00 |  0.000000E+00 |  0.000000E+00 |             f
   880 |    35200 |     40 |  0.000000E+00 |  0.000000E+00 |  0.000000E+00 |             f
   881 |    35240 |     40 |  0.000000E+00 |  0.000000E+00 |  0.000000E+00 |             f
   882 |    35280 |     40 |  0.000000E+00 |  0.000000E+00 |  0.000000E+00 |             f
   883 |    35320 |     40 |  0.000000E+00 |  0.000000E+00 |  0.000000E+00 |             f
   884 |    35360 |     40 |  0.000000E+00 |  0.000000E+00 |  0.000000E+00 |             f
   885 |    35400 |     40 |  0.000000E+00 |  0.000000E+00 |  0.000000E+00 |             f
   886 |    35440 |     40 |  0.000000E+00 |  0.000000E+00 |  0.000000E+00 |             f
   887 |    35480 |     40 |  0.000000E+00 |  0.000000E+00 |  0.000000E+00 |             f
   888 |    35520 |     40 |  0.000000E+00 |  0.000000E+00 |  0.000000E+00 |             f
   889 |    35560 |     40 |  0.000000E+00 |  0.000000E+00 |  0.000000E+00 |             f
   890 |    35600 |     40 |  0.000000E+00 |  0.000000E+00 |  0.000000E+00 |             f
   891 |    35640 |     40 |  0.000000E+00 |  0.000000E+00 |  0.000000E+00 |             f
   892 |    35680 |     40 |  0.000000E+00 |  0.000000E+00 |  0.000000E+00 |             f
   893 |    35720 |     40 |  0.000000E+00 |  0.000000E+00 |  0.000000E+00 |             f
   894 |    35760 |     40 |  0.000000E+00 |  0.000000E+00 |  0.000000E+00 |             f
   895 |    35800 |     40 |  0.000000E+00 |  0.000000E+00 |  0.000000E+00 |             f
   896 |    35840 |     40 |  0.000000E+00 |  0.000000E+00 |  0.000000E+00 |             f
   897 |    35880 |     40 |  0.000000E+00 |  0.000000E+00 |  0.000000E+00 |             f
   898 |    35920 |     40 |  0.000000E+00 |  0.000000E+00 |  0.000000E+00 |             f
   899 |    35960 |     40 |  0.000000E+00 |  0.000000E+00 |  0.000000E+00 |             f
   900 |    36000 |     40 |  0.000000E+00 |  0.000000E+00 |  0.000000E+00 |             f
mean B0=44.9374 homogen=17676.3909
mean B0=44.9374 homogen=17676.3909
mean B0=44.9374 homogen=17676.3909
mean B0=44.9374 homogen=17676.3909
mean B0=44.9374 homogen=17676.3909
mean B0=44.9374 homogen=17676.3909
mean B0=44.9374 homogen=17676.3909
mean B0=44.9374 homogen=17676.3909
mean B0=44.9374 homogen=17676.3909
mean B0=44.9374 homogen=17676.3909
mean B0=44.9374 homogen=17676.3909
mean B0=44.9374 homogen=17676.3909
mean B0=44.9374 homogen=17676.3909
mean B0=44.9374 homogen=17676.3909
mean B0=44.9374 homogen=17676.3909
mean B0=44.9374 homogen=17676.3909
mean B0=44.9374 homogen=17676.3909
mean B0=44.9374 homogen=17676.3909
mean B0=44.9374 homogen=17676.3909
mean B0=44.9374 homogen=17676.3909
mean B0=44.9374 homogen=17676.3909
mean B0=44.9374 homogen=17676.3909
mean B0=44.9374 homogen=17676.3909
mean B0=44.9374 homogen=17676.3909
mean B0=44.9374 homogen=17676.3909
mean B0=44.9374 homogen=17676.3909
mean B0=44.9374 homogen=17676.3909
mean B0=44.9374 homogen=17676.3909
mean B0=44.9374 homogen=17676.3909
mean B0=44.9374 homogen=17676.3909
mean B0=44.9374 homogen=17676.3909
mean B0=44.9374 homogen=17676.3909
mean B0=44.9374 homogen=17676.3909
mean B0=44.9374 homogen=17676.3909
mean B0=44.9374 homogen=17676.3909
mean B0=44.9374 homogen=17676.3909
mean B0=44.9374 homogen=17676.3909
mean B0=44.9374 homogen=17676.3909
mean B0=44.9374 homogen=17676.3909
mean B0=44.9374 homogen=17676.3909
   901 |    36040 |     40 |  0.000000E+00 |  0.000000E+00 |  0.000000E+00 |             f
   902 |    36080 |     40 |  0.000000E+00 |  0.000000E+00 |  0.000000E+00 |             f
   903 |    36120 |     40 |  0.000000E+00 |  0.000000E+00 |  0.000000E+00 |             f
Process SpawnPoolWorker-1:
Traceback (most recent call last):
  File "/opt/homebrew/Cellar/python@3.12/3.12.13_4/Frameworks/Python.framework/Versions/3.12/lib/python3.12/multiprocessing/pool.py", line 131, in worker
    put((job, i, result))
  File "/opt/homebrew/Cellar/python@3.12/3.12.13_4/Frameworks/Python.framework/Versions/3.12/lib/python3.12/multiprocessing/queues.py", line 399, in put
    self._writer.send_bytes(obj)
  File "/opt/homebrew/Cellar/python@3.12/3.12.13_4/Frameworks/Python.framework/Versions/3.12/lib/python3.12/multiprocessing/connection.py", line 200, in send_bytes
    self._send_bytes(m[offset:offset + size])
  File "/opt/homebrew/Cellar/python@3.12/3.12.13_4/Frameworks/Python.framework/Versions/3.12/lib/python3.12/multiprocessing/connection.py", line 427, in _send_bytes
    self._send(header + buf)
  File "/opt/homebrew/Cellar/python@3.12/3.12.13_4/Frameworks/Python.framework/Versions/3.12/lib/python3.12/multiprocessing/connection.py", line 384, in _send
    n = write(self._handle, buf)
        ^^^^^^^^^^^^^^^^^^^^^^^^
BrokenPipeError: [Errno 32] Broken pipe

During handling of the above exception, another exception occurred:

Traceback (most recent call last):
  File "/opt/homebrew/Cellar/python@3.12/3.12.13_4/Frameworks/Python.framework/Versions/3.12/lib/python3.12/multiprocessing/process.py", line 314, in _bootstrap
    self.run()
  File "/opt/homebrew/Cellar/python@3.12/3.12.13_4/Frameworks/Python.framework/Versions/3.12/lib/python3.12/multiprocessing/process.py", line 108, in run
    self._target(*self._args, **self._kwargs)
  File "/opt/homebrew/Cellar/python@3.12/3.12.13_4/Frameworks/Python.framework/Versions/3.12/lib/python3.12/multiprocessing/pool.py", line 136, in worker
    put((job, i, (False, wrapped)))
  File "/opt/homebrew/Cellar/python@3.12/3.12.13_4/Frameworks/Python.framework/Versions/3.12/lib/python3.12/multiprocessing/queues.py", line 399, in put
    self._writer.send_bytes(obj)
  File "/opt/homebrew/Cellar/python@3.12/3.12.13_4/Frameworks/Python.framework/Versions/3.12/lib/python3.12/multiprocessing/connection.py", line 200, in send_bytes
    self._send_bytes(m[offset:offset + size])
  File "/opt/homebrew/Cellar/python@3.12/3.12.13_4/Frameworks/Python.framework/Versions/3.12/lib/python3.12/multiprocessing/connection.py", line 427, in _send_bytes
    self._send(header + buf)
  File "/opt/homebrew/Cellar/python@3.12/3.12.13_4/Frameworks/Python.framework/Versions/3.12/lib/python3.12/multiprocessing/connection.py", line 384, in _send
    n = write(self._handle, buf)
        ^^^^^^^^^^^^^^^^^^^^^^^^
BrokenPipeError: [Errno 32] Broken pipe
/opt/homebrew/Cellar/python@3.12/3.12.13_4/Frameworks/Python.framework/Versions/3.12/lib/python3.12/multiprocessing/resource_tracker.py:279: UserWarning: resource_tracker: There appear to be 6 leaked semaphore objects to clean up at shutdown
  warnings.warn('resource_tracker: There appear to be %d '
