/Users/nv/Documents/MRI/magnet_design/optimize_robust_aligned.py:54: DeprecationWarning: Importing 'StarmapParallelization' from 'pymoo.core.problem' is deprecated. Please use 'from pymoo.parallelization import StarmapParallelization' instead. This backward compatibility import will be removed in a future version.
  from pymoo.core.problem import StarmapParallelization
==========================================================================================
n_gen  |  n_eval  | n_nds  |     cv_min    |     cv_avg    |      eps      |   indicator  
==========================================================================================
     1 |       40 |      1 |  2.083861E+01 |  1.879670E+02 |             - |             -
     2 |       80 |      1 |  1.993027E+01 |  8.011430E+01 |             - |             -
     3 |      120 |      1 |  1.993027E+01 |  3.817944E+01 |             - |             -
     4 |      160 |      1 |  1.990492E+01 |  3.201785E+01 |             - |             -
     5 |      200 |      1 |  1.990492E+01 |  2.729131E+01 |             - |             -
     6 |      240 |      1 |  1.664948E+01 |  2.356335E+01 |             - |             -
     7 |      280 |      1 |  1.445783E+01 |  2.014309E+01 |             - |             -
     8 |      320 |      1 |  9.4875589097 |  1.785771E+01 |             - |             -
     9 |      360 |      1 |  1.6451009386 |  1.539867E+01 |             - |             -
    10 |      400 |      1 |  1.6451009386 |  1.287877E+01 |             - |             -
    11 |      440 |      1 |  0.3279320131 |  9.9695413111 |             - |             -
    12 |      480 |      1 |  0.3279320131 |  7.6090385057 |             - |             -
    13 |      520 |      1 |  0.0354497643 |  5.0928947629 |             - |             -
    14 |      560 |      1 |  0.000000E+00 |  2.7142698978 |             - |             -
    15 |      600 |      1 |  0.000000E+00 |  1.2621890300 |  5.561382E+03 |         ideal
    16 |      640 |      1 |  0.000000E+00 |  0.7578607156 |  0.000000E+00 |             f
    17 |      680 |      1 |  0.000000E+00 |  0.3953960015 |  5.666196E+03 |         ideal
    18 |      720 |      1 |  0.000000E+00 |  0.1749378952 |  0.000000E+00 |             f
    19 |      760 |      1 |  0.000000E+00 |  0.0654088949 |  2.615038E+04 |         ideal
    20 |      800 |      1 |  0.000000E+00 |  0.0051295504 |  0.000000E+00 |             f
    21 |      840 |      1 |  0.000000E+00 |  0.0002178113 |  2.961194E+03 |         ideal
    22 |      880 |      1 |  0.000000E+00 |  0.000000E+00 |  2.082812E+04 |         ideal
    23 |      920 |      1 |  0.000000E+00 |  0.000000E+00 |  0.000000E+00 |             f
    24 |      960 |      1 |  0.000000E+00 |  0.000000E+00 |  0.000000E+00 |             f
    25 |     1000 |      1 |  0.000000E+00 |  0.000000E+00 |  0.000000E+00 |             f
    26 |     1040 |      1 |  0.000000E+00 |  0.000000E+00 |  0.000000E+00 |             f
    27 |     1080 |      1 |  0.000000E+00 |  0.000000E+00 |  0.000000E+00 |             f
    28 |     1120 |      1 |  0.000000E+00 |  0.000000E+00 |  0.000000E+00 |             f
    29 |     1160 |      1 |  0.000000E+00 |  0.000000E+00 |  0.000000E+00 |             f
    30 |     1200 |      1 |  0.000000E+00 |  0.000000E+00 |  2.535028E+03 |         ideal
    31 |     1240 |      1 |  0.000000E+00 |  0.000000E+00 |  0.000000E+00 |             f
    32 |     1280 |      1 |  0.000000E+00 |  0.000000E+00 |  0.000000E+00 |             f
    33 |     1320 |      1 |  0.000000E+00 |  0.000000E+00 |  0.000000E+00 |             f
    34 |     1360 |      1 |  0.000000E+00 |  0.000000E+00 |  0.000000E+00 |             f
    35 |     1400 |      1 |  0.000000E+00 |  0.000000E+00 |  0.000000E+00 |             f
    36 |     1440 |      1 |  0.000000E+00 |  0.000000E+00 |  0.000000E+00 |             f
    37 |     1480 |      1 |  0.000000E+00 |  0.000000E+00 |  0.000000E+00 |             f
    38 |     1520 |      1 |  0.000000E+00 |  0.000000E+00 |  0.000000E+00 |             f
    39 |     1560 |      1 |  0.000000E+00 |  0.000000E+00 |  2.147024E+04 |         ideal
    40 |     1600 |      1 |  0.000000E+00 |  0.000000E+00 |  0.000000E+00 |             f
    41 |     1640 |      1 |  0.000000E+00 |  0.000000E+00 |  0.000000E+00 |             f
    42 |     1680 |      1 |  0.000000E+00 |  0.000000E+00 |  0.000000E+00 |             f
    43 |     1720 |      1 |  0.000000E+00 |  0.000000E+00 |  0.000000E+00 |             f
    44 |     1760 |      1 |  0.000000E+00 |  0.000000E+00 |  0.000000E+00 |             f
    45 |     1800 |      1 |  0.000000E+00 |  0.000000E+00 |  0.000000E+00 |             f
    46 |     1840 |      1 |  0.000000E+00 |  0.000000E+00 |  3.081407E+03 |         ideal
    47 |     1880 |      1 |  0.000000E+00 |  0.000000E+00 |  0.000000E+00 |             f
    48 |     1920 |      1 |  0.000000E+00 |  0.000000E+00 |  0.000000E+00 |             f
    49 |     1960 |      1 |  0.000000E+00 |  0.000000E+00 |  0.000000E+00 |             f
    50 |     2000 |      1 |  0.000000E+00 |  0.000000E+00 |  0.000000E+00 |             f
    51 |     2040 |      1 |  0.000000E+00 |  0.000000E+00 |  0.000000E+00 |             f
    52 |     2080 |      1 |  0.000000E+00 |  0.000000E+00 |  0.000000E+00 |             f
    53 |     2120 |      1 |  0.000000E+00 |  0.000000E+00 |  0.000000E+00 |             f
    54 |     2160 |      1 |  0.000000E+00 |  0.000000E+00 |  0.000000E+00 |             f
    55 |     2200 |      1 |  0.000000E+00 |  0.000000E+00 |  0.000000E+00 |             f
    56 |     2240 |      1 |  0.000000E+00 |  0.000000E+00 |  0.000000E+00 |             f
    57 |     2280 |      1 |  0.000000E+00 |  0.000000E+00 |  0.000000E+00 |             f
    58 |     2320 |      1 |  0.000000E+00 |  0.000000E+00 |  0.000000E+00 |             f
    59 |     2360 |      1 |  0.000000E+00 |  0.000000E+00 |  0.000000E+00 |             f
    60 |     2400 |      1 |  0.000000E+00 |  0.000000E+00 |  0.000000E+00 |             f
    61 |     2440 |      1 |  0.000000E+00 |  0.000000E+00 |  0.000000E+00 |             f
    62 |     2480 |      1 |  0.000000E+00 |  0.000000E+00 |  0.000000E+00 |             f
    63 |     2520 |      1 |  0.000000E+00 |  0.000000E+00 |  0.000000E+00 |             f
    64 |     2560 |      1 |  0.000000E+00 |  0.000000E+00 |  0.1483195056 |         ideal
    65 |     2600 |      1 |  0.000000E+00 |  0.000000E+00 |  0.000000E+00 |             f
    66 |     2640 |      1 |  0.000000E+00 |  0.000000E+00 |  0.000000E+00 |             f
    67 |     2680 |      1 |  0.000000E+00 |  0.000000E+00 |  3.421728E+01 |         ideal
    68 |     2720 |      1 |  0.000000E+00 |  0.000000E+00 |  0.000000E+00 |             f
    69 |     2760 |      1 |  0.000000E+00 |  0.000000E+00 |  6.730652E+02 |         ideal
    70 |     2800 |      1 |  0.000000E+00 |  0.000000E+00 |  1.595476E+03 |         ideal
    71 |     2840 |      1 |  0.000000E+00 |  0.000000E+00 |  6.562743E+01 |         ideal
    72 |     2880 |      1 |  0.000000E+00 |  0.000000E+00 |  0.000000E+00 |             f
    73 |     2920 |      1 |  0.000000E+00 |  0.000000E+00 |  0.000000E+00 |             f
    74 |     2960 |      1 |  0.000000E+00 |  0.000000E+00 |  0.000000E+00 |             f
    75 |     3000 |      1 |  0.000000E+00 |  0.000000E+00 |  0.000000E+00 |             f
    76 |     3040 |      1 |  0.000000E+00 |  0.000000E+00 |  0.4389154769 |         ideal
    77 |     3080 |      1 |  0.000000E+00 |  0.000000E+00 |  0.000000E+00 |             f
    78 |     3120 |      1 |  0.000000E+00 |  0.000000E+00 |  0.0285097401 |         ideal
    79 |     3160 |      2 |  0.000000E+00 |  0.000000E+00 |  0.000000E+00 |             f
    80 |     3200 |      1 |  0.000000E+00 |  0.000000E+00 |  2.0126972096 |         ideal
    81 |     3240 |      1 |  0.000000E+00 |  0.000000E+00 |  0.000000E+00 |             f
    82 |     3280 |      1 |  0.000000E+00 |  0.000000E+00 |  4.1226305008 |         ideal
    83 |     3320 |      1 |  0.000000E+00 |  0.000000E+00 |  5.122112E+02 |         ideal
    84 |     3360 |      1 |  0.000000E+00 |  0.000000E+00 |  0.000000E+00 |             f
    85 |     3400 |      1 |  0.000000E+00 |  0.000000E+00 |  0.000000E+00 |             f
    86 |     3440 |      1 |  0.000000E+00 |  0.000000E+00 |  3.1561656496 |         ideal
    87 |     3480 |      1 |  0.000000E+00 |  0.000000E+00 |  7.743656E+01 |         ideal
    88 |     3520 |      1 |  0.000000E+00 |  0.000000E+00 |  0.000000E+00 |             f
    89 |     3560 |      1 |  0.000000E+00 |  0.000000E+00 |  1.065700E+01 |         ideal
    90 |     3600 |      1 |  0.000000E+00 |  0.000000E+00 |  0.6597338857 |         ideal
    91 |     3640 |      1 |  0.000000E+00 |  0.000000E+00 |  0.000000E+00 |             f
    92 |     3680 |      1 |  0.000000E+00 |  0.000000E+00 |  1.208557E+01 |         ideal
    93 |     3720 |      1 |  0.000000E+00 |  0.000000E+00 |  4.2103868490 |         ideal
    94 |     3760 |      1 |  0.000000E+00 |  0.000000E+00 |  1.019647E+02 |         ideal
    95 |     3800 |      1 |  0.000000E+00 |  0.000000E+00 |  0.000000E+00 |             f
    96 |     3840 |      1 |  0.000000E+00 |  0.000000E+00 |  0.000000E+00 |             f
    97 |     3880 |      1 |  0.000000E+00 |  0.000000E+00 |  1.0082977111 |         ideal
    98 |     3920 |      1 |  0.000000E+00 |  0.000000E+00 |  3.988580E+02 |         ideal
    99 |     3960 |      1 |  0.000000E+00 |  0.000000E+00 |  1.5226183511 |         ideal
   100 |     4000 |      1 |  0.000000E+00 |  0.000000E+00 |  1.405039E+02 |         ideal
mean B0=45.0885 homogen=7131.0902
   101 |     4040 |      1 |  0.000000E+00 |  0.000000E+00 |  0.000000E+00 |             f
   102 |     4080 |      1 |  0.000000E+00 |  0.000000E+00 |  0.000000E+00 |             f
   103 |     4120 |      1 |  0.000000E+00 |  0.000000E+00 |  0.000000E+00 |             f
   104 |     4160 |      1 |  0.000000E+00 |  0.000000E+00 |  2.695589E+01 |         ideal
   105 |     4200 |      1 |  0.000000E+00 |  0.000000E+00 |  0.000000E+00 |             f
   106 |     4240 |      1 |  0.000000E+00 |  0.000000E+00 |  1.400785E+02 |         ideal
   107 |     4280 |      2 |  0.000000E+00 |  0.000000E+00 |  0.000000E+00 |             f
   108 |     4320 |      3 |  0.000000E+00 |  0.000000E+00 |  0.000000E+00 |             f
   109 |     4360 |      1 |  0.000000E+00 |  0.000000E+00 |  8.2669713201 |         ideal
   110 |     4400 |      1 |  0.000000E+00 |  0.000000E+00 |  0.0741502577 |         ideal
   111 |     4440 |      1 |  0.000000E+00 |  0.000000E+00 |  2.286889E+01 |         ideal
   112 |     4480 |      1 |  0.000000E+00 |  0.000000E+00 |  0.000000E+00 |             f
   113 |     4520 |      1 |  0.000000E+00 |  0.000000E+00 |  9.216849E+01 |         ideal
   114 |     4560 |      1 |  0.000000E+00 |  0.000000E+00 |  0.000000E+00 |             f
   115 |     4600 |      1 |  0.000000E+00 |  0.000000E+00 |  0.000000E+00 |             f
   116 |     4640 |      1 |  0.000000E+00 |  0.000000E+00 |  0.000000E+00 |             f
   117 |     4680 |      1 |  0.000000E+00 |  0.000000E+00 |  9.2405241898 |         ideal
   118 |     4720 |      1 |  0.000000E+00 |  0.000000E+00 |  9.000513E+01 |         ideal
   119 |     4760 |      1 |  0.000000E+00 |  0.000000E+00 |  0.000000E+00 |             f
   120 |     4800 |      1 |  0.000000E+00 |  0.000000E+00 |  2.6558779374 |         ideal
   121 |     4840 |      1 |  0.000000E+00 |  0.000000E+00 |  3.507356E+01 |         ideal
   122 |     4880 |      1 |  0.000000E+00 |  0.000000E+00 |  0.000000E+00 |             f
   123 |     4920 |      1 |  0.000000E+00 |  0.000000E+00 |  0.000000E+00 |             f
   124 |     4960 |      1 |  0.000000E+00 |  0.000000E+00 |  0.000000E+00 |             f
   125 |     5000 |      1 |  0.000000E+00 |  0.000000E+00 |  0.000000E+00 |             f
   126 |     5040 |      1 |  0.000000E+00 |  0.000000E+00 |  0.000000E+00 |             f
   127 |     5080 |      1 |  0.000000E+00 |  0.000000E+00 |  0.000000E+00 |             f
   128 |     5120 |      1 |  0.000000E+00 |  0.000000E+00 |  0.000000E+00 |             f
   129 |     5160 |      1 |  0.000000E+00 |  0.000000E+00 |  6.0114779796 |         ideal
   130 |     5200 |      1 |  0.000000E+00 |  0.000000E+00 |  0.000000E+00 |             f
   131 |     5240 |      1 |  0.000000E+00 |  0.000000E+00 |  0.6653969730 |         ideal
   132 |     5280 |      1 |  0.000000E+00 |  0.000000E+00 |  0.000000E+00 |             f
   133 |     5320 |      1 |  0.000000E+00 |  0.000000E+00 |  2.3029132213 |         ideal
   134 |     5360 |      1 |  0.000000E+00 |  0.000000E+00 |  0.000000E+00 |             f
   135 |     5400 |      1 |  0.000000E+00 |  0.000000E+00 |  0.000000E+00 |             f
   136 |     5440 |      1 |  0.000000E+00 |  0.000000E+00 |  4.4492086805 |         ideal
   137 |     5480 |      1 |  0.000000E+00 |  0.000000E+00 |  1.6010789460 |         ideal
   138 |     5520 |      1 |  0.000000E+00 |  0.000000E+00 |  0.9317742782 |         ideal
   139 |     5560 |      1 |  0.000000E+00 |  0.000000E+00 |  8.7539782231 |         ideal
   140 |     5600 |      1 |  0.000000E+00 |  0.000000E+00 |  1.180389E+01 |         ideal
   141 |     5640 |      1 |  0.000000E+00 |  0.000000E+00 |  2.1700900733 |         ideal
   142 |     5680 |      1 |  0.000000E+00 |  0.000000E+00 |  6.1844844045 |         ideal
   143 |     5720 |      1 |  0.000000E+00 |  0.000000E+00 |  0.000000E+00 |             f
   144 |     5760 |      1 |  0.000000E+00 |  0.000000E+00 |  0.0026960387 |         ideal
   145 |     5800 |      1 |  0.000000E+00 |  0.000000E+00 |  2.446657E+01 |         ideal
   146 |     5840 |      1 |  0.000000E+00 |  0.000000E+00 |  0.000000E+00 |             f
   147 |     5880 |      1 |  0.000000E+00 |  0.000000E+00 |  0.000000E+00 |             f
   148 |     5920 |      1 |  0.000000E+00 |  0.000000E+00 |  2.0794922673 |         ideal
   149 |     5960 |      1 |  0.000000E+00 |  0.000000E+00 |  0.000000E+00 |             f
   150 |     6000 |      1 |  0.000000E+00 |  0.000000E+00 |  0.6438426057 |         ideal
   151 |     6040 |      1 |  0.000000E+00 |  0.000000E+00 |  0.000000E+00 |             f
   152 |     6080 |      1 |  0.000000E+00 |  0.000000E+00 |  0.000000E+00 |             f
   153 |     6120 |      1 |  0.000000E+00 |  0.000000E+00 |  1.3812402788 |         ideal
   154 |     6160 |      1 |  0.000000E+00 |  0.000000E+00 |  0.3476470009 |         ideal
   155 |     6200 |      1 |  0.000000E+00 |  0.000000E+00 |  0.3867544739 |         ideal
   156 |     6240 |      1 |  0.000000E+00 |  0.000000E+00 |  0.000000E+00 |             f
   157 |     6280 |      1 |  0.000000E+00 |  0.000000E+00 |  3.479526E+01 |         ideal
   158 |     6320 |      1 |  0.000000E+00 |  0.000000E+00 |  0.000000E+00 |             f
   159 |     6360 |      2 |  0.000000E+00 |  0.000000E+00 |  0.000000E+00 |             f
   160 |     6400 |      1 |  0.000000E+00 |  0.000000E+00 |  5.1386588066 |         ideal
   161 |     6440 |      1 |  0.000000E+00 |  0.000000E+00 |  1.0410779147 |         ideal
   162 |     6480 |      1 |  0.000000E+00 |  0.000000E+00 |  0.1182979385 |         ideal
   163 |     6520 |      1 |  0.000000E+00 |  0.000000E+00 |  0.000000E+00 |             f
   164 |     6560 |      1 |  0.000000E+00 |  0.000000E+00 |  0.0224368396 |         ideal
   165 |     6600 |      1 |  0.000000E+00 |  0.000000E+00 |  0.000000E+00 |             f
   166 |     6640 |      1 |  0.000000E+00 |  0.000000E+00 |  0.1868310737 |         ideal
   167 |     6680 |      1 |  0.000000E+00 |  0.000000E+00 |  0.2242026101 |         ideal
   168 |     6720 |      1 |  0.000000E+00 |  0.000000E+00 |  0.000000E+00 |             f
   169 |     6760 |      1 |  0.000000E+00 |  0.000000E+00 |  0.000000E+00 |             f
   170 |     6800 |      1 |  0.000000E+00 |  0.000000E+00 |  0.3491485093 |         ideal
   171 |     6840 |      1 |  0.000000E+00 |  0.000000E+00 |  0.000000E+00 |             f
   172 |     6880 |      1 |  0.000000E+00 |  0.000000E+00 |  0.000000E+00 |             f
   173 |     6920 |      1 |  0.000000E+00 |  0.000000E+00 |  0.000000E+00 |             f
   174 |     6960 |      1 |  0.000000E+00 |  0.000000E+00 |  0.000000E+00 |             f
   175 |     7000 |      1 |  0.000000E+00 |  0.000000E+00 |  0.000000E+00 |             f
   176 |     7040 |      1 |  0.000000E+00 |  0.000000E+00 |  0.0907857677 |         ideal
   177 |     7080 |      1 |  0.000000E+00 |  0.000000E+00 |  0.000000E+00 |             f
   178 |     7120 |      1 |  0.000000E+00 |  0.000000E+00 |  0.000000E+00 |             f
   179 |     7160 |      1 |  0.000000E+00 |  0.000000E+00 |  0.1562172054 |         ideal
   180 |     7200 |      1 |  0.000000E+00 |  0.000000E+00 |  0.000000E+00 |             f
   181 |     7240 |      1 |  0.000000E+00 |  0.000000E+00 |  0.000000E+00 |             f
   182 |     7280 |      2 |  0.000000E+00 |  0.000000E+00 |  0.000000E+00 |             f
   183 |     7320 |      1 |  0.000000E+00 |  0.000000E+00 |  0.1589606002 |         ideal
   184 |     7360 |      1 |  0.000000E+00 |  0.000000E+00 |  0.000000E+00 |             f
   185 |     7400 |      2 |  0.000000E+00 |  0.000000E+00 |  0.000000E+00 |             f
   186 |     7440 |      1 |  0.000000E+00 |  0.000000E+00 |  0.0701201936 |         ideal
   187 |     7480 |      1 |  0.000000E+00 |  0.000000E+00 |  0.000000E+00 |             f
   188 |     7520 |      1 |  0.000000E+00 |  0.000000E+00 |  0.000000E+00 |             f
   189 |     7560 |      1 |  0.000000E+00 |  0.000000E+00 |  3.482876E+01 |         ideal
   190 |     7600 |      1 |  0.000000E+00 |  0.000000E+00 |  0.1674753326 |         ideal
   191 |     7640 |      1 |  0.000000E+00 |  0.000000E+00 |  0.2921767769 |         ideal
   192 |     7680 |      1 |  0.000000E+00 |  0.000000E+00 |  0.5224999335 |         ideal
   193 |     7720 |      1 |  0.000000E+00 |  0.000000E+00 |  1.3532416515 |         ideal
   194 |     7760 |      1 |  0.000000E+00 |  0.000000E+00 |  0.000000E+00 |             f
   195 |     7800 |      1 |  0.000000E+00 |  0.000000E+00 |  0.0142482941 |         ideal
   196 |     7840 |      1 |  0.000000E+00 |  0.000000E+00 |  3.1563800721 |         ideal
   197 |     7880 |      1 |  0.000000E+00 |  0.000000E+00 |  0.000000E+00 |             f
   198 |     7920 |      1 |  0.000000E+00 |  0.000000E+00 |  0.5537831742 |         ideal
   199 |     7960 |      1 |  0.000000E+00 |  0.000000E+00 |  0.1589263143 |         ideal
   200 |     8000 |      1 |  0.000000E+00 |  0.000000E+00 |  0.000000E+00 |             f
mean B0=44.9205 homogen=6663.6288
   201 |     8040 |      1 |  0.000000E+00 |  0.000000E+00 |  0.6516423052 |         ideal
   202 |     8080 |      1 |  0.000000E+00 |  0.000000E+00 |  0.000000E+00 |             f
   203 |     8120 |      1 |  0.000000E+00 |  0.000000E+00 |  0.0671184813 |         ideal
   204 |     8160 |      1 |  0.000000E+00 |  0.000000E+00 |  0.2051590334 |         ideal
   205 |     8200 |      1 |  0.000000E+00 |  0.000000E+00 |  0.000000E+00 |             f
   206 |     8240 |      1 |  0.000000E+00 |  0.000000E+00 |  0.0778149241 |         ideal
   207 |     8280 |      1 |  0.000000E+00 |  0.000000E+00 |  0.2189188545 |         ideal
   208 |     8320 |      1 |  0.000000E+00 |  0.000000E+00 |  0.000000E+00 |             f
   209 |     8360 |      1 |  0.000000E+00 |  0.000000E+00 |  0.000000E+00 |             f
   210 |     8400 |      1 |  0.000000E+00 |  0.000000E+00 |  0.000000E+00 |             f
   211 |     8440 |      1 |  0.000000E+00 |  0.000000E+00 |  0.000000E+00 |             f
   212 |     8480 |      1 |  0.000000E+00 |  0.000000E+00 |  0.0293268514 |         ideal
   213 |     8520 |      1 |  0.000000E+00 |  0.000000E+00 |  0.0005561597 |             f
   214 |     8560 |      1 |  0.000000E+00 |  0.000000E+00 |  0.0005561597 |             f
   215 |     8600 |      1 |  0.000000E+00 |  0.000000E+00 |  0.0109231891 |         ideal
   216 |     8640 |      1 |  0.000000E+00 |  0.000000E+00 |  0.000000E+00 |             f
   217 |     8680 |      1 |  0.000000E+00 |  0.000000E+00 |  0.000000E+00 |             f
   218 |     8720 |      1 |  0.000000E+00 |  0.000000E+00 |  0.000000E+00 |             f
   219 |     8760 |      1 |  0.000000E+00 |  0.000000E+00 |  0.0426000971 |         ideal
   220 |     8800 |      2 |  0.000000E+00 |  0.000000E+00 |  0.000000E+00 |             f
   221 |     8840 |      1 |  0.000000E+00 |  0.000000E+00 |  9.220116E+01 |         ideal
   222 |     8880 |      2 |  0.000000E+00 |  0.000000E+00 |  0.000000E+00 |             f
   223 |     8920 |      2 |  0.000000E+00 |  0.000000E+00 |  0.000000E+00 |             f
   224 |     8960 |      1 |  0.000000E+00 |  0.000000E+00 |  0.0755603009 |         ideal
   225 |     9000 |      1 |  0.000000E+00 |  0.000000E+00 |  1.1637641174 |         ideal
   226 |     9040 |      1 |  0.000000E+00 |  0.000000E+00 |  6.1564745161 |         ideal
   227 |     9080 |      2 |  0.000000E+00 |  0.000000E+00 |  0.000000E+00 |             f
   228 |     9120 |      1 |  0.000000E+00 |  0.000000E+00 |  0.0666601045 |         ideal
   229 |     9160 |      1 |  0.000000E+00 |  0.000000E+00 |  0.0868387777 |         ideal
   230 |     9200 |      1 |  0.000000E+00 |  0.000000E+00 |  0.1549153423 |         ideal
   231 |     9240 |      1 |  0.000000E+00 |  0.000000E+00 |  0.0014644128 |             f
   232 |     9280 |      1 |  0.000000E+00 |  0.000000E+00 |  0.0347180626 |         ideal
   233 |     9320 |      1 |  0.000000E+00 |  0.000000E+00 |  0.0163877762 |         ideal
   234 |     9360 |      1 |  0.000000E+00 |  0.000000E+00 |  0.2330151501 |         ideal
   235 |     9400 |      1 |  0.000000E+00 |  0.000000E+00 |  0.4728761867 |         ideal
   236 |     9440 |      1 |  0.000000E+00 |  0.000000E+00 |  0.000000E+00 |             f
   237 |     9480 |      1 |  0.000000E+00 |  0.000000E+00 |  0.000000E+00 |             f
   238 |     9520 |      1 |  0.000000E+00 |  0.000000E+00 |  0.000000E+00 |             f
   239 |     9560 |      1 |  0.000000E+00 |  0.000000E+00 |  0.0022682598 |             f
   240 |     9600 |      1 |  0.000000E+00 |  0.000000E+00 |  0.0022682598 |             f
   241 |     9640 |      1 |  0.000000E+00 |  0.000000E+00 |  0.0396086855 |         ideal
   242 |     9680 |      1 |  0.000000E+00 |  0.000000E+00 |  1.7811277200 |         ideal
   243 |     9720 |      1 |  0.000000E+00 |  0.000000E+00 |  0.5219680921 |         ideal
   244 |     9760 |      1 |  0.000000E+00 |  0.000000E+00 |  0.000000E+00 |             f
   245 |     9800 |      1 |  0.000000E+00 |  0.000000E+00 |  0.0245147697 |         ideal
   246 |     9840 |      1 |  0.000000E+00 |  0.000000E+00 |  0.0932700308 |         ideal
   247 |     9880 |      1 |  0.000000E+00 |  0.000000E+00 |  0.000000E+00 |             f
   248 |     9920 |      1 |  0.000000E+00 |  0.000000E+00 |  0.000000E+00 |             f
   249 |     9960 |      1 |  0.000000E+00 |  0.000000E+00 |  0.000000E+00 |             f
   250 |    10000 |      1 |  0.000000E+00 |  0.000000E+00 |  0.0532137801 |         ideal
   251 |    10040 |      1 |  0.000000E+00 |  0.000000E+00 |  0.000000E+00 |             f
   252 |    10080 |      1 |  0.000000E+00 |  0.000000E+00 |  0.1170932933 |         ideal
   253 |    10120 |      1 |  0.000000E+00 |  0.000000E+00 |  0.1652066233 |         ideal
   254 |    10160 |      1 |  0.000000E+00 |  0.000000E+00 |  0.0080072390 |         ideal
   255 |    10200 |      1 |  0.000000E+00 |  0.000000E+00 |  0.000000E+00 |             f
   256 |    10240 |      1 |  0.000000E+00 |  0.000000E+00 |  0.0317388109 |         ideal
   257 |    10280 |      1 |  0.000000E+00 |  0.000000E+00 |  0.0361757481 |         ideal
   258 |    10320 |      1 |  0.000000E+00 |  0.000000E+00 |  0.0680901367 |         ideal
   259 |    10360 |      1 |  0.000000E+00 |  0.000000E+00 |  0.2685903948 |         ideal
   260 |    10400 |      1 |  0.000000E+00 |  0.000000E+00 |  0.000000E+00 |             f
   261 |    10440 |      1 |  0.000000E+00 |  0.000000E+00 |  0.000000E+00 |             f
   262 |    10480 |      1 |  0.000000E+00 |  0.000000E+00 |  0.000000E+00 |             f
   263 |    10520 |      2 |  0.000000E+00 |  0.000000E+00 |  0.000000E+00 |             f
   264 |    10560 |      1 |  0.000000E+00 |  0.000000E+00 |  0.1000953103 |         ideal
   265 |    10600 |      1 |  0.000000E+00 |  0.000000E+00 |  0.000000E+00 |             f
   266 |    10640 |      1 |  0.000000E+00 |  0.000000E+00 |  0.0557214143 |         ideal
   267 |    10680 |      1 |  0.000000E+00 |  0.000000E+00 |  0.1030200392 |         ideal
   268 |    10720 |      1 |  0.000000E+00 |  0.000000E+00 |  0.000000E+00 |             f
   269 |    10760 |      1 |  0.000000E+00 |  0.000000E+00 |  0.1398276191 |         ideal
   270 |    10800 |      1 |  0.000000E+00 |  0.000000E+00 |  0.0064146955 |         ideal
   271 |    10840 |      1 |  0.000000E+00 |  0.000000E+00 |  0.000000E+00 |             f
   272 |    10880 |      1 |  0.000000E+00 |  0.000000E+00 |  0.000000E+00 |             f
   273 |    10920 |      1 |  0.000000E+00 |  0.000000E+00 |  0.000000E+00 |             f
   274 |    10960 |      1 |  0.000000E+00 |  0.000000E+00 |  0.000000E+00 |             f
   275 |    11000 |      1 |  0.000000E+00 |  0.000000E+00 |  0.000000E+00 |             f
   276 |    11040 |      1 |  0.000000E+00 |  0.000000E+00 |  0.000000E+00 |             f
   277 |    11080 |      1 |  0.000000E+00 |  0.000000E+00 |  0.0193365009 |         ideal
   278 |    11120 |      1 |  0.000000E+00 |  0.000000E+00 |  0.0454586712 |         ideal
   279 |    11160 |      1 |  0.000000E+00 |  0.000000E+00 |  0.000000E+00 |             f
   280 |    11200 |      1 |  0.000000E+00 |  0.000000E+00 |  0.000000E+00 |             f
   281 |    11240 |      1 |  0.000000E+00 |  0.000000E+00 |  0.0178313163 |         ideal
   282 |    11280 |      1 |  0.000000E+00 |  0.000000E+00 |  0.000000E+00 |             f
   283 |    11320 |      1 |  0.000000E+00 |  0.000000E+00 |  0.0053823052 |         ideal
   284 |    11360 |      1 |  0.000000E+00 |  0.000000E+00 |  0.000000E+00 |             f
   285 |    11400 |      1 |  0.000000E+00 |  0.000000E+00 |  0.0085838695 |         ideal
   286 |    11440 |      2 |  0.000000E+00 |  0.000000E+00 |  0.000000E+00 |             f
   287 |    11480 |      2 |  0.000000E+00 |  0.000000E+00 |  0.000000E+00 |             f
   288 |    11520 |      2 |  0.000000E+00 |  0.000000E+00 |  0.000000E+00 |             f
   289 |    11560 |      1 |  0.000000E+00 |  0.000000E+00 |  0.0064146958 |         ideal
   290 |    11600 |      1 |  0.000000E+00 |  0.000000E+00 |  0.0197886459 |         ideal
   291 |    11640 |      1 |  0.000000E+00 |  0.000000E+00 |  0.000000E+00 |             f
   292 |    11680 |      1 |  0.000000E+00 |  0.000000E+00 |  0.000000E+00 |             f
   293 |    11720 |      1 |  0.000000E+00 |  0.000000E+00 |  0.0075145842 |         ideal
   294 |    11760 |      2 |  0.000000E+00 |  0.000000E+00 |  0.000000E+00 |             f
   295 |    11800 |      2 |  0.000000E+00 |  0.000000E+00 |  0.000000E+00 |             f
   296 |    11840 |      2 |  0.000000E+00 |  0.000000E+00 |  0.000000E+00 |             f
   297 |    11880 |      2 |  0.000000E+00 |  0.000000E+00 |  0.000000E+00 |             f
   298 |    11920 |      2 |  0.000000E+00 |  0.000000E+00 |  0.000000E+00 |             f
   299 |    11960 |      1 |  0.000000E+00 |  0.000000E+00 |  0.0005697548 |             f
   300 |    12000 |      1 |  0.000000E+00 |  0.000000E+00 |  0.0005697548 |             f
mean B0=44.8893 homogen=6581.5144
   301 |    12040 |      1 |  0.000000E+00 |  0.000000E+00 |  0.0083136603 |         ideal
   302 |    12080 |      1 |  0.000000E+00 |  0.000000E+00 |  0.0117677306 |         ideal
   303 |    12120 |      2 |  0.000000E+00 |  0.000000E+00 |  0.000000E+00 |             f
   304 |    12160 |      4 |  0.000000E+00 |  0.000000E+00 |  0.000000E+00 |             f
   305 |    12200 |      1 |  0.000000E+00 |  0.000000E+00 |  0.0090492685 |         ideal
   306 |    12240 |      1 |  0.000000E+00 |  0.000000E+00 |  0.000000E+00 |             f
   307 |    12280 |      1 |  0.000000E+00 |  0.000000E+00 |  0.000000E+00 |             f
   308 |    12320 |      1 |  0.000000E+00 |  0.000000E+00 |  0.000000E+00 |             f
   309 |    12360 |      1 |  0.000000E+00 |  0.000000E+00 |  0.0020127511 |             f
   310 |    12400 |      2 |  0.000000E+00 |  0.000000E+00 |  0.0020127511 |             f
   311 |    12440 |      3 |  0.000000E+00 |  0.000000E+00 |  0.0020127511 |             f
   312 |    12480 |      1 |  0.000000E+00 |  0.000000E+00 |  0.0054907613 |         ideal
   313 |    12520 |      1 |  0.000000E+00 |  0.000000E+00 |  0.000000E+00 |             f
   314 |    12560 |      1 |  0.000000E+00 |  0.000000E+00 |  0.000000E+00 |             f
   315 |    12600 |      2 |  0.000000E+00 |  0.000000E+00 |  0.000000E+00 |             f
   316 |    12640 |      4 |  0.000000E+00 |  0.000000E+00 |  0.000000E+00 |             f
   317 |    12680 |      1 |  0.000000E+00 |  0.000000E+00 |  0.0094859402 |         ideal
   318 |    12720 |      2 |  0.000000E+00 |  0.000000E+00 |  0.000000E+00 |             f
   319 |    12760 |      3 |  0.000000E+00 |  0.000000E+00 |  0.000000E+00 |             f
   320 |    12800 |      5 |  0.000000E+00 |  0.000000E+00 |  0.000000E+00 |             f
   321 |    12840 |      7 |  0.000000E+00 |  0.000000E+00 |  0.000000E+00 |             f
   322 |    12880 |     11 |  0.000000E+00 |  0.000000E+00 |  0.000000E+00 |             f
   323 |    12920 |     18 |  0.000000E+00 |  0.000000E+00 |  0.000000E+00 |             f
   324 |    12960 |     31 |  0.000000E+00 |  0.000000E+00 |  0.000000E+00 |             f
   325 |    13000 |     40 |  0.000000E+00 |  0.000000E+00 |  0.000000E+00 |             f
   326 |    13040 |     40 |  0.000000E+00 |  0.000000E+00 |  0.000000E+00 |             f
   327 |    13080 |     40 |  0.000000E+00 |  0.000000E+00 |  0.000000E+00 |             f
   328 |    13120 |     40 |  0.000000E+00 |  0.000000E+00 |  0.000000E+00 |             f
   329 |    13160 |     40 |  0.000000E+00 |  0.000000E+00 |  0.000000E+00 |             f
   330 |    13200 |     40 |  0.000000E+00 |  0.000000E+00 |  0.000000E+00 |             f
   331 |    13240 |      1 |  0.000000E+00 |  0.000000E+00 |  6.292300E+02 |         ideal
   332 |    13280 |      1 |  0.000000E+00 |  0.000000E+00 |  0.000000E+00 |             f
   333 |    13320 |      2 |  0.000000E+00 |  0.000000E+00 |  0.000000E+00 |             f
   334 |    13360 |      3 |  0.000000E+00 |  0.000000E+00 |  0.000000E+00 |             f
   335 |    13400 |      5 |  0.000000E+00 |  0.000000E+00 |  0.000000E+00 |             f
   336 |    13440 |      8 |  0.000000E+00 |  0.000000E+00 |  0.000000E+00 |             f
   337 |    13480 |      1 |  0.000000E+00 |  0.000000E+00 |  1.425191E+02 |         ideal
   338 |    13520 |      1 |  0.000000E+00 |  0.000000E+00 |  2.464059E+02 |         ideal
   339 |    13560 |      1 |  0.000000E+00 |  0.000000E+00 |  0.000000E+00 |             f
   340 |    13600 |      2 |  0.000000E+00 |  0.000000E+00 |  0.000000E+00 |             f
   341 |    13640 |      3 |  0.000000E+00 |  0.000000E+00 |  0.000000E+00 |             f
   342 |    13680 |      5 |  0.000000E+00 |  0.000000E+00 |  0.000000E+00 |             f
   343 |    13720 |      8 |  0.000000E+00 |  0.000000E+00 |  0.000000E+00 |             f
   344 |    13760 |      1 |  0.000000E+00 |  0.000000E+00 |  1.053903E+01 |         ideal
   345 |    13800 |      1 |  0.000000E+00 |  0.000000E+00 |  1.459918E+02 |         ideal
   346 |    13840 |      1 |  0.000000E+00 |  0.000000E+00 |  0.000000E+00 |             f
   347 |    13880 |      2 |  0.000000E+00 |  0.000000E+00 |  0.000000E+00 |             f
   348 |    13920 |      4 |  0.000000E+00 |  0.000000E+00 |  0.000000E+00 |             f
   349 |    13960 |      1 |  0.000000E+00 |  0.000000E+00 |  3.9198244810 |         ideal
   350 |    14000 |      1 |  0.000000E+00 |  0.000000E+00 |  1.988762E+01 |         ideal
   351 |    14040 |      1 |  0.000000E+00 |  0.000000E+00 |  6.977613E+01 |         ideal
   352 |    14080 |      1 |  0.000000E+00 |  0.000000E+00 |  9.6546040390 |         ideal
   353 |    14120 |      1 |  0.000000E+00 |  0.000000E+00 |  0.7686299171 |         ideal
   354 |    14160 |      1 |  0.000000E+00 |  0.000000E+00 |  2.136260E+01 |         ideal
   355 |    14200 |      1 |  0.000000E+00 |  0.000000E+00 |  3.757559E+01 |         ideal
   356 |    14240 |      1 |  0.000000E+00 |  0.000000E+00 |  5.657495E+01 |         ideal
   357 |    14280 |      1 |  0.000000E+00 |  0.000000E+00 |  0.000000E+00 |             f
   358 |    14320 |      1 |  0.000000E+00 |  0.000000E+00 |  0.000000E+00 |             f
   359 |    14360 |      1 |  0.000000E+00 |  0.000000E+00 |  0.0377274533 |         ideal
   360 |    14400 |      1 |  0.000000E+00 |  0.000000E+00 |  0.000000E+00 |             f
   361 |    14440 |      1 |  0.000000E+00 |  0.000000E+00 |  0.0438808283 |         ideal
   362 |    14480 |      1 |  0.000000E+00 |  0.000000E+00 |  0.000000E+00 |             f
   363 |    14520 |      1 |  0.000000E+00 |  0.000000E+00 |  0.000000E+00 |             f
   364 |    14560 |      1 |  0.000000E+00 |  0.000000E+00 |  0.000000E+00 |             f
   365 |    14600 |      2 |  0.000000E+00 |  0.000000E+00 |  0.000000E+00 |             f
   366 |    14640 |      1 |  0.000000E+00 |  0.000000E+00 |  0.1239253426 |         ideal
   367 |    14680 |      2 |  0.000000E+00 |  0.000000E+00 |  0.000000E+00 |             f
   368 |    14720 |      1 |  0.000000E+00 |  0.000000E+00 |  7.065505E+01 |         ideal
   369 |    14760 |      1 |  0.000000E+00 |  0.000000E+00 |  0.000000E+00 |             f
   370 |    14800 |      2 |  0.000000E+00 |  0.000000E+00 |  0.000000E+00 |             f
   371 |    14840 |      1 |  0.000000E+00 |  0.000000E+00 |  0.1202939861 |         ideal
   372 |    14880 |      1 |  0.000000E+00 |  0.000000E+00 |  0.1865474385 |         ideal
   373 |    14920 |      1 |  0.000000E+00 |  0.000000E+00 |  0.0041828484 |         ideal
   374 |    14960 |      1 |  0.000000E+00 |  0.000000E+00 |  0.000000E+00 |             f
   375 |    15000 |      1 |  0.000000E+00 |  0.000000E+00 |  0.000000E+00 |             f
   376 |    15040 |      1 |  0.000000E+00 |  0.000000E+00 |  0.0446083106 |         ideal
   377 |    15080 |      1 |  0.000000E+00 |  0.000000E+00 |  0.0636999436 |         ideal
   378 |    15120 |      1 |  0.000000E+00 |  0.000000E+00 |  0.000000E+00 |             f
   379 |    15160 |      1 |  0.000000E+00 |  0.000000E+00 |  0.000000E+00 |             f
   380 |    15200 |      1 |  0.000000E+00 |  0.000000E+00 |  0.0008917448 |             f
   381 |    15240 |      1 |  0.000000E+00 |  0.000000E+00 |  0.0008917448 |             f
   382 |    15280 |      1 |  0.000000E+00 |  0.000000E+00 |  0.0506153024 |         ideal
   383 |    15320 |      1 |  0.000000E+00 |  0.000000E+00 |  0.2433958124 |         ideal
   384 |    15360 |      1 |  0.000000E+00 |  0.000000E+00 |  0.000000E+00 |             f
   385 |    15400 |      1 |  0.000000E+00 |  0.000000E+00 |  0.0063290613 |         ideal
   386 |    15440 |      2 |  0.000000E+00 |  0.000000E+00 |  0.000000E+00 |             f
   387 |    15480 |      1 |  0.000000E+00 |  0.000000E+00 |  1.801688E+02 |         ideal
   388 |    15520 |      2 |  0.000000E+00 |  0.000000E+00 |  0.000000E+00 |             f
   389 |    15560 |      3 |  0.000000E+00 |  0.000000E+00 |  0.000000E+00 |             f
   390 |    15600 |      1 |  0.000000E+00 |  0.000000E+00 |  0.1461748614 |         ideal
   391 |    15640 |      1 |  0.000000E+00 |  0.000000E+00 |  6.0414847308 |         ideal
   392 |    15680 |      1 |  0.000000E+00 |  0.000000E+00 |  2.064682E+01 |         ideal
   393 |    15720 |      2 |  0.000000E+00 |  0.000000E+00 |  0.000000E+00 |             f
   394 |    15760 |      1 |  0.000000E+00 |  0.000000E+00 |  2.3198794828 |         ideal
   395 |    15800 |      1 |  0.000000E+00 |  0.000000E+00 |  0.5824399978 |         ideal
   396 |    15840 |      1 |  0.000000E+00 |  0.000000E+00 |  1.176930E+01 |         ideal
   397 |    15880 |      1 |  0.000000E+00 |  0.000000E+00 |  1.3115150740 |         ideal
   398 |    15920 |      1 |  0.000000E+00 |  0.000000E+00 |  2.169833E+01 |         ideal
   399 |    15960 |      1 |  0.000000E+00 |  0.000000E+00 |  2.209814E+02 |         ideal
   400 |    16000 |      1 |  0.000000E+00 |  0.000000E+00 |  0.000000E+00 |             f
mean B0=44.996 homogen=5633.1432
   401 |    16040 |      1 |  0.000000E+00 |  0.000000E+00 |  0.000000E+00 |             f
   402 |    16080 |      1 |  0.000000E+00 |  0.000000E+00 |  0.000000E+00 |             f
   403 |    16120 |      1 |  0.000000E+00 |  0.000000E+00 |  0.000000E+00 |             f
   404 |    16160 |      1 |  0.000000E+00 |  0.000000E+00 |  0.000000E+00 |             f
   405 |    16200 |      1 |  0.000000E+00 |  0.000000E+00 |  3.401764E+01 |         ideal
   406 |    16240 |      1 |  0.000000E+00 |  0.000000E+00 |  0.0476315498 |         ideal
   407 |    16280 |      2 |  0.000000E+00 |  0.000000E+00 |  0.000000E+00 |             f
   408 |    16320 |      2 |  0.000000E+00 |  0.000000E+00 |  0.000000E+00 |             f
   409 |    16360 |      2 |  0.000000E+00 |  0.000000E+00 |  0.000000E+00 |             f
   410 |    16400 |      1 |  0.000000E+00 |  0.000000E+00 |  1.427966E+01 |         ideal
   411 |    16440 |      1 |  0.000000E+00 |  0.000000E+00 |  0.000000E+00 |             f
   412 |    16480 |      1 |  0.000000E+00 |  0.000000E+00 |  1.1295355214 |         ideal
   413 |    16520 |      1 |  0.000000E+00 |  0.000000E+00 |  0.2009282558 |         ideal
   414 |    16560 |      1 |  0.000000E+00 |  0.000000E+00 |  0.000000E+00 |             f
   415 |    16600 |      2 |  0.000000E+00 |  0.000000E+00 |  0.000000E+00 |             f
   416 |    16640 |      1 |  0.000000E+00 |  0.000000E+00 |  1.3652754076 |         ideal
   417 |    16680 |      1 |  0.000000E+00 |  0.000000E+00 |  0.000000E+00 |             f
   418 |    16720 |      1 |  0.000000E+00 |  0.000000E+00 |  0.3390020195 |         ideal
   419 |    16760 |      1 |  0.000000E+00 |  0.000000E+00 |  0.000000E+00 |             f
   420 |    16800 |      1 |  0.000000E+00 |  0.000000E+00 |  1.2357224958 |         ideal
   421 |    16840 |      1 |  0.000000E+00 |  0.000000E+00 |  0.000000E+00 |             f
   422 |    16880 |      2 |  0.000000E+00 |  0.000000E+00 |  0.000000E+00 |             f
   423 |    16920 |      3 |  0.000000E+00 |  0.000000E+00 |  0.000000E+00 |             f
   424 |    16960 |      3 |  0.000000E+00 |  0.000000E+00 |  0.000000E+00 |             f
   425 |    17000 |      1 |  0.000000E+00 |  0.000000E+00 |  0.0139192371 |         ideal
   426 |    17040 |      1 |  0.000000E+00 |  0.000000E+00 |  0.000000E+00 |             f
   427 |    17080 |      1 |  0.000000E+00 |  0.000000E+00 |  0.0779313220 |         ideal
   428 |    17120 |      1 |  0.000000E+00 |  0.000000E+00 |  0.000000E+00 |             f
   429 |    17160 |      1 |  0.000000E+00 |  0.000000E+00 |  0.0459056909 |         ideal
   430 |    17200 |      1 |  0.000000E+00 |  0.000000E+00 |  0.000000E+00 |             f
   431 |    17240 |      1 |  0.000000E+00 |  0.000000E+00 |  0.000000E+00 |             f
   432 |    17280 |      1 |  0.000000E+00 |  0.000000E+00 |  0.0116590934 |         ideal
   433 |    17320 |      1 |  0.000000E+00 |  0.000000E+00 |  0.0117665377 |         ideal
   434 |    17360 |      1 |  0.000000E+00 |  0.000000E+00 |  0.0027580220 |         ideal
   435 |    17400 |      1 |  0.000000E+00 |  0.000000E+00 |  0.0003497490 |             f
   436 |    17440 |      1 |  0.000000E+00 |  0.000000E+00 |  0.0752315781 |         ideal
   437 |    17480 |      1 |  0.000000E+00 |  0.000000E+00 |  0.000000E+00 |             f
   438 |    17520 |      1 |  0.000000E+00 |  0.000000E+00 |  0.000000E+00 |             f
   439 |    17560 |      2 |  0.000000E+00 |  0.000000E+00 |  0.000000E+00 |             f
   440 |    17600 |      2 |  0.000000E+00 |  0.000000E+00 |  0.000000E+00 |             f
   441 |    17640 |      3 |  0.000000E+00 |  0.000000E+00 |  0.000000E+00 |             f
   442 |    17680 |      4 |  0.000000E+00 |  0.000000E+00 |  0.000000E+00 |             f
   443 |    17720 |      1 |  0.000000E+00 |  0.000000E+00 |  0.0151553932 |         ideal
   444 |    17760 |      1 |  0.000000E+00 |  0.000000E+00 |  0.000000E+00 |             f
   445 |    17800 |      1 |  0.000000E+00 |  0.000000E+00 |  0.000000E+00 |             f
   446 |    17840 |      1 |  0.000000E+00 |  0.000000E+00 |  0.000000E+00 |             f
   447 |    17880 |      1 |  0.000000E+00 |  0.000000E+00 |  0.000000E+00 |             f
   448 |    17920 |      2 |  0.000000E+00 |  0.000000E+00 |  0.000000E+00 |             f
   449 |    17960 |      3 |  0.000000E+00 |  0.000000E+00 |  0.000000E+00 |             f
   450 |    18000 |      4 |  0.000000E+00 |  0.000000E+00 |  0.000000E+00 |             f
   451 |    18040 |      6 |  0.000000E+00 |  0.000000E+00 |  0.000000E+00 |             f
   452 |    18080 |      7 |  0.000000E+00 |  0.000000E+00 |  0.000000E+00 |             f
   453 |    18120 |     10 |  0.000000E+00 |  0.000000E+00 |  0.000000E+00 |             f
   454 |    18160 |     14 |  0.000000E+00 |  0.000000E+00 |  0.000000E+00 |             f
   455 |    18200 |      1 |  0.000000E+00 |  0.000000E+00 |  0.0091177986 |         ideal
   456 |    18240 |      1 |  0.000000E+00 |  0.000000E+00 |  0.000000E+00 |             f
   457 |    18280 |      1 |  0.000000E+00 |  0.000000E+00 |  0.1388669647 |         ideal
   458 |    18320 |      1 |  0.000000E+00 |  0.000000E+00 |  0.000000E+00 |             f
   459 |    18360 |      1 |  0.000000E+00 |  0.000000E+00 |  0.000000E+00 |             f
   460 |    18400 |      1 |  0.000000E+00 |  0.000000E+00 |  3.565786E+01 |         ideal
   461 |    18440 |      2 |  0.000000E+00 |  0.000000E+00 |  0.000000E+00 |             f
   462 |    18480 |      3 |  0.000000E+00 |  0.000000E+00 |  0.000000E+00 |             f
   463 |    18520 |      1 |  0.000000E+00 |  0.000000E+00 |  2.003504E+02 |         ideal
   464 |    18560 |      1 |  0.000000E+00 |  0.000000E+00 |  0.000000E+00 |             f
   465 |    18600 |      1 |  0.000000E+00 |  0.000000E+00 |  0.000000E+00 |             f
   466 |    18640 |      2 |  0.000000E+00 |  0.000000E+00 |  0.000000E+00 |             f
   467 |    18680 |      2 |  0.000000E+00 |  0.000000E+00 |  0.000000E+00 |             f
   468 |    18720 |      3 |  0.000000E+00 |  0.000000E+00 |  0.000000E+00 |             f
   469 |    18760 |      4 |  0.000000E+00 |  0.000000E+00 |  0.000000E+00 |             f
   470 |    18800 |      4 |  0.000000E+00 |  0.000000E+00 |  0.000000E+00 |             f
   471 |    18840 |      5 |  0.000000E+00 |  0.000000E+00 |  0.000000E+00 |             f
   472 |    18880 |      5 |  0.000000E+00 |  0.000000E+00 |  0.000000E+00 |             f
   473 |    18920 |      7 |  0.000000E+00 |  0.000000E+00 |  0.000000E+00 |             f
   474 |    18960 |      1 |  0.000000E+00 |  0.000000E+00 |  0.0131945406 |         ideal
   475 |    19000 |      1 |  0.000000E+00 |  0.000000E+00 |  2.879534E+02 |         ideal
   476 |    19040 |      1 |  0.000000E+00 |  0.000000E+00 |  0.000000E+00 |             f
   477 |    19080 |      1 |  0.000000E+00 |  0.000000E+00 |  2.846263E+01 |         ideal
   478 |    19120 |      1 |  0.000000E+00 |  0.000000E+00 |  6.326499E+01 |         ideal
   479 |    19160 |      1 |  0.000000E+00 |  0.000000E+00 |  0.000000E+00 |             f
   480 |    19200 |      1 |  0.000000E+00 |  0.000000E+00 |  0.000000E+00 |             f
   481 |    19240 |      1 |  0.000000E+00 |  0.000000E+00 |  0.000000E+00 |             f
   482 |    19280 |      1 |  0.000000E+00 |  0.000000E+00 |  9.173111E+02 |         ideal
   483 |    19320 |      1 |  0.000000E+00 |  0.000000E+00 |  0.000000E+00 |             f
   484 |    19360 |      1 |  0.000000E+00 |  0.000000E+00 |  0.000000E+00 |             f
   485 |    19400 |      1 |  0.000000E+00 |  0.000000E+00 |  0.000000E+00 |             f
   486 |    19440 |      1 |  0.000000E+00 |  0.000000E+00 |  1.224915E+01 |         ideal
   487 |    19480 |      1 |  0.000000E+00 |  0.000000E+00 |  0.000000E+00 |             f
   488 |    19520 |      1 |  0.000000E+00 |  0.000000E+00 |  0.2605994606 |         ideal
   489 |    19560 |      1 |  0.000000E+00 |  0.000000E+00 |  0.000000E+00 |             f
   490 |    19600 |      1 |  0.000000E+00 |  0.000000E+00 |  0.000000E+00 |             f
   491 |    19640 |      1 |  0.000000E+00 |  0.000000E+00 |  0.0642991002 |         ideal
   492 |    19680 |      1 |  0.000000E+00 |  0.000000E+00 |  0.2811123973 |         ideal
   493 |    19720 |      1 |  0.000000E+00 |  0.000000E+00 |  0.1958321332 |         ideal
   494 |    19760 |      2 |  0.000000E+00 |  0.000000E+00 |  0.000000E+00 |             f
   495 |    19800 |      1 |  0.000000E+00 |  0.000000E+00 |  0.0128724237 |         ideal
   496 |    19840 |      1 |  0.000000E+00 |  0.000000E+00 |  0.1033340720 |         ideal
   497 |    19880 |      1 |  0.000000E+00 |  0.000000E+00 |  9.036064E+01 |         ideal
   498 |    19920 |      2 |  0.000000E+00 |  0.000000E+00 |  0.000000E+00 |             f
   499 |    19960 |      1 |  0.000000E+00 |  0.000000E+00 |  0.6421196931 |         ideal
   500 |    20000 |      1 |  0.000000E+00 |  0.000000E+00 |  0.000000E+00 |             f
mean B0=45.001 homogen=5030.9457
   501 |    20040 |      1 |  0.000000E+00 |  0.000000E+00 |  0.0300287341 |         ideal
   502 |    20080 |      1 |  0.000000E+00 |  0.000000E+00 |  0.2346377666 |         ideal
   503 |    20120 |      1 |  0.000000E+00 |  0.000000E+00 |  0.000000E+00 |             f
   504 |    20160 |      1 |  0.000000E+00 |  0.000000E+00 |  0.000000E+00 |             f
   505 |    20200 |      1 |  0.000000E+00 |  0.000000E+00 |  0.1915507542 |         ideal
   506 |    20240 |      1 |  0.000000E+00 |  0.000000E+00 |  0.000000E+00 |             f
   507 |    20280 |      1 |  0.000000E+00 |  0.000000E+00 |  0.000000E+00 |             f
   508 |    20320 |      1 |  0.000000E+00 |  0.000000E+00 |  0.000000E+00 |             f
   509 |    20360 |      1 |  0.000000E+00 |  0.000000E+00 |  0.000000E+00 |             f
   510 |    20400 |      1 |  0.000000E+00 |  0.000000E+00 |  0.000000E+00 |             f
   511 |    20440 |      2 |  0.000000E+00 |  0.000000E+00 |  0.000000E+00 |             f
   512 |    20480 |      1 |  0.000000E+00 |  0.000000E+00 |  0.0428070604 |         ideal
   513 |    20520 |      1 |  0.000000E+00 |  0.000000E+00 |  0.000000E+00 |             f
   514 |    20560 |      1 |  0.000000E+00 |  0.000000E+00 |  0.0110782551 |         ideal
   515 |    20600 |      1 |  0.000000E+00 |  0.000000E+00 |  0.000000E+00 |             f
   516 |    20640 |      3 |  0.000000E+00 |  0.000000E+00 |  0.000000E+00 |             f
   517 |    20680 |      1 |  0.000000E+00 |  0.000000E+00 |  3.817407E+01 |         ideal
   518 |    20720 |      2 |  0.000000E+00 |  0.000000E+00 |  0.000000E+00 |             f
   519 |    20760 |      3 |  0.000000E+00 |  0.000000E+00 |  0.000000E+00 |             f
   520 |    20800 |      1 |  0.000000E+00 |  0.000000E+00 |  0.0336438035 |         ideal
   521 |    20840 |      1 |  0.000000E+00 |  0.000000E+00 |  0.2537165905 |         ideal
   522 |    20880 |      1 |  0.000000E+00 |  0.000000E+00 |  0.000000E+00 |             f
   523 |    20920 |      2 |  0.000000E+00 |  0.000000E+00 |  0.000000E+00 |             f
   524 |    20960 |      1 |  0.000000E+00 |  0.000000E+00 |  2.492215E+01 |         ideal
   525 |    21000 |      1 |  0.000000E+00 |  0.000000E+00 |  0.000000E+00 |             f
   526 |    21040 |      1 |  0.000000E+00 |  0.000000E+00 |  0.000000E+00 |             f
   527 |    21080 |      1 |  0.000000E+00 |  0.000000E+00 |  0.000000E+00 |             f
   528 |    21120 |      1 |  0.000000E+00 |  0.000000E+00 |  0.0206711898 |         ideal
   529 |    21160 |      1 |  0.000000E+00 |  0.000000E+00 |  0.000000E+00 |             f
   530 |    21200 |      1 |  0.000000E+00 |  0.000000E+00 |  0.000000E+00 |             f
   531 |    21240 |      1 |  0.000000E+00 |  0.000000E+00 |  0.000000E+00 |             f
   532 |    21280 |      2 |  0.000000E+00 |  0.000000E+00 |  0.000000E+00 |             f
   533 |    21320 |      1 |  0.000000E+00 |  0.000000E+00 |  0.4942700260 |         ideal
   534 |    21360 |      1 |  0.000000E+00 |  0.000000E+00 |  0.000000E+00 |             f
   535 |    21400 |      1 |  0.000000E+00 |  0.000000E+00 |  0.0399901496 |         ideal
   536 |    21440 |      1 |  0.000000E+00 |  0.000000E+00 |  0.000000E+00 |             f
   537 |    21480 |      1 |  0.000000E+00 |  0.000000E+00 |  0.000000E+00 |             f
   538 |    21520 |      1 |  0.000000E+00 |  0.000000E+00 |  5.928580E+01 |         ideal
   539 |    21560 |      1 |  0.000000E+00 |  0.000000E+00 |  0.0951987678 |         ideal
   540 |    21600 |      2 |  0.000000E+00 |  0.000000E+00 |  0.000000E+00 |             f
   541 |    21640 |      1 |  0.000000E+00 |  0.000000E+00 |  0.0455022734 |         ideal
   542 |    21680 |      1 |  0.000000E+00 |  0.000000E+00 |  6.930262E+01 |         ideal
   543 |    21720 |      1 |  0.000000E+00 |  0.000000E+00 |  0.2903712886 |         ideal
   544 |    21760 |      2 |  0.000000E+00 |  0.000000E+00 |  0.000000E+00 |             f
   545 |    21800 |      2 |  0.000000E+00 |  0.000000E+00 |  0.000000E+00 |             f
   546 |    21840 |      1 |  0.000000E+00 |  0.000000E+00 |  0.0341530072 |         ideal
   547 |    21880 |      1 |  0.000000E+00 |  0.000000E+00 |  0.000000E+00 |             f
   548 |    21920 |      1 |  0.000000E+00 |  0.000000E+00 |  0.0719366428 |         ideal
   549 |    21960 |      1 |  0.000000E+00 |  0.000000E+00 |  0.0536145799 |         ideal
   550 |    22000 |      1 |  0.000000E+00 |  0.000000E+00 |  0.1039529149 |         ideal
   551 |    22040 |      1 |  0.000000E+00 |  0.000000E+00 |  0.000000E+00 |             f
   552 |    22080 |      1 |  0.000000E+00 |  0.000000E+00 |  0.000000E+00 |             f
   553 |    22120 |      2 |  0.000000E+00 |  0.000000E+00 |  0.000000E+00 |             f
   554 |    22160 |      3 |  0.000000E+00 |  0.000000E+00 |  0.000000E+00 |             f
   555 |    22200 |      1 |  0.000000E+00 |  0.000000E+00 |  0.0292513377 |         ideal
   556 |    22240 |      1 |  0.000000E+00 |  0.000000E+00 |  0.0121784489 |         ideal
   557 |    22280 |      1 |  0.000000E+00 |  0.000000E+00 |  0.000000E+00 |             f
   558 |    22320 |      1 |  0.000000E+00 |  0.000000E+00 |  0.000000E+00 |             f
   559 |    22360 |      1 |  0.000000E+00 |  0.000000E+00 |  0.0209479543 |         ideal
   560 |    22400 |      1 |  0.000000E+00 |  0.000000E+00 |  0.0298450722 |         ideal
   561 |    22440 |      1 |  0.000000E+00 |  0.000000E+00 |  0.0062199232 |         ideal
   562 |    22480 |      1 |  0.000000E+00 |  0.000000E+00 |  6.185214E+01 |         ideal
   563 |    22520 |      1 |  0.000000E+00 |  0.000000E+00 |  0.000000E+00 |             f
   564 |    22560 |      1 |  0.000000E+00 |  0.000000E+00 |  0.000000E+00 |             f
   565 |    22600 |      1 |  0.000000E+00 |  0.000000E+00 |  1.1171272919 |         ideal
   566 |    22640 |      1 |  0.000000E+00 |  0.000000E+00 |  0.1146292061 |         ideal
   567 |    22680 |      1 |  0.000000E+00 |  0.000000E+00 |  0.0116834890 |         ideal
   568 |    22720 |      1 |  0.000000E+00 |  0.000000E+00 |  3.8407729630 |         ideal
   569 |    22760 |      1 |  0.000000E+00 |  0.000000E+00 |  0.000000E+00 |             f
   570 |    22800 |      1 |  0.000000E+00 |  0.000000E+00 |  0.1841841930 |         ideal
   571 |    22840 |      1 |  0.000000E+00 |  0.000000E+00 |  0.000000E+00 |             f
   572 |    22880 |      1 |  0.000000E+00 |  0.000000E+00 |  0.000000E+00 |             f
   573 |    22920 |      1 |  0.000000E+00 |  0.000000E+00 |  1.1632737275 |         ideal
   574 |    22960 |      1 |  0.000000E+00 |  0.000000E+00 |  0.000000E+00 |             f
   575 |    23000 |      1 |  0.000000E+00 |  0.000000E+00 |  0.0394517349 |         ideal
   576 |    23040 |      1 |  0.000000E+00 |  0.000000E+00 |  0.0183517932 |         ideal
   577 |    23080 |      1 |  0.000000E+00 |  0.000000E+00 |  0.000000E+00 |             f
   578 |    23120 |      1 |  0.000000E+00 |  0.000000E+00 |  0.0431076732 |         ideal
   579 |    23160 |      1 |  0.000000E+00 |  0.000000E+00 |  0.0289718327 |         ideal
   580 |    23200 |      1 |  0.000000E+00 |  0.000000E+00 |  0.1331498946 |         ideal
   581 |    23240 |      1 |  0.000000E+00 |  0.000000E+00 |  0.000000E+00 |             f
   582 |    23280 |      1 |  0.000000E+00 |  0.000000E+00 |  0.000000E+00 |             f
   583 |    23320 |      1 |  0.000000E+00 |  0.000000E+00 |  0.000000E+00 |             f
   584 |    23360 |      1 |  0.000000E+00 |  0.000000E+00 |  0.0310274631 |         ideal
   585 |    23400 |      1 |  0.000000E+00 |  0.000000E+00 |  0.000000E+00 |             f
   586 |    23440 |      1 |  0.000000E+00 |  0.000000E+00 |  0.0687098284 |         ideal
   587 |    23480 |      1 |  0.000000E+00 |  0.000000E+00 |  0.0007865237 |             f
   588 |    23520 |      1 |  0.000000E+00 |  0.000000E+00 |  0.0007865237 |             f
   589 |    23560 |      1 |  0.000000E+00 |  0.000000E+00 |  0.0007865237 |             f
   590 |    23600 |      1 |  0.000000E+00 |  0.000000E+00 |  0.0098405117 |         ideal
   591 |    23640 |      1 |  0.000000E+00 |  0.000000E+00 |  0.000000E+00 |             f
   592 |    23680 |      1 |  0.000000E+00 |  0.000000E+00 |  0.0233831232 |         ideal
   593 |    23720 |      1 |  0.000000E+00 |  0.000000E+00 |  0.000000E+00 |             f
   594 |    23760 |      1 |  0.000000E+00 |  0.000000E+00 |  0.000000E+00 |             f
   595 |    23800 |      1 |  0.000000E+00 |  0.000000E+00 |  0.000000E+00 |             f
   596 |    23840 |      1 |  0.000000E+00 |  0.000000E+00 |  0.000000E+00 |             f
   597 |    23880 |      1 |  0.000000E+00 |  0.000000E+00 |  0.0415158025 |         ideal
   598 |    23920 |      1 |  0.000000E+00 |  0.000000E+00 |  0.000000E+00 |             f
   599 |    23960 |      1 |  0.000000E+00 |  0.000000E+00 |  1.223534E+02 |         ideal
   600 |    24000 |      1 |  0.000000E+00 |  0.000000E+00 |  0.000000E+00 |             f
mean B0=44.907 homogen=4764.2086
   601 |    24040 |      1 |  0.000000E+00 |  0.000000E+00 |  4.1038009162 |         ideal
   602 |    24080 |      1 |  0.000000E+00 |  0.000000E+00 |  2.6287844349 |         ideal
   603 |    24120 |      1 |  0.000000E+00 |  0.000000E+00 |  0.000000E+00 |             f
   604 |    24160 |      1 |  0.000000E+00 |  0.000000E+00 |  0.000000E+00 |             f
   605 |    24200 |      1 |  0.000000E+00 |  0.000000E+00 |  1.3210845848 |         ideal
   606 |    24240 |      1 |  0.000000E+00 |  0.000000E+00 |  7.8554659407 |         ideal
   607 |    24280 |      1 |  0.000000E+00 |  0.000000E+00 |  0.000000E+00 |             f
   608 |    24320 |      1 |  0.000000E+00 |  0.000000E+00 |  0.000000E+00 |             f
   609 |    24360 |      1 |  0.000000E+00 |  0.000000E+00 |  1.3511977751 |         ideal
   610 |    24400 |      1 |  0.000000E+00 |  0.000000E+00 |  0.000000E+00 |             f
   611 |    24440 |      1 |  0.000000E+00 |  0.000000E+00 |  0.000000E+00 |             f
   612 |    24480 |      1 |  0.000000E+00 |  0.000000E+00 |  0.0885523231 |         ideal
   613 |    24520 |      2 |  0.000000E+00 |  0.000000E+00 |  0.000000E+00 |             f
   614 |    24560 |      2 |  0.000000E+00 |  0.000000E+00 |  0.000000E+00 |             f
   615 |    24600 |      1 |  0.000000E+00 |  0.000000E+00 |  0.0820943478 |         ideal
   616 |    24640 |      2 |  0.000000E+00 |  0.000000E+00 |  0.000000E+00 |             f
   617 |    24680 |      2 |  0.000000E+00 |  0.000000E+00 |  0.000000E+00 |             f
   618 |    24720 |      2 |  0.000000E+00 |  0.000000E+00 |  0.000000E+00 |             f
   619 |    24760 |      2 |  0.000000E+00 |  0.000000E+00 |  0.000000E+00 |             f
   620 |    24800 |      1 |  0.000000E+00 |  0.000000E+00 |  0.0010551046 |             f
   621 |    24840 |      1 |  0.000000E+00 |  0.000000E+00 |  0.0228262477 |         ideal
   622 |    24880 |      1 |  0.000000E+00 |  0.000000E+00 |  0.0103580615 |         ideal
   623 |    24920 |      1 |  0.000000E+00 |  0.000000E+00 |  0.000000E+00 |             f
   624 |    24960 |      1 |  0.000000E+00 |  0.000000E+00 |  0.0139534738 |         ideal
   625 |    25000 |      1 |  0.000000E+00 |  0.000000E+00 |  0.0005415750 |             f
   626 |    25040 |      1 |  0.000000E+00 |  0.000000E+00 |  0.0005415750 |             f
   627 |    25080 |      1 |  0.000000E+00 |  0.000000E+00 |  0.0618691962 |         ideal
   628 |    25120 |      1 |  0.000000E+00 |  0.000000E+00 |  0.000000E+00 |             f
   629 |    25160 |      1 |  0.000000E+00 |  0.000000E+00 |  0.0036171563 |         ideal
   630 |    25200 |      1 |  0.000000E+00 |  0.000000E+00 |  0.000000E+00 |             f
   631 |    25240 |      1 |  0.000000E+00 |  0.000000E+00 |  0.000000E+00 |             f
   632 |    25280 |      1 |  0.000000E+00 |  0.000000E+00 |  0.000000E+00 |             f
   633 |    25320 |      1 |  0.000000E+00 |  0.000000E+00 |  0.000000E+00 |             f
   634 |    25360 |      2 |  0.000000E+00 |  0.000000E+00 |  0.000000E+00 |             f
   635 |    25400 |      3 |  0.000000E+00 |  0.000000E+00 |  0.000000E+00 |             f
   636 |    25440 |      1 |  0.000000E+00 |  0.000000E+00 |  0.0077987960 |         ideal
   637 |    25480 |      1 |  0.000000E+00 |  0.000000E+00 |  1.081214E+01 |         ideal
   638 |    25520 |      1 |  0.000000E+00 |  0.000000E+00 |  0.000000E+00 |             f
   639 |    25560 |      1 |  0.000000E+00 |  0.000000E+00 |  0.1313970947 |         ideal
   640 |    25600 |      1 |  0.000000E+00 |  0.000000E+00 |  0.2572765850 |         ideal
   641 |    25640 |      1 |  0.000000E+00 |  0.000000E+00 |  0.0022614101 |             f
   642 |    25680 |      2 |  0.000000E+00 |  0.000000E+00 |  0.0022614101 |             f
   643 |    25720 |      1 |  0.000000E+00 |  0.000000E+00 |  0.6143570336 |         ideal
   644 |    25760 |      1 |  0.000000E+00 |  0.000000E+00 |  0.000000E+00 |             f
   645 |    25800 |      1 |  0.000000E+00 |  0.000000E+00 |  0.000000E+00 |             f
   646 |    25840 |      1 |  0.000000E+00 |  0.000000E+00 |  0.000000E+00 |             f
   647 |    25880 |      2 |  0.000000E+00 |  0.000000E+00 |  0.000000E+00 |             f
   648 |    25920 |      2 |  0.000000E+00 |  0.000000E+00 |  0.000000E+00 |             f
   649 |    25960 |      1 |  0.000000E+00 |  0.000000E+00 |  0.0424848397 |         ideal
   650 |    26000 |      1 |  0.000000E+00 |  0.000000E+00 |  0.0026133672 |         ideal
   651 |    26040 |      1 |  0.000000E+00 |  0.000000E+00 |  0.0152725955 |         ideal
   652 |    26080 |      1 |  0.000000E+00 |  0.000000E+00 |  0.000000E+00 |             f
   653 |    26120 |      1 |  0.000000E+00 |  0.000000E+00 |  0.000000E+00 |             f
   654 |    26160 |      1 |  0.000000E+00 |  0.000000E+00 |  0.0124775586 |         ideal
   655 |    26200 |      1 |  0.000000E+00 |  0.000000E+00 |  0.0550251143 |         ideal
   656 |    26240 |      1 |  0.000000E+00 |  0.000000E+00 |  0.000000E+00 |             f
   657 |    26280 |      1 |  0.000000E+00 |  0.000000E+00 |  0.0096541768 |         ideal
   658 |    26320 |      1 |  0.000000E+00 |  0.000000E+00 |  0.0085232709 |         ideal
   659 |    26360 |      2 |  0.000000E+00 |  0.000000E+00 |  0.000000E+00 |             f
   660 |    26400 |      3 |  0.000000E+00 |  0.000000E+00 |  0.000000E+00 |             f
   661 |    26440 |      1 |  0.000000E+00 |  0.000000E+00 |  0.0130046261 |         ideal
   662 |    26480 |      1 |  0.000000E+00 |  0.000000E+00 |  0.000000E+00 |             f
   663 |    26520 |      1 |  0.000000E+00 |  0.000000E+00 |  0.000000E+00 |             f
   664 |    26560 |      1 |  0.000000E+00 |  0.000000E+00 |  2.932931E+01 |         ideal
   665 |    26600 |      1 |  0.000000E+00 |  0.000000E+00 |  0.3912378789 |         ideal
   666 |    26640 |      1 |  0.000000E+00 |  0.000000E+00 |  0.7375908851 |         ideal
   667 |    26680 |      2 |  0.000000E+00 |  0.000000E+00 |  0.000000E+00 |             f
   668 |    26720 |      1 |  0.000000E+00 |  0.000000E+00 |  0.7738372659 |         ideal
   669 |    26760 |      1 |  0.000000E+00 |  0.000000E+00 |  1.3877842138 |         ideal
   670 |    26800 |      1 |  0.000000E+00 |  0.000000E+00 |  0.0115990567 |         ideal
   671 |    26840 |      1 |  0.000000E+00 |  0.000000E+00 |  0.000000E+00 |             f
   672 |    26880 |      1 |  0.000000E+00 |  0.000000E+00 |  1.8043780089 |         ideal
   673 |    26920 |      2 |  0.000000E+00 |  0.000000E+00 |  0.000000E+00 |             f
   674 |    26960 |      1 |  0.000000E+00 |  0.000000E+00 |  0.0643758212 |         ideal
   675 |    27000 |      1 |  0.000000E+00 |  0.000000E+00 |  0.000000E+00 |             f
   676 |    27040 |      1 |  0.000000E+00 |  0.000000E+00 |  0.000000E+00 |             f
   677 |    27080 |      1 |  0.000000E+00 |  0.000000E+00 |  0.000000E+00 |             f
   678 |    27120 |      1 |  0.000000E+00 |  0.000000E+00 |  0.000000E+00 |             f
   679 |    27160 |      2 |  0.000000E+00 |  0.000000E+00 |  0.000000E+00 |             f
   680 |    27200 |      1 |  0.000000E+00 |  0.000000E+00 |  0.0672837698 |         ideal
   681 |    27240 |      1 |  0.000000E+00 |  0.000000E+00 |  0.0236017226 |         ideal
   682 |    27280 |      1 |  0.000000E+00 |  0.000000E+00 |  0.0155849751 |         ideal
   683 |    27320 |      1 |  0.000000E+00 |  0.000000E+00 |  0.000000E+00 |             f
   684 |    27360 |      1 |  0.000000E+00 |  0.000000E+00 |  0.000000E+00 |             f
   685 |    27400 |      1 |  0.000000E+00 |  0.000000E+00 |  0.0141530359 |         ideal
   686 |    27440 |      1 |  0.000000E+00 |  0.000000E+00 |  0.000000E+00 |             f
   687 |    27480 |      1 |  0.000000E+00 |  0.000000E+00 |  0.000000E+00 |             f
   688 |    27520 |      1 |  0.000000E+00 |  0.000000E+00 |  0.000000E+00 |             f
   689 |    27560 |      1 |  0.000000E+00 |  0.000000E+00 |  0.0070842658 |         ideal
   690 |    27600 |      1 |  0.000000E+00 |  0.000000E+00 |  0.000000E+00 |             f
   691 |    27640 |      1 |  0.000000E+00 |  0.000000E+00 |  0.000000E+00 |             f
   692 |    27680 |      1 |  0.000000E+00 |  0.000000E+00 |  0.0041525384 |         ideal
   693 |    27720 |      1 |  0.000000E+00 |  0.000000E+00 |  0.000000E+00 |             f
   694 |    27760 |      1 |  0.000000E+00 |  0.000000E+00 |  0.0072903527 |         ideal
   695 |    27800 |      2 |  0.000000E+00 |  0.000000E+00 |  0.000000E+00 |             f
   696 |    27840 |      3 |  0.000000E+00 |  0.000000E+00 |  0.000000E+00 |             f
   697 |    27880 |      1 |  0.000000E+00 |  0.000000E+00 |  0.0173874264 |         ideal
   698 |    27920 |      2 |  0.000000E+00 |  0.000000E+00 |  0.000000E+00 |             f
   699 |    27960 |      3 |  0.000000E+00 |  0.000000E+00 |  0.000000E+00 |             f
   700 |    28000 |      4 |  0.000000E+00 |  0.000000E+00 |  0.000000E+00 |             f
mean B0=44.9118 homogen=4759.6943
mean B0=44.9118 homogen=4759.6943
mean B0=44.9118 homogen=4759.6943
mean B0=44.9118 homogen=4759.6943
   701 |    28040 |      6 |  0.000000E+00 |  0.000000E+00 |  0.000000E+00 |             f
   702 |    28080 |     12 |  0.000000E+00 |  0.000000E+00 |  0.000000E+00 |             f
   703 |    28120 |     21 |  0.000000E+00 |  0.000000E+00 |  0.000000E+00 |             f
   704 |    28160 |     30 |  0.000000E+00 |  0.000000E+00 |  0.000000E+00 |             f
   705 |    28200 |     40 |  0.000000E+00 |  0.000000E+00 |  0.000000E+00 |             f
   706 |    28240 |     40 |  0.000000E+00 |  0.000000E+00 |  0.000000E+00 |             f
   707 |    28280 |     40 |  0.000000E+00 |  0.000000E+00 |  0.000000E+00 |             f
   708 |    28320 |     40 |  0.000000E+00 |  0.000000E+00 |  0.000000E+00 |             f
   709 |    28360 |     40 |  0.000000E+00 |  0.000000E+00 |  0.000000E+00 |             f
   710 |    28400 |     40 |  0.000000E+00 |  0.000000E+00 |  0.000000E+00 |             f
   711 |    28440 |     40 |  0.000000E+00 |  0.000000E+00 |  0.000000E+00 |             f
   712 |    28480 |     40 |  0.000000E+00 |  0.000000E+00 |  0.000000E+00 |             f
   713 |    28520 |     40 |  0.000000E+00 |  0.000000E+00 |  0.000000E+00 |             f
   714 |    28560 |     40 |  0.000000E+00 |  0.000000E+00 |  0.000000E+00 |             f
   715 |    28600 |     40 |  0.000000E+00 |  0.000000E+00 |  0.000000E+00 |             f
   716 |    28640 |     40 |  0.000000E+00 |  0.000000E+00 |  0.000000E+00 |             f
   717 |    28680 |     40 |  0.000000E+00 |  0.000000E+00 |  0.000000E+00 |             f
   718 |    28720 |      1 |  0.000000E+00 |  0.000000E+00 |  2.8278925491 |         ideal
   719 |    28760 |      2 |  0.000000E+00 |  0.000000E+00 |  0.000000E+00 |             f
   720 |    28800 |      2 |  0.000000E+00 |  0.000000E+00 |  0.000000E+00 |             f
   721 |    28840 |      4 |  0.000000E+00 |  0.000000E+00 |  0.000000E+00 |             f
   722 |    28880 |      7 |  0.000000E+00 |  0.000000E+00 |  0.000000E+00 |             f
   723 |    28920 |      1 |  0.000000E+00 |  0.000000E+00 |  0.0677742927 |         ideal
   724 |    28960 |      2 |  0.000000E+00 |  0.000000E+00 |  0.000000E+00 |             f
   725 |    29000 |      1 |  0.000000E+00 |  0.000000E+00 |  0.1353770943 |         ideal
   726 |    29040 |      2 |  0.000000E+00 |  0.000000E+00 |  0.000000E+00 |             f
   727 |    29080 |      4 |  0.000000E+00 |  0.000000E+00 |  0.000000E+00 |             f
   728 |    29120 |      6 |  0.000000E+00 |  0.000000E+00 |  0.000000E+00 |             f
   729 |    29160 |     12 |  0.000000E+00 |  0.000000E+00 |  0.000000E+00 |             f
   730 |    29200 |     20 |  0.000000E+00 |  0.000000E+00 |  0.000000E+00 |             f
   731 |    29240 |     34 |  0.000000E+00 |  0.000000E+00 |  0.000000E+00 |             f
   732 |    29280 |      1 |  0.000000E+00 |  0.000000E+00 |  0.0129890684 |         ideal
   733 |    29320 |      1 |  0.000000E+00 |  0.000000E+00 |  0.000000E+00 |             f
   734 |    29360 |      1 |  0.000000E+00 |  0.000000E+00 |  0.000000E+00 |             f
   735 |    29400 |      1 |  0.000000E+00 |  0.000000E+00 |  0.000000E+00 |             f
   736 |    29440 |      1 |  0.000000E+00 |  0.000000E+00 |  0.000000E+00 |             f
   737 |    29480 |      1 |  0.000000E+00 |  0.000000E+00 |  0.000000E+00 |             f
   738 |    29520 |      2 |  0.000000E+00 |  0.000000E+00 |  0.000000E+00 |             f
   739 |    29560 |      4 |  0.000000E+00 |  0.000000E+00 |  0.000000E+00 |             f
   740 |    29600 |      4 |  0.000000E+00 |  0.000000E+00 |  0.000000E+00 |             f
   741 |    29640 |      6 |  0.000000E+00 |  0.000000E+00 |  0.000000E+00 |             f
   742 |    29680 |      8 |  0.000000E+00 |  0.000000E+00 |  0.000000E+00 |             f
   743 |    29720 |     10 |  0.000000E+00 |  0.000000E+00 |  0.000000E+00 |             f
   744 |    29760 |     13 |  0.000000E+00 |  0.000000E+00 |  0.000000E+00 |             f
   745 |    29800 |     22 |  0.000000E+00 |  0.000000E+00 |  0.000000E+00 |             f
   746 |    29840 |      1 |  0.000000E+00 |  0.000000E+00 |  0.0932988413 |         ideal
   747 |    29880 |      1 |  0.000000E+00 |  0.000000E+00 |  0.000000E+00 |             f
   748 |    29920 |      2 |  0.000000E+00 |  0.000000E+00 |  0.000000E+00 |             f
   749 |    29960 |      4 |  0.000000E+00 |  0.000000E+00 |  0.000000E+00 |             f
   750 |    30000 |      5 |  0.000000E+00 |  0.000000E+00 |  0.000000E+00 |             f
   751 |    30040 |      5 |  0.000000E+00 |  0.000000E+00 |  0.000000E+00 |             f
   752 |    30080 |      7 |  0.000000E+00 |  0.000000E+00 |  0.000000E+00 |             f
   753 |    30120 |     11 |  0.000000E+00 |  0.000000E+00 |  0.000000E+00 |             f
   754 |    30160 |     14 |  0.000000E+00 |  0.000000E+00 |  0.000000E+00 |             f
   755 |    30200 |     19 |  0.000000E+00 |  0.000000E+00 |  0.000000E+00 |             f
   756 |    30240 |     26 |  0.000000E+00 |  0.000000E+00 |  0.000000E+00 |             f
   757 |    30280 |      1 |  0.000000E+00 |  0.000000E+00 |  0.0309292405 |         ideal
   758 |    30320 |      2 |  0.000000E+00 |  0.000000E+00 |  0.000000E+00 |             f
   759 |    30360 |      3 |  0.000000E+00 |  0.000000E+00 |  0.000000E+00 |             f
   760 |    30400 |      6 |  0.000000E+00 |  0.000000E+00 |  0.000000E+00 |             f
   761 |    30440 |     11 |  0.000000E+00 |  0.000000E+00 |  0.000000E+00 |             f
   762 |    30480 |      1 |  0.000000E+00 |  0.000000E+00 |  0.0334021887 |         ideal
   763 |    30520 |      1 |  0.000000E+00 |  0.000000E+00 |  0.000000E+00 |             f
   764 |    30560 |      1 |  0.000000E+00 |  0.000000E+00 |  0.000000E+00 |             f
   765 |    30600 |      2 |  0.000000E+00 |  0.000000E+00 |  0.000000E+00 |             f
   766 |    30640 |      3 |  0.000000E+00 |  0.000000E+00 |  0.000000E+00 |             f
   767 |    30680 |      4 |  0.000000E+00 |  0.000000E+00 |  0.000000E+00 |             f
   768 |    30720 |      1 |  0.000000E+00 |  0.000000E+00 |  0.0006087296 |             f
   769 |    30760 |      1 |  0.000000E+00 |  0.000000E+00 |  0.0034571578 |         ideal
   770 |    30800 |      1 |  0.000000E+00 |  0.000000E+00 |  0.000000E+00 |             f
   771 |    30840 |      2 |  0.000000E+00 |  0.000000E+00 |  0.000000E+00 |             f
   772 |    30880 |      2 |  0.000000E+00 |  0.000000E+00 |  0.000000E+00 |             f
   773 |    30920 |      3 |  0.000000E+00 |  0.000000E+00 |  0.000000E+00 |             f
   774 |    30960 |      5 |  0.000000E+00 |  0.000000E+00 |  0.000000E+00 |             f
   775 |    31000 |      1 |  0.000000E+00 |  0.000000E+00 |  0.0006087294 |             f
   776 |    31040 |      1 |  0.000000E+00 |  0.000000E+00 |  0.0006087294 |             f
   777 |    31080 |      4 |  0.000000E+00 |  0.000000E+00 |  0.0006087294 |             f
   778 |    31120 |      8 |  0.000000E+00 |  0.000000E+00 |  0.0006087294 |             f
   779 |    31160 |     15 |  0.000000E+00 |  0.000000E+00 |  0.0006087294 |             f
   780 |    31200 |     24 |  0.000000E+00 |  0.000000E+00 |  0.0006087294 |             f
   781 |    31240 |     40 |  0.000000E+00 |  0.000000E+00 |  0.0006087294 |             f
   782 |    31280 |     40 |  0.000000E+00 |  0.000000E+00 |  0.0006087294 |             f
   783 |    31320 |     40 |  0.000000E+00 |  0.000000E+00 |  0.0006087294 |             f
   784 |    31360 |     40 |  0.000000E+00 |  0.000000E+00 |  0.0006087294 |             f
   785 |    31400 |     40 |  0.000000E+00 |  0.000000E+00 |  0.0006087294 |             f
   786 |    31440 |     40 |  0.000000E+00 |  0.000000E+00 |  0.0006087294 |             f
   787 |    31480 |     40 |  0.000000E+00 |  0.000000E+00 |  0.0006087294 |             f
   788 |    31520 |     40 |  0.000000E+00 |  0.000000E+00 |  0.0006087294 |             f
   789 |    31560 |     40 |  0.000000E+00 |  0.000000E+00 |  0.0006087294 |             f
   790 |    31600 |     40 |  0.000000E+00 |  0.000000E+00 |  0.0006087294 |             f
   791 |    31640 |     40 |  0.000000E+00 |  0.000000E+00 |  0.0006087294 |             f
   792 |    31680 |     40 |  0.000000E+00 |  0.000000E+00 |  0.0006087294 |             f
   793 |    31720 |     40 |  0.000000E+00 |  0.000000E+00 |  0.0006087294 |             f
   794 |    31760 |     40 |  0.000000E+00 |  0.000000E+00 |  0.0006087294 |             f
   795 |    31800 |     40 |  0.000000E+00 |  0.000000E+00 |  0.0006087294 |             f
   796 |    31840 |     40 |  0.000000E+00 |  0.000000E+00 |  0.0006087294 |             f
   797 |    31880 |     40 |  0.000000E+00 |  0.000000E+00 |  0.0006087294 |             f
   798 |    31920 |     40 |  0.000000E+00 |  0.000000E+00 |  0.0006087294 |             f
   799 |    31960 |     40 |  0.000000E+00 |  0.000000E+00 |  0.0006087294 |             f
   800 |    32000 |     40 |  0.000000E+00 |  0.000000E+00 |  0.0006087294 |             f
mean B0=44.9177 homogen=4797.0451
mean B0=44.9177 homogen=4797.0451
mean B0=44.9177 homogen=4797.0451
mean B0=44.9177 homogen=4797.0451
mean B0=44.9177 homogen=4797.0451
mean B0=44.9177 homogen=4797.0451
mean B0=44.9177 homogen=4797.0451
mean B0=44.9177 homogen=4797.0451
mean B0=44.9177 homogen=4797.0451
mean B0=44.9177 homogen=4797.0451
mean B0=44.9177 homogen=4797.0451
mean B0=44.9177 homogen=4797.0451
mean B0=44.9177 homogen=4797.0451
mean B0=44.9177 homogen=4797.0451
mean B0=44.9177 homogen=4797.0451
mean B0=44.9177 homogen=4797.0451
mean B0=44.9177 homogen=4797.0451
mean B0=44.9177 homogen=4797.0451
mean B0=44.9177 homogen=4797.0451
mean B0=44.9177 homogen=4797.0451
mean B0=44.9177 homogen=4797.0451
mean B0=44.9177 homogen=4797.0451
mean B0=44.9177 homogen=4797.0451
mean B0=44.9177 homogen=4797.0451
mean B0=44.9177 homogen=4797.0451
mean B0=44.9177 homogen=4797.0451
mean B0=44.9177 homogen=4797.0451
mean B0=44.9177 homogen=4797.0451
mean B0=44.9177 homogen=4797.0451
mean B0=44.9177 homogen=4797.0451
mean B0=44.9177 homogen=4797.0451
mean B0=44.9177 homogen=4797.0451
mean B0=44.9177 homogen=4797.0451
mean B0=44.9177 homogen=4797.0451
mean B0=44.9177 homogen=4797.0451
mean B0=44.9177 homogen=4797.0451
mean B0=44.9177 homogen=4797.0451
mean B0=44.9177 homogen=4797.0451
mean B0=44.9177 homogen=4797.0451
mean B0=44.9177 homogen=4797.0451
   801 |    32040 |     40 |  0.000000E+00 |  0.000000E+00 |  0.0006087294 |             f
   802 |    32080 |     40 |  0.000000E+00 |  0.000000E+00 |  0.0006087294 |             f
   803 |    32120 |     40 |  0.000000E+00 |  0.000000E+00 |  0.0006087294 |             f
   804 |    32160 |     40 |  0.000000E+00 |  0.000000E+00 |  0.0006087294 |             f
   805 |    32200 |     40 |  0.000000E+00 |  0.000000E+00 |  0.0006087294 |             f
   806 |    32240 |     40 |  0.000000E+00 |  0.000000E+00 |  0.0006087294 |             f
   807 |    32280 |     40 |  0.000000E+00 |  0.000000E+00 |  0.0006087294 |             f
   808 |    32320 |     40 |  0.000000E+00 |  0.000000E+00 |  0.0006087294 |             f
   809 |    32360 |     40 |  0.000000E+00 |  0.000000E+00 |  0.0006087294 |             f
   810 |    32400 |     40 |  0.000000E+00 |  0.000000E+00 |  0.0006087294 |             f
   811 |    32440 |     40 |  0.000000E+00 |  0.000000E+00 |  0.0006087294 |             f
   812 |    32480 |     40 |  0.000000E+00 |  0.000000E+00 |  0.0006087294 |             f
   813 |    32520 |     40 |  0.000000E+00 |  0.000000E+00 |  0.0006087294 |             f
   814 |    32560 |     40 |  0.000000E+00 |  0.000000E+00 |  0.0006087294 |             f
   815 |    32600 |     40 |  0.000000E+00 |  0.000000E+00 |  0.0006087294 |             f
   816 |    32640 |     40 |  0.000000E+00 |  0.000000E+00 |  0.0006087294 |             f
   817 |    32680 |     40 |  0.000000E+00 |  0.000000E+00 |  0.0006087294 |             f
   818 |    32720 |     40 |  0.000000E+00 |  0.000000E+00 |  0.0006087294 |             f
   819 |    32760 |     40 |  0.000000E+00 |  0.000000E+00 |  0.0006087294 |             f
   820 |    32800 |     40 |  0.000000E+00 |  0.000000E+00 |  0.0006087294 |             f
   821 |    32840 |      1 |  0.000000E+00 |  0.000000E+00 |  4.456427E+01 |         ideal
   822 |    32880 |      1 |  0.000000E+00 |  0.000000E+00 |  0.000000E+00 |             f
   823 |    32920 |      1 |  0.000000E+00 |  0.000000E+00 |  0.000000E+00 |             f
   824 |    32960 |      1 |  0.000000E+00 |  0.000000E+00 |  0.000000E+00 |             f
   825 |    33000 |      2 |  0.000000E+00 |  0.000000E+00 |  0.000000E+00 |             f
   826 |    33040 |      1 |  0.000000E+00 |  0.000000E+00 |  5.7011922386 |         ideal
   827 |    33080 |      1 |  0.000000E+00 |  0.000000E+00 |  0.000000E+00 |             f
   828 |    33120 |      1 |  0.000000E+00 |  0.000000E+00 |  0.000000E+00 |             f
   829 |    33160 |      1 |  0.000000E+00 |  0.000000E+00 |  0.000000E+00 |             f
   830 |    33200 |      1 |  0.000000E+00 |  0.000000E+00 |  3.2257982354 |         ideal
   831 |    33240 |      1 |  0.000000E+00 |  0.000000E+00 |  0.4688780986 |         ideal
   832 |    33280 |      1 |  0.000000E+00 |  0.000000E+00 |  0.000000E+00 |             f
   833 |    33320 |      1 |  0.000000E+00 |  0.000000E+00 |  0.000000E+00 |             f
   834 |    33360 |      1 |  0.000000E+00 |  0.000000E+00 |  0.000000E+00 |             f
   835 |    33400 |      1 |  0.000000E+00 |  0.000000E+00 |  0.000000E+00 |             f
   836 |    33440 |      1 |  0.000000E+00 |  0.000000E+00 |  0.000000E+00 |             f
   837 |    33480 |      1 |  0.000000E+00 |  0.000000E+00 |  0.000000E+00 |             f
   838 |    33520 |      2 |  0.000000E+00 |  0.000000E+00 |  0.000000E+00 |             f
   839 |    33560 |      2 |  0.000000E+00 |  0.000000E+00 |  0.000000E+00 |             f
   840 |    33600 |      2 |  0.000000E+00 |  0.000000E+00 |  0.000000E+00 |             f
   841 |    33640 |      3 |  0.000000E+00 |  0.000000E+00 |  0.000000E+00 |             f
   842 |    33680 |      1 |  0.000000E+00 |  0.000000E+00 |  0.0105717731 |         ideal
   843 |    33720 |      1 |  0.000000E+00 |  0.000000E+00 |  0.000000E+00 |             f
   844 |    33760 |      1 |  0.000000E+00 |  0.000000E+00 |  0.000000E+00 |             f
   845 |    33800 |      1 |  0.000000E+00 |  0.000000E+00 |  0.000000E+00 |             f
   846 |    33840 |      1 |  0.000000E+00 |  0.000000E+00 |  0.000000E+00 |             f
   847 |    33880 |      2 |  0.000000E+00 |  0.000000E+00 |  0.000000E+00 |             f
   848 |    33920 |      2 |  0.000000E+00 |  0.000000E+00 |  0.000000E+00 |             f
   849 |    33960 |      3 |  0.000000E+00 |  0.000000E+00 |  0.000000E+00 |             f
   850 |    34000 |      4 |  0.000000E+00 |  0.000000E+00 |  0.000000E+00 |             f
   851 |    34040 |      5 |  0.000000E+00 |  0.000000E+00 |  0.000000E+00 |             f
   852 |    34080 |      8 |  0.000000E+00 |  0.000000E+00 |  0.000000E+00 |             f
   853 |    34120 |     10 |  0.000000E+00 |  0.000000E+00 |  0.000000E+00 |             f
   854 |    34160 |     12 |  0.000000E+00 |  0.000000E+00 |  0.000000E+00 |             f
   855 |    34200 |     20 |  0.000000E+00 |  0.000000E+00 |  0.000000E+00 |             f
   856 |    34240 |     27 |  0.000000E+00 |  0.000000E+00 |  0.000000E+00 |             f
   857 |    34280 |     38 |  0.000000E+00 |  0.000000E+00 |  0.000000E+00 |             f
   858 |    34320 |      1 |  0.000000E+00 |  0.000000E+00 |  0.5448315600 |         ideal
   859 |    34360 |      1 |  0.000000E+00 |  0.000000E+00 |  0.000000E+00 |             f
   860 |    34400 |      1 |  0.000000E+00 |  0.000000E+00 |  0.000000E+00 |             f
   861 |    34440 |      2 |  0.000000E+00 |  0.000000E+00 |  0.000000E+00 |             f
   862 |    34480 |      3 |  0.000000E+00 |  0.000000E+00 |  0.000000E+00 |             f
   863 |    34520 |      3 |  0.000000E+00 |  0.000000E+00 |  0.000000E+00 |             f
   864 |    34560 |      6 |  0.000000E+00 |  0.000000E+00 |  0.000000E+00 |             f
   865 |    34600 |     11 |  0.000000E+00 |  0.000000E+00 |  0.000000E+00 |             f
   866 |    34640 |      1 |  0.000000E+00 |  0.000000E+00 |  0.0678468292 |         ideal
   867 |    34680 |      3 |  0.000000E+00 |  0.000000E+00 |  0.000000E+00 |             f
   868 |    34720 |      5 |  0.000000E+00 |  0.000000E+00 |  0.000000E+00 |             f
   869 |    34760 |      9 |  0.000000E+00 |  0.000000E+00 |  0.000000E+00 |             f
   870 |    34800 |     14 |  0.000000E+00 |  0.000000E+00 |  0.000000E+00 |             f
   871 |    34840 |     26 |  0.000000E+00 |  0.000000E+00 |  0.000000E+00 |             f
   872 |    34880 |     36 |  0.000000E+00 |  0.000000E+00 |  0.000000E+00 |             f
   873 |    34920 |     40 |  0.000000E+00 |  0.000000E+00 |  0.000000E+00 |             f
   874 |    34960 |     40 |  0.000000E+00 |  0.000000E+00 |  0.000000E+00 |             f
   875 |    35000 |     40 |  0.000000E+00 |  0.000000E+00 |  0.000000E+00 |             f
   876 |    35040 |     40 |  0.000000E+00 |  0.000000E+00 |  0.000000E+00 |             f
   877 |    35080 |     40 |  0.000000E+00 |  0.000000E+00 |  0.000000E+00 |             f
   878 |    35120 |     40 |  0.000000E+00 |  0.000000E+00 |  0.000000E+00 |             f
   879 |    35160 |     40 |  0.000000E+00 |  0.000000E+00 |  0.000000E+00 |             f
   880 |    35200 |     40 |  0.000000E+00 |  0.000000E+00 |  0.000000E+00 |             f
   881 |    35240 |     40 |  0.000000E+00 |  0.000000E+00 |  0.000000E+00 |             f
   882 |    35280 |      1 |  0.000000E+00 |  0.000000E+00 |  0.0048563859 |         ideal
   883 |    35320 |      1 |  0.000000E+00 |  0.000000E+00 |  0.000000E+00 |             f
   884 |    35360 |      1 |  0.000000E+00 |  0.000000E+00 |  0.000000E+00 |             f
   885 |    35400 |      1 |  0.000000E+00 |  0.000000E+00 |  0.000000E+00 |             f
   886 |    35440 |      1 |  0.000000E+00 |  0.000000E+00 |  0.0249679225 |         ideal
   887 |    35480 |      2 |  0.000000E+00 |  0.000000E+00 |  0.000000E+00 |             f
   888 |    35520 |      2 |  0.000000E+00 |  0.000000E+00 |  0.000000E+00 |             f
   889 |    35560 |      4 |  0.000000E+00 |  0.000000E+00 |  0.000000E+00 |             f
   890 |    35600 |      5 |  0.000000E+00 |  0.000000E+00 |  0.000000E+00 |             f
   891 |    35640 |      8 |  0.000000E+00 |  0.000000E+00 |  0.000000E+00 |             f
/opt/homebrew/Cellar/python@3.12/3.12.13_4/Frameworks/Python.framework/Versions/3.12/lib/python3.12/multiprocessing/resource_tracker.py:279: UserWarning: resource_tracker: There appear to be 6 leaked semaphore objects to clean up at shutdown
  warnings.warn('resource_tracker: There appear to be %d '
