/Users/nv/Documents/MRI/magnet_design/optimize_robust_aligned.py:54: DeprecationWarning: Importing 'StarmapParallelization' from 'pymoo.core.problem' is deprecated. Please use 'from pymoo.parallelization import StarmapParallelization' instead. This backward compatibility import will be removed in a future version.
  from pymoo.core.problem import StarmapParallelization
==========================================================================================
n_gen  |  n_eval  | n_nds  |     cv_min    |     cv_avg    |      eps      |   indicator  
==========================================================================================
     1 |       80 |      1 |  2.922758E+01 |  1.816283E+02 |             - |             -
     2 |      160 |      1 |  2.086009E+01 |  6.250790E+01 |             - |             -
     3 |      240 |      1 |  2.086009E+01 |  3.556772E+01 |             - |             -
     4 |      320 |      1 |  1.687372E+01 |  3.094963E+01 |             - |             -
     5 |      400 |      1 |  1.199103E+01 |  2.754383E+01 |             - |             -
     6 |      480 |      1 |  9.4964743409 |  2.368181E+01 |             - |             -
     7 |      560 |      1 |  6.4057462764 |  2.049366E+01 |             - |             -
     8 |      640 |      1 |  0.4691946077 |  1.742264E+01 |             - |             -
     9 |      720 |      1 |  0.4691946077 |  1.468226E+01 |             - |             -
    10 |      800 |      1 |  0.4691946077 |  1.178331E+01 |             - |             -
    11 |      880 |      1 |  0.000000E+00 |  9.0722790131 |             - |             -
    12 |      960 |      1 |  0.000000E+00 |  6.4619948482 |  2.102742E+04 |         ideal
    13 |     1040 |      1 |  0.000000E+00 |  3.7305733566 |  0.000000E+00 |             f
    14 |     1120 |      1 |  0.000000E+00 |  1.9031385081 |  0.000000E+00 |             f
    15 |     1200 |      1 |  0.000000E+00 |  0.8874876089 |  1.005113E+04 |         ideal
    16 |     1280 |      1 |  0.000000E+00 |  0.4993335708 |  0.000000E+00 |             f
    17 |     1360 |      1 |  0.000000E+00 |  0.2864627811 |  0.000000E+00 |             f
    18 |     1440 |      1 |  0.000000E+00 |  0.1805199655 |  0.000000E+00 |             f
    19 |     1520 |      1 |  0.000000E+00 |  0.1008960173 |  0.000000E+00 |             f
    20 |     1600 |      1 |  0.000000E+00 |  0.0321237600 |  0.000000E+00 |             f
    21 |     1680 |      1 |  0.000000E+00 |  0.0077445350 |  0.000000E+00 |             f
    22 |     1760 |      1 |  0.000000E+00 |  0.000000E+00 |  0.000000E+00 |             f
    23 |     1840 |      1 |  0.000000E+00 |  0.000000E+00 |  0.000000E+00 |             f
    24 |     1920 |      1 |  0.000000E+00 |  0.000000E+00 |  2.216450E+04 |         ideal
    25 |     2000 |      1 |  0.000000E+00 |  0.000000E+00 |  0.000000E+00 |             f
    26 |     2080 |      1 |  0.000000E+00 |  0.000000E+00 |  0.000000E+00 |             f
    27 |     2160 |      1 |  0.000000E+00 |  0.000000E+00 |  0.000000E+00 |             f
    28 |     2240 |      1 |  0.000000E+00 |  0.000000E+00 |  2.438980E+03 |         ideal
    29 |     2320 |      1 |  0.000000E+00 |  0.000000E+00 |  0.000000E+00 |             f
    30 |     2400 |      1 |  0.000000E+00 |  0.000000E+00 |  0.000000E+00 |             f
    31 |     2480 |      1 |  0.000000E+00 |  0.000000E+00 |  0.000000E+00 |             f
    32 |     2560 |      1 |  0.000000E+00 |  0.000000E+00 |  0.000000E+00 |             f
    33 |     2640 |      1 |  0.000000E+00 |  0.000000E+00 |  0.000000E+00 |             f
    34 |     2720 |      1 |  0.000000E+00 |  0.000000E+00 |  0.000000E+00 |             f
    35 |     2800 |      1 |  0.000000E+00 |  0.000000E+00 |  0.000000E+00 |             f
    36 |     2880 |      1 |  0.000000E+00 |  0.000000E+00 |  0.000000E+00 |             f
    37 |     2960 |      1 |  0.000000E+00 |  0.000000E+00 |  1.176614E+03 |         ideal
    38 |     3040 |      2 |  0.000000E+00 |  0.000000E+00 |  0.000000E+00 |             f
    39 |     3120 |      1 |  0.000000E+00 |  0.000000E+00 |  5.092107E+03 |         ideal
    40 |     3200 |      1 |  0.000000E+00 |  0.000000E+00 |  0.000000E+00 |             f
    41 |     3280 |      1 |  0.000000E+00 |  0.000000E+00 |  3.245310E+02 |         ideal
    42 |     3360 |      1 |  0.000000E+00 |  0.000000E+00 |  0.000000E+00 |             f
    43 |     3440 |      1 |  0.000000E+00 |  0.000000E+00 |  0.000000E+00 |             f
    44 |     3520 |      1 |  0.000000E+00 |  0.000000E+00 |  5.032162E+02 |         ideal
    45 |     3600 |      1 |  0.000000E+00 |  0.000000E+00 |  0.000000E+00 |             f
    46 |     3680 |      1 |  0.000000E+00 |  0.000000E+00 |  5.247949E+03 |         ideal
    47 |     3760 |      1 |  0.000000E+00 |  0.000000E+00 |  0.000000E+00 |             f
    48 |     3840 |      1 |  0.000000E+00 |  0.000000E+00 |  4.976858E+03 |         ideal
    49 |     3920 |      1 |  0.000000E+00 |  0.000000E+00 |  0.000000E+00 |             f
    50 |     4000 |      1 |  0.000000E+00 |  0.000000E+00 |  0.000000E+00 |             f
    51 |     4080 |      1 |  0.000000E+00 |  0.000000E+00 |  0.000000E+00 |             f
    52 |     4160 |      1 |  0.000000E+00 |  0.000000E+00 |  0.000000E+00 |             f
    53 |     4240 |      1 |  0.000000E+00 |  0.000000E+00 |  7.113454E+01 |         ideal
    54 |     4320 |      1 |  0.000000E+00 |  0.000000E+00 |  9.709493E+02 |         ideal
    55 |     4400 |      1 |  0.000000E+00 |  0.000000E+00 |  1.298295E+03 |         ideal
    56 |     4480 |      1 |  0.000000E+00 |  0.000000E+00 |  0.000000E+00 |             f
    57 |     4560 |      1 |  0.000000E+00 |  0.000000E+00 |  0.000000E+00 |             f
    58 |     4640 |      1 |  0.000000E+00 |  0.000000E+00 |  0.000000E+00 |             f
    59 |     4720 |      1 |  0.000000E+00 |  0.000000E+00 |  7.833485E+02 |         ideal
    60 |     4800 |      1 |  0.000000E+00 |  0.000000E+00 |  1.198838E+03 |         ideal
    61 |     4880 |      1 |  0.000000E+00 |  0.000000E+00 |  0.000000E+00 |             f
    62 |     4960 |      1 |  0.000000E+00 |  0.000000E+00 |  0.000000E+00 |             f
    63 |     5040 |      1 |  0.000000E+00 |  0.000000E+00 |  7.210904E+02 |         ideal
    64 |     5120 |      1 |  0.000000E+00 |  0.000000E+00 |  6.462601E+02 |         ideal
    65 |     5200 |      1 |  0.000000E+00 |  0.000000E+00 |  7.813618E+02 |         ideal
    66 |     5280 |      1 |  0.000000E+00 |  0.000000E+00 |  1.376365E+03 |         ideal
    67 |     5360 |      2 |  0.000000E+00 |  0.000000E+00 |  0.000000E+00 |             f
    68 |     5440 |      3 |  0.000000E+00 |  0.000000E+00 |  0.000000E+00 |             f
    69 |     5520 |      1 |  0.000000E+00 |  0.000000E+00 |  3.7558374525 |         ideal
    70 |     5600 |      1 |  0.000000E+00 |  0.000000E+00 |  9.540122E+02 |         ideal
    71 |     5680 |      1 |  0.000000E+00 |  0.000000E+00 |  0.000000E+00 |             f
    72 |     5760 |      1 |  0.000000E+00 |  0.000000E+00 |  6.473273E+02 |         ideal
    73 |     5840 |      1 |  0.000000E+00 |  0.000000E+00 |  5.747711E+01 |         ideal
    74 |     5920 |      1 |  0.000000E+00 |  0.000000E+00 |  1.029189E+02 |         ideal
    75 |     6000 |      1 |  0.000000E+00 |  0.000000E+00 |  1.118347E+03 |         ideal
    76 |     6080 |      1 |  0.000000E+00 |  0.000000E+00 |  0.000000E+00 |             f
    77 |     6160 |      1 |  0.000000E+00 |  0.000000E+00 |  0.000000E+00 |             f
    78 |     6240 |      1 |  0.000000E+00 |  0.000000E+00 |  4.068522E+02 |         ideal
    79 |     6320 |      1 |  0.000000E+00 |  0.000000E+00 |  0.000000E+00 |             f
    80 |     6400 |      1 |  0.000000E+00 |  0.000000E+00 |  0.000000E+00 |             f
    81 |     6480 |      1 |  0.000000E+00 |  0.000000E+00 |  0.000000E+00 |             f
    82 |     6560 |      1 |  0.000000E+00 |  0.000000E+00 |  0.000000E+00 |             f
    83 |     6640 |      1 |  0.000000E+00 |  0.000000E+00 |  2.0529438418 |         ideal
    84 |     6720 |      1 |  0.000000E+00 |  0.000000E+00 |  2.962090E+01 |         ideal
    85 |     6800 |      1 |  0.000000E+00 |  0.000000E+00 |  3.068378E+02 |         ideal
    86 |     6880 |      1 |  0.000000E+00 |  0.000000E+00 |  7.279593E+01 |         ideal
    87 |     6960 |      1 |  0.000000E+00 |  0.000000E+00 |  1.045568E+02 |         ideal
    88 |     7040 |      1 |  0.000000E+00 |  0.000000E+00 |  0.000000E+00 |             f
    89 |     7120 |      1 |  0.000000E+00 |  0.000000E+00 |  9.7210997396 |         ideal
    90 |     7200 |      1 |  0.000000E+00 |  0.000000E+00 |  0.000000E+00 |             f
    91 |     7280 |      1 |  0.000000E+00 |  0.000000E+00 |  7.180414E+01 |         ideal
    92 |     7360 |      1 |  0.000000E+00 |  0.000000E+00 |  2.427874E+02 |         ideal
    93 |     7440 |      1 |  0.000000E+00 |  0.000000E+00 |  8.256886E+01 |         ideal
    94 |     7520 |      1 |  0.000000E+00 |  0.000000E+00 |  1.232978E+02 |         ideal
    95 |     7600 |      1 |  0.000000E+00 |  0.000000E+00 |  0.000000E+00 |             f
    96 |     7680 |      1 |  0.000000E+00 |  0.000000E+00 |  6.788190E+01 |         ideal
    97 |     7760 |      1 |  0.000000E+00 |  0.000000E+00 |  0.0486567813 |         ideal
    98 |     7840 |      1 |  0.000000E+00 |  0.000000E+00 |  2.199150E+02 |         ideal
    99 |     7920 |      1 |  0.000000E+00 |  0.000000E+00 |  4.215749E+02 |         ideal
   100 |     8000 |      1 |  0.000000E+00 |  0.000000E+00 |  0.000000E+00 |             f
mean B0=45.3104 homogen=18468.3182
   101 |     8080 |      1 |  0.000000E+00 |  0.000000E+00 |  0.000000E+00 |             f
   102 |     8160 |      1 |  0.000000E+00 |  0.000000E+00 |  3.0806169847 |         ideal
   103 |     8240 |      1 |  0.000000E+00 |  0.000000E+00 |  0.000000E+00 |             f
   104 |     8320 |      1 |  0.000000E+00 |  0.000000E+00 |  1.288857E+02 |         ideal
   105 |     8400 |      1 |  0.000000E+00 |  0.000000E+00 |  8.6402993102 |         ideal
   106 |     8480 |      1 |  0.000000E+00 |  0.000000E+00 |  1.007306E+03 |         ideal
   107 |     8560 |      1 |  0.000000E+00 |  0.000000E+00 |  0.000000E+00 |             f
   108 |     8640 |      1 |  0.000000E+00 |  0.000000E+00 |  3.366299E+01 |         ideal
   109 |     8720 |      1 |  0.000000E+00 |  0.000000E+00 |  1.223089E+02 |         ideal
   110 |     8800 |      1 |  0.000000E+00 |  0.000000E+00 |  1.6277575466 |         ideal
   111 |     8880 |      1 |  0.000000E+00 |  0.000000E+00 |  2.202306E+02 |         ideal
   112 |     8960 |      1 |  0.000000E+00 |  0.000000E+00 |  2.460469E+02 |         ideal
   113 |     9040 |      1 |  0.000000E+00 |  0.000000E+00 |  0.000000E+00 |             f
   114 |     9120 |      1 |  0.000000E+00 |  0.000000E+00 |  3.717891E+02 |         ideal
   115 |     9200 |      1 |  0.000000E+00 |  0.000000E+00 |  0.000000E+00 |             f
   116 |     9280 |      1 |  0.000000E+00 |  0.000000E+00 |  0.000000E+00 |             f
   117 |     9360 |      1 |  0.000000E+00 |  0.000000E+00 |  0.000000E+00 |             f
   118 |     9440 |      1 |  0.000000E+00 |  0.000000E+00 |  0.000000E+00 |             f
   119 |     9520 |      1 |  0.000000E+00 |  0.000000E+00 |  0.000000E+00 |             f
   120 |     9600 |      1 |  0.000000E+00 |  0.000000E+00 |  3.902325E+01 |         ideal
   121 |     9680 |      1 |  0.000000E+00 |  0.000000E+00 |  2.284178E+01 |         ideal
   122 |     9760 |      1 |  0.000000E+00 |  0.000000E+00 |  1.341405E+01 |         ideal
   123 |     9840 |      1 |  0.000000E+00 |  0.000000E+00 |  0.000000E+00 |             f
   124 |     9920 |      1 |  0.000000E+00 |  0.000000E+00 |  3.561069E+01 |         ideal
   125 |    10000 |      2 |  0.000000E+00 |  0.000000E+00 |  0.000000E+00 |             f
   126 |    10080 |      1 |  0.000000E+00 |  0.000000E+00 |  5.084630E+01 |         ideal
   127 |    10160 |      1 |  0.000000E+00 |  0.000000E+00 |  2.190228E+02 |         ideal
   128 |    10240 |      1 |  0.000000E+00 |  0.000000E+00 |  0.000000E+00 |             f
   129 |    10320 |      1 |  0.000000E+00 |  0.000000E+00 |  3.935263E+02 |         ideal
   130 |    10400 |      1 |  0.000000E+00 |  0.000000E+00 |  4.0596897828 |         ideal
   131 |    10480 |      1 |  0.000000E+00 |  0.000000E+00 |  0.000000E+00 |             f
   132 |    10560 |      1 |  0.000000E+00 |  0.000000E+00 |  0.1578478928 |         ideal
   133 |    10640 |      1 |  0.000000E+00 |  0.000000E+00 |  0.000000E+00 |             f
   134 |    10720 |      1 |  0.000000E+00 |  0.000000E+00 |  8.491384E+01 |         ideal
   135 |    10800 |      1 |  0.000000E+00 |  0.000000E+00 |  1.399691E+02 |         ideal
   136 |    10880 |      1 |  0.000000E+00 |  0.000000E+00 |  5.536702E+01 |         ideal
   137 |    10960 |      1 |  0.000000E+00 |  0.000000E+00 |  0.000000E+00 |             f
   138 |    11040 |      1 |  0.000000E+00 |  0.000000E+00 |  0.000000E+00 |             f
   139 |    11120 |      1 |  0.000000E+00 |  0.000000E+00 |  0.000000E+00 |             f
   140 |    11200 |      2 |  0.000000E+00 |  0.000000E+00 |  0.000000E+00 |             f
   141 |    11280 |      1 |  0.000000E+00 |  0.000000E+00 |  3.591399E+01 |         ideal
   142 |    11360 |      1 |  0.000000E+00 |  0.000000E+00 |  0.000000E+00 |             f
   143 |    11440 |      1 |  0.000000E+00 |  0.000000E+00 |  1.107904E+01 |         ideal
   144 |    11520 |      1 |  0.000000E+00 |  0.000000E+00 |  0.000000E+00 |             f
   145 |    11600 |      1 |  0.000000E+00 |  0.000000E+00 |  0.000000E+00 |             f
   146 |    11680 |      1 |  0.000000E+00 |  0.000000E+00 |  1.299398E+01 |         ideal
   147 |    11760 |      1 |  0.000000E+00 |  0.000000E+00 |  0.000000E+00 |             f
   148 |    11840 |      1 |  0.000000E+00 |  0.000000E+00 |  0.000000E+00 |             f
   149 |    11920 |      1 |  0.000000E+00 |  0.000000E+00 |  0.0532544768 |         ideal
   150 |    12000 |      1 |  0.000000E+00 |  0.000000E+00 |  2.0020070672 |         ideal
   151 |    12080 |      1 |  0.000000E+00 |  0.000000E+00 |  3.3877779017 |         ideal
   152 |    12160 |      1 |  0.000000E+00 |  0.000000E+00 |  1.4957394376 |         ideal
   153 |    12240 |      1 |  0.000000E+00 |  0.000000E+00 |  0.1177603896 |         ideal
   154 |    12320 |      1 |  0.000000E+00 |  0.000000E+00 |  0.3091545464 |         ideal
   155 |    12400 |      1 |  0.000000E+00 |  0.000000E+00 |  2.2248187760 |         ideal
   156 |    12480 |      1 |  0.000000E+00 |  0.000000E+00 |  0.8277548162 |         ideal
   157 |    12560 |      1 |  0.000000E+00 |  0.000000E+00 |  5.4029450372 |         ideal
   158 |    12640 |      1 |  0.000000E+00 |  0.000000E+00 |  0.000000E+00 |             f
   159 |    12720 |      1 |  0.000000E+00 |  0.000000E+00 |  0.000000E+00 |             f
   160 |    12800 |      1 |  0.000000E+00 |  0.000000E+00 |  1.151435E+01 |         ideal
   161 |    12880 |      1 |  0.000000E+00 |  0.000000E+00 |  0.000000E+00 |             f
   162 |    12960 |      1 |  0.000000E+00 |  0.000000E+00 |  0.6194872869 |         ideal
   163 |    13040 |      1 |  0.000000E+00 |  0.000000E+00 |  0.000000E+00 |             f
   164 |    13120 |      1 |  0.000000E+00 |  0.000000E+00 |  6.8857181316 |         ideal
   165 |    13200 |      2 |  0.000000E+00 |  0.000000E+00 |  0.000000E+00 |             f
   166 |    13280 |      2 |  0.000000E+00 |  0.000000E+00 |  0.000000E+00 |             f
   167 |    13360 |      1 |  0.000000E+00 |  0.000000E+00 |  0.6205590947 |         ideal
   168 |    13440 |      1 |  0.000000E+00 |  0.000000E+00 |  0.000000E+00 |             f
   169 |    13520 |      1 |  0.000000E+00 |  0.000000E+00 |  0.5526020415 |         ideal
   170 |    13600 |      1 |  0.000000E+00 |  0.000000E+00 |  0.5132239418 |         ideal
   171 |    13680 |      1 |  0.000000E+00 |  0.000000E+00 |  0.000000E+00 |             f
   172 |    13760 |      1 |  0.000000E+00 |  0.000000E+00 |  0.4447860271 |         ideal
   173 |    13840 |      1 |  0.000000E+00 |  0.000000E+00 |  0.2505170245 |         ideal
   174 |    13920 |      1 |  0.000000E+00 |  0.000000E+00 |  4.508452E+01 |         ideal
   175 |    14000 |      1 |  0.000000E+00 |  0.000000E+00 |  1.3289389997 |         ideal
   176 |    14080 |      1 |  0.000000E+00 |  0.000000E+00 |  0.000000E+00 |             f
   177 |    14160 |      1 |  0.000000E+00 |  0.000000E+00 |  2.752727E+01 |         ideal
   178 |    14240 |      1 |  0.000000E+00 |  0.000000E+00 |  0.0651692570 |         ideal
   179 |    14320 |      1 |  0.000000E+00 |  0.000000E+00 |  0.000000E+00 |             f
   180 |    14400 |      1 |  0.000000E+00 |  0.000000E+00 |  1.2320793898 |         ideal
   181 |    14480 |      1 |  0.000000E+00 |  0.000000E+00 |  1.528131E+01 |         ideal
   182 |    14560 |      1 |  0.000000E+00 |  0.000000E+00 |  1.9861327233 |         ideal
   183 |    14640 |      1 |  0.000000E+00 |  0.000000E+00 |  3.296395E+01 |         ideal
   184 |    14720 |      1 |  0.000000E+00 |  0.000000E+00 |  0.4345376624 |         ideal
   185 |    14800 |      1 |  0.000000E+00 |  0.000000E+00 |  3.995841E+01 |         ideal
   186 |    14880 |      1 |  0.000000E+00 |  0.000000E+00 |  0.000000E+00 |             f
   187 |    14960 |      1 |  0.000000E+00 |  0.000000E+00 |  5.6937090119 |         ideal
   188 |    15040 |      1 |  0.000000E+00 |  0.000000E+00 |  9.6821745677 |         ideal
   189 |    15120 |      1 |  0.000000E+00 |  0.000000E+00 |  1.586048E+02 |         ideal
   190 |    15200 |      2 |  0.000000E+00 |  0.000000E+00 |  0.000000E+00 |             f
   191 |    15280 |      1 |  0.000000E+00 |  0.000000E+00 |  0.1735628941 |         ideal
   192 |    15360 |      1 |  0.000000E+00 |  0.000000E+00 |  1.1192829611 |         ideal
   193 |    15440 |      1 |  0.000000E+00 |  0.000000E+00 |  4.1733846973 |         ideal
   194 |    15520 |      1 |  0.000000E+00 |  0.000000E+00 |  3.9453937324 |         ideal
   195 |    15600 |      1 |  0.000000E+00 |  0.000000E+00 |  0.000000E+00 |             f
   196 |    15680 |      1 |  0.000000E+00 |  0.000000E+00 |  1.282675E+02 |         ideal
   197 |    15760 |      1 |  0.000000E+00 |  0.000000E+00 |  0.000000E+00 |             f
   198 |    15840 |      1 |  0.000000E+00 |  0.000000E+00 |  3.0730027522 |         ideal
   199 |    15920 |      1 |  0.000000E+00 |  0.000000E+00 |  2.5184125207 |         ideal
   200 |    16000 |      1 |  0.000000E+00 |  0.000000E+00 |  8.392227E+01 |         ideal
mean B0=45.0986 homogen=18299.1233
   201 |    16080 |      1 |  0.000000E+00 |  0.000000E+00 |  0.000000E+00 |             f
   202 |    16160 |      1 |  0.000000E+00 |  0.000000E+00 |  1.248050E+01 |         ideal
   203 |    16240 |      1 |  0.000000E+00 |  0.000000E+00 |  0.000000E+00 |             f
   204 |    16320 |      1 |  0.000000E+00 |  0.000000E+00 |  0.000000E+00 |             f
   205 |    16400 |      1 |  0.000000E+00 |  0.000000E+00 |  0.000000E+00 |             f
   206 |    16480 |      1 |  0.000000E+00 |  0.000000E+00 |  0.000000E+00 |             f
   207 |    16560 |      1 |  0.000000E+00 |  0.000000E+00 |  1.4377317803 |         ideal
   208 |    16640 |      1 |  0.000000E+00 |  0.000000E+00 |  0.000000E+00 |             f
   209 |    16720 |      1 |  0.000000E+00 |  0.000000E+00 |  0.000000E+00 |             f
   210 |    16800 |      1 |  0.000000E+00 |  0.000000E+00 |  0.000000E+00 |             f
   211 |    16880 |      1 |  0.000000E+00 |  0.000000E+00 |  0.000000E+00 |             f
   212 |    16960 |      1 |  0.000000E+00 |  0.000000E+00 |  0.2170056350 |         ideal
   213 |    17040 |      1 |  0.000000E+00 |  0.000000E+00 |  1.691672E+01 |         ideal
   214 |    17120 |      1 |  0.000000E+00 |  0.000000E+00 |  0.000000E+00 |             f
   215 |    17200 |      1 |  0.000000E+00 |  0.000000E+00 |  1.1995545810 |         ideal
   216 |    17280 |      1 |  0.000000E+00 |  0.000000E+00 |  0.0937583509 |         ideal
   217 |    17360 |      1 |  0.000000E+00 |  0.000000E+00 |  1.4248743475 |         ideal
   218 |    17440 |      1 |  0.000000E+00 |  0.000000E+00 |  0.000000E+00 |             f
   219 |    17520 |      1 |  0.000000E+00 |  0.000000E+00 |  0.000000E+00 |             f
   220 |    17600 |      1 |  0.000000E+00 |  0.000000E+00 |  0.000000E+00 |             f
   221 |    17680 |      1 |  0.000000E+00 |  0.000000E+00 |  0.000000E+00 |             f
   222 |    17760 |      1 |  0.000000E+00 |  0.000000E+00 |  1.707740E+02 |         ideal
   223 |    17840 |      1 |  0.000000E+00 |  0.000000E+00 |  0.000000E+00 |             f
   224 |    17920 |      1 |  0.000000E+00 |  0.000000E+00 |  0.000000E+00 |             f
   225 |    18000 |      1 |  0.000000E+00 |  0.000000E+00 |  1.1801798145 |         ideal
   226 |    18080 |      1 |  0.000000E+00 |  0.000000E+00 |  1.4628987828 |         ideal
   227 |    18160 |      2 |  0.000000E+00 |  0.000000E+00 |  0.000000E+00 |             f
   228 |    18240 |      2 |  0.000000E+00 |  0.000000E+00 |  0.000000E+00 |             f
   229 |    18320 |      1 |  0.000000E+00 |  0.000000E+00 |  1.7002312269 |         ideal
   230 |    18400 |      1 |  0.000000E+00 |  0.000000E+00 |  4.340788E+01 |         ideal
   231 |    18480 |      1 |  0.000000E+00 |  0.000000E+00 |  1.5779945547 |         ideal
   232 |    18560 |      1 |  0.000000E+00 |  0.000000E+00 |  1.249601E+02 |         ideal
   233 |    18640 |      1 |  0.000000E+00 |  0.000000E+00 |  4.852403E+01 |         ideal
   234 |    18720 |      1 |  0.000000E+00 |  0.000000E+00 |  0.000000E+00 |             f
   235 |    18800 |      1 |  0.000000E+00 |  0.000000E+00 |  1.5687417710 |         ideal
   236 |    18880 |      1 |  0.000000E+00 |  0.000000E+00 |  0.000000E+00 |             f
   237 |    18960 |      1 |  0.000000E+00 |  0.000000E+00 |  0.000000E+00 |             f
   238 |    19040 |      1 |  0.000000E+00 |  0.000000E+00 |  0.3639688487 |         ideal
   239 |    19120 |      1 |  0.000000E+00 |  0.000000E+00 |  0.0412773641 |         ideal
   240 |    19200 |      1 |  0.000000E+00 |  0.000000E+00 |  0.5678511017 |         ideal
   241 |    19280 |      1 |  0.000000E+00 |  0.000000E+00 |  2.680412E+02 |         ideal
   242 |    19360 |      1 |  0.000000E+00 |  0.000000E+00 |  0.5262886138 |         ideal
   243 |    19440 |      1 |  0.000000E+00 |  0.000000E+00 |  0.0809646293 |         ideal
   244 |    19520 |      1 |  0.000000E+00 |  0.000000E+00 |  8.1693110284 |         ideal
   245 |    19600 |      1 |  0.000000E+00 |  0.000000E+00 |  3.9332268805 |         ideal
   246 |    19680 |      1 |  0.000000E+00 |  0.000000E+00 |  0.000000E+00 |             f
   247 |    19760 |      1 |  0.000000E+00 |  0.000000E+00 |  0.000000E+00 |             f
   248 |    19840 |      1 |  0.000000E+00 |  0.000000E+00 |  3.559698E+01 |         ideal
   249 |    19920 |      1 |  0.000000E+00 |  0.000000E+00 |  0.000000E+00 |             f
   250 |    20000 |      1 |  0.000000E+00 |  0.000000E+00 |  0.2213065867 |         ideal
   251 |    20080 |      1 |  0.000000E+00 |  0.000000E+00 |  1.150281E+01 |         ideal
   252 |    20160 |      1 |  0.000000E+00 |  0.000000E+00 |  2.2945513683 |         ideal
   253 |    20240 |      1 |  0.000000E+00 |  0.000000E+00 |  0.000000E+00 |             f
   254 |    20320 |      2 |  0.000000E+00 |  0.000000E+00 |  0.000000E+00 |             f
   255 |    20400 |      1 |  0.000000E+00 |  0.000000E+00 |  0.3764727599 |         ideal
   256 |    20480 |      1 |  0.000000E+00 |  0.000000E+00 |  0.1110565792 |         ideal
   257 |    20560 |      1 |  0.000000E+00 |  0.000000E+00 |  0.0282977467 |         ideal
   258 |    20640 |      1 |  0.000000E+00 |  0.000000E+00 |  0.1266217963 |         ideal
   259 |    20720 |      1 |  0.000000E+00 |  0.000000E+00 |  0.2743213898 |         ideal
   260 |    20800 |      1 |  0.000000E+00 |  0.000000E+00 |  0.000000E+00 |             f
   261 |    20880 |      1 |  0.000000E+00 |  0.000000E+00 |  0.1104711493 |         ideal
   262 |    20960 |      1 |  0.000000E+00 |  0.000000E+00 |  1.2928448522 |         ideal
   263 |    21040 |      1 |  0.000000E+00 |  0.000000E+00 |  0.000000E+00 |             f
   264 |    21120 |      1 |  0.000000E+00 |  0.000000E+00 |  0.1691926984 |         ideal
   265 |    21200 |      1 |  0.000000E+00 |  0.000000E+00 |  0.000000E+00 |             f
   266 |    21280 |      1 |  0.000000E+00 |  0.000000E+00 |  0.000000E+00 |             f
   267 |    21360 |      1 |  0.000000E+00 |  0.000000E+00 |  0.1347497058 |         ideal
   268 |    21440 |      1 |  0.000000E+00 |  0.000000E+00 |  0.6644557251 |         ideal
   269 |    21520 |      1 |  0.000000E+00 |  0.000000E+00 |  2.778130E+01 |         ideal
   270 |    21600 |      1 |  0.000000E+00 |  0.000000E+00 |  2.1751392567 |         ideal
   271 |    21680 |      1 |  0.000000E+00 |  0.000000E+00 |  0.7707340180 |         ideal
   272 |    21760 |      1 |  0.000000E+00 |  0.000000E+00 |  0.000000E+00 |             f
   273 |    21840 |      1 |  0.000000E+00 |  0.000000E+00 |  0.000000E+00 |             f
   274 |    21920 |      1 |  0.000000E+00 |  0.000000E+00 |  0.4056551823 |         ideal
   275 |    22000 |      1 |  0.000000E+00 |  0.000000E+00 |  0.000000E+00 |             f
   276 |    22080 |      1 |  0.000000E+00 |  0.000000E+00 |  0.000000E+00 |             f
   277 |    22160 |      1 |  0.000000E+00 |  0.000000E+00 |  0.4093639976 |         ideal
   278 |    22240 |      1 |  0.000000E+00 |  0.000000E+00 |  0.2042411071 |         ideal
   279 |    22320 |      1 |  0.000000E+00 |  0.000000E+00 |  0.000000E+00 |             f
   280 |    22400 |      1 |  0.000000E+00 |  0.000000E+00 |  0.000000E+00 |             f
   281 |    22480 |      1 |  0.000000E+00 |  0.000000E+00 |  0.0210261374 |         ideal
   282 |    22560 |      1 |  0.000000E+00 |  0.000000E+00 |  0.0936130322 |         ideal
   283 |    22640 |      1 |  0.000000E+00 |  0.000000E+00 |  0.0302112001 |         ideal
   284 |    22720 |      1 |  0.000000E+00 |  0.000000E+00 |  0.3573925936 |         ideal
   285 |    22800 |      1 |  0.000000E+00 |  0.000000E+00 |  0.000000E+00 |             f
   286 |    22880 |      1 |  0.000000E+00 |  0.000000E+00 |  0.000000E+00 |             f
   287 |    22960 |      1 |  0.000000E+00 |  0.000000E+00 |  0.000000E+00 |             f
   288 |    23040 |      1 |  0.000000E+00 |  0.000000E+00 |  0.000000E+00 |             f
   289 |    23120 |      1 |  0.000000E+00 |  0.000000E+00 |  0.1255455879 |         ideal
   290 |    23200 |      1 |  0.000000E+00 |  0.000000E+00 |  0.0391942825 |         ideal
   291 |    23280 |      2 |  0.000000E+00 |  0.000000E+00 |  0.000000E+00 |             f
   292 |    23360 |      3 |  0.000000E+00 |  0.000000E+00 |  0.000000E+00 |             f
   293 |    23440 |      1 |  0.000000E+00 |  0.000000E+00 |  0.1561867205 |         ideal
   294 |    23520 |      1 |  0.000000E+00 |  0.000000E+00 |  0.000000E+00 |             f
   295 |    23600 |      1 |  0.000000E+00 |  0.000000E+00 |  0.000000E+00 |             f
   296 |    23680 |      1 |  0.000000E+00 |  0.000000E+00 |  0.000000E+00 |             f
   297 |    23760 |      1 |  0.000000E+00 |  0.000000E+00 |  0.000000E+00 |             f
   298 |    23840 |      1 |  0.000000E+00 |  0.000000E+00 |  0.0109092717 |         ideal
   299 |    23920 |      1 |  0.000000E+00 |  0.000000E+00 |  0.0119232790 |         ideal
   300 |    24000 |      1 |  0.000000E+00 |  0.000000E+00 |  0.0990044497 |         ideal
mean B0=45.0045 homogen=16034.6339
   301 |    24080 |      1 |  0.000000E+00 |  0.000000E+00 |  0.0447420619 |         ideal
   302 |    24160 |      1 |  0.000000E+00 |  0.000000E+00 |  0.000000E+00 |             f
   303 |    24240 |      1 |  0.000000E+00 |  0.000000E+00 |  0.000000E+00 |             f
   304 |    24320 |      1 |  0.000000E+00 |  0.000000E+00 |  0.000000E+00 |             f
   305 |    24400 |      1 |  0.000000E+00 |  0.000000E+00 |  0.0051755988 |         ideal
   306 |    24480 |      1 |  0.000000E+00 |  0.000000E+00 |  0.0363148567 |         ideal
   307 |    24560 |      1 |  0.000000E+00 |  0.000000E+00 |  0.000000E+00 |             f
   308 |    24640 |      1 |  0.000000E+00 |  0.000000E+00 |  0.0074021398 |         ideal
   309 |    24720 |      1 |  0.000000E+00 |  0.000000E+00 |  0.0563458190 |         ideal
   310 |    24800 |      1 |  0.000000E+00 |  0.000000E+00 |  0.000000E+00 |             f
   311 |    24880 |      1 |  0.000000E+00 |  0.000000E+00 |  0.000000E+00 |             f
   312 |    24960 |      1 |  0.000000E+00 |  0.000000E+00 |  0.000000E+00 |             f
   313 |    25040 |      1 |  0.000000E+00 |  0.000000E+00 |  0.000000E+00 |             f
   314 |    25120 |      1 |  0.000000E+00 |  0.000000E+00 |  0.000000E+00 |             f
   315 |    25200 |      1 |  0.000000E+00 |  0.000000E+00 |  0.000000E+00 |             f
   316 |    25280 |      1 |  0.000000E+00 |  0.000000E+00 |  0.0168698166 |         ideal
   317 |    25360 |      1 |  0.000000E+00 |  0.000000E+00 |  0.000000E+00 |             f
   318 |    25440 |      1 |  0.000000E+00 |  0.000000E+00 |  0.0194049136 |         ideal
   319 |    25520 |      1 |  0.000000E+00 |  0.000000E+00 |  0.0091406628 |         ideal
   320 |    25600 |      1 |  0.000000E+00 |  0.000000E+00 |  0.000000E+00 |             f
   321 |    25680 |      1 |  0.000000E+00 |  0.000000E+00 |  0.1184376630 |         ideal
   322 |    25760 |      1 |  0.000000E+00 |  0.000000E+00 |  0.000000E+00 |             f
   323 |    25840 |      1 |  0.000000E+00 |  0.000000E+00 |  0.000000E+00 |             f
   324 |    25920 |      1 |  0.000000E+00 |  0.000000E+00 |  0.000000E+00 |             f
   325 |    26000 |      1 |  0.000000E+00 |  0.000000E+00 |  0.0059822065 |         ideal
   326 |    26080 |      1 |  0.000000E+00 |  0.000000E+00 |  0.000000E+00 |             f
   327 |    26160 |      1 |  0.000000E+00 |  0.000000E+00 |  0.000000E+00 |             f
   328 |    26240 |      1 |  0.000000E+00 |  0.000000E+00 |  0.000000E+00 |             f
   329 |    26320 |      1 |  0.000000E+00 |  0.000000E+00 |  0.0195154708 |         ideal
   330 |    26400 |      1 |  0.000000E+00 |  0.000000E+00 |  0.000000E+00 |             f
   331 |    26480 |      1 |  0.000000E+00 |  0.000000E+00 |  0.000000E+00 |             f
   332 |    26560 |      1 |  0.000000E+00 |  0.000000E+00 |  0.000000E+00 |             f
   333 |    26640 |      1 |  0.000000E+00 |  0.000000E+00 |  0.000000E+00 |             f
   334 |    26720 |      1 |  0.000000E+00 |  0.000000E+00 |  0.000000E+00 |             f
   335 |    26800 |      1 |  0.000000E+00 |  0.000000E+00 |  0.0502827377 |         ideal
   336 |    26880 |      2 |  0.000000E+00 |  0.000000E+00 |  0.000000E+00 |             f
   337 |    26960 |      2 |  0.000000E+00 |  0.000000E+00 |  0.000000E+00 |             f
   338 |    27040 |      2 |  0.000000E+00 |  0.000000E+00 |  0.000000E+00 |             f
   339 |    27120 |      1 |  0.000000E+00 |  0.000000E+00 |  0.0053292787 |         ideal
   340 |    27200 |      1 |  0.000000E+00 |  0.000000E+00 |  0.0016788431 |             f
   341 |    27280 |      1 |  0.000000E+00 |  0.000000E+00 |  0.0066946932 |         ideal
   342 |    27360 |      1 |  0.000000E+00 |  0.000000E+00 |  0.0068394755 |         ideal
   343 |    27440 |      1 |  0.000000E+00 |  0.000000E+00 |  0.000000E+00 |             f
   344 |    27520 |      1 |  0.000000E+00 |  0.000000E+00 |  0.0058337147 |         ideal
   345 |    27600 |      2 |  0.000000E+00 |  0.000000E+00 |  0.000000E+00 |             f
   346 |    27680 |      1 |  0.000000E+00 |  0.000000E+00 |  0.0072648020 |         ideal
   347 |    27760 |      1 |  0.000000E+00 |  0.000000E+00 |  0.000000E+00 |             f
   348 |    27840 |      1 |  0.000000E+00 |  0.000000E+00 |  0.000000E+00 |             f
   349 |    27920 |      1 |  0.000000E+00 |  0.000000E+00 |  0.000000E+00 |             f
   350 |    28000 |      2 |  0.000000E+00 |  0.000000E+00 |  0.0071182654 |         ideal
   351 |    28080 |      3 |  0.000000E+00 |  0.000000E+00 |  0.000000E+00 |             f
   352 |    28160 |      3 |  0.000000E+00 |  0.000000E+00 |  0.000000E+00 |             f
   353 |    28240 |      1 |  0.000000E+00 |  0.000000E+00 |  0.0187456858 |         ideal
   354 |    28320 |      1 |  0.000000E+00 |  0.000000E+00 |  0.0286695329 |         ideal
   355 |    28400 |      2 |  0.000000E+00 |  0.000000E+00 |  0.000000E+00 |             f
   356 |    28480 |      1 |  0.000000E+00 |  0.000000E+00 |  0.0021956175 |             f
   357 |    28560 |      1 |  0.000000E+00 |  0.000000E+00 |  0.0021956175 |             f
   358 |    28640 |      1 |  0.000000E+00 |  0.000000E+00 |  0.0079574432 |         ideal
   359 |    28720 |      2 |  0.000000E+00 |  0.000000E+00 |  0.000000E+00 |             f
   360 |    28800 |      4 |  0.000000E+00 |  0.000000E+00 |  0.000000E+00 |             f
   361 |    28880 |      5 |  0.000000E+00 |  0.000000E+00 |  0.000000E+00 |             f
   362 |    28960 |      2 |  0.000000E+00 |  0.000000E+00 |  0.0047158644 |         ideal
   363 |    29040 |      2 |  0.000000E+00 |  0.000000E+00 |  0.000000E+00 |             f
   364 |    29120 |      2 |  0.000000E+00 |  0.000000E+00 |  0.000000E+00 |             f
   365 |    29200 |      4 |  0.000000E+00 |  0.000000E+00 |  0.000000E+00 |             f
   366 |    29280 |      5 |  0.000000E+00 |  0.000000E+00 |  0.000000E+00 |             f
   367 |    29360 |      9 |  0.000000E+00 |  0.000000E+00 |  0.000000E+00 |             f
   368 |    29440 |     17 |  0.000000E+00 |  0.000000E+00 |  0.000000E+00 |             f
   369 |    29520 |      1 |  0.000000E+00 |  0.000000E+00 |  0.0056339227 |         ideal
   370 |    29600 |      3 |  0.000000E+00 |  0.000000E+00 |  0.000000E+00 |             f
   371 |    29680 |      6 |  0.000000E+00 |  0.000000E+00 |  0.000000E+00 |             f
   372 |    29760 |     10 |  0.000000E+00 |  0.000000E+00 |  0.000000E+00 |             f
   373 |    29840 |     17 |  0.000000E+00 |  0.000000E+00 |  0.000000E+00 |             f
   374 |    29920 |     29 |  0.000000E+00 |  0.000000E+00 |  0.000000E+00 |             f
   375 |    30000 |     53 |  0.000000E+00 |  0.000000E+00 |  0.000000E+00 |             f
   376 |    30080 |     80 |  0.000000E+00 |  0.000000E+00 |  0.000000E+00 |             f
   377 |    30160 |     80 |  0.000000E+00 |  0.000000E+00 |  0.000000E+00 |             f
   378 |    30240 |     80 |  0.000000E+00 |  0.000000E+00 |  0.000000E+00 |             f
   379 |    30320 |     80 |  0.000000E+00 |  0.000000E+00 |  0.000000E+00 |             f
   380 |    30400 |     80 |  0.000000E+00 |  0.000000E+00 |  0.000000E+00 |             f
   381 |    30480 |     80 |  0.000000E+00 |  0.000000E+00 |  0.000000E+00 |             f
   382 |    30560 |     80 |  0.000000E+00 |  0.000000E+00 |  0.000000E+00 |             f
   383 |    30640 |     80 |  0.000000E+00 |  0.000000E+00 |  0.000000E+00 |             f
   384 |    30720 |     80 |  0.000000E+00 |  0.000000E+00 |  0.000000E+00 |             f
   385 |    30800 |     80 |  0.000000E+00 |  0.000000E+00 |  0.000000E+00 |             f
   386 |    30880 |     80 |  0.000000E+00 |  0.000000E+00 |  0.000000E+00 |             f
   387 |    30960 |     80 |  0.000000E+00 |  0.000000E+00 |  0.000000E+00 |             f
   388 |    31040 |     80 |  0.000000E+00 |  0.000000E+00 |  0.000000E+00 |             f
   389 |    31120 |     80 |  0.000000E+00 |  0.000000E+00 |  0.000000E+00 |             f
   390 |    31200 |     80 |  0.000000E+00 |  0.000000E+00 |  0.000000E+00 |             f
   391 |    31280 |     80 |  0.000000E+00 |  0.000000E+00 |  0.000000E+00 |             f
   392 |    31360 |     80 |  0.000000E+00 |  0.000000E+00 |  0.000000E+00 |             f
   393 |    31440 |     80 |  0.000000E+00 |  0.000000E+00 |  0.000000E+00 |             f
   394 |    31520 |     80 |  0.000000E+00 |  0.000000E+00 |  0.000000E+00 |             f
   395 |    31600 |     80 |  0.000000E+00 |  0.000000E+00 |  0.000000E+00 |             f
   396 |    31680 |     80 |  0.000000E+00 |  0.000000E+00 |  0.000000E+00 |             f
   397 |    31760 |     80 |  0.000000E+00 |  0.000000E+00 |  0.000000E+00 |             f
   398 |    31840 |     80 |  0.000000E+00 |  0.000000E+00 |  0.000000E+00 |             f
   399 |    31920 |     80 |  0.000000E+00 |  0.000000E+00 |  0.000000E+00 |             f
   400 |    32000 |     80 |  0.000000E+00 |  0.000000E+00 |  0.000000E+00 |             f
mean B0=45.0045 homogen=16034.3466
mean B0=45.0045 homogen=16034.3466
mean B0=45.0045 homogen=16034.3466
mean B0=45.0045 homogen=16034.3466
mean B0=45.0045 homogen=16034.3466
mean B0=45.0045 homogen=16034.3466
mean B0=45.0045 homogen=16034.3466
mean B0=45.0045 homogen=16034.3466
mean B0=45.0045 homogen=16034.3466
mean B0=45.0045 homogen=16034.3466
mean B0=45.0045 homogen=16034.3466
mean B0=45.0045 homogen=16034.3466
mean B0=45.0045 homogen=16034.3466
mean B0=45.0045 homogen=16034.3466
mean B0=45.0045 homogen=16034.3466
mean B0=45.0045 homogen=16034.3466
mean B0=45.0045 homogen=16034.3466
mean B0=45.0045 homogen=16034.3466
mean B0=45.0045 homogen=16034.3466
mean B0=45.0045 homogen=16034.3466
mean B0=45.0045 homogen=16034.3466
mean B0=45.0045 homogen=16034.3466
mean B0=45.0045 homogen=16034.3466
mean B0=45.0045 homogen=16034.3466
mean B0=45.0045 homogen=16034.3466
mean B0=45.0045 homogen=16034.3466
mean B0=45.0045 homogen=16034.3466
mean B0=45.0045 homogen=16034.3466
mean B0=45.0045 homogen=16034.3466
mean B0=45.0045 homogen=16034.3466
mean B0=45.0045 homogen=16034.3466
mean B0=45.0045 homogen=16034.3466
mean B0=45.0045 homogen=16034.3466
mean B0=45.0045 homogen=16034.3466
mean B0=45.0045 homogen=16034.3466
mean B0=45.0045 homogen=16034.3466
mean B0=45.0045 homogen=16034.3466
mean B0=45.0045 homogen=16034.3466
mean B0=45.0045 homogen=16034.3466
mean B0=45.0045 homogen=16034.3466
mean B0=45.0045 homogen=16034.3466
mean B0=45.0045 homogen=16034.3466
mean B0=45.0045 homogen=16034.3466
mean B0=45.0045 homogen=16034.3466
mean B0=45.0045 homogen=16034.3466
mean B0=45.0045 homogen=16034.3466
mean B0=45.0045 homogen=16034.3466
mean B0=45.0045 homogen=16034.3466
mean B0=45.0045 homogen=16034.3466
mean B0=45.0045 homogen=16034.3466
mean B0=45.0045 homogen=16034.3466
mean B0=45.0045 homogen=16034.3466
mean B0=45.0045 homogen=16034.3466
mean B0=45.0045 homogen=16034.3466
mean B0=45.0045 homogen=16034.3466
mean B0=45.0045 homogen=16034.3466
mean B0=45.0045 homogen=16034.3466
mean B0=45.0045 homogen=16034.3466
mean B0=45.0045 homogen=16034.3466
mean B0=45.0045 homogen=16034.3466
mean B0=45.0045 homogen=16034.3466
mean B0=45.0045 homogen=16034.3466
mean B0=45.0045 homogen=16034.3466
mean B0=45.0045 homogen=16034.3466
mean B0=45.0045 homogen=16034.3466
mean B0=45.0045 homogen=16034.3466
mean B0=45.0045 homogen=16034.3466
mean B0=45.0045 homogen=16034.3466
mean B0=45.0045 homogen=16034.3466
mean B0=45.0045 homogen=16034.3466
mean B0=45.0045 homogen=16034.3466
mean B0=45.0045 homogen=16034.3466
mean B0=45.0045 homogen=16034.3466
mean B0=45.0045 homogen=16034.3466
mean B0=45.0045 homogen=16034.3466
mean B0=45.0045 homogen=16034.3466
mean B0=45.0045 homogen=16034.3466
mean B0=45.0045 homogen=16034.3466
mean B0=45.0045 homogen=16034.3466
mean B0=45.0045 homogen=16034.3466
   401 |    32080 |     80 |  0.000000E+00 |  0.000000E+00 |  0.000000E+00 |             f
   402 |    32160 |     80 |  0.000000E+00 |  0.000000E+00 |  0.000000E+00 |             f
   403 |    32240 |     80 |  0.000000E+00 |  0.000000E+00 |  0.000000E+00 |             f
   404 |    32320 |     80 |  0.000000E+00 |  0.000000E+00 |  0.000000E+00 |             f
   405 |    32400 |     80 |  0.000000E+00 |  0.000000E+00 |  0.000000E+00 |             f
   406 |    32480 |     80 |  0.000000E+00 |  0.000000E+00 |  0.000000E+00 |             f
   407 |    32560 |     80 |  0.000000E+00 |  0.000000E+00 |  0.000000E+00 |             f
   408 |    32640 |     80 |  0.000000E+00 |  0.000000E+00 |  0.000000E+00 |             f
   409 |    32720 |     80 |  0.000000E+00 |  0.000000E+00 |  0.000000E+00 |             f
   410 |    32800 |     80 |  0.000000E+00 |  0.000000E+00 |  0.000000E+00 |             f
   411 |    32880 |     80 |  0.000000E+00 |  0.000000E+00 |  0.000000E+00 |             f
   412 |    32960 |     80 |  0.000000E+00 |  0.000000E+00 |  0.000000E+00 |             f
   413 |    33040 |     80 |  0.000000E+00 |  0.000000E+00 |  0.000000E+00 |             f
   414 |    33120 |     80 |  0.000000E+00 |  0.000000E+00 |  0.000000E+00 |             f
   415 |    33200 |     80 |  0.000000E+00 |  0.000000E+00 |  0.000000E+00 |             f
   416 |    33280 |     80 |  0.000000E+00 |  0.000000E+00 |  0.000000E+00 |             f
   417 |    33360 |     80 |  0.000000E+00 |  0.000000E+00 |  0.000000E+00 |             f
   418 |    33440 |     80 |  0.000000E+00 |  0.000000E+00 |  0.000000E+00 |             f
   419 |    33520 |     80 |  0.000000E+00 |  0.000000E+00 |  0.000000E+00 |             f
   420 |    33600 |     80 |  0.000000E+00 |  0.000000E+00 |  0.000000E+00 |             f
   421 |    33680 |     80 |  0.000000E+00 |  0.000000E+00 |  0.000000E+00 |             f
   422 |    33760 |      1 |  0.000000E+00 |  0.000000E+00 |  0.0020125988 |             f
   423 |    33840 |      1 |  0.000000E+00 |  0.000000E+00 |  0.0020125988 |             f
   424 |    33920 |      1 |  0.000000E+00 |  0.000000E+00 |  4.231389E+02 |         ideal
   425 |    34000 |      1 |  0.000000E+00 |  0.000000E+00 |  0.000000E+00 |             f
   426 |    34080 |      2 |  0.000000E+00 |  0.000000E+00 |  0.000000E+00 |             f
   427 |    34160 |      4 |  0.000000E+00 |  0.000000E+00 |  0.000000E+00 |             f
   428 |    34240 |      6 |  0.000000E+00 |  0.000000E+00 |  0.000000E+00 |             f
   429 |    34320 |      6 |  0.000000E+00 |  0.000000E+00 |  0.000000E+00 |             f
   430 |    34400 |      6 |  0.000000E+00 |  0.000000E+00 |  0.000000E+00 |             f
   431 |    34480 |      7 |  0.000000E+00 |  0.000000E+00 |  0.000000E+00 |             f
   432 |    34560 |      9 |  0.000000E+00 |  0.000000E+00 |  0.000000E+00 |             f
   433 |    34640 |     11 |  0.000000E+00 |  0.000000E+00 |  0.000000E+00 |             f
   434 |    34720 |     14 |  0.000000E+00 |  0.000000E+00 |  0.000000E+00 |             f
   435 |    34800 |     20 |  0.000000E+00 |  0.000000E+00 |  0.000000E+00 |             f
   436 |    34880 |      1 |  0.000000E+00 |  0.000000E+00 |  0.0019739342 |             f
   437 |    34960 |      1 |  0.000000E+00 |  0.000000E+00 |  1.702037E+02 |         ideal
   438 |    35040 |      1 |  0.000000E+00 |  0.000000E+00 |  0.000000E+00 |             f
   439 |    35120 |      1 |  0.000000E+00 |  0.000000E+00 |  0.000000E+00 |             f
   440 |    35200 |      1 |  0.000000E+00 |  0.000000E+00 |  0.000000E+00 |             f
   441 |    35280 |      1 |  0.000000E+00 |  0.000000E+00 |  0.0292407314 |         ideal
   442 |    35360 |      1 |  0.000000E+00 |  0.000000E+00 |  1.5647973237 |         ideal
   443 |    35440 |      3 |  0.000000E+00 |  0.000000E+00 |  0.000000E+00 |             f
   444 |    35520 |      6 |  0.000000E+00 |  0.000000E+00 |  0.000000E+00 |             f
   445 |    35600 |     11 |  0.000000E+00 |  0.000000E+00 |  0.000000E+00 |             f
   446 |    35680 |     18 |  0.000000E+00 |  0.000000E+00 |  0.000000E+00 |             f
   447 |    35760 |      1 |  0.000000E+00 |  0.000000E+00 |  0.0084763374 |         ideal
   448 |    35840 |      1 |  0.000000E+00 |  0.000000E+00 |  4.453730E+01 |         ideal
   449 |    35920 |      1 |  0.000000E+00 |  0.000000E+00 |  0.000000E+00 |             f
   450 |    36000 |      2 |  0.000000E+00 |  0.000000E+00 |  0.000000E+00 |             f
   451 |    36080 |      2 |  0.000000E+00 |  0.000000E+00 |  0.000000E+00 |             f
   452 |    36160 |      1 |  0.000000E+00 |  0.000000E+00 |  8.428597E+01 |         ideal
   453 |    36240 |      1 |  0.000000E+00 |  0.000000E+00 |  6.1291607348 |         ideal
   454 |    36320 |      1 |  0.000000E+00 |  0.000000E+00 |  4.467860E+01 |         ideal
   455 |    36400 |      2 |  0.000000E+00 |  0.000000E+00 |  0.000000E+00 |             f
   456 |    36480 |      1 |  0.000000E+00 |  0.000000E+00 |  1.211172E+01 |         ideal
   457 |    36560 |      1 |  0.000000E+00 |  0.000000E+00 |  0.000000E+00 |             f
   458 |    36640 |      2 |  0.000000E+00 |  0.000000E+00 |  0.000000E+00 |             f
   459 |    36720 |      2 |  0.000000E+00 |  0.000000E+00 |  0.000000E+00 |             f
   460 |    36800 |      1 |  0.000000E+00 |  0.000000E+00 |  0.4289228951 |         ideal
   461 |    36880 |      1 |  0.000000E+00 |  0.000000E+00 |  1.6377403042 |         ideal
   462 |    36960 |      1 |  0.000000E+00 |  0.000000E+00 |  9.8077938486 |         ideal
   463 |    37040 |      1 |  0.000000E+00 |  0.000000E+00 |  0.0275563775 |         ideal
   464 |    37120 |      1 |  0.000000E+00 |  0.000000E+00 |  1.834358E+01 |         ideal
   465 |    37200 |      1 |  0.000000E+00 |  0.000000E+00 |  1.2789292596 |         ideal
   466 |    37280 |      2 |  0.000000E+00 |  0.000000E+00 |  0.000000E+00 |             f
   467 |    37360 |      1 |  0.000000E+00 |  0.000000E+00 |  1.5962859645 |         ideal
   468 |    37440 |      1 |  0.000000E+00 |  0.000000E+00 |  2.3034654794 |         ideal
   469 |    37520 |      1 |  0.000000E+00 |  0.000000E+00 |  0.000000E+00 |             f
   470 |    37600 |      2 |  0.000000E+00 |  0.000000E+00 |  0.000000E+00 |             f
   471 |    37680 |      2 |  0.000000E+00 |  0.000000E+00 |  0.000000E+00 |             f
   472 |    37760 |      2 |  0.000000E+00 |  0.000000E+00 |  0.000000E+00 |             f
   473 |    37840 |      2 |  0.000000E+00 |  0.000000E+00 |  0.000000E+00 |             f
   474 |    37920 |      1 |  0.000000E+00 |  0.000000E+00 |  0.3124480349 |         ideal
   475 |    38000 |      1 |  0.000000E+00 |  0.000000E+00 |  0.1327885613 |         ideal
   476 |    38080 |      1 |  0.000000E+00 |  0.000000E+00 |  0.000000E+00 |             f
   477 |    38160 |      2 |  0.000000E+00 |  0.000000E+00 |  0.000000E+00 |             f
   478 |    38240 |      1 |  0.000000E+00 |  0.000000E+00 |  0.0118118423 |         ideal
   479 |    38320 |      2 |  0.000000E+00 |  0.000000E+00 |  0.000000E+00 |             f
   480 |    38400 |      1 |  0.000000E+00 |  0.000000E+00 |  0.0120761186 |         ideal
   481 |    38480 |      1 |  0.000000E+00 |  0.000000E+00 |  0.000000E+00 |             f
   482 |    38560 |      1 |  0.000000E+00 |  0.000000E+00 |  0.000000E+00 |             f
   483 |    38640 |      1 |  0.000000E+00 |  0.000000E+00 |  0.0916883592 |         ideal
   484 |    38720 |      1 |  0.000000E+00 |  0.000000E+00 |  0.000000E+00 |             f
   485 |    38800 |      1 |  0.000000E+00 |  0.000000E+00 |  0.000000E+00 |             f
   486 |    38880 |      1 |  0.000000E+00 |  0.000000E+00 |  0.000000E+00 |             f
   487 |    38960 |      1 |  0.000000E+00 |  0.000000E+00 |  0.000000E+00 |             f
   488 |    39040 |      2 |  0.000000E+00 |  0.000000E+00 |  0.000000E+00 |             f
   489 |    39120 |      1 |  0.000000E+00 |  0.000000E+00 |  0.0103540114 |         ideal
   490 |    39200 |      2 |  0.000000E+00 |  0.000000E+00 |  0.000000E+00 |             f
   491 |    39280 |      3 |  0.000000E+00 |  0.000000E+00 |  0.000000E+00 |             f
   492 |    39360 |      4 |  0.000000E+00 |  0.000000E+00 |  0.000000E+00 |             f
   493 |    39440 |      5 |  0.000000E+00 |  0.000000E+00 |  0.000000E+00 |             f
   494 |    39520 |      2 |  0.000000E+00 |  0.000000E+00 |  0.0017582277 |             f
   495 |    39600 |      3 |  0.000000E+00 |  0.000000E+00 |  0.0017582277 |             f
   496 |    39680 |      5 |  0.000000E+00 |  0.000000E+00 |  0.0017582277 |             f
   497 |    39760 |      9 |  0.000000E+00 |  0.000000E+00 |  0.0017582277 |             f
   498 |    39840 |      1 |  0.000000E+00 |  0.000000E+00 |  0.0019354903 |             f
   499 |    39920 |      2 |  0.000000E+00 |  0.000000E+00 |  0.0019354903 |             f
   500 |    40000 |      2 |  0.000000E+00 |  0.000000E+00 |  0.0019354903 |             f
mean B0=45.0391 homogen=18684.2594
mean B0=45.0391 homogen=18684.2594
   501 |    40080 |      3 |  0.000000E+00 |  0.000000E+00 |  0.0019354903 |             f
   502 |    40160 |      4 |  0.000000E+00 |  0.000000E+00 |  0.0019354903 |             f
   503 |    40240 |      2 |  0.000000E+00 |  0.000000E+00 |  0.0035833272 |         ideal
   504 |    40320 |      5 |  0.000000E+00 |  0.000000E+00 |  0.000000E+00 |             f
   505 |    40400 |     12 |  0.000000E+00 |  0.000000E+00 |  0.000000E+00 |             f
   506 |    40480 |     19 |  0.000000E+00 |  0.000000E+00 |  0.000000E+00 |             f
   507 |    40560 |     34 |  0.000000E+00 |  0.000000E+00 |  0.000000E+00 |             f
   508 |    40640 |     59 |  0.000000E+00 |  0.000000E+00 |  0.000000E+00 |             f
   509 |    40720 |     80 |  0.000000E+00 |  0.000000E+00 |  0.000000E+00 |             f
Process SpawnPoolWorker-1:
Traceback (most recent call last):
  File "/opt/homebrew/Cellar/python@3.12/3.12.13_4/Frameworks/Python.framework/Versions/3.12/lib/python3.12/multiprocessing/pool.py", line 131, in worker
    put((job, i, result))
  File "/opt/homebrew/Cellar/python@3.12/3.12.13_4/Frameworks/Python.framework/Versions/3.12/lib/python3.12/multiprocessing/queues.py", line 399, in put
    self._writer.send_bytes(obj)
  File "/opt/homebrew/Cellar/python@3.12/3.12.13_4/Frameworks/Python.framework/Versions/3.12/lib/python3.12/multiprocessing/connection.py", line 200, in send_bytes
    self._send_bytes(m[offset:offset + size])
  File "/opt/homebrew/Cellar/python@3.12/3.12.13_4/Frameworks/Python.framework/Versions/3.12/lib/python3.12/multiprocessing/connection.py", line 427, in _send_bytes
    self._send(header + buf)
  File "/opt/homebrew/Cellar/python@3.12/3.12.13_4/Frameworks/Python.framework/Versions/3.12/lib/python3.12/multiprocessing/connection.py", line 384, in _send
    n = write(self._handle, buf)
        ^^^^^^^^^^^^^^^^^^^^^^^^
BrokenPipeError: [Errno 32] Broken pipe

During handling of the above exception, another exception occurred:

Traceback (most recent call last):
  File "/opt/homebrew/Cellar/python@3.12/3.12.13_4/Frameworks/Python.framework/Versions/3.12/lib/python3.12/multiprocessing/process.py", line 314, in _bootstrap
    self.run()
  File "/opt/homebrew/Cellar/python@3.12/3.12.13_4/Frameworks/Python.framework/Versions/3.12/lib/python3.12/multiprocessing/process.py", line 108, in run
    self._target(*self._args, **self._kwargs)
  File "/opt/homebrew/Cellar/python@3.12/3.12.13_4/Frameworks/Python.framework/Versions/3.12/lib/python3.12/multiprocessing/pool.py", line 136, in worker
    put((job, i, (False, wrapped)))
  File "/opt/homebrew/Cellar/python@3.12/3.12.13_4/Frameworks/Python.framework/Versions/3.12/lib/python3.12/multiprocessing/queues.py", line 399, in put
    self._writer.send_bytes(obj)
  File "/opt/homebrew/Cellar/python@3.12/3.12.13_4/Frameworks/Python.framework/Versions/3.12/lib/python3.12/multiprocessing/connection.py", line 200, in send_bytes
    self._send_bytes(m[offset:offset + size])
  File "/opt/homebrew/Cellar/python@3.12/3.12.13_4/Frameworks/Python.framework/Versions/3.12/lib/python3.12/multiprocessing/connection.py", line 427, in _send_bytes
    self._send(header + buf)
  File "/opt/homebrew/Cellar/python@3.12/3.12.13_4/Frameworks/Python.framework/Versions/3.12/lib/python3.12/multiprocessing/connection.py", line 384, in _send
    n = write(self._handle, buf)
        ^^^^^^^^^^^^^^^^^^^^^^^^
BrokenPipeError: [Errno 32] Broken pipe
Process SpawnPoolWorker-2:
Traceback (most recent call last):
  File "/opt/homebrew/Cellar/python@3.12/3.12.13_4/Frameworks/Python.framework/Versions/3.12/lib/python3.12/multiprocessing/pool.py", line 131, in worker
    put((job, i, result))
  File "/opt/homebrew/Cellar/python@3.12/3.12.13_4/Frameworks/Python.framework/Versions/3.12/lib/python3.12/multiprocessing/queues.py", line 399, in put
    self._writer.send_bytes(obj)
  File "/opt/homebrew/Cellar/python@3.12/3.12.13_4/Frameworks/Python.framework/Versions/3.12/lib/python3.12/multiprocessing/connection.py", line 200, in send_bytes
    self._send_bytes(m[offset:offset + size])
  File "/opt/homebrew/Cellar/python@3.12/3.12.13_4/Frameworks/Python.framework/Versions/3.12/lib/python3.12/multiprocessing/connection.py", line 427, in _send_bytes
    self._send(header + buf)
  File "/opt/homebrew/Cellar/python@3.12/3.12.13_4/Frameworks/Python.framework/Versions/3.12/lib/python3.12/multiprocessing/connection.py", line 384, in _send
    n = write(self._handle, buf)
        ^^^^^^^^^^^^^^^^^^^^^^^^
BrokenPipeError: [Errno 32] Broken pipe

During handling of the above exception, another exception occurred:

Traceback (most recent call last):
  File "/opt/homebrew/Cellar/python@3.12/3.12.13_4/Frameworks/Python.framework/Versions/3.12/lib/python3.12/multiprocessing/process.py", line 314, in _bootstrap
    self.run()
  File "/opt/homebrew/Cellar/python@3.12/3.12.13_4/Frameworks/Python.framework/Versions/3.12/lib/python3.12/multiprocessing/process.py", line 108, in run
    self._target(*self._args, **self._kwargs)
  File "/opt/homebrew/Cellar/python@3.12/3.12.13_4/Frameworks/Python.framework/Versions/3.12/lib/python3.12/multiprocessing/pool.py", line 136, in worker
    put((job, i, (False, wrapped)))
  File "/opt/homebrew/Cellar/python@3.12/3.12.13_4/Frameworks/Python.framework/Versions/3.12/lib/python3.12/multiprocessing/queues.py", line 399, in put
    self._writer.send_bytes(obj)
  File "/opt/homebrew/Cellar/python@3.12/3.12.13_4/Frameworks/Python.framework/Versions/3.12/lib/python3.12/multiprocessing/connection.py", line 200, in send_bytes
    self._send_bytes(m[offset:offset + size])
  File "/opt/homebrew/Cellar/python@3.12/3.12.13_4/Frameworks/Python.framework/Versions/3.12/lib/python3.12/multiprocessing/connection.py", line 427, in _send_bytes
    self._send(header + buf)
  File "/opt/homebrew/Cellar/python@3.12/3.12.13_4/Frameworks/Python.framework/Versions/3.12/lib/python3.12/multiprocessing/connection.py", line 384, in _send
    n = write(self._handle, buf)
        ^^^^^^^^^^^^^^^^^^^^^^^^
BrokenPipeError: [Errno 32] Broken pipe
Process SpawnPoolWorker-3:
Traceback (most recent call last):
  File "/opt/homebrew/Cellar/python@3.12/3.12.13_4/Frameworks/Python.framework/Versions/3.12/lib/python3.12/multiprocessing/pool.py", line 131, in worker
    put((job, i, result))
  File "/opt/homebrew/Cellar/python@3.12/3.12.13_4/Frameworks/Python.framework/Versions/3.12/lib/python3.12/multiprocessing/queues.py", line 399, in put
    self._writer.send_bytes(obj)
  File "/opt/homebrew/Cellar/python@3.12/3.12.13_4/Frameworks/Python.framework/Versions/3.12/lib/python3.12/multiprocessing/connection.py", line 200, in send_bytes
    self._send_bytes(m[offset:offset + size])
  File "/opt/homebrew/Cellar/python@3.12/3.12.13_4/Frameworks/Python.framework/Versions/3.12/lib/python3.12/multiprocessing/connection.py", line 427, in _send_bytes
    self._send(header + buf)
  File "/opt/homebrew/Cellar/python@3.12/3.12.13_4/Frameworks/Python.framework/Versions/3.12/lib/python3.12/multiprocessing/connection.py", line 384, in _send
    n = write(self._handle, buf)
        ^^^^^^^^^^^^^^^^^^^^^^^^
BrokenPipeError: [Errno 32] Broken pipe

During handling of the above exception, another exception occurred:

Traceback (most recent call last):
  File "/opt/homebrew/Cellar/python@3.12/3.12.13_4/Frameworks/Python.framework/Versions/3.12/lib/python3.12/multiprocessing/process.py", line 314, in _bootstrap
    self.run()
  File "/opt/homebrew/Cellar/python@3.12/3.12.13_4/Frameworks/Python.framework/Versions/3.12/lib/python3.12/multiprocessing/process.py", line 108, in run
    self._target(*self._args, **self._kwargs)
  File "/opt/homebrew/Cellar/python@3.12/3.12.13_4/Frameworks/Python.framework/Versions/3.12/lib/python3.12/multiprocessing/pool.py", line 136, in worker
    put((job, i, (False, wrapped)))
  File "/opt/homebrew/Cellar/python@3.12/3.12.13_4/Frameworks/Python.framework/Versions/3.12/lib/python3.12/multiprocessing/queues.py", line 399, in put
    self._writer.send_bytes(obj)
  File "/opt/homebrew/Cellar/python@3.12/3.12.13_4/Frameworks/Python.framework/Versions/3.12/lib/python3.12/multiprocessing/connection.py", line 200, in send_bytes
    self._send_bytes(m[offset:offset + size])
  File "/opt/homebrew/Cellar/python@3.12/3.12.13_4/Frameworks/Python.framework/Versions/3.12/lib/python3.12/multiprocessing/connection.py", line 427, in _send_bytes
    self._send(header + buf)
  File "/opt/homebrew/Cellar/python@3.12/3.12.13_4/Frameworks/Python.framework/Versions/3.12/lib/python3.12/multiprocessing/connection.py", line 384, in _send
    n = write(self._handle, buf)
        ^^^^^^^^^^^^^^^^^^^^^^^^
BrokenPipeError: [Errno 32] Broken pipe
/opt/homebrew/Cellar/python@3.12/3.12.13_4/Frameworks/Python.framework/Versions/3.12/lib/python3.12/multiprocessing/resource_tracker.py:279: UserWarning: resource_tracker: There appear to be 6 leaked semaphore objects to clean up at shutdown
  warnings.warn('resource_tracker: There appear to be %d '
