/Users/nv/Documents/MRI/magnet_design/optimize_bore50mm_robust.py:54: DeprecationWarning: Importing 'StarmapParallelization' from 'pymoo.core.problem' is deprecated. Please use 'from pymoo.parallelization import StarmapParallelization' instead. This backward compatibility import will be removed in a future version.
  from pymoo.core.problem import StarmapParallelization
==========================================================================================
n_gen  |  n_eval  | n_nds  |     cv_min    |     cv_avg    |      eps      |   indicator  
==========================================================================================
     1 |       40 |      1 |  0.000000E+00 |  2.375722E+01 |             - |             -
     2 |       80 |      2 |  0.000000E+00 |  1.293706E+01 |  1.0000000000 |         ideal
     3 |      120 |      3 |  0.000000E+00 |  5.4522420805 |  0.7939465534 |         ideal
     4 |      160 |      5 |  0.000000E+00 |  0.7831014119 |  0.0197434549 |         ideal
     5 |      200 |      8 |  0.000000E+00 |  0.000000E+00 |  0.0950955237 |         ideal
     6 |      240 |      7 |  0.000000E+00 |  0.000000E+00 |  0.0153562935 |         ideal
     7 |      280 |      5 |  0.000000E+00 |  0.000000E+00 |  0.0457651406 |         ideal
     8 |      320 |      7 |  0.000000E+00 |  0.000000E+00 |  0.0432158889 |             f
     9 |      360 |      8 |  0.000000E+00 |  0.000000E+00 |  0.0173667473 |             f
    10 |      400 |      7 |  0.000000E+00 |  0.000000E+00 |  0.0739947305 |             f
    11 |      440 |      7 |  0.000000E+00 |  0.000000E+00 |  0.0250140180 |             f
    12 |      480 |     10 |  0.000000E+00 |  0.000000E+00 |  0.0331546920 |             f
    13 |      520 |      6 |  0.000000E+00 |  0.000000E+00 |  0.1600000000 |         ideal
    14 |      560 |      9 |  0.000000E+00 |  0.000000E+00 |  0.0033505047 |         ideal
    15 |      600 |     10 |  0.000000E+00 |  0.000000E+00 |  0.0097856581 |             f
    16 |      640 |     14 |  0.000000E+00 |  0.000000E+00 |  0.0310562579 |             f
    17 |      680 |     17 |  0.000000E+00 |  0.000000E+00 |  0.0226618488 |             f
    18 |      720 |     11 |  0.000000E+00 |  0.000000E+00 |  0.0138822067 |             f
    19 |      760 |     10 |  0.000000E+00 |  0.000000E+00 |  0.0079617465 |             f
    20 |      800 |      9 |  0.000000E+00 |  0.000000E+00 |  0.0078740157 |         ideal
    21 |      840 |     11 |  0.000000E+00 |  0.000000E+00 |  0.0552743366 |         nadir
    22 |      880 |     12 |  0.000000E+00 |  0.000000E+00 |  0.0129142015 |         nadir
    23 |      920 |     14 |  0.000000E+00 |  0.000000E+00 |  0.0125706137 |             f
    24 |      960 |     13 |  0.000000E+00 |  0.000000E+00 |  0.0112164191 |             f
    25 |     1000 |     11 |  0.000000E+00 |  0.000000E+00 |  0.0307436364 |         ideal
    26 |     1040 |     11 |  0.000000E+00 |  0.000000E+00 |  0.0002995627 |             f
    27 |     1080 |     11 |  0.000000E+00 |  0.000000E+00 |  0.0010880805 |             f
    28 |     1120 |     12 |  0.000000E+00 |  0.000000E+00 |  0.0050010292 |             f
    29 |     1160 |     15 |  0.000000E+00 |  0.000000E+00 |  0.0031904152 |             f
    30 |     1200 |     16 |  0.000000E+00 |  0.000000E+00 |  0.0001299932 |             f
    31 |     1240 |     14 |  0.000000E+00 |  0.000000E+00 |  0.1946703692 |         nadir
    32 |     1280 |     15 |  0.000000E+00 |  0.000000E+00 |  0.0049610875 |             f
    33 |     1320 |     16 |  0.000000E+00 |  0.000000E+00 |  0.000000E+00 |             f
    34 |     1360 |     13 |  0.000000E+00 |  0.000000E+00 |  0.0044764811 |             f
    35 |     1400 |     12 |  0.000000E+00 |  0.000000E+00 |  0.0001349970 |             f
    36 |     1440 |     11 |  0.000000E+00 |  0.000000E+00 |  0.0009950684 |             f
    37 |     1480 |     12 |  0.000000E+00 |  0.000000E+00 |  0.0508474576 |         ideal
    38 |     1520 |     15 |  0.000000E+00 |  0.000000E+00 |  0.0000830566 |             f
    39 |     1560 |     13 |  0.000000E+00 |  0.000000E+00 |  0.0109857010 |             f
    40 |     1600 |     14 |  0.000000E+00 |  0.000000E+00 |  0.0015837658 |             f
    41 |     1640 |     14 |  0.000000E+00 |  0.000000E+00 |  0.0051274090 |             f
    42 |     1680 |     16 |  0.000000E+00 |  0.000000E+00 |  0.0016666192 |             f
    43 |     1720 |     16 |  0.000000E+00 |  0.000000E+00 |  0.0019781967 |             f
    44 |     1760 |     16 |  0.000000E+00 |  0.000000E+00 |  0.0028189895 |             f
    45 |     1800 |     18 |  0.000000E+00 |  0.000000E+00 |  0.0000595778 |             f
    46 |     1840 |     17 |  0.000000E+00 |  0.000000E+00 |  0.0040324149 |         ideal
    47 |     1880 |     17 |  0.000000E+00 |  0.000000E+00 |  0.000000E+00 |             f
    48 |     1920 |     14 |  0.000000E+00 |  0.000000E+00 |  0.0007979435 |             f
    49 |     1960 |     15 |  0.000000E+00 |  0.000000E+00 |  0.0012685231 |             f
    50 |     2000 |     16 |  0.000000E+00 |  0.000000E+00 |  0.0024870817 |             f
    51 |     2040 |     14 |  0.000000E+00 |  0.000000E+00 |  0.0112588193 |         nadir
    52 |     2080 |     16 |  0.000000E+00 |  0.000000E+00 |  0.0031807360 |         nadir
    53 |     2120 |     19 |  0.000000E+00 |  0.000000E+00 |  0.0001249187 |             f
    54 |     2160 |     19 |  0.000000E+00 |  0.000000E+00 |  0.0002135808 |             f
    55 |     2200 |     19 |  0.000000E+00 |  0.000000E+00 |  0.0002135808 |             f
    56 |     2240 |     19 |  0.000000E+00 |  0.000000E+00 |  0.0045003592 |         ideal
    57 |     2280 |     21 |  0.000000E+00 |  0.000000E+00 |  0.0018263365 |             f
    58 |     2320 |     19 |  0.000000E+00 |  0.000000E+00 |  0.0048432380 |         ideal
    59 |     2360 |     19 |  0.000000E+00 |  0.000000E+00 |  0.0003624190 |             f
    60 |     2400 |     16 |  0.000000E+00 |  0.000000E+00 |  0.0006183113 |             f
    61 |     2440 |     15 |  0.000000E+00 |  0.000000E+00 |  0.0060349697 |             f
    62 |     2480 |     14 |  0.000000E+00 |  0.000000E+00 |  0.0003183220 |             f
    63 |     2520 |     14 |  0.000000E+00 |  0.000000E+00 |  0.0038938794 |             f
    64 |     2560 |     14 |  0.000000E+00 |  0.000000E+00 |  0.0000746980 |             f
    65 |     2600 |     15 |  0.000000E+00 |  0.000000E+00 |  0.2435897436 |         nadir
    66 |     2640 |     17 |  0.000000E+00 |  0.000000E+00 |  0.0001478110 |             f
    67 |     2680 |     18 |  0.000000E+00 |  0.000000E+00 |  0.0067319570 |         ideal
    68 |     2720 |     16 |  0.000000E+00 |  0.000000E+00 |  0.0000568727 |             f
    69 |     2760 |     16 |  0.000000E+00 |  0.000000E+00 |  0.0004825030 |             f
    70 |     2800 |     17 |  0.000000E+00 |  0.000000E+00 |  0.0004541205 |             f
    71 |     2840 |     18 |  0.000000E+00 |  0.000000E+00 |  0.0004289199 |             f
    72 |     2880 |     19 |  0.000000E+00 |  0.000000E+00 |  0.0037208012 |             f
    73 |     2920 |     19 |  0.000000E+00 |  0.000000E+00 |  0.0005867245 |             f
    74 |     2960 |     19 |  0.000000E+00 |  0.000000E+00 |  0.0005879116 |             f
    75 |     3000 |     19 |  0.000000E+00 |  0.000000E+00 |  0.0007548743 |             f
    76 |     3040 |     22 |  0.000000E+00 |  0.000000E+00 |  0.0006642280 |             f
    77 |     3080 |     22 |  0.000000E+00 |  0.000000E+00 |  0.0011443273 |             f
    78 |     3120 |     22 |  0.000000E+00 |  0.000000E+00 |  0.0011523423 |             f
    79 |     3160 |     24 |  0.000000E+00 |  0.000000E+00 |  0.0020224276 |             f
    80 |     3200 |     24 |  0.000000E+00 |  0.000000E+00 |  0.0020224276 |             f
    81 |     3240 |     21 |  0.000000E+00 |  0.000000E+00 |  0.0038208354 |             f
    82 |     3280 |     22 |  0.000000E+00 |  0.000000E+00 |  0.000000E+00 |             f
    83 |     3320 |     23 |  0.000000E+00 |  0.000000E+00 |  0.0028241720 |             f
    84 |     3360 |     22 |  0.000000E+00 |  0.000000E+00 |  0.0062111801 |         ideal
    85 |     3400 |     25 |  0.000000E+00 |  0.000000E+00 |  0.0005004312 |             f
    86 |     3440 |     25 |  0.000000E+00 |  0.000000E+00 |  0.0005987398 |             f
    87 |     3480 |     24 |  0.000000E+00 |  0.000000E+00 |  0.0007987977 |             f
    88 |     3520 |     27 |  0.000000E+00 |  0.000000E+00 |  0.0007100424 |             f
    89 |     3560 |     24 |  0.000000E+00 |  0.000000E+00 |  0.0008544203 |             f
    90 |     3600 |     21 |  0.000000E+00 |  0.000000E+00 |  0.0011415495 |             f
    91 |     3640 |     24 |  0.000000E+00 |  0.000000E+00 |  0.0012741522 |             f
    92 |     3680 |     28 |  0.000000E+00 |  0.000000E+00 |  0.0011420028 |             f
    93 |     3720 |     28 |  0.000000E+00 |  0.000000E+00 |  0.0012090484 |             f
    94 |     3760 |     29 |  0.000000E+00 |  0.000000E+00 |  0.0124907809 |         nadir
    95 |     3800 |     22 |  0.000000E+00 |  0.000000E+00 |  1.389152E-06 |             f
    96 |     3840 |     22 |  0.000000E+00 |  0.000000E+00 |  2.241435E-06 |             f
    97 |     3880 |     24 |  0.000000E+00 |  0.000000E+00 |  0.0006681620 |             f
    98 |     3920 |     26 |  0.000000E+00 |  0.000000E+00 |  0.0026288392 |             f
    99 |     3960 |     26 |  0.000000E+00 |  0.000000E+00 |  7.315223E-07 |             f
   100 |     4000 |     29 |  0.000000E+00 |  0.000000E+00 |  0.0000240084 |             f
mean B0=64.5972 homogen=365.1931
mean B0=67.5388 homogen=759.9981
mean B0=58.4831 homogen=448.8102
mean B0=54.5381 homogen=203.1923
mean B0=56.579 homogen=400.8682
mean B0=50.0708 homogen=6810.8105
mean B0=57.3957 homogen=432.2596
mean B0=54.0607 homogen=682.4387
mean B0=51.0033 homogen=205.2124
mean B0=55.6238 homogen=373.5062
mean B0=64.5972 homogen=365.1931
mean B0=51.0033 homogen=205.2124
mean B0=50.4267 homogen=746.4798
mean B0=50.2427 homogen=700.4169
mean B0=50.7787 homogen=1689.0163
mean B0=50.1815 homogen=6717.3052
mean B0=55.4253 homogen=165.9899
mean B0=50.0708 homogen=6810.8105
mean B0=50.3321 homogen=8274.6921
mean B0=62.3334 homogen=841.8388
mean B0=64.9942 homogen=376.3148
mean B0=60.6119 homogen=260.2603
mean B0=50.0708 homogen=6810.8105
mean B0=51.9082 homogen=530.9648
mean B0=65.224 homogen=354.004
mean B0=64.5972 homogen=365.1931
mean B0=50.0708 homogen=6810.8105
mean B0=60.6119 homogen=260.2603
mean B0=50.2427 homogen=700.4169
   101 |     4040 |     30 |  0.000000E+00 |  0.000000E+00 |  0.0254777070 |         nadir
   102 |     4080 |     30 |  0.000000E+00 |  0.000000E+00 |  0.0000285886 |             f
   103 |     4120 |     27 |  0.000000E+00 |  0.000000E+00 |  0.0005179741 |             f
   104 |     4160 |     28 |  0.000000E+00 |  0.000000E+00 |  0.0049520199 |         nadir
   105 |     4200 |     35 |  0.000000E+00 |  0.000000E+00 |  0.0019614892 |             f
   106 |     4240 |     39 |  0.000000E+00 |  0.000000E+00 |  0.0017581618 |             f
   107 |     4280 |     38 |  0.000000E+00 |  0.000000E+00 |  0.0018590567 |             f
   108 |     4320 |     40 |  0.000000E+00 |  0.000000E+00 |  0.0017661039 |             f
   109 |     4360 |     40 |  0.000000E+00 |  0.000000E+00 |  0.0018165861 |             f
   110 |     4400 |     40 |  0.000000E+00 |  0.000000E+00 |  0.0027050694 |             f
   111 |     4440 |     40 |  0.000000E+00 |  0.000000E+00 |  0.0000805887 |             f
   112 |     4480 |     40 |  0.000000E+00 |  0.000000E+00 |  0.0000942346 |             f
   113 |     4520 |     40 |  0.000000E+00 |  0.000000E+00 |  0.0022640234 |             f
   114 |     4560 |     40 |  0.000000E+00 |  0.000000E+00 |  0.0026075339 |             f
   115 |     4600 |     40 |  0.000000E+00 |  0.000000E+00 |  0.0003184813 |             f
   116 |     4640 |     40 |  0.000000E+00 |  0.000000E+00 |  0.0003772207 |             f
   117 |     4680 |     40 |  0.000000E+00 |  0.000000E+00 |  0.0004038788 |             f
   118 |     4720 |     40 |  0.000000E+00 |  0.000000E+00 |  0.0004041915 |             f
   119 |     4760 |     40 |  0.000000E+00 |  0.000000E+00 |  0.0004041915 |             f
   120 |     4800 |     40 |  0.000000E+00 |  0.000000E+00 |  0.0007415372 |             f
   121 |     4840 |     40 |  0.000000E+00 |  0.000000E+00 |  0.0026459733 |             f
   122 |     4880 |     40 |  0.000000E+00 |  0.000000E+00 |  0.000000E+00 |             f
   123 |     4920 |     40 |  0.000000E+00 |  0.000000E+00 |  1.336658E-06 |             f
   124 |     4960 |     40 |  0.000000E+00 |  0.000000E+00 |  0.0000464595 |             f
   125 |     5000 |     40 |  0.000000E+00 |  0.000000E+00 |  0.0000464595 |             f
   126 |     5040 |     40 |  0.000000E+00 |  0.000000E+00 |  0.0000464595 |             f
   127 |     5080 |     40 |  0.000000E+00 |  0.000000E+00 |  0.0000464595 |             f
   128 |     5120 |     40 |  0.000000E+00 |  0.000000E+00 |  0.0000527633 |             f
   129 |     5160 |     27 |  0.000000E+00 |  0.000000E+00 |  0.0002346572 |             f
   130 |     5200 |     24 |  0.000000E+00 |  0.000000E+00 |  0.0010268886 |             f
   131 |     5240 |     24 |  0.000000E+00 |  0.000000E+00 |  0.0010544888 |             f
   132 |     5280 |     28 |  0.000000E+00 |  0.000000E+00 |  0.0009112549 |             f
   133 |     5320 |     28 |  0.000000E+00 |  0.000000E+00 |  0.0010694324 |             f
   134 |     5360 |     24 |  0.000000E+00 |  0.000000E+00 |  0.0012761372 |             f
   135 |     5400 |     21 |  0.000000E+00 |  0.000000E+00 |  0.0014311579 |             f
   136 |     5440 |     21 |  0.000000E+00 |  0.000000E+00 |  0.0014311579 |             f
   137 |     5480 |     21 |  0.000000E+00 |  0.000000E+00 |  0.0018367930 |             f
   138 |     5520 |     20 |  0.000000E+00 |  0.000000E+00 |  0.0020786597 |             f
   139 |     5560 |     20 |  0.000000E+00 |  0.000000E+00 |  0.0021039225 |             f
   140 |     5600 |     22 |  0.000000E+00 |  0.000000E+00 |  0.0041922114 |             f
   141 |     5640 |     22 |  0.000000E+00 |  0.000000E+00 |  0.000000E+00 |             f
   142 |     5680 |     19 |  0.000000E+00 |  0.000000E+00 |  0.0009601771 |             f
   143 |     5720 |     21 |  0.000000E+00 |  0.000000E+00 |  0.0012539201 |             f
   144 |     5760 |     25 |  0.000000E+00 |  0.000000E+00 |  0.0010871955 |             f
   145 |     5800 |     25 |  0.000000E+00 |  0.000000E+00 |  0.0010871955 |             f
   146 |     5840 |     27 |  0.000000E+00 |  0.000000E+00 |  0.0016916543 |             f
   147 |     5880 |     34 |  0.000000E+00 |  0.000000E+00 |  0.0064461508 |             f
   148 |     5920 |     24 |  0.000000E+00 |  0.000000E+00 |  0.0002882788 |             f
   149 |     5960 |     23 |  0.000000E+00 |  0.000000E+00 |  0.0004426005 |             f
   150 |     6000 |     19 |  0.000000E+00 |  0.000000E+00 |  0.0006584458 |             f
   151 |     6040 |     20 |  0.000000E+00 |  0.000000E+00 |  0.0006482257 |             f
   152 |     6080 |     20 |  0.000000E+00 |  0.000000E+00 |  0.0006555675 |             f
   153 |     6120 |     21 |  0.000000E+00 |  0.000000E+00 |  0.0056120838 |         nadir
   154 |     6160 |     24 |  0.000000E+00 |  0.000000E+00 |  0.0063291139 |         ideal
   155 |     6200 |     27 |  0.000000E+00 |  0.000000E+00 |  0.0000569787 |             f
   156 |     6240 |     27 |  0.000000E+00 |  0.000000E+00 |  0.0000602806 |             f
   157 |     6280 |     30 |  0.000000E+00 |  0.000000E+00 |  0.0003419362 |             f
   158 |     6320 |     33 |  0.000000E+00 |  0.000000E+00 |  0.0025021319 |             f
   159 |     6360 |     37 |  0.000000E+00 |  0.000000E+00 |  0.000000E+00 |             f
   160 |     6400 |     33 |  0.000000E+00 |  0.000000E+00 |  0.0002608067 |             f
   161 |     6440 |     35 |  0.000000E+00 |  0.000000E+00 |  0.0003441709 |             f
   162 |     6480 |     40 |  0.000000E+00 |  0.000000E+00 |  0.0060494777 |         nadir
   163 |     6520 |     40 |  0.000000E+00 |  0.000000E+00 |  0.0000734752 |             f
   164 |     6560 |     40 |  0.000000E+00 |  0.000000E+00 |  0.0000760788 |             f
   165 |     6600 |     40 |  0.000000E+00 |  0.000000E+00 |  0.0000799144 |             f
   166 |     6640 |     40 |  0.000000E+00 |  0.000000E+00 |  0.0004444425 |             f
   167 |     6680 |     40 |  0.000000E+00 |  0.000000E+00 |  0.0004444425 |             f
   168 |     6720 |     24 |  0.000000E+00 |  0.000000E+00 |  0.0008151454 |             f
   169 |     6760 |     23 |  0.000000E+00 |  0.000000E+00 |  0.0009532296 |             f
   170 |     6800 |     25 |  0.000000E+00 |  0.000000E+00 |  0.0008784813 |             f
   171 |     6840 |     25 |  0.000000E+00 |  0.000000E+00 |  0.0010034456 |             f
   172 |     6880 |     27 |  0.000000E+00 |  0.000000E+00 |  0.0016670426 |             f
   173 |     6920 |     27 |  0.000000E+00 |  0.000000E+00 |  0.0120371949 |         ideal
   174 |     6960 |     27 |  0.000000E+00 |  0.000000E+00 |  0.0001998646 |             f
   175 |     7000 |     30 |  0.000000E+00 |  0.000000E+00 |  0.0002624756 |             f
   176 |     7040 |     22 |  0.000000E+00 |  0.000000E+00 |  0.0004061041 |             f
   177 |     7080 |     24 |  0.000000E+00 |  0.000000E+00 |  0.0003935078 |             f
   178 |     7120 |     24 |  0.000000E+00 |  0.000000E+00 |  0.0003935078 |             f
   179 |     7160 |     29 |  0.000000E+00 |  0.000000E+00 |  0.0005096957 |             f
   180 |     7200 |     23 |  0.000000E+00 |  0.000000E+00 |  0.0006341041 |             f
   181 |     7240 |     26 |  0.000000E+00 |  0.000000E+00 |  0.0005937373 |             f
   182 |     7280 |     19 |  0.000000E+00 |  0.000000E+00 |  0.0010446170 |             f
   183 |     7320 |     19 |  0.000000E+00 |  0.000000E+00 |  0.0011128325 |             f
   184 |     7360 |     21 |  0.000000E+00 |  0.000000E+00 |  0.0028641073 |             f
   185 |     7400 |     22 |  0.000000E+00 |  0.000000E+00 |  0.000000E+00 |             f
   186 |     7440 |     26 |  0.000000E+00 |  0.000000E+00 |  0.000000E+00 |             f
   187 |     7480 |     31 |  0.000000E+00 |  0.000000E+00 |  0.0013743059 |             f
   188 |     7520 |     35 |  0.000000E+00 |  0.000000E+00 |  0.0017755280 |             f
   189 |     7560 |     23 |  0.000000E+00 |  0.000000E+00 |  0.0027855957 |             f
   190 |     7600 |     21 |  0.000000E+00 |  0.000000E+00 |  0.0004737762 |             f
   191 |     7640 |     23 |  0.000000E+00 |  0.000000E+00 |  0.0005127773 |             f
   192 |     7680 |     24 |  0.000000E+00 |  0.000000E+00 |  0.0005223056 |             f
   193 |     7720 |     24 |  0.000000E+00 |  0.000000E+00 |  0.0006969805 |             f
   194 |     7760 |     27 |  0.000000E+00 |  0.000000E+00 |  0.0006556191 |             f
   195 |     7800 |     25 |  0.000000E+00 |  0.000000E+00 |  0.0012224855 |             f
   196 |     7840 |     25 |  0.000000E+00 |  0.000000E+00 |  0.0045215133 |         nadir
   197 |     7880 |     27 |  0.000000E+00 |  0.000000E+00 |  0.0000137524 |             f
   198 |     7920 |     29 |  0.000000E+00 |  0.000000E+00 |  0.0000128040 |             f
   199 |     7960 |     33 |  0.000000E+00 |  0.000000E+00 |  0.0008080362 |             f
   200 |     8000 |     40 |  0.000000E+00 |  0.000000E+00 |  0.0006666299 |             f
mean B0=50.0423 homogen=9878.5168
mean B0=69.0737 homogen=456.2308
mean B0=50.2374 homogen=7994.1595
mean B0=60.6169 homogen=262.1952
mean B0=50.0543 homogen=4485.5414
mean B0=50.4351 homogen=4595.4948
mean B0=50.8523 homogen=1425.827
mean B0=57.4854 homogen=636.1775
mean B0=52.2348 homogen=447.7332
mean B0=63.3752 homogen=510.2241
mean B0=54.502 homogen=447.9646
mean B0=55.962 homogen=756.1064
mean B0=52.1639 homogen=360.7567
mean B0=58.3543 homogen=417.7308
mean B0=55.962 homogen=756.1064
mean B0=50.4106 homogen=717.7262
mean B0=55.1858 homogen=267.0228
mean B0=50.0543 homogen=4485.5414
mean B0=55.3904 homogen=262.2401
mean B0=51.517 homogen=601.9792
mean B0=50.4106 homogen=717.7262
mean B0=55.962 homogen=756.1064
mean B0=55.962 homogen=756.1064
mean B0=55.962 homogen=756.1064
mean B0=55.962 homogen=756.1064
mean B0=55.962 homogen=756.1064
mean B0=55.962 homogen=756.1064
mean B0=55.962 homogen=756.1064
mean B0=55.962 homogen=756.1064
mean B0=55.962 homogen=756.1064
mean B0=55.962 homogen=756.1064
mean B0=55.962 homogen=756.1064
mean B0=55.962 homogen=756.1064
mean B0=50.0543 homogen=4485.5414
mean B0=55.962 homogen=756.1064
mean B0=55.962 homogen=756.1064
mean B0=50.0543 homogen=4485.5414
mean B0=55.962 homogen=756.1064
mean B0=55.962 homogen=756.1064
mean B0=55.962 homogen=756.1064
   201 |     8040 |     40 |  0.000000E+00 |  0.000000E+00 |  0.0006666299 |             f
   202 |     8080 |     40 |  0.000000E+00 |  0.000000E+00 |  0.0006666299 |             f
   203 |     8120 |     40 |  0.000000E+00 |  0.000000E+00 |  0.0006666299 |             f
   204 |     8160 |     40 |  0.000000E+00 |  0.000000E+00 |  0.0006666299 |             f
   205 |     8200 |     40 |  0.000000E+00 |  0.000000E+00 |  0.0007047596 |             f
   206 |     8240 |     40 |  0.000000E+00 |  0.000000E+00 |  0.0007242344 |             f
   207 |     8280 |     40 |  0.000000E+00 |  0.000000E+00 |  0.0013989431 |             f
   208 |     8320 |     40 |  0.000000E+00 |  0.000000E+00 |  0.0014072664 |             f
   209 |     8360 |     40 |  0.000000E+00 |  0.000000E+00 |  0.0014309866 |             f
   210 |     8400 |     40 |  0.000000E+00 |  0.000000E+00 |  0.0007668445 |             f
   211 |     8440 |     40 |  0.000000E+00 |  0.000000E+00 |  0.0007560125 |             f
   212 |     8480 |     40 |  0.000000E+00 |  0.000000E+00 |  0.0007611669 |             f
   213 |     8520 |     40 |  0.000000E+00 |  0.000000E+00 |  0.0007615864 |             f
   214 |     8560 |     40 |  0.000000E+00 |  0.000000E+00 |  0.0007615864 |             f
   215 |     8600 |     40 |  0.000000E+00 |  0.000000E+00 |  0.0007615864 |             f
   216 |     8640 |     40 |  0.000000E+00 |  0.000000E+00 |  0.0007615864 |             f
   217 |     8680 |     40 |  0.000000E+00 |  0.000000E+00 |  0.0016490130 |             f
   218 |     8720 |     40 |  0.000000E+00 |  0.000000E+00 |  0.0016490130 |             f
   219 |     8760 |     40 |  0.000000E+00 |  0.000000E+00 |  0.0019480888 |             f
   220 |     8800 |     40 |  0.000000E+00 |  0.000000E+00 |  0.0019486760 |             f
   221 |     8840 |     40 |  0.000000E+00 |  0.000000E+00 |  0.0019799568 |             f
   222 |     8880 |     40 |  0.000000E+00 |  0.000000E+00 |  0.0021792541 |             f
   223 |     8920 |     40 |  0.000000E+00 |  0.000000E+00 |  0.0022774006 |             f
   224 |     8960 |     40 |  0.000000E+00 |  0.000000E+00 |  0.0022279829 |             f
   225 |     9000 |     40 |  0.000000E+00 |  0.000000E+00 |  0.0021317667 |             f
   226 |     9040 |     40 |  0.000000E+00 |  0.000000E+00 |  0.0021317667 |             f
   227 |     9080 |     40 |  0.000000E+00 |  0.000000E+00 |  0.0021840040 |             f
   228 |     9120 |     40 |  0.000000E+00 |  0.000000E+00 |  0.0041052068 |         nadir
   229 |     9160 |     40 |  0.000000E+00 |  0.000000E+00 |  2.080027E-07 |             f
   230 |     9200 |     17 |  0.000000E+00 |  0.000000E+00 |  5.682489E-07 |             f
   231 |     9240 |     17 |  0.000000E+00 |  0.000000E+00 |  5.682489E-07 |             f
   232 |     9280 |     17 |  0.000000E+00 |  0.000000E+00 |  5.682489E-07 |             f
   233 |     9320 |     19 |  0.000000E+00 |  0.000000E+00 |  8.421088E-06 |             f
   234 |     9360 |     18 |  0.000000E+00 |  0.000000E+00 |  0.0000325462 |             f
   235 |     9400 |     19 |  0.000000E+00 |  0.000000E+00 |  0.0000310460 |             f
   236 |     9440 |     20 |  0.000000E+00 |  0.000000E+00 |  0.0000337736 |             f
   237 |     9480 |     19 |  0.000000E+00 |  0.000000E+00 |  0.0024387439 |             f
   238 |     9520 |     21 |  0.000000E+00 |  0.000000E+00 |  0.0022072750 |             f
   239 |     9560 |     18 |  0.000000E+00 |  0.000000E+00 |  0.0025997799 |             f
   240 |     9600 |     17 |  0.000000E+00 |  0.000000E+00 |  0.0000829740 |             f
   241 |     9640 |     18 |  0.000000E+00 |  0.000000E+00 |  0.0001719580 |             f
   242 |     9680 |     20 |  0.000000E+00 |  0.000000E+00 |  0.0002042469 |             f
   243 |     9720 |     21 |  0.000000E+00 |  0.000000E+00 |  0.0002585694 |             f
   244 |     9760 |     19 |  0.000000E+00 |  0.000000E+00 |  0.0001839756 |             f
   245 |     9800 |     19 |  0.000000E+00 |  0.000000E+00 |  0.0001839756 |             f
   246 |     9840 |     20 |  0.000000E+00 |  0.000000E+00 |  0.0002396525 |             f
   247 |     9880 |     21 |  0.000000E+00 |  0.000000E+00 |  0.0002282405 |             f
   248 |     9920 |     21 |  0.000000E+00 |  0.000000E+00 |  0.0002848184 |             f
   249 |     9960 |     20 |  0.000000E+00 |  0.000000E+00 |  0.0004097665 |             f
   250 |    10000 |     18 |  0.000000E+00 |  0.000000E+00 |  0.0027943330 |         nadir
   251 |    10040 |     20 |  0.000000E+00 |  0.000000E+00 |  5.242908E-08 |             f
   252 |    10080 |     19 |  0.000000E+00 |  0.000000E+00 |  0.0013816462 |             f
   253 |    10120 |     21 |  0.000000E+00 |  0.000000E+00 |  0.0012500608 |             f
   254 |    10160 |     24 |  0.000000E+00 |  0.000000E+00 |  0.0011675472 |             f
   255 |    10200 |     24 |  0.000000E+00 |  0.000000E+00 |  0.0011675472 |             f
   256 |    10240 |     23 |  0.000000E+00 |  0.000000E+00 |  0.0012634481 |             f
   257 |    10280 |     29 |  0.000000E+00 |  0.000000E+00 |  0.0301341120 |         nadir
   258 |    10320 |     20 |  0.000000E+00 |  0.000000E+00 |  0.0001063047 |             f
   259 |    10360 |     20 |  0.000000E+00 |  0.000000E+00 |  0.0001848724 |             f
   260 |    10400 |     20 |  0.000000E+00 |  0.000000E+00 |  0.0002675953 |             f
   261 |    10440 |     25 |  0.000000E+00 |  0.000000E+00 |  0.0003922178 |             f
   262 |    10480 |     26 |  0.000000E+00 |  0.000000E+00 |  0.0004145076 |             f
   263 |    10520 |     30 |  0.000000E+00 |  0.000000E+00 |  0.0004968294 |             f
   264 |    10560 |     36 |  0.000000E+00 |  0.000000E+00 |  0.0004733823 |             f
   265 |    10600 |     33 |  0.000000E+00 |  0.000000E+00 |  0.0002804475 |             f
   266 |    10640 |     21 |  0.000000E+00 |  0.000000E+00 |  0.0004453702 |             f
   267 |    10680 |     22 |  0.000000E+00 |  0.000000E+00 |  0.0005994961 |             f
   268 |    10720 |     23 |  0.000000E+00 |  0.000000E+00 |  0.0005734310 |             f
   269 |    10760 |     27 |  0.000000E+00 |  0.000000E+00 |  0.0006179537 |             f
   270 |    10800 |     29 |  0.000000E+00 |  0.000000E+00 |  0.0006049102 |             f
   271 |    10840 |     34 |  0.000000E+00 |  0.000000E+00 |  0.0011948678 |             f
   272 |    10880 |     39 |  0.000000E+00 |  0.000000E+00 |  0.0010720237 |             f
   273 |    10920 |     40 |  0.000000E+00 |  0.000000E+00 |  0.0030631450 |             f
   274 |    10960 |     40 |  0.000000E+00 |  0.000000E+00 |  0.0000425960 |             f
   275 |    11000 |     40 |  0.000000E+00 |  0.000000E+00 |  0.0000446029 |             f
   276 |    11040 |     31 |  0.000000E+00 |  0.000000E+00 |  0.0000742544 |             f
   277 |    11080 |     31 |  0.000000E+00 |  0.000000E+00 |  0.0000782425 |             f
   278 |    11120 |     32 |  0.000000E+00 |  0.000000E+00 |  0.0000757974 |             f
   279 |    11160 |     26 |  0.000000E+00 |  0.000000E+00 |  0.0001346445 |             f
   280 |    11200 |     26 |  0.000000E+00 |  0.000000E+00 |  0.0005815734 |             f
   281 |    11240 |     25 |  0.000000E+00 |  0.000000E+00 |  0.0006648678 |             f
   282 |    11280 |     25 |  0.000000E+00 |  0.000000E+00 |  0.0207158930 |         nadir
   283 |    11320 |     25 |  0.000000E+00 |  0.000000E+00 |  0.0001096337 |             f
   284 |    11360 |     25 |  0.000000E+00 |  0.000000E+00 |  0.0214391787 |         nadir
   285 |    11400 |     29 |  0.000000E+00 |  0.000000E+00 |  0.000000E+00 |             f
   286 |    11440 |     31 |  0.000000E+00 |  0.000000E+00 |  0.0001327595 |             f
   287 |    11480 |     35 |  0.000000E+00 |  0.000000E+00 |  0.0001243127 |             f
   288 |    11520 |     40 |  0.000000E+00 |  0.000000E+00 |  0.0001087736 |             f
   289 |    11560 |     40 |  0.000000E+00 |  0.000000E+00 |  0.0001092145 |             f
   290 |    11600 |     40 |  0.000000E+00 |  0.000000E+00 |  0.0001092145 |             f
   291 |    11640 |     40 |  0.000000E+00 |  0.000000E+00 |  0.0001092145 |             f
   292 |    11680 |     40 |  0.000000E+00 |  0.000000E+00 |  0.0004565463 |             f
   293 |    11720 |     40 |  0.000000E+00 |  0.000000E+00 |  0.0004565463 |             f
   294 |    11760 |     40 |  0.000000E+00 |  0.000000E+00 |  0.0004620865 |             f
   295 |    11800 |     40 |  0.000000E+00 |  0.000000E+00 |  0.0004620865 |             f
   296 |    11840 |     40 |  0.000000E+00 |  0.000000E+00 |  0.0007749201 |             f
   297 |    11880 |     40 |  0.000000E+00 |  0.000000E+00 |  0.0007749201 |             f
   298 |    11920 |     40 |  0.000000E+00 |  0.000000E+00 |  0.0007749201 |             f
   299 |    11960 |     40 |  0.000000E+00 |  0.000000E+00 |  0.0007749201 |             f
   300 |    12000 |     40 |  0.000000E+00 |  0.000000E+00 |  0.0015757161 |             f
mean B0=69.0738 homogen=455.6032
mean B0=50.3978 homogen=9115.4492
mean B0=50.3068 homogen=3957.6583
mean B0=50.4748 homogen=7630.2122
mean B0=68.701 homogen=452.9196
mean B0=60.617 homogen=262.2341
mean B0=50.1491 homogen=3865.0476
mean B0=63.5566 homogen=392.986
mean B0=50.5787 homogen=1753.2838
mean B0=52.3405 homogen=445.1989
mean B0=54.5467 homogen=438.7712
mean B0=50.4748 homogen=7630.2122
mean B0=55.9619 homogen=755.921
mean B0=60.617 homogen=262.2341
mean B0=58.3543 homogen=417.7308
mean B0=54.424 homogen=737.713
mean B0=55.206 homogen=259.6072
mean B0=53.3767 homogen=986.6458
mean B0=55.9619 homogen=755.921
mean B0=51.3177 homogen=1181.2378
mean B0=55.3904 homogen=262.2401
mean B0=55.3904 homogen=262.2401
mean B0=55.9619 homogen=755.921
mean B0=55.9619 homogen=755.921
mean B0=55.9619 homogen=755.921
mean B0=55.9619 homogen=755.921
mean B0=55.9619 homogen=755.921
mean B0=55.9619 homogen=755.921
mean B0=55.9619 homogen=755.921
mean B0=55.9619 homogen=755.921
mean B0=55.9619 homogen=755.921
mean B0=55.9619 homogen=755.921
mean B0=55.9619 homogen=755.921
mean B0=55.9619 homogen=755.921
mean B0=55.9619 homogen=755.921
mean B0=55.9619 homogen=755.921
mean B0=55.9619 homogen=755.921
mean B0=55.9619 homogen=755.921
mean B0=55.9619 homogen=755.921
mean B0=55.9619 homogen=755.921
mean B0=69.0738 homogen=455.6032
mean B0=50.3978 homogen=9115.4492
mean B0=50.3068 homogen=3957.6583
mean B0=50.4748 homogen=7630.2122
mean B0=68.701 homogen=452.9196
mean B0=60.617 homogen=262.2341
mean B0=50.1491 homogen=3865.0476
mean B0=63.5566 homogen=392.986
mean B0=50.5787 homogen=1753.2838
mean B0=52.3405 homogen=445.1989
mean B0=54.5467 homogen=438.7712
mean B0=50.4748 homogen=7630.2122
mean B0=55.9619 homogen=755.921
mean B0=60.617 homogen=262.2341
mean B0=58.3543 homogen=417.7308
mean B0=54.424 homogen=737.713
mean B0=55.206 homogen=259.6072
mean B0=53.3767 homogen=986.6458
mean B0=55.9619 homogen=755.921
mean B0=51.3177 homogen=1181.2378
mean B0=55.3904 homogen=262.2401
mean B0=55.3904 homogen=262.2401
mean B0=55.9619 homogen=755.921
mean B0=55.9619 homogen=755.921
mean B0=55.9619 homogen=755.921
mean B0=55.9619 homogen=755.921
mean B0=55.9619 homogen=755.921
mean B0=55.9619 homogen=755.921
mean B0=55.9619 homogen=755.921
mean B0=55.9619 homogen=755.921
mean B0=55.9619 homogen=755.921
mean B0=55.9619 homogen=755.921
mean B0=55.9619 homogen=755.921
mean B0=55.9619 homogen=755.921
mean B0=55.9619 homogen=755.921
mean B0=55.9619 homogen=755.921
mean B0=55.9619 homogen=755.921
mean B0=55.9619 homogen=755.921
mean B0=55.9619 homogen=755.921
mean B0=55.9619 homogen=755.921
    pareto_idx  magnets  layers  asbuilt_p90_ppm      B0_mT  length_mm
1            1       77       3     11594.536527  50.397758     56.738
11          11       78       3      9924.655406  50.474755     57.564
3            3       78       3      9924.655406  50.474755     57.564
2            2       80       3      6493.626025  50.306826     57.820
6            6       82       3      6102.454997  50.149132     58.894
8            8       83       3      4478.805843  50.578698     57.966
19          19       84       3      4079.861205  51.317744     58.748
17          17       87       3      4049.196961  53.376733     56.690
15          15       89       3      3699.981397  54.424028     57.538
35          35       95       3      3345.003144  55.961868     58.530
37          37       95       3      3345.003144  55.961868     58.530
34          34       95       3      3345.003144  55.961868     58.530
33          33       95       3      3345.003144  55.961868     58.530
25          25       95       3      3345.003144  55.961868     58.530
32          32       95       3      3345.003144  55.961868     58.530
31          31       95       3      3345.003144  55.961868     58.530
30          30       95       3      3345.003144  55.961868     58.530
29          29       95       3      3345.003144  55.961868     58.530
28          28       95       3      3345.003144  55.961868     58.530
27          27       95       3      3345.003144  55.961868     58.530
26          26       95       3      3345.003144  55.961868     58.530
36          36       95       3      3345.003144  55.961868     58.530
24          24       95       3      3345.003144  55.961868     58.530
39          39       95       3      3345.003144  55.961868     58.530
22          22       95       3      3345.003144  55.961868     58.530
38          38       95       3      3345.003144  55.961868     58.530
18          18       95       3      3345.003144  55.961868     58.530
12          12       95       3      3345.003144  55.961868     58.530
23          23       95       3      3345.003144  55.961868     58.530
10          10      117       3      3024.357078  54.546712     65.924
9            9      121       3      2983.526864  52.340502     68.404
4            4      150       3      2971.165087  68.700962     76.082
16          16      160       3      2945.774678  55.206010     82.548
21          21      161       3      2934.537306  55.390404     83.058
20          20      161       3      2934.537306  55.390404     83.058
14          14      163       3      2835.446184  58.354324     68.282
7            7      178       3      2682.768942  63.556561     66.130
13          13      197       3      2627.309010  60.617018     82.328
5            5      197       3      2627.309010  60.617018     82.328
0            0      235       3      2422.726757  69.073772     88.060
