/Users/nv/Documents/MRI/magnet_design/optimize_bore50mm_robust.py:54: DeprecationWarning: Importing 'StarmapParallelization' from 'pymoo.core.problem' is deprecated. Please use 'from pymoo.parallelization import StarmapParallelization' instead. This backward compatibility import will be removed in a future version.
  from pymoo.core.problem import StarmapParallelization
==========================================================================================
n_gen  |  n_eval  | n_nds  |     cv_min    |     cv_avg    |      eps      |   indicator  
==========================================================================================
     1 |       40 |      1 |  9.3373677127 |  1.549500E+02 |             - |             -
     2 |       80 |      1 |  0.000000E+00 |  5.039360E+01 |             - |             -
     3 |      120 |      1 |  0.000000E+00 |  2.575822E+01 |  0.000000E+00 |             f
     4 |      160 |      1 |  0.000000E+00 |  1.912913E+01 |  0.000000E+00 |             f
     5 |      200 |      1 |  0.000000E+00 |  1.411202E+01 |  0.000000E+00 |             f
     6 |      240 |      3 |  0.000000E+00 |  9.6400684598 |  0.7624488956 |         ideal
     7 |      280 |      3 |  0.000000E+00 |  7.1874414383 |  0.000000E+00 |             f
     8 |      320 |      4 |  0.000000E+00 |  3.5487924766 |  0.2995593529 |         ideal
     9 |      360 |      3 |  0.000000E+00 |  0.9878063111 |  0.4789105918 |         ideal
    10 |      400 |      6 |  0.000000E+00 |  0.000000E+00 |  0.0179052154 |         ideal
    11 |      440 |      4 |  0.000000E+00 |  0.000000E+00 |  0.1392218538 |         ideal
    12 |      480 |      5 |  0.000000E+00 |  0.000000E+00 |  0.2179562008 |         ideal
    13 |      520 |      8 |  0.000000E+00 |  0.000000E+00 |  0.4263194372 |         ideal
    14 |      560 |     11 |  0.000000E+00 |  0.000000E+00 |  0.0716947445 |             f
    15 |      600 |     10 |  0.000000E+00 |  0.000000E+00 |  0.1356676725 |         ideal
    16 |      640 |      5 |  0.000000E+00 |  0.000000E+00 |  0.1269565608 |         ideal
    17 |      680 |     10 |  0.000000E+00 |  0.000000E+00 |  0.0516315577 |         ideal
    18 |      720 |      9 |  0.000000E+00 |  0.000000E+00 |  0.0642959393 |         ideal
    19 |      760 |     15 |  0.000000E+00 |  0.000000E+00 |  0.0444450502 |         ideal
    20 |      800 |     10 |  0.000000E+00 |  0.000000E+00 |  0.0555403174 |             f
    21 |      840 |     17 |  0.000000E+00 |  0.000000E+00 |  0.0448501076 |         ideal
    22 |      880 |     14 |  0.000000E+00 |  0.000000E+00 |  0.1754944694 |         ideal
    23 |      920 |     10 |  0.000000E+00 |  0.000000E+00 |  0.0082628867 |         ideal
    24 |      960 |     10 |  0.000000E+00 |  0.000000E+00 |  0.0535413424 |             f
    25 |     1000 |     16 |  0.000000E+00 |  0.000000E+00 |  0.0099844648 |         ideal
    26 |     1040 |     22 |  0.000000E+00 |  0.000000E+00 |  0.0102869435 |             f
    27 |     1080 |     19 |  0.000000E+00 |  0.000000E+00 |  0.0427693410 |         ideal
    28 |     1120 |      9 |  0.000000E+00 |  0.000000E+00 |  0.1401113038 |         ideal
    29 |     1160 |     10 |  0.000000E+00 |  0.000000E+00 |  0.0684828607 |         ideal
    30 |     1200 |     10 |  0.000000E+00 |  0.000000E+00 |  0.0082161428 |         ideal
    31 |     1240 |     10 |  0.000000E+00 |  0.000000E+00 |  0.0220088583 |             f
    32 |     1280 |     12 |  0.000000E+00 |  0.000000E+00 |  0.0080435011 |             f
    33 |     1320 |     15 |  0.000000E+00 |  0.000000E+00 |  0.0049748347 |             f
    34 |     1360 |     19 |  0.000000E+00 |  0.000000E+00 |  0.0187448869 |             f
    35 |     1400 |     17 |  0.000000E+00 |  0.000000E+00 |  0.0296233564 |         ideal
    36 |     1440 |     15 |  0.000000E+00 |  0.000000E+00 |  0.0104822562 |             f
    37 |     1480 |     19 |  0.000000E+00 |  0.000000E+00 |  0.0130744847 |             f
    38 |     1520 |     23 |  0.000000E+00 |  0.000000E+00 |  0.0943938308 |         ideal
    39 |     1560 |     16 |  0.000000E+00 |  0.000000E+00 |  0.0173118972 |         ideal
    40 |     1600 |     22 |  0.000000E+00 |  0.000000E+00 |  0.1139464723 |         ideal
    41 |     1640 |     18 |  0.000000E+00 |  0.000000E+00 |  0.0104284470 |             f
    42 |     1680 |     20 |  0.000000E+00 |  0.000000E+00 |  0.0079674742 |         ideal
    43 |     1720 |     25 |  0.000000E+00 |  0.000000E+00 |  0.0187126781 |             f
    44 |     1760 |     26 |  0.000000E+00 |  0.000000E+00 |  0.0146879923 |             f
    45 |     1800 |     27 |  0.000000E+00 |  0.000000E+00 |  0.0790622242 |         ideal
    46 |     1840 |     30 |  0.000000E+00 |  0.000000E+00 |  0.0049776678 |             f
    47 |     1880 |     25 |  0.000000E+00 |  0.000000E+00 |  0.0096123378 |             f
    48 |     1920 |     19 |  0.000000E+00 |  0.000000E+00 |  0.0130309351 |         ideal
    49 |     1960 |     19 |  0.000000E+00 |  0.000000E+00 |  0.0120719352 |             f
    50 |     2000 |     20 |  0.000000E+00 |  0.000000E+00 |  0.0091629490 |         ideal
    51 |     2040 |     20 |  0.000000E+00 |  0.000000E+00 |  0.0298432424 |         ideal
    52 |     2080 |     26 |  0.000000E+00 |  0.000000E+00 |  0.0786800758 |         ideal
    53 |     2120 |     29 |  0.000000E+00 |  0.000000E+00 |  0.0947178947 |         ideal
    54 |     2160 |     22 |  0.000000E+00 |  0.000000E+00 |  0.0111685443 |             f
    55 |     2200 |     13 |  0.000000E+00 |  0.000000E+00 |  0.0140794866 |             f
    56 |     2240 |     19 |  0.000000E+00 |  0.000000E+00 |  0.0073942668 |             f
    57 |     2280 |     23 |  0.000000E+00 |  0.000000E+00 |  0.0220149029 |         ideal
    58 |     2320 |     25 |  0.000000E+00 |  0.000000E+00 |  0.0072654994 |         ideal
    59 |     2360 |     21 |  0.000000E+00 |  0.000000E+00 |  0.0113437844 |             f
    60 |     2400 |     24 |  0.000000E+00 |  0.000000E+00 |  0.0562012790 |         ideal
    61 |     2440 |     24 |  0.000000E+00 |  0.000000E+00 |  0.0027590540 |         ideal
    62 |     2480 |     27 |  0.000000E+00 |  0.000000E+00 |  0.0109788517 |             f
    63 |     2520 |     30 |  0.000000E+00 |  0.000000E+00 |  0.0086027596 |             f
    64 |     2560 |     26 |  0.000000E+00 |  0.000000E+00 |  0.0610522488 |         ideal
    65 |     2600 |     31 |  0.000000E+00 |  0.000000E+00 |  0.0056918653 |             f
    66 |     2640 |     33 |  0.000000E+00 |  0.000000E+00 |  0.0030262919 |             f
    67 |     2680 |     40 |  0.000000E+00 |  0.000000E+00 |  0.0051219982 |             f
    68 |     2720 |     19 |  0.000000E+00 |  0.000000E+00 |  0.0622555547 |         nadir
    69 |     2760 |     18 |  0.000000E+00 |  0.000000E+00 |  0.0711471739 |         nadir
    70 |     2800 |     20 |  0.000000E+00 |  0.000000E+00 |  0.0126041525 |             f
    71 |     2840 |     22 |  0.000000E+00 |  0.000000E+00 |  0.0076806258 |             f
    72 |     2880 |     22 |  0.000000E+00 |  0.000000E+00 |  0.0115223934 |             f
    73 |     2920 |     30 |  0.000000E+00 |  0.000000E+00 |  0.0058510876 |             f
    74 |     2960 |     23 |  0.000000E+00 |  0.000000E+00 |  0.0787116188 |         ideal
    75 |     3000 |     20 |  0.000000E+00 |  0.000000E+00 |  0.0065497834 |             f
    76 |     3040 |     21 |  0.000000E+00 |  0.000000E+00 |  0.0151606159 |         ideal
    77 |     3080 |     20 |  0.000000E+00 |  0.000000E+00 |  0.0123436701 |             f
    78 |     3120 |     25 |  0.000000E+00 |  0.000000E+00 |  0.0104930161 |         ideal
    79 |     3160 |     25 |  0.000000E+00 |  0.000000E+00 |  0.0140598671 |             f
    80 |     3200 |     26 |  0.000000E+00 |  0.000000E+00 |  0.0030991523 |         ideal
    81 |     3240 |     16 |  0.000000E+00 |  0.000000E+00 |  0.0582660388 |         ideal
    82 |     3280 |     19 |  0.000000E+00 |  0.000000E+00 |  0.0087151108 |             f
    83 |     3320 |     12 |  0.000000E+00 |  0.000000E+00 |  0.0458770062 |             f
    84 |     3360 |     13 |  0.000000E+00 |  0.000000E+00 |  1.0446415016 |         nadir
    85 |     3400 |     12 |  0.000000E+00 |  0.000000E+00 |  0.0099454914 |         nadir
    86 |     3440 |     13 |  0.000000E+00 |  0.000000E+00 |  0.0648590014 |         ideal
    87 |     3480 |     11 |  0.000000E+00 |  0.000000E+00 |  0.0722312183 |         ideal
    88 |     3520 |     14 |  0.000000E+00 |  0.000000E+00 |  0.0143761014 |             f
    89 |     3560 |     12 |  0.000000E+00 |  0.000000E+00 |  0.0429551879 |         ideal
    90 |     3600 |     12 |  0.000000E+00 |  0.000000E+00 |  0.0247613560 |         ideal
    91 |     3640 |     20 |  0.000000E+00 |  0.000000E+00 |  0.0219378816 |         ideal
    92 |     3680 |     16 |  0.000000E+00 |  0.000000E+00 |  0.0412910186 |         ideal
    93 |     3720 |     13 |  0.000000E+00 |  0.000000E+00 |  0.0151411636 |         ideal
    94 |     3760 |     13 |  0.000000E+00 |  0.000000E+00 |  0.0195036796 |         ideal
    95 |     3800 |     17 |  0.000000E+00 |  0.000000E+00 |  0.0866196538 |         ideal
    96 |     3840 |     20 |  0.000000E+00 |  0.000000E+00 |  0.0573812461 |         ideal
    97 |     3880 |     21 |  0.000000E+00 |  0.000000E+00 |  0.0053928540 |             f
    98 |     3920 |     17 |  0.000000E+00 |  0.000000E+00 |  0.0117023757 |             f
    99 |     3960 |     19 |  0.000000E+00 |  0.000000E+00 |  0.0429752899 |         ideal
   100 |     4000 |     24 |  0.000000E+00 |  0.000000E+00 |  0.0098024859 |             f
mean B0=105.2226 homogen=4013.6138
mean B0=102.1434 homogen=1783.6193
mean B0=94.3652 homogen=1846.6547
mean B0=102.1417 homogen=1783.2945
mean B0=103.0296 homogen=2350.1239
mean B0=94.4145 homogen=1885.4896
mean B0=111.3528 homogen=11727.603
mean B0=112.1137 homogen=16512.7037
mean B0=102.1273 homogen=2348.0501
mean B0=106.2532 homogen=9778.0624
mean B0=105.0389 homogen=2429.1238
mean B0=99.1645 homogen=1654.1553
mean B0=103.0538 homogen=2354.09
mean B0=113.5473 homogen=17570.2184
mean B0=111.1651 homogen=11578.7458
mean B0=109.5966 homogen=11378.682
mean B0=105.3568 homogen=4143.6312
mean B0=102.1452 homogen=2365.3633
mean B0=105.8878 homogen=8588.8442
mean B0=102.1434 homogen=1783.6193
mean B0=104.6722 homogen=2370.2825
mean B0=112.4297 homogen=17379.8209
mean B0=109.499 homogen=10748.7054
mean B0=111.7164 homogen=11764.5445
   101 |     4040 |     23 |  0.000000E+00 |  0.000000E+00 |  0.0145689759 |             f
   102 |     4080 |     22 |  0.000000E+00 |  0.000000E+00 |  0.0367596402 |         ideal
   103 |     4120 |     26 |  0.000000E+00 |  0.000000E+00 |  0.0091766454 |             f
   104 |     4160 |     31 |  0.000000E+00 |  0.000000E+00 |  0.0069592653 |             f
   105 |     4200 |     31 |  0.000000E+00 |  0.000000E+00 |  0.0076461537 |             f
   106 |     4240 |     31 |  0.000000E+00 |  0.000000E+00 |  0.0029588285 |         nadir
   107 |     4280 |     30 |  0.000000E+00 |  0.000000E+00 |  0.0028973330 |             f
   108 |     4320 |     30 |  0.000000E+00 |  0.000000E+00 |  0.0074429867 |             f
   109 |     4360 |     29 |  0.000000E+00 |  0.000000E+00 |  0.0035485012 |         ideal
   110 |     4400 |     33 |  0.000000E+00 |  0.000000E+00 |  0.0065719267 |             f
   111 |     4440 |     37 |  0.000000E+00 |  0.000000E+00 |  0.0211182076 |         ideal
   112 |     4480 |     40 |  0.000000E+00 |  0.000000E+00 |  0.0020761718 |             f
   113 |     4520 |     40 |  0.000000E+00 |  0.000000E+00 |  0.0101536193 |         ideal
   114 |     4560 |     40 |  0.000000E+00 |  0.000000E+00 |  0.0046696115 |             f
   115 |     4600 |     40 |  0.000000E+00 |  0.000000E+00 |  0.0045282908 |         ideal
   116 |     4640 |     36 |  0.000000E+00 |  0.000000E+00 |  0.0262722373 |         ideal
   117 |     4680 |     37 |  0.000000E+00 |  0.000000E+00 |  0.0125008891 |         ideal
   118 |     4720 |     39 |  0.000000E+00 |  0.000000E+00 |  0.0022056307 |             f
   119 |     4760 |     40 |  0.000000E+00 |  0.000000E+00 |  0.0244454410 |         ideal
   120 |     4800 |     40 |  0.000000E+00 |  0.000000E+00 |  0.0040929646 |             f
   121 |     4840 |     40 |  0.000000E+00 |  0.000000E+00 |  0.0018018434 |             f
   122 |     4880 |     37 |  0.000000E+00 |  0.000000E+00 |  0.0085290142 |             f
   123 |     4920 |     40 |  0.000000E+00 |  0.000000E+00 |  0.0023120276 |             f
   124 |     4960 |     40 |  0.000000E+00 |  0.000000E+00 |  0.0067898565 |             f
   125 |     5000 |     34 |  0.000000E+00 |  0.000000E+00 |  0.0137267602 |         ideal
   126 |     5040 |     40 |  0.000000E+00 |  0.000000E+00 |  0.0041756654 |             f
   127 |     5080 |     40 |  0.000000E+00 |  0.000000E+00 |  0.0026831222 |         nadir
   128 |     5120 |     40 |  0.000000E+00 |  0.000000E+00 |  0.0026263467 |             f
   129 |     5160 |     39 |  0.000000E+00 |  0.000000E+00 |  0.0054595448 |             f
   130 |     5200 |     40 |  0.000000E+00 |  0.000000E+00 |  0.0023101149 |             f
   131 |     5240 |     37 |  0.000000E+00 |  0.000000E+00 |  0.0058552169 |             f
   132 |     5280 |     40 |  0.000000E+00 |  0.000000E+00 |  0.0946316507 |         nadir
   133 |     5320 |     40 |  0.000000E+00 |  0.000000E+00 |  0.0384579997 |         ideal
   134 |     5360 |     40 |  0.000000E+00 |  0.000000E+00 |  0.0033429483 |             f
   135 |     5400 |     40 |  0.000000E+00 |  0.000000E+00 |  0.0009113019 |             f
   136 |     5440 |     40 |  0.000000E+00 |  0.000000E+00 |  0.0197860787 |         nadir
   137 |     5480 |     40 |  0.000000E+00 |  0.000000E+00 |  0.0022377107 |             f
   138 |     5520 |     40 |  0.000000E+00 |  0.000000E+00 |  0.0044658431 |             f
   139 |     5560 |     40 |  0.000000E+00 |  0.000000E+00 |  0.0406467771 |         ideal
   140 |     5600 |     40 |  0.000000E+00 |  0.000000E+00 |  0.0040721836 |             f
   141 |     5640 |     40 |  0.000000E+00 |  0.000000E+00 |  0.0046516939 |         nadir
   142 |     5680 |     40 |  0.000000E+00 |  0.000000E+00 |  0.0110167483 |         ideal
   143 |     5720 |     40 |  0.000000E+00 |  0.000000E+00 |  0.0320973684 |         ideal
   144 |     5760 |     40 |  0.000000E+00 |  0.000000E+00 |  0.0028099346 |             f
   145 |     5800 |     40 |  0.000000E+00 |  0.000000E+00 |  0.0207650687 |         ideal
   146 |     5840 |     40 |  0.000000E+00 |  0.000000E+00 |  0.0037541876 |         nadir
   147 |     5880 |     40 |  0.000000E+00 |  0.000000E+00 |  0.0039565043 |             f
   148 |     5920 |     40 |  0.000000E+00 |  0.000000E+00 |  0.0746488342 |         ideal
   149 |     5960 |     40 |  0.000000E+00 |  0.000000E+00 |  0.0021140249 |             f
   150 |     6000 |     40 |  0.000000E+00 |  0.000000E+00 |  0.0056120905 |             f
   151 |     6040 |     40 |  0.000000E+00 |  0.000000E+00 |  0.0036789333 |             f
   152 |     6080 |     40 |  0.000000E+00 |  0.000000E+00 |  0.0008250710 |             f
   153 |     6120 |     40 |  0.000000E+00 |  0.000000E+00 |  0.0033958989 |             f
   154 |     6160 |     40 |  0.000000E+00 |  0.000000E+00 |  0.0032067759 |             f
   155 |     6200 |     40 |  0.000000E+00 |  0.000000E+00 |  0.0054103976 |         ideal
   156 |     6240 |     40 |  0.000000E+00 |  0.000000E+00 |  0.0023986543 |             f
   157 |     6280 |     40 |  0.000000E+00 |  0.000000E+00 |  0.0023956115 |             f
   158 |     6320 |     40 |  0.000000E+00 |  0.000000E+00 |  0.0047363340 |             f
   159 |     6360 |     40 |  0.000000E+00 |  0.000000E+00 |  0.0135864741 |         ideal
   160 |     6400 |     40 |  0.000000E+00 |  0.000000E+00 |  0.0066863799 |         ideal
   161 |     6440 |     40 |  0.000000E+00 |  0.000000E+00 |  0.0023929854 |             f
   162 |     6480 |     40 |  0.000000E+00 |  0.000000E+00 |  0.0035272412 |             f
   163 |     6520 |     40 |  0.000000E+00 |  0.000000E+00 |  0.0021962364 |             f
   164 |     6560 |     40 |  0.000000E+00 |  0.000000E+00 |  0.0037124956 |             f
   165 |     6600 |     40 |  0.000000E+00 |  0.000000E+00 |  0.0031882790 |         ideal
   166 |     6640 |     40 |  0.000000E+00 |  0.000000E+00 |  0.0018101014 |             f
   167 |     6680 |     40 |  0.000000E+00 |  0.000000E+00 |  0.0040074706 |             f
   168 |     6720 |     40 |  0.000000E+00 |  0.000000E+00 |  0.0028506646 |             f
   169 |     6760 |     40 |  0.000000E+00 |  0.000000E+00 |  0.0007498869 |             f
   170 |     6800 |     40 |  0.000000E+00 |  0.000000E+00 |  0.0024546332 |             f
   171 |     6840 |     40 |  0.000000E+00 |  0.000000E+00 |  0.0034048869 |             f
   172 |     6880 |     40 |  0.000000E+00 |  0.000000E+00 |  0.0029544055 |         nadir
   173 |     6920 |     40 |  0.000000E+00 |  0.000000E+00 |  0.0021992349 |             f
   174 |     6960 |     40 |  0.000000E+00 |  0.000000E+00 |  0.0036691304 |             f
   175 |     7000 |     40 |  0.000000E+00 |  0.000000E+00 |  0.0014298931 |             f
   176 |     7040 |     40 |  0.000000E+00 |  0.000000E+00 |  0.0032139875 |             f
   177 |     7080 |     40 |  0.000000E+00 |  0.000000E+00 |  0.0024593554 |             f
   178 |     7120 |     40 |  0.000000E+00 |  0.000000E+00 |  0.0028192407 |             f
   179 |     7160 |     40 |  0.000000E+00 |  0.000000E+00 |  0.0029087865 |             f
   180 |     7200 |     40 |  0.000000E+00 |  0.000000E+00 |  0.0130216757 |         ideal
   181 |     7240 |     40 |  0.000000E+00 |  0.000000E+00 |  0.0017423811 |             f
   182 |     7280 |     40 |  0.000000E+00 |  0.000000E+00 |  0.0031538535 |             f
   183 |     7320 |     40 |  0.000000E+00 |  0.000000E+00 |  0.0029885449 |             f
   184 |     7360 |     40 |  0.000000E+00 |  0.000000E+00 |  0.0141555124 |         ideal
   185 |     7400 |     40 |  0.000000E+00 |  0.000000E+00 |  0.0031389524 |             f
   186 |     7440 |     40 |  0.000000E+00 |  0.000000E+00 |  0.0034722426 |             f
   187 |     7480 |     40 |  0.000000E+00 |  0.000000E+00 |  0.0035026050 |             f
   188 |     7520 |     40 |  0.000000E+00 |  0.000000E+00 |  0.0029362943 |             f
   189 |     7560 |     40 |  0.000000E+00 |  0.000000E+00 |  0.0035142817 |             f
   190 |     7600 |     40 |  0.000000E+00 |  0.000000E+00 |  0.0034728767 |             f
   191 |     7640 |     40 |  0.000000E+00 |  0.000000E+00 |  0.0029455582 |             f
   192 |     7680 |     40 |  0.000000E+00 |  0.000000E+00 |  0.0005928615 |             f
   193 |     7720 |     40 |  0.000000E+00 |  0.000000E+00 |  0.0132663258 |         ideal
   194 |     7760 |     40 |  0.000000E+00 |  0.000000E+00 |  0.0043957802 |             f
   195 |     7800 |     40 |  0.000000E+00 |  0.000000E+00 |  0.0189619131 |         ideal
   196 |     7840 |     40 |  0.000000E+00 |  0.000000E+00 |  0.0025207957 |             f
   197 |     7880 |     40 |  0.000000E+00 |  0.000000E+00 |  0.0040342429 |             f
   198 |     7920 |     40 |  0.000000E+00 |  0.000000E+00 |  0.0027254270 |             f
   199 |     7960 |     40 |  0.000000E+00 |  0.000000E+00 |  0.0013728859 |             f
   200 |     8000 |     40 |  0.000000E+00 |  0.000000E+00 |  0.0042255900 |             f
mean B0=123.884 homogen=22239.6734
mean B0=96.6744 homogen=1403.8772
mean B0=97.3337 homogen=1855.3432
mean B0=102.7467 homogen=2165.2875
mean B0=104.0817 homogen=1938.5045
mean B0=107.2236 homogen=2164.8053
mean B0=117.6676 homogen=10327.9505
mean B0=116.9078 homogen=9693.8134
mean B0=110.3672 homogen=2318.3484
mean B0=106.513 homogen=1849.1113
mean B0=120.1734 homogen=16033.7905
mean B0=114.6263 homogen=4461.653
mean B0=119.9968 homogen=14245.8581
mean B0=116.8504 homogen=8198.3211
mean B0=110.6846 homogen=2387.3797
mean B0=118.66 homogen=11473.3395
mean B0=121.3372 homogen=17570.8168
mean B0=112.547 homogen=2518.6398
mean B0=122.3002 homogen=19539.2608
mean B0=113.7488 homogen=3775.1251
mean B0=121.8208 homogen=18753.8005
mean B0=118.8857 homogen=12857.4379
mean B0=118.6716 homogen=11478.1152
mean B0=119.9643 homogen=14178.3746
mean B0=114.9973 homogen=5460.8095
mean B0=120.647 homogen=16731.5328
mean B0=118.9824 homogen=13435.9795
mean B0=121.1243 homogen=17544.7704
mean B0=115.8003 homogen=6161.0091
mean B0=115.929 homogen=6348.5594
mean B0=122.6986 homogen=20451.646
mean B0=113.6064 homogen=3558.9814
mean B0=123.7054 homogen=21285.4197
mean B0=116.4583 homogen=7882.8678
mean B0=122.0234 homogen=19169.9589
mean B0=114.7713 homogen=5151.3824
mean B0=123.8163 homogen=21516.9211
mean B0=116.2529 homogen=7151.0755
mean B0=122.9009 homogen=20988.9326
mean B0=113.1959 homogen=2858.0719
   201 |     8040 |     40 |  0.000000E+00 |  0.000000E+00 |  0.0021047364 |             f
   202 |     8080 |     40 |  0.000000E+00 |  0.000000E+00 |  0.0082436005 |         ideal
   203 |     8120 |     40 |  0.000000E+00 |  0.000000E+00 |  0.0022716756 |             f
   204 |     8160 |     40 |  0.000000E+00 |  0.000000E+00 |  0.0063130083 |             f
   205 |     8200 |     40 |  0.000000E+00 |  0.000000E+00 |  0.0519479719 |         ideal
   206 |     8240 |     40 |  0.000000E+00 |  0.000000E+00 |  0.0156978212 |         ideal
   207 |     8280 |     40 |  0.000000E+00 |  0.000000E+00 |  0.0068314136 |         ideal
   208 |     8320 |     40 |  0.000000E+00 |  0.000000E+00 |  0.0031452400 |             f
   209 |     8360 |     40 |  0.000000E+00 |  0.000000E+00 |  0.0024184145 |             f
   210 |     8400 |     40 |  0.000000E+00 |  0.000000E+00 |  0.0237099115 |         ideal
   211 |     8440 |     40 |  0.000000E+00 |  0.000000E+00 |  0.0022069880 |             f
   212 |     8480 |     40 |  0.000000E+00 |  0.000000E+00 |  0.0035137895 |             f
   213 |     8520 |     40 |  0.000000E+00 |  0.000000E+00 |  0.0025823589 |             f
   214 |     8560 |     40 |  0.000000E+00 |  0.000000E+00 |  0.0013340588 |             f
   215 |     8600 |     40 |  0.000000E+00 |  0.000000E+00 |  0.0027381599 |         nadir
   216 |     8640 |     40 |  0.000000E+00 |  0.000000E+00 |  0.0011394464 |             f
   217 |     8680 |     40 |  0.000000E+00 |  0.000000E+00 |  0.0030643983 |             f
   218 |     8720 |     40 |  0.000000E+00 |  0.000000E+00 |  0.0015641981 |             f
   219 |     8760 |     40 |  0.000000E+00 |  0.000000E+00 |  0.0026376849 |             f
   220 |     8800 |     40 |  0.000000E+00 |  0.000000E+00 |  0.0023267004 |             f
   221 |     8840 |     40 |  0.000000E+00 |  0.000000E+00 |  0.0056102519 |             f
   222 |     8880 |     40 |  0.000000E+00 |  0.000000E+00 |  0.0050430089 |         ideal
   223 |     8920 |     40 |  0.000000E+00 |  0.000000E+00 |  0.0155686624 |         ideal
   224 |     8960 |     40 |  0.000000E+00 |  0.000000E+00 |  0.0019380382 |             f
   225 |     9000 |     40 |  0.000000E+00 |  0.000000E+00 |  0.0035796693 |             f
   226 |     9040 |     40 |  0.000000E+00 |  0.000000E+00 |  0.0020684824 |             f
   227 |     9080 |     40 |  0.000000E+00 |  0.000000E+00 |  0.0043735904 |         ideal
   228 |     9120 |     40 |  0.000000E+00 |  0.000000E+00 |  0.3107660881 |         nadir
   229 |     9160 |     40 |  0.000000E+00 |  0.000000E+00 |  0.0045140755 |             f
   230 |     9200 |     40 |  0.000000E+00 |  0.000000E+00 |  0.0020418269 |             f
   231 |     9240 |     40 |  0.000000E+00 |  0.000000E+00 |  0.0034915396 |             f
   232 |     9280 |     40 |  0.000000E+00 |  0.000000E+00 |  0.0031640689 |             f
   233 |     9320 |     40 |  0.000000E+00 |  0.000000E+00 |  0.0030973284 |             f
   234 |     9360 |     40 |  0.000000E+00 |  0.000000E+00 |  0.0104640428 |         ideal
   235 |     9400 |     40 |  0.000000E+00 |  0.000000E+00 |  0.0153910904 |         nadir
   236 |     9440 |     40 |  0.000000E+00 |  0.000000E+00 |  0.0029627976 |             f
   237 |     9480 |     40 |  0.000000E+00 |  0.000000E+00 |  0.0053786189 |             f
   238 |     9520 |     40 |  0.000000E+00 |  0.000000E+00 |  0.0035939240 |         ideal
   239 |     9560 |     40 |  0.000000E+00 |  0.000000E+00 |  0.0042914182 |             f
   240 |     9600 |     40 |  0.000000E+00 |  0.000000E+00 |  0.0312965481 |         ideal
   241 |     9640 |     40 |  0.000000E+00 |  0.000000E+00 |  0.0022984279 |             f
   242 |     9680 |     40 |  0.000000E+00 |  0.000000E+00 |  0.0051179968 |             f
   243 |     9720 |     40 |  0.000000E+00 |  0.000000E+00 |  0.0035723483 |             f
   244 |     9760 |     40 |  0.000000E+00 |  0.000000E+00 |  0.0139561408 |         ideal
   245 |     9800 |     40 |  0.000000E+00 |  0.000000E+00 |  0.0038749812 |             f
   246 |     9840 |     40 |  0.000000E+00 |  0.000000E+00 |  0.0072110434 |         ideal
   247 |     9880 |     40 |  0.000000E+00 |  0.000000E+00 |  0.0049054090 |             f
   248 |     9920 |     40 |  0.000000E+00 |  0.000000E+00 |  0.0031434834 |             f
   249 |     9960 |     40 |  0.000000E+00 |  0.000000E+00 |  0.0018826349 |             f
   250 |    10000 |     40 |  0.000000E+00 |  0.000000E+00 |  0.0052498718 |         ideal
   251 |    10040 |     40 |  0.000000E+00 |  0.000000E+00 |  0.0025211428 |             f
   252 |    10080 |     40 |  0.000000E+00 |  0.000000E+00 |  0.0030570515 |             f
   253 |    10120 |     40 |  0.000000E+00 |  0.000000E+00 |  0.0031986961 |             f
   254 |    10160 |     40 |  0.000000E+00 |  0.000000E+00 |  0.0042978368 |             f
   255 |    10200 |     40 |  0.000000E+00 |  0.000000E+00 |  0.0054337581 |             f
   256 |    10240 |     40 |  0.000000E+00 |  0.000000E+00 |  0.0014980186 |             f
   257 |    10280 |     40 |  0.000000E+00 |  0.000000E+00 |  0.0047201027 |         ideal
   258 |    10320 |     40 |  0.000000E+00 |  0.000000E+00 |  0.0034001859 |             f
   259 |    10360 |     40 |  0.000000E+00 |  0.000000E+00 |  0.0034308735 |         nadir
   260 |    10400 |     40 |  0.000000E+00 |  0.000000E+00 |  0.0014647891 |             f
   261 |    10440 |     40 |  0.000000E+00 |  0.000000E+00 |  0.0047312788 |             f
   262 |    10480 |     40 |  0.000000E+00 |  0.000000E+00 |  0.0080868448 |         ideal
   263 |    10520 |     40 |  0.000000E+00 |  0.000000E+00 |  0.0008727057 |             f
   264 |    10560 |     23 |  0.000000E+00 |  0.000000E+00 |  0.0267929767 |         ideal
   265 |    10600 |     36 |  0.000000E+00 |  0.000000E+00 |  0.0056901513 |             f
   266 |    10640 |     37 |  0.000000E+00 |  0.000000E+00 |  0.0023636999 |             f
   267 |    10680 |     40 |  0.000000E+00 |  0.000000E+00 |  0.0572273871 |         ideal
   268 |    10720 |     40 |  0.000000E+00 |  0.000000E+00 |  0.0054518326 |             f
   269 |    10760 |     40 |  0.000000E+00 |  0.000000E+00 |  0.0048099651 |             f
   270 |    10800 |     40 |  0.000000E+00 |  0.000000E+00 |  0.0019027441 |             f
   271 |    10840 |     40 |  0.000000E+00 |  0.000000E+00 |  0.0042267175 |             f
   272 |    10880 |     40 |  0.000000E+00 |  0.000000E+00 |  0.0016102618 |             f
   273 |    10920 |     40 |  0.000000E+00 |  0.000000E+00 |  0.0048203261 |         ideal
   274 |    10960 |     40 |  0.000000E+00 |  0.000000E+00 |  0.0020847179 |             f
   275 |    11000 |     40 |  0.000000E+00 |  0.000000E+00 |  0.0289644103 |         ideal
   276 |    11040 |     40 |  0.000000E+00 |  0.000000E+00 |  0.0010351830 |             f
   277 |    11080 |     40 |  0.000000E+00 |  0.000000E+00 |  0.0027088091 |             f
   278 |    11120 |     40 |  0.000000E+00 |  0.000000E+00 |  0.0032589184 |             f
   279 |    11160 |     40 |  0.000000E+00 |  0.000000E+00 |  0.0032090021 |             f
   280 |    11200 |     40 |  0.000000E+00 |  0.000000E+00 |  0.0053894132 |             f
   281 |    11240 |     40 |  0.000000E+00 |  0.000000E+00 |  0.0010766670 |             f
   282 |    11280 |     40 |  0.000000E+00 |  0.000000E+00 |  0.0024108352 |             f
   283 |    11320 |     40 |  0.000000E+00 |  0.000000E+00 |  0.0058854528 |             f
   284 |    11360 |     40 |  0.000000E+00 |  0.000000E+00 |  0.0014744425 |             f
   285 |    11400 |     40 |  0.000000E+00 |  0.000000E+00 |  0.0038348146 |             f
   286 |    11440 |     40 |  0.000000E+00 |  0.000000E+00 |  0.0006750310 |             f
   287 |    11480 |     40 |  0.000000E+00 |  0.000000E+00 |  0.0031573956 |             f
   288 |    11520 |     40 |  0.000000E+00 |  0.000000E+00 |  0.0030325133 |         ideal
   289 |    11560 |     40 |  0.000000E+00 |  0.000000E+00 |  0.0024361470 |             f
   290 |    11600 |     40 |  0.000000E+00 |  0.000000E+00 |  0.0057930056 |             f
   291 |    11640 |     40 |  0.000000E+00 |  0.000000E+00 |  0.0006625724 |             f
   292 |    11680 |     40 |  0.000000E+00 |  0.000000E+00 |  0.0053307118 |             f
   293 |    11720 |     40 |  0.000000E+00 |  0.000000E+00 |  0.0036913452 |         ideal
   294 |    11760 |     40 |  0.000000E+00 |  0.000000E+00 |  0.0024479762 |             f
   295 |    11800 |     40 |  0.000000E+00 |  0.000000E+00 |  0.0044147235 |             f
   296 |    11840 |     40 |  0.000000E+00 |  0.000000E+00 |  0.0035565131 |         ideal
   297 |    11880 |     40 |  0.000000E+00 |  0.000000E+00 |  0.0389319186 |         nadir
   298 |    11920 |     40 |  0.000000E+00 |  0.000000E+00 |  0.0010087538 |             f
   299 |    11960 |     40 |  0.000000E+00 |  0.000000E+00 |  0.0041761920 |             f
   300 |    12000 |     40 |  0.000000E+00 |  0.000000E+00 |  0.0006520718 |             f
mean B0=133.5198 homogen=25626.5028
mean B0=104.4113 homogen=853.628
mean B0=109.846 homogen=1220.1692
mean B0=104.5731 homogen=906.2249
mean B0=132.3782 homogen=24513.2242
mean B0=114.6591 homogen=1235.286
mean B0=111.1576 homogen=1461.7818
mean B0=130.886 homogen=20832.437
mean B0=121.3541 homogen=5840.2184
mean B0=118.8946 homogen=5136.564
mean B0=131.3843 homogen=22613.719
mean B0=122.4313 homogen=8283.6149
mean B0=123.7242 homogen=9613.7335
mean B0=126.6534 homogen=14858.6801
mean B0=122.9437 homogen=8456.9444
mean B0=121.6876 homogen=6896.6915
mean B0=115.9337 homogen=2164.2485
mean B0=130.1983 homogen=19780.0916
mean B0=117.8108 homogen=3778.9621
mean B0=118.4833 homogen=4632.6094
mean B0=124.7224 homogen=11531.7247
mean B0=127.4425 homogen=15927.6535
mean B0=124.9917 homogen=12062.3671
mean B0=125.2487 homogen=13346.2585
mean B0=132.7277 homogen=25137.0794
mean B0=117.0796 homogen=3245.3841
mean B0=127.9349 homogen=15931.7654
mean B0=126.3188 homogen=14076.0602
mean B0=128.1143 homogen=17155.9483
mean B0=131.2158 homogen=22348.2417
mean B0=124.1578 homogen=10366.7186
mean B0=128.7686 homogen=18295.0964
mean B0=121.4429 homogen=6329.9769
mean B0=125.9754 homogen=13714.7313
mean B0=128.6585 homogen=17237.5442
mean B0=115.2408 homogen=1683.164
mean B0=124.1558 homogen=10363.5171
mean B0=129.1044 homogen=19041.0337
mean B0=117.3193 homogen=3496.0301
mean B0=129.9952 homogen=19101.5683
   301 |    12040 |     40 |  0.000000E+00 |  0.000000E+00 |  0.0024470453 |             f
   302 |    12080 |     40 |  0.000000E+00 |  0.000000E+00 |  0.0050190152 |             f
   303 |    12120 |     40 |  0.000000E+00 |  0.000000E+00 |  0.0034607914 |             f
   304 |    12160 |     40 |  0.000000E+00 |  0.000000E+00 |  0.0035931399 |             f
   305 |    12200 |     40 |  0.000000E+00 |  0.000000E+00 |  0.0029527749 |             f
   306 |    12240 |     40 |  0.000000E+00 |  0.000000E+00 |  0.0024327250 |             f
   307 |    12280 |     40 |  0.000000E+00 |  0.000000E+00 |  0.0030713714 |             f
   308 |    12320 |     40 |  0.000000E+00 |  0.000000E+00 |  0.0013124612 |             f
   309 |    12360 |     40 |  0.000000E+00 |  0.000000E+00 |  0.0041195053 |             f
   310 |    12400 |     40 |  0.000000E+00 |  0.000000E+00 |  0.0009128009 |             f
   311 |    12440 |     40 |  0.000000E+00 |  0.000000E+00 |  0.0038884765 |             f
   312 |    12480 |     40 |  0.000000E+00 |  0.000000E+00 |  0.0121648137 |         ideal
   313 |    12520 |     40 |  0.000000E+00 |  0.000000E+00 |  0.0023662329 |             f
   314 |    12560 |     40 |  0.000000E+00 |  0.000000E+00 |  0.0049869846 |             f
   315 |    12600 |     40 |  0.000000E+00 |  0.000000E+00 |  0.0038938687 |             f
   316 |    12640 |     40 |  0.000000E+00 |  0.000000E+00 |  0.0023571901 |             f
   317 |    12680 |     40 |  0.000000E+00 |  0.000000E+00 |  0.0039727100 |         ideal
   318 |    12720 |     40 |  0.000000E+00 |  0.000000E+00 |  0.0038556150 |             f
   319 |    12760 |     40 |  0.000000E+00 |  0.000000E+00 |  0.0026727619 |             f
   320 |    12800 |     40 |  0.000000E+00 |  0.000000E+00 |  0.0024926248 |             f
   321 |    12840 |     40 |  0.000000E+00 |  0.000000E+00 |  0.0039270976 |             f
   322 |    12880 |     40 |  0.000000E+00 |  0.000000E+00 |  0.0018778798 |             f
   323 |    12920 |     40 |  0.000000E+00 |  0.000000E+00 |  0.0023425584 |             f
   324 |    12960 |     40 |  0.000000E+00 |  0.000000E+00 |  0.0037082038 |             f
   325 |    13000 |     40 |  0.000000E+00 |  0.000000E+00 |  0.0096441481 |         nadir
   326 |    13040 |     40 |  0.000000E+00 |  0.000000E+00 |  0.0024300388 |             f
   327 |    13080 |     40 |  0.000000E+00 |  0.000000E+00 |  0.0036014821 |             f
   328 |    13120 |     40 |  0.000000E+00 |  0.000000E+00 |  0.0028586669 |             f
   329 |    13160 |     40 |  0.000000E+00 |  0.000000E+00 |  0.0020411533 |             f
   330 |    13200 |     40 |  0.000000E+00 |  0.000000E+00 |  0.0037537290 |             f
   331 |    13240 |     40 |  0.000000E+00 |  0.000000E+00 |  0.0027842990 |             f
   332 |    13280 |     40 |  0.000000E+00 |  0.000000E+00 |  0.0033309477 |         nadir
   333 |    13320 |     40 |  0.000000E+00 |  0.000000E+00 |  0.0012620867 |             f
   334 |    13360 |     40 |  0.000000E+00 |  0.000000E+00 |  0.0032345039 |             f
   335 |    13400 |     40 |  0.000000E+00 |  0.000000E+00 |  0.0032451651 |         ideal
   336 |    13440 |     40 |  0.000000E+00 |  0.000000E+00 |  0.0011014767 |             f
   337 |    13480 |     40 |  0.000000E+00 |  0.000000E+00 |  0.0028198857 |             f
   338 |    13520 |     40 |  0.000000E+00 |  0.000000E+00 |  0.0009193656 |             f
   339 |    13560 |     40 |  0.000000E+00 |  0.000000E+00 |  0.0040546771 |             f
   340 |    13600 |     40 |  0.000000E+00 |  0.000000E+00 |  0.0010896980 |             f
   341 |    13640 |     40 |  0.000000E+00 |  0.000000E+00 |  0.0032073717 |             f
   342 |    13680 |     40 |  0.000000E+00 |  0.000000E+00 |  0.0037434136 |             f
   343 |    13720 |     40 |  0.000000E+00 |  0.000000E+00 |  0.0011941439 |             f
   344 |    13760 |     40 |  0.000000E+00 |  0.000000E+00 |  0.0026214913 |             f
   345 |    13800 |     40 |  0.000000E+00 |  0.000000E+00 |  0.0016841639 |             f
   346 |    13840 |     40 |  0.000000E+00 |  0.000000E+00 |  0.0042882001 |         nadir
   347 |    13880 |     40 |  0.000000E+00 |  0.000000E+00 |  0.0018215617 |             f
   348 |    13920 |     40 |  0.000000E+00 |  0.000000E+00 |  0.0056644422 |             f
   349 |    13960 |     40 |  0.000000E+00 |  0.000000E+00 |  0.0020961211 |             f
   350 |    14000 |     40 |  0.000000E+00 |  0.000000E+00 |  0.0033204002 |             f
   351 |    14040 |     40 |  0.000000E+00 |  0.000000E+00 |  0.0209777090 |         nadir
   352 |    14080 |     40 |  0.000000E+00 |  0.000000E+00 |  0.0014502209 |             f
   353 |    14120 |     40 |  0.000000E+00 |  0.000000E+00 |  0.0035542336 |             f
   354 |    14160 |     40 |  0.000000E+00 |  0.000000E+00 |  0.0023639208 |             f
   355 |    14200 |     40 |  0.000000E+00 |  0.000000E+00 |  0.0061609362 |             f
   356 |    14240 |     40 |  0.000000E+00 |  0.000000E+00 |  0.0021839584 |             f
   357 |    14280 |     40 |  0.000000E+00 |  0.000000E+00 |  0.0031638755 |         ideal
   358 |    14320 |     40 |  0.000000E+00 |  0.000000E+00 |  0.0032389762 |         ideal
   359 |    14360 |     40 |  0.000000E+00 |  0.000000E+00 |  0.0004576292 |             f
   360 |    14400 |     40 |  0.000000E+00 |  0.000000E+00 |  0.0021978952 |             f
   361 |    14440 |     40 |  0.000000E+00 |  0.000000E+00 |  0.0024586680 |             f
   362 |    14480 |     40 |  0.000000E+00 |  0.000000E+00 |  0.0112989168 |         ideal
   363 |    14520 |     40 |  0.000000E+00 |  0.000000E+00 |  0.0028658987 |             f
   364 |    14560 |     40 |  0.000000E+00 |  0.000000E+00 |  0.0011403113 |             f
   365 |    14600 |     40 |  0.000000E+00 |  0.000000E+00 |  0.0019907649 |             f
   366 |    14640 |     40 |  0.000000E+00 |  0.000000E+00 |  0.0030467368 |             f
   367 |    14680 |     40 |  0.000000E+00 |  0.000000E+00 |  0.0018640565 |             f
   368 |    14720 |     40 |  0.000000E+00 |  0.000000E+00 |  0.0024275066 |             f
   369 |    14760 |     40 |  0.000000E+00 |  0.000000E+00 |  0.0054390370 |             f
   370 |    14800 |     40 |  0.000000E+00 |  0.000000E+00 |  0.0009272433 |             f
   371 |    14840 |     40 |  0.000000E+00 |  0.000000E+00 |  0.0031512088 |             f
   372 |    14880 |     40 |  0.000000E+00 |  0.000000E+00 |  0.0018314671 |             f
   373 |    14920 |     40 |  0.000000E+00 |  0.000000E+00 |  0.0044190861 |             f
   374 |    14960 |     40 |  0.000000E+00 |  0.000000E+00 |  0.0026324150 |             f
   375 |    15000 |     40 |  0.000000E+00 |  0.000000E+00 |  0.0030446289 |             f
   376 |    15040 |     40 |  0.000000E+00 |  0.000000E+00 |  0.0075363021 |         ideal
   377 |    15080 |     40 |  0.000000E+00 |  0.000000E+00 |  0.0045445628 |             f
   378 |    15120 |     40 |  0.000000E+00 |  0.000000E+00 |  0.0037768872 |             f
   379 |    15160 |     40 |  0.000000E+00 |  0.000000E+00 |  0.0028335790 |             f
   380 |    15200 |     40 |  0.000000E+00 |  0.000000E+00 |  0.0037871553 |             f
   381 |    15240 |     40 |  0.000000E+00 |  0.000000E+00 |  0.0017460877 |             f
   382 |    15280 |     40 |  0.000000E+00 |  0.000000E+00 |  0.0063507206 |         nadir
   383 |    15320 |     40 |  0.000000E+00 |  0.000000E+00 |  0.0032113739 |             f
   384 |    15360 |     40 |  0.000000E+00 |  0.000000E+00 |  0.0051440799 |         ideal
   385 |    15400 |     40 |  0.000000E+00 |  0.000000E+00 |  0.0029094264 |             f
   386 |    15440 |     40 |  0.000000E+00 |  0.000000E+00 |  0.0481914930 |         nadir
   387 |    15480 |     40 |  0.000000E+00 |  0.000000E+00 |  0.0041246255 |             f
Process SpawnPoolWorker-3:
Traceback (most recent call last):
  File "/opt/homebrew/Cellar/python@3.12/3.12.13_4/Frameworks/Python.framework/Versions/3.12/lib/python3.12/multiprocessing/pool.py", line 131, in worker
    put((job, i, result))
  File "/opt/homebrew/Cellar/python@3.12/3.12.13_4/Frameworks/Python.framework/Versions/3.12/lib/python3.12/multiprocessing/queues.py", line 399, in put
    self._writer.send_bytes(obj)
  File "/opt/homebrew/Cellar/python@3.12/3.12.13_4/Frameworks/Python.framework/Versions/3.12/lib/python3.12/multiprocessing/connection.py", line 200, in send_bytes
    self._send_bytes(m[offset:offset + size])
  File "/opt/homebrew/Cellar/python@3.12/3.12.13_4/Frameworks/Python.framework/Versions/3.12/lib/python3.12/multiprocessing/connection.py", line 427, in _send_bytes
    self._send(header + buf)
  File "/opt/homebrew/Cellar/python@3.12/3.12.13_4/Frameworks/Python.framework/Versions/3.12/lib/python3.12/multiprocessing/connection.py", line 384, in _send
    n = write(self._handle, buf)
        ^^^^^^^^^^^^^^^^^^^^^^^^
BrokenPipeError: [Errno 32] Broken pipe

During handling of the above exception, another exception occurred:

Traceback (most recent call last):
  File "/opt/homebrew/Cellar/python@3.12/3.12.13_4/Frameworks/Python.framework/Versions/3.12/lib/python3.12/multiprocessing/process.py", line 314, in _bootstrap
    self.run()
  File "/opt/homebrew/Cellar/python@3.12/3.12.13_4/Frameworks/Python.framework/Versions/3.12/lib/python3.12/multiprocessing/process.py", line 108, in run
    self._target(*self._args, **self._kwargs)
  File "/opt/homebrew/Cellar/python@3.12/3.12.13_4/Frameworks/Python.framework/Versions/3.12/lib/python3.12/multiprocessing/pool.py", line 136, in worker
    put((job, i, (False, wrapped)))
  File "/opt/homebrew/Cellar/python@3.12/3.12.13_4/Frameworks/Python.framework/Versions/3.12/lib/python3.12/multiprocessing/queues.py", line 399, in put
    self._writer.send_bytes(obj)
  File "/opt/homebrew/Cellar/python@3.12/3.12.13_4/Frameworks/Python.framework/Versions/3.12/lib/python3.12/multiprocessing/connection.py", line 200, in send_bytes
    self._send_bytes(m[offset:offset + size])
  File "/opt/homebrew/Cellar/python@3.12/3.12.13_4/Frameworks/Python.framework/Versions/3.12/lib/python3.12/multiprocessing/connection.py", line 427, in _send_bytes
    self._send(header + buf)
  File "/opt/homebrew/Cellar/python@3.12/3.12.13_4/Frameworks/Python.framework/Versions/3.12/lib/python3.12/multiprocessing/connection.py", line 384, in _send
    n = write(self._handle, buf)
        ^^^^^^^^^^^^^^^^^^^^^^^^
BrokenPipeError: [Errno 32] Broken pipe
Process SpawnPoolWorker-1:
Traceback (most recent call last):
  File "/opt/homebrew/Cellar/python@3.12/3.12.13_4/Frameworks/Python.framework/Versions/3.12/lib/python3.12/multiprocessing/pool.py", line 131, in worker
    put((job, i, result))
  File "/opt/homebrew/Cellar/python@3.12/3.12.13_4/Frameworks/Python.framework/Versions/3.12/lib/python3.12/multiprocessing/queues.py", line 399, in put
    self._writer.send_bytes(obj)
  File "/opt/homebrew/Cellar/python@3.12/3.12.13_4/Frameworks/Python.framework/Versions/3.12/lib/python3.12/multiprocessing/connection.py", line 200, in send_bytes
    self._send_bytes(m[offset:offset + size])
  File "/opt/homebrew/Cellar/python@3.12/3.12.13_4/Frameworks/Python.framework/Versions/3.12/lib/python3.12/multiprocessing/connection.py", line 427, in _send_bytes
    self._send(header + buf)
  File "/opt/homebrew/Cellar/python@3.12/3.12.13_4/Frameworks/Python.framework/Versions/3.12/lib/python3.12/multiprocessing/connection.py", line 384, in _send
    n = write(self._handle, buf)
        ^^^^^^^^^^^^^^^^^^^^^^^^
BrokenPipeError: [Errno 32] Broken pipe

During handling of the above exception, another exception occurred:

Traceback (most recent call last):
  File "/opt/homebrew/Cellar/python@3.12/3.12.13_4/Frameworks/Python.framework/Versions/3.12/lib/python3.12/multiprocessing/process.py", line 314, in _bootstrap
    self.run()
  File "/opt/homebrew/Cellar/python@3.12/3.12.13_4/Frameworks/Python.framework/Versions/3.12/lib/python3.12/multiprocessing/process.py", line 108, in run
    self._target(*self._args, **self._kwargs)
  File "/opt/homebrew/Cellar/python@3.12/3.12.13_4/Frameworks/Python.framework/Versions/3.12/lib/python3.12/multiprocessing/pool.py", line 136, in worker
    put((job, i, (False, wrapped)))
  File "/opt/homebrew/Cellar/python@3.12/3.12.13_4/Frameworks/Python.framework/Versions/3.12/lib/python3.12/multiprocessing/queues.py", line 399, in put
    self._writer.send_bytes(obj)
  File "/opt/homebrew/Cellar/python@3.12/3.12.13_4/Frameworks/Python.framework/Versions/3.12/lib/python3.12/multiprocessing/connection.py", line 200, in send_bytes
    self._send_bytes(m[offset:offset + size])
  File "/opt/homebrew/Cellar/python@3.12/3.12.13_4/Frameworks/Python.framework/Versions/3.12/lib/python3.12/multiprocessing/connection.py", line 427, in _send_bytes
    self._send(header + buf)
  File "/opt/homebrew/Cellar/python@3.12/3.12.13_4/Frameworks/Python.framework/Versions/3.12/lib/python3.12/multiprocessing/connection.py", line 384, in _send
    n = write(self._handle, buf)
        ^^^^^^^^^^^^^^^^^^^^^^^^
BrokenPipeError: [Errno 32] Broken pipe
Process SpawnPoolWorker-2:
Traceback (most recent call last):
  File "/opt/homebrew/Cellar/python@3.12/3.12.13_4/Frameworks/Python.framework/Versions/3.12/lib/python3.12/multiprocessing/pool.py", line 131, in worker
    put((job, i, result))
  File "/opt/homebrew/Cellar/python@3.12/3.12.13_4/Frameworks/Python.framework/Versions/3.12/lib/python3.12/multiprocessing/queues.py", line 399, in put
    self._writer.send_bytes(obj)
  File "/opt/homebrew/Cellar/python@3.12/3.12.13_4/Frameworks/Python.framework/Versions/3.12/lib/python3.12/multiprocessing/connection.py", line 200, in send_bytes
    self._send_bytes(m[offset:offset + size])
  File "/opt/homebrew/Cellar/python@3.12/3.12.13_4/Frameworks/Python.framework/Versions/3.12/lib/python3.12/multiprocessing/connection.py", line 427, in _send_bytes
    self._send(header + buf)
  File "/opt/homebrew/Cellar/python@3.12/3.12.13_4/Frameworks/Python.framework/Versions/3.12/lib/python3.12/multiprocessing/connection.py", line 384, in _send
    n = write(self._handle, buf)
        ^^^^^^^^^^^^^^^^^^^^^^^^
BrokenPipeError: [Errno 32] Broken pipe

During handling of the above exception, another exception occurred:

Traceback (most recent call last):
  File "/opt/homebrew/Cellar/python@3.12/3.12.13_4/Frameworks/Python.framework/Versions/3.12/lib/python3.12/multiprocessing/process.py", line 314, in _bootstrap
    self.run()
  File "/opt/homebrew/Cellar/python@3.12/3.12.13_4/Frameworks/Python.framework/Versions/3.12/lib/python3.12/multiprocessing/process.py", line 108, in run
    self._target(*self._args, **self._kwargs)
  File "/opt/homebrew/Cellar/python@3.12/3.12.13_4/Frameworks/Python.framework/Versions/3.12/lib/python3.12/multiprocessing/pool.py", line 136, in worker
    put((job, i, (False, wrapped)))
  File "/opt/homebrew/Cellar/python@3.12/3.12.13_4/Frameworks/Python.framework/Versions/3.12/lib/python3.12/multiprocessing/queues.py", line 399, in put
    self._writer.send_bytes(obj)
  File "/opt/homebrew/Cellar/python@3.12/3.12.13_4/Frameworks/Python.framework/Versions/3.12/lib/python3.12/multiprocessing/connection.py", line 200, in send_bytes
    self._send_bytes(m[offset:offset + size])
  File "/opt/homebrew/Cellar/python@3.12/3.12.13_4/Frameworks/Python.framework/Versions/3.12/lib/python3.12/multiprocessing/connection.py", line 427, in _send_bytes
    self._send(header + buf)
  File "/opt/homebrew/Cellar/python@3.12/3.12.13_4/Frameworks/Python.framework/Versions/3.12/lib/python3.12/multiprocessing/connection.py", line 384, in _send
    n = write(self._handle, buf)
        ^^^^^^^^^^^^^^^^^^^^^^^^
BrokenPipeError: [Errno 32] Broken pipe
/opt/homebrew/Cellar/python@3.12/3.12.13_4/Frameworks/Python.framework/Versions/3.12/lib/python3.12/multiprocessing/resource_tracker.py:279: UserWarning: resource_tracker: There appear to be 6 leaked semaphore objects to clean up at shutdown
  warnings.warn('resource_tracker: There appear to be %d '
