/Users/nv/Documents/MRI/magnet_design/optimize_bore50mm_robust.py:54: DeprecationWarning: Importing 'StarmapParallelization' from 'pymoo.core.problem' is deprecated. Please use 'from pymoo.parallelization import StarmapParallelization' instead. This backward compatibility import will be removed in a future version.
  from pymoo.core.problem import StarmapParallelization
==========================================================================================
n_gen  |  n_eval  | n_nds  |     cv_min    |     cv_avg    |      eps      |   indicator  
==========================================================================================
     1 |       40 |      1 |  9.3374230750 |  1.549500E+02 |             - |             -
     2 |       80 |      1 |  0.000000E+00 |  5.039361E+01 |             - |             -
     3 |      120 |      1 |  0.000000E+00 |  2.575824E+01 |  0.000000E+00 |             f
     4 |      160 |      1 |  0.000000E+00 |  1.912916E+01 |  0.000000E+00 |             f
     5 |      200 |      1 |  0.000000E+00 |  1.411205E+01 |  0.000000E+00 |             f
     6 |      240 |      3 |  0.000000E+00 |  9.6401060904 |  0.7624485255 |         ideal
     7 |      280 |      3 |  0.000000E+00 |  7.1874840493 |  0.000000E+00 |             f
     8 |      320 |      4 |  0.000000E+00 |  3.5488267450 |  0.2995594926 |         ideal
     9 |      360 |      3 |  0.000000E+00 |  0.9878317886 |  0.4974589246 |         ideal
    10 |      400 |      6 |  0.000000E+00 |  0.000000E+00 |  0.0179052466 |         ideal
    11 |      440 |      4 |  0.000000E+00 |  0.000000E+00 |  0.1356067609 |         ideal
    12 |      480 |      3 |  0.000000E+00 |  0.000000E+00 |  0.2659422534 |         ideal
    13 |      520 |      5 |  0.000000E+00 |  0.000000E+00 |  0.6547919314 |         ideal
    14 |      560 |      7 |  0.000000E+00 |  0.000000E+00 |  0.3010137887 |         ideal
    15 |      600 |      6 |  0.000000E+00 |  0.000000E+00 |  0.0747187355 |             f
    16 |      640 |      7 |  0.000000E+00 |  0.000000E+00 |  0.2926604423 |         ideal
    17 |      680 |      8 |  0.000000E+00 |  0.000000E+00 |  0.1670090947 |         ideal
    18 |      720 |     11 |  0.000000E+00 |  0.000000E+00 |  0.0484082044 |         ideal
    19 |      760 |     14 |  0.000000E+00 |  0.000000E+00 |  0.0701560741 |         ideal
    20 |      800 |     24 |  0.000000E+00 |  0.000000E+00 |  0.0198117165 |             f
    21 |      840 |     25 |  0.000000E+00 |  0.000000E+00 |  0.0142694416 |             f
    22 |      880 |     22 |  0.000000E+00 |  0.000000E+00 |  0.0209459777 |         ideal
    23 |      920 |     25 |  0.000000E+00 |  0.000000E+00 |  0.1529826586 |         ideal
    24 |      960 |     26 |  0.000000E+00 |  0.000000E+00 |  0.0084149749 |         ideal
    25 |     1000 |     23 |  0.000000E+00 |  0.000000E+00 |  0.1498673997 |         ideal
    26 |     1040 |     21 |  0.000000E+00 |  0.000000E+00 |  0.0154011535 |             f
    27 |     1080 |     19 |  0.000000E+00 |  0.000000E+00 |  0.0136141601 |             f
    28 |     1120 |     12 |  0.000000E+00 |  0.000000E+00 |  0.0180211189 |         ideal
    29 |     1160 |     13 |  0.000000E+00 |  0.000000E+00 |  0.0161358830 |         ideal
    30 |     1200 |     14 |  0.000000E+00 |  0.000000E+00 |  0.0424068532 |         ideal
    31 |     1240 |     18 |  0.000000E+00 |  0.000000E+00 |  0.0181640432 |             f
    32 |     1280 |     23 |  0.000000E+00 |  0.000000E+00 |  0.0081752794 |         ideal
    33 |     1320 |     21 |  0.000000E+00 |  0.000000E+00 |  0.1290190921 |         ideal
    34 |     1360 |     14 |  0.000000E+00 |  0.000000E+00 |  0.0036147674 |         ideal
    35 |     1400 |     20 |  0.000000E+00 |  0.000000E+00 |  0.0034457240 |         ideal
    36 |     1440 |     26 |  0.000000E+00 |  0.000000E+00 |  0.0218095424 |             f
    37 |     1480 |     23 |  0.000000E+00 |  0.000000E+00 |  0.0132617052 |             f
    38 |     1520 |     27 |  0.000000E+00 |  0.000000E+00 |  0.0056784766 |             f
    39 |     1560 |     31 |  0.000000E+00 |  0.000000E+00 |  0.0277105744 |         ideal
    40 |     1600 |     35 |  0.000000E+00 |  0.000000E+00 |  0.0210430685 |         ideal
    41 |     1640 |     40 |  0.000000E+00 |  0.000000E+00 |  0.0698291439 |         ideal
    42 |     1680 |     40 |  0.000000E+00 |  0.000000E+00 |  0.0059190465 |             f
    43 |     1720 |     35 |  0.000000E+00 |  0.000000E+00 |  0.0235994073 |         ideal
    44 |     1760 |     22 |  0.000000E+00 |  0.000000E+00 |  0.0164775682 |             f
    45 |     1800 |     15 |  0.000000E+00 |  0.000000E+00 |  0.0133406267 |         ideal
    46 |     1840 |     20 |  0.000000E+00 |  0.000000E+00 |  0.0233000283 |         nadir
    47 |     1880 |     16 |  0.000000E+00 |  0.000000E+00 |  0.0942637550 |         ideal
    48 |     1920 |     21 |  0.000000E+00 |  0.000000E+00 |  0.0325374641 |             f
    49 |     1960 |     26 |  0.000000E+00 |  0.000000E+00 |  0.0049480855 |         ideal
    50 |     2000 |     25 |  0.000000E+00 |  0.000000E+00 |  0.0090870642 |             f
    51 |     2040 |     23 |  0.000000E+00 |  0.000000E+00 |  0.0202906343 |             f
    52 |     2080 |     20 |  0.000000E+00 |  0.000000E+00 |  0.0109223566 |         ideal
    53 |     2120 |     23 |  0.000000E+00 |  0.000000E+00 |  0.0075265934 |             f
    54 |     2160 |     30 |  0.000000E+00 |  0.000000E+00 |  0.0448335614 |         ideal
    55 |     2200 |     18 |  0.000000E+00 |  0.000000E+00 |  0.0415078038 |         ideal
    56 |     2240 |     19 |  0.000000E+00 |  0.000000E+00 |  0.1394077268 |         ideal
    57 |     2280 |     23 |  0.000000E+00 |  0.000000E+00 |  0.0032296946 |         ideal
    58 |     2320 |     21 |  0.000000E+00 |  0.000000E+00 |  0.0196322859 |             f
    59 |     2360 |     20 |  0.000000E+00 |  0.000000E+00 |  0.0026973103 |         ideal
    60 |     2400 |     25 |  0.000000E+00 |  0.000000E+00 |  0.0230771547 |         ideal
    61 |     2440 |     27 |  0.000000E+00 |  0.000000E+00 |  0.0555755603 |         ideal
    62 |     2480 |     32 |  0.000000E+00 |  0.000000E+00 |  0.0104495199 |             f
    63 |     2520 |     34 |  0.000000E+00 |  0.000000E+00 |  0.0061085815 |             f
    64 |     2560 |     27 |  0.000000E+00 |  0.000000E+00 |  0.0863034909 |         ideal
    65 |     2600 |     31 |  0.000000E+00 |  0.000000E+00 |  0.0069157160 |             f
    66 |     2640 |     28 |  0.000000E+00 |  0.000000E+00 |  0.0655192868 |         ideal
    67 |     2680 |     21 |  0.000000E+00 |  0.000000E+00 |  0.0235614453 |             f
    68 |     2720 |     30 |  0.000000E+00 |  0.000000E+00 |  0.0128335823 |             f
    69 |     2760 |     31 |  0.000000E+00 |  0.000000E+00 |  0.0028141239 |         nadir
    70 |     2800 |     33 |  0.000000E+00 |  0.000000E+00 |  0.0041546224 |             f
    71 |     2840 |     33 |  0.000000E+00 |  0.000000E+00 |  0.0149111737 |         ideal
    72 |     2880 |     36 |  0.000000E+00 |  0.000000E+00 |  0.0141197987 |         ideal
    73 |     2920 |     34 |  0.000000E+00 |  0.000000E+00 |  0.0108139548 |             f
    74 |     2960 |     40 |  0.000000E+00 |  0.000000E+00 |  0.0649930089 |         ideal
    75 |     3000 |     40 |  0.000000E+00 |  0.000000E+00 |  0.0046687059 |         nadir
    76 |     3040 |     40 |  0.000000E+00 |  0.000000E+00 |  0.0043830534 |         ideal
    77 |     3080 |     40 |  0.000000E+00 |  0.000000E+00 |  0.0271746604 |         ideal
    78 |     3120 |     40 |  0.000000E+00 |  0.000000E+00 |  0.0057767082 |             f
    79 |     3160 |     37 |  0.000000E+00 |  0.000000E+00 |  0.0168965492 |         ideal
    80 |     3200 |     40 |  0.000000E+00 |  0.000000E+00 |  0.0066171873 |             f
    81 |     3240 |     39 |  0.000000E+00 |  0.000000E+00 |  0.0149815997 |         ideal
    82 |     3280 |     36 |  0.000000E+00 |  0.000000E+00 |  0.0066024481 |             f
    83 |     3320 |     33 |  0.000000E+00 |  0.000000E+00 |  0.0056589904 |             f
    84 |     3360 |     35 |  0.000000E+00 |  0.000000E+00 |  0.0149380626 |         ideal
    85 |     3400 |     33 |  0.000000E+00 |  0.000000E+00 |  0.0108020086 |             f
    86 |     3440 |     40 |  0.000000E+00 |  0.000000E+00 |  0.0060541923 |             f
    87 |     3480 |     40 |  0.000000E+00 |  0.000000E+00 |  0.0071108372 |             f
    88 |     3520 |     40 |  0.000000E+00 |  0.000000E+00 |  0.0266811419 |         ideal
    89 |     3560 |     40 |  0.000000E+00 |  0.000000E+00 |  0.0043381695 |             f
    90 |     3600 |     40 |  0.000000E+00 |  0.000000E+00 |  0.0079615502 |             f
    91 |     3640 |     40 |  0.000000E+00 |  0.000000E+00 |  0.0039087830 |             f
    92 |     3680 |     40 |  0.000000E+00 |  0.000000E+00 |  0.0052738680 |         ideal
    93 |     3720 |     40 |  0.000000E+00 |  0.000000E+00 |  0.0029115086 |             f
    94 |     3760 |     36 |  0.000000E+00 |  0.000000E+00 |  0.0045831459 |         ideal
    95 |     3800 |     40 |  0.000000E+00 |  0.000000E+00 |  0.0043757006 |             f
    96 |     3840 |     40 |  0.000000E+00 |  0.000000E+00 |  0.0595430225 |         ideal
    97 |     3880 |     40 |  0.000000E+00 |  0.000000E+00 |  0.0054958686 |             f
    98 |     3920 |     40 |  0.000000E+00 |  0.000000E+00 |  0.0030728356 |         ideal
    99 |     3960 |     40 |  0.000000E+00 |  0.000000E+00 |  0.0043629776 |             f
   100 |     4000 |     40 |  0.000000E+00 |  0.000000E+00 |  0.0266523234 |         ideal
mean B0=108.8136 homogen=13380.054
mean B0=86.9621 homogen=312.6137
mean B0=89.7259 homogen=179.9654
mean B0=93.0436 homogen=722.8566
mean B0=101.1544 homogen=6700.8979
mean B0=99.1471 homogen=4946.8522
mean B0=100.517 homogen=6072.7136
mean B0=106.9247 homogen=10711.6616
mean B0=107.3114 homogen=11411.8461
mean B0=87.1187 homogen=357.5143
mean B0=97.5713 homogen=3227.8772
mean B0=106.1844 homogen=10279.3329
mean B0=96.7569 homogen=1955.7546
mean B0=102.6952 homogen=8091.2923
mean B0=107.5381 homogen=12294.1184
mean B0=103.6063 homogen=8798.0669
mean B0=98.2027 homogen=4101.9043
mean B0=107.8094 homogen=12594.7017
mean B0=94.8795 homogen=728.7222
mean B0=103.7287 homogen=9737.137
mean B0=95.6199 homogen=1058.6421
mean B0=102.6952 homogen=8091.2923
mean B0=96.9533 homogen=2686.8294
mean B0=98.7442 homogen=4452.8709
mean B0=108.162 homogen=13107.617
mean B0=96.0411 homogen=1510.1814
mean B0=97.3572 homogen=2911.982
mean B0=98.8976 homogen=4823.5066
mean B0=96.3438 homogen=1626.7498
mean B0=105.277 homogen=10316.5528
mean B0=102.8391 homogen=8251.9128
mean B0=100.8758 homogen=6214.8229
mean B0=101.1134 homogen=6654.4017
mean B0=108.2312 homogen=13164.8852
mean B0=102.9316 homogen=8551.3794
mean B0=98.4257 homogen=4205.841
mean B0=103.2048 homogen=8640.5761
mean B0=103.7331 homogen=9740.7029
mean B0=104.38 homogen=9805.4321
mean B0=104.9643 homogen=9919.1253
   101 |     4040 |     40 |  0.000000E+00 |  0.000000E+00 |  0.0125950943 |         ideal
   102 |     4080 |     40 |  0.000000E+00 |  0.000000E+00 |  0.0145711837 |         ideal
   103 |     4120 |     40 |  0.000000E+00 |  0.000000E+00 |  0.0686640949 |         ideal
   104 |     4160 |     40 |  0.000000E+00 |  0.000000E+00 |  0.0063478182 |             f
   105 |     4200 |     40 |  0.000000E+00 |  0.000000E+00 |  0.0104069849 |             f
   106 |     4240 |     40 |  0.000000E+00 |  0.000000E+00 |  0.0065196352 |             f
   107 |     4280 |     35 |  0.000000E+00 |  0.000000E+00 |  0.0556884177 |         ideal
   108 |     4320 |     40 |  0.000000E+00 |  0.000000E+00 |  0.0145600348 |         ideal
   109 |     4360 |     40 |  0.000000E+00 |  0.000000E+00 |  0.0041158316 |             f
   110 |     4400 |     36 |  0.000000E+00 |  0.000000E+00 |  0.0575938833 |         ideal
   111 |     4440 |     29 |  0.000000E+00 |  0.000000E+00 |  0.0091056594 |             f
   112 |     4480 |     30 |  0.000000E+00 |  0.000000E+00 |  0.0085667863 |             f
   113 |     4520 |     36 |  0.000000E+00 |  0.000000E+00 |  0.0045480437 |         nadir
   114 |     4560 |     40 |  0.000000E+00 |  0.000000E+00 |  0.0408616388 |         ideal
   115 |     4600 |     35 |  0.000000E+00 |  0.000000E+00 |  0.0083228874 |             f
   116 |     4640 |     40 |  0.000000E+00 |  0.000000E+00 |  0.0038311325 |             f
   117 |     4680 |     40 |  0.000000E+00 |  0.000000E+00 |  0.0046219635 |             f
   118 |     4720 |     40 |  0.000000E+00 |  0.000000E+00 |  0.0096691378 |         ideal
   119 |     4760 |     40 |  0.000000E+00 |  0.000000E+00 |  0.0041511914 |             f
   120 |     4800 |     39 |  0.000000E+00 |  0.000000E+00 |  0.0041530028 |             f
   121 |     4840 |     38 |  0.000000E+00 |  0.000000E+00 |  0.0046649658 |             f
   122 |     4880 |     40 |  0.000000E+00 |  0.000000E+00 |  0.0044432034 |             f
   123 |     4920 |     39 |  0.000000E+00 |  0.000000E+00 |  0.0021018281 |             f
   124 |     4960 |     40 |  0.000000E+00 |  0.000000E+00 |  0.0169318942 |         ideal
   125 |     5000 |     40 |  0.000000E+00 |  0.000000E+00 |  0.0224322196 |         ideal
   126 |     5040 |     39 |  0.000000E+00 |  0.000000E+00 |  0.0025339209 |             f
   127 |     5080 |     40 |  0.000000E+00 |  0.000000E+00 |  0.0047951421 |             f
   128 |     5120 |     40 |  0.000000E+00 |  0.000000E+00 |  0.0039848243 |             f
   129 |     5160 |     40 |  0.000000E+00 |  0.000000E+00 |  0.0128869334 |         ideal
   130 |     5200 |     33 |  0.000000E+00 |  0.000000E+00 |  0.0216653744 |         ideal
   131 |     5240 |     36 |  0.000000E+00 |  0.000000E+00 |  0.0117013746 |         ideal
   132 |     5280 |     40 |  0.000000E+00 |  0.000000E+00 |  0.0039558636 |             f
   133 |     5320 |     38 |  0.000000E+00 |  0.000000E+00 |  0.0029507114 |             f
   134 |     5360 |     40 |  0.000000E+00 |  0.000000E+00 |  0.0055188569 |             f
   135 |     5400 |     40 |  0.000000E+00 |  0.000000E+00 |  0.0055342488 |             f
   136 |     5440 |     32 |  0.000000E+00 |  0.000000E+00 |  0.0119370766 |             f
   137 |     5480 |     22 |  0.000000E+00 |  0.000000E+00 |  0.0073345633 |         ideal
   138 |     5520 |     29 |  0.000000E+00 |  0.000000E+00 |  0.0036737176 |             f
   139 |     5560 |     30 |  0.000000E+00 |  0.000000E+00 |  0.0056820836 |             f
   140 |     5600 |     39 |  0.000000E+00 |  0.000000E+00 |  0.0097345557 |             f
   141 |     5640 |     40 |  0.000000E+00 |  0.000000E+00 |  0.0050538194 |             f
   142 |     5680 |     40 |  0.000000E+00 |  0.000000E+00 |  0.0035176840 |             f
   143 |     5720 |     40 |  0.000000E+00 |  0.000000E+00 |  0.0057650900 |             f
   144 |     5760 |     40 |  0.000000E+00 |  0.000000E+00 |  0.0152086590 |         ideal
   145 |     5800 |     40 |  0.000000E+00 |  0.000000E+00 |  0.0026934889 |         nadir
   146 |     5840 |     40 |  0.000000E+00 |  0.000000E+00 |  0.0031609107 |             f
   147 |     5880 |     40 |  0.000000E+00 |  0.000000E+00 |  0.0012258389 |             f
   148 |     5920 |     40 |  0.000000E+00 |  0.000000E+00 |  0.0051640815 |             f
   149 |     5960 |     40 |  0.000000E+00 |  0.000000E+00 |  0.0081115665 |         ideal
   150 |     6000 |     40 |  0.000000E+00 |  0.000000E+00 |  0.0019811504 |             f
   151 |     6040 |     40 |  0.000000E+00 |  0.000000E+00 |  0.0049166636 |             f
   152 |     6080 |     40 |  0.000000E+00 |  0.000000E+00 |  0.0115552122 |         ideal
   153 |     6120 |     40 |  0.000000E+00 |  0.000000E+00 |  0.0019214394 |             f
   154 |     6160 |     40 |  0.000000E+00 |  0.000000E+00 |  0.0042338163 |             f
   155 |     6200 |     40 |  0.000000E+00 |  0.000000E+00 |  0.0021141728 |             f
   156 |     6240 |     40 |  0.000000E+00 |  0.000000E+00 |  0.0049257329 |             f
   157 |     6280 |     40 |  0.000000E+00 |  0.000000E+00 |  0.0058610796 |             f
   158 |     6320 |     40 |  0.000000E+00 |  0.000000E+00 |  0.0101082899 |         ideal
   159 |     6360 |     40 |  0.000000E+00 |  0.000000E+00 |  0.0055057248 |             f
   160 |     6400 |     40 |  0.000000E+00 |  0.000000E+00 |  0.0040331326 |             f
   161 |     6440 |     40 |  0.000000E+00 |  0.000000E+00 |  0.0031597478 |             f
   162 |     6480 |     40 |  0.000000E+00 |  0.000000E+00 |  0.0026313609 |             f
   163 |     6520 |     40 |  0.000000E+00 |  0.000000E+00 |  0.0253185482 |         ideal
   164 |     6560 |     40 |  0.000000E+00 |  0.000000E+00 |  0.0154827371 |         ideal
   165 |     6600 |     40 |  0.000000E+00 |  0.000000E+00 |  0.0048920439 |             f
   166 |     6640 |     40 |  0.000000E+00 |  0.000000E+00 |  0.0043827015 |             f
   167 |     6680 |     34 |  0.000000E+00 |  0.000000E+00 |  0.0062518102 |             f
   168 |     6720 |     40 |  0.000000E+00 |  0.000000E+00 |  0.0053022015 |             f
   169 |     6760 |     40 |  0.000000E+00 |  0.000000E+00 |  0.0037492380 |         ideal
   170 |     6800 |     40 |  0.000000E+00 |  0.000000E+00 |  0.0014749289 |             f
   171 |     6840 |     40 |  0.000000E+00 |  0.000000E+00 |  0.0054394407 |             f
   172 |     6880 |     40 |  0.000000E+00 |  0.000000E+00 |  0.0027644185 |             f
   173 |     6920 |     40 |  0.000000E+00 |  0.000000E+00 |  0.0029703124 |             f
   174 |     6960 |     40 |  0.000000E+00 |  0.000000E+00 |  0.0023437690 |             f
   175 |     7000 |     40 |  0.000000E+00 |  0.000000E+00 |  0.0062119189 |             f
   176 |     7040 |     40 |  0.000000E+00 |  0.000000E+00 |  0.0018295546 |             f
   177 |     7080 |     40 |  0.000000E+00 |  0.000000E+00 |  0.0045170571 |             f
   178 |     7120 |     40 |  0.000000E+00 |  0.000000E+00 |  0.0025396354 |         ideal
   179 |     7160 |     40 |  0.000000E+00 |  0.000000E+00 |  0.0025049916 |             f
   180 |     7200 |     40 |  0.000000E+00 |  0.000000E+00 |  0.0016967161 |             f
   181 |     7240 |     40 |  0.000000E+00 |  0.000000E+00 |  0.0044548983 |         nadir
   182 |     7280 |     40 |  0.000000E+00 |  0.000000E+00 |  0.0366779952 |         ideal
   183 |     7320 |     40 |  0.000000E+00 |  0.000000E+00 |  0.0039360589 |             f
   184 |     7360 |     40 |  0.000000E+00 |  0.000000E+00 |  0.0039644577 |             f
   185 |     7400 |     40 |  0.000000E+00 |  0.000000E+00 |  0.0021765320 |             f
   186 |     7440 |     40 |  0.000000E+00 |  0.000000E+00 |  0.0078917036 |             f
   187 |     7480 |     33 |  0.000000E+00 |  0.000000E+00 |  0.0036009095 |             f
   188 |     7520 |     38 |  0.000000E+00 |  0.000000E+00 |  0.0033731928 |             f
   189 |     7560 |     40 |  0.000000E+00 |  0.000000E+00 |  0.0076382446 |             f
   190 |     7600 |     38 |  0.000000E+00 |  0.000000E+00 |  0.0053036990 |             f
   191 |     7640 |     40 |  0.000000E+00 |  0.000000E+00 |  0.0036849744 |             f
   192 |     7680 |     40 |  0.000000E+00 |  0.000000E+00 |  0.0040335490 |         ideal
   193 |     7720 |     40 |  0.000000E+00 |  0.000000E+00 |  0.0136050082 |         ideal
   194 |     7760 |     40 |  0.000000E+00 |  0.000000E+00 |  0.0032190896 |         nadir
   195 |     7800 |     40 |  0.000000E+00 |  0.000000E+00 |  0.0029233384 |         ideal
   196 |     7840 |     40 |  0.000000E+00 |  0.000000E+00 |  0.0034342758 |             f
   197 |     7880 |     40 |  0.000000E+00 |  0.000000E+00 |  0.0046113315 |             f
   198 |     7920 |     39 |  0.000000E+00 |  0.000000E+00 |  0.0040388632 |             f
   199 |     7960 |     40 |  0.000000E+00 |  0.000000E+00 |  0.0091729970 |         ideal
   200 |     8000 |     40 |  0.000000E+00 |  0.000000E+00 |  0.0067454912 |             f
mean B0=124.3587 homogen=10746.3565
mean B0=87.1713 homogen=245.6756
mean B0=107.5331 homogen=300.5443
mean B0=87.1721 homogen=245.3383
mean B0=115.3235 homogen=3790.1704
mean B0=117.9388 homogen=5726.3082
mean B0=117.1132 homogen=5095.5655
mean B0=118.6849 homogen=6350.5672
mean B0=120.2543 homogen=8212.0315
mean B0=122.0722 homogen=9436.0412
mean B0=115.1402 homogen=2992.7705
mean B0=108.1749 homogen=335.2267
mean B0=119.8145 homogen=6846.3182
mean B0=113.4895 homogen=2039.3386
mean B0=121.4122 homogen=8552.8645
mean B0=112.7866 homogen=1270.4042
mean B0=113.4537 homogen=1772.6188
mean B0=119.0978 homogen=6683.7102
mean B0=114.5675 homogen=2516.7542
mean B0=110.5292 homogen=613.5015
mean B0=119.903 homogen=7320.9333
mean B0=116.1411 homogen=4541.0887
mean B0=121.2508 homogen=8430.4844
mean B0=123.2361 homogen=10362.8828
mean B0=116.4318 homogen=4565.0402
mean B0=122.642 homogen=9837.6248
mean B0=120.0908 homogen=7410.1019
mean B0=123.4438 homogen=10360.2655
mean B0=122.8827 homogen=10019.8039
mean B0=111.6749 homogen=1334.6171
mean B0=114.7267 homogen=2655.4084
mean B0=111.1815 homogen=980.8959
mean B0=111.8158 homogen=1443.7481
mean B0=123.7724 homogen=10659.0922
mean B0=111.1 homogen=928.6773
mean B0=121.2559 homogen=8430.9361
mean B0=123.6343 homogen=10444.2701
mean B0=114.7266 homogen=2655.5012
mean B0=111.7238 homogen=1374.1762
mean B0=122.734 homogen=9901.5408
   201 |     8040 |     40 |  0.000000E+00 |  0.000000E+00 |  0.0153509275 |         nadir
   202 |     8080 |     40 |  0.000000E+00 |  0.000000E+00 |  0.0040276005 |             f
   203 |     8120 |     40 |  0.000000E+00 |  0.000000E+00 |  0.0148490949 |         nadir
   204 |     8160 |     40 |  0.000000E+00 |  0.000000E+00 |  0.0027345723 |             f
   205 |     8200 |     40 |  0.000000E+00 |  0.000000E+00 |  0.0018063953 |             f
   206 |     8240 |     40 |  0.000000E+00 |  0.000000E+00 |  0.0050098293 |             f
   207 |     8280 |     40 |  0.000000E+00 |  0.000000E+00 |  0.0024374547 |             f
   208 |     8320 |     40 |  0.000000E+00 |  0.000000E+00 |  0.0037984690 |             f
   209 |     8360 |     40 |  0.000000E+00 |  0.000000E+00 |  0.0011446779 |             f
   210 |     8400 |     40 |  0.000000E+00 |  0.000000E+00 |  0.0042069111 |             f
   211 |     8440 |     40 |  0.000000E+00 |  0.000000E+00 |  0.0033161048 |             f
   212 |     8480 |     40 |  0.000000E+00 |  0.000000E+00 |  0.0023584832 |             f
   213 |     8520 |     40 |  0.000000E+00 |  0.000000E+00 |  0.0026698795 |         ideal
   214 |     8560 |     40 |  0.000000E+00 |  0.000000E+00 |  0.0155638274 |         ideal
   215 |     8600 |     40 |  0.000000E+00 |  0.000000E+00 |  0.0060150832 |             f
   216 |     8640 |     40 |  0.000000E+00 |  0.000000E+00 |  0.0119865961 |         nadir
   217 |     8680 |     40 |  0.000000E+00 |  0.000000E+00 |  0.0056596292 |             f
   218 |     8720 |     40 |  0.000000E+00 |  0.000000E+00 |  0.0028493886 |             f
   219 |     8760 |     40 |  0.000000E+00 |  0.000000E+00 |  0.0174188050 |         ideal
   220 |     8800 |     40 |  0.000000E+00 |  0.000000E+00 |  0.0033278083 |             f
   221 |     8840 |     40 |  0.000000E+00 |  0.000000E+00 |  0.0024114995 |             f
   222 |     8880 |     40 |  0.000000E+00 |  0.000000E+00 |  0.0055911483 |             f
   223 |     8920 |     40 |  0.000000E+00 |  0.000000E+00 |  0.0421210191 |         ideal
   224 |     8960 |     40 |  0.000000E+00 |  0.000000E+00 |  0.0044702667 |             f
   225 |     9000 |     40 |  0.000000E+00 |  0.000000E+00 |  0.0042038376 |             f
   226 |     9040 |     40 |  0.000000E+00 |  0.000000E+00 |  0.0041928404 |         nadir
   227 |     9080 |     40 |  0.000000E+00 |  0.000000E+00 |  0.0042744800 |             f
   228 |     9120 |     40 |  0.000000E+00 |  0.000000E+00 |  0.0020060922 |             f
   229 |     9160 |     40 |  0.000000E+00 |  0.000000E+00 |  0.0034160892 |             f
   230 |     9200 |     40 |  0.000000E+00 |  0.000000E+00 |  0.0038759006 |             f
   231 |     9240 |     40 |  0.000000E+00 |  0.000000E+00 |  0.0027665242 |             f
   232 |     9280 |     40 |  0.000000E+00 |  0.000000E+00 |  0.0026651800 |             f
   233 |     9320 |     40 |  0.000000E+00 |  0.000000E+00 |  0.0034053441 |             f
   234 |     9360 |     40 |  0.000000E+00 |  0.000000E+00 |  0.0031453697 |             f
   235 |     9400 |     40 |  0.000000E+00 |  0.000000E+00 |  0.0015682975 |             f
   236 |     9440 |     40 |  0.000000E+00 |  0.000000E+00 |  0.0116390589 |         ideal
   237 |     9480 |     40 |  0.000000E+00 |  0.000000E+00 |  0.0042205361 |             f
   238 |     9520 |     40 |  0.000000E+00 |  0.000000E+00 |  0.0031132919 |             f
   239 |     9560 |     40 |  0.000000E+00 |  0.000000E+00 |  0.0017014299 |             f
   240 |     9600 |     40 |  0.000000E+00 |  0.000000E+00 |  0.0048053084 |         ideal
   241 |     9640 |     40 |  0.000000E+00 |  0.000000E+00 |  0.0028867583 |             f
   242 |     9680 |     40 |  0.000000E+00 |  0.000000E+00 |  0.0021027367 |             f
   243 |     9720 |     40 |  0.000000E+00 |  0.000000E+00 |  0.0034054149 |             f
   244 |     9760 |     40 |  0.000000E+00 |  0.000000E+00 |  0.0169126306 |         ideal
   245 |     9800 |     40 |  0.000000E+00 |  0.000000E+00 |  0.0030867629 |             f
   246 |     9840 |     40 |  0.000000E+00 |  0.000000E+00 |  0.0126059290 |         ideal
   247 |     9880 |     40 |  0.000000E+00 |  0.000000E+00 |  0.0031833826 |             f
   248 |     9920 |     40 |  0.000000E+00 |  0.000000E+00 |  0.0030459323 |             f
   249 |     9960 |     40 |  0.000000E+00 |  0.000000E+00 |  0.0015284893 |             f
   250 |    10000 |     40 |  0.000000E+00 |  0.000000E+00 |  0.0053781014 |             f
   251 |    10040 |     40 |  0.000000E+00 |  0.000000E+00 |  0.0030140484 |         ideal
   252 |    10080 |     40 |  0.000000E+00 |  0.000000E+00 |  0.0084182909 |         nadir
   253 |    10120 |     40 |  0.000000E+00 |  0.000000E+00 |  0.0036446535 |             f
   254 |    10160 |     40 |  0.000000E+00 |  0.000000E+00 |  0.0113836493 |         ideal
   255 |    10200 |     40 |  0.000000E+00 |  0.000000E+00 |  0.0021636276 |             f
   256 |    10240 |     40 |  0.000000E+00 |  0.000000E+00 |  0.0058157865 |             f
   257 |    10280 |     40 |  0.000000E+00 |  0.000000E+00 |  0.0010947455 |             f
   258 |    10320 |     40 |  0.000000E+00 |  0.000000E+00 |  0.0177904812 |         ideal
   259 |    10360 |     40 |  0.000000E+00 |  0.000000E+00 |  0.0031570296 |         ideal
   260 |    10400 |     40 |  0.000000E+00 |  0.000000E+00 |  0.0031605829 |         ideal
   261 |    10440 |     40 |  0.000000E+00 |  0.000000E+00 |  0.0027546680 |             f
   262 |    10480 |     40 |  0.000000E+00 |  0.000000E+00 |  0.0020830885 |             f
   263 |    10520 |     40 |  0.000000E+00 |  0.000000E+00 |  0.0038116226 |             f
   264 |    10560 |     40 |  0.000000E+00 |  0.000000E+00 |  0.0051794371 |             f
   265 |    10600 |     40 |  0.000000E+00 |  0.000000E+00 |  0.0026616876 |             f
   266 |    10640 |     40 |  0.000000E+00 |  0.000000E+00 |  0.0016440865 |             f
   267 |    10680 |     40 |  0.000000E+00 |  0.000000E+00 |  0.0027077492 |         nadir
   268 |    10720 |     40 |  0.000000E+00 |  0.000000E+00 |  0.0505743100 |         ideal
   269 |    10760 |     40 |  0.000000E+00 |  0.000000E+00 |  0.0021711079 |             f
   270 |    10800 |     40 |  0.000000E+00 |  0.000000E+00 |  0.0043136922 |             f
   271 |    10840 |     40 |  0.000000E+00 |  0.000000E+00 |  0.0055339664 |         ideal
   272 |    10880 |     40 |  0.000000E+00 |  0.000000E+00 |  0.0044538389 |             f
   273 |    10920 |     40 |  0.000000E+00 |  0.000000E+00 |  0.0164768202 |         ideal
   274 |    10960 |     40 |  0.000000E+00 |  0.000000E+00 |  0.0017027169 |             f
   275 |    11000 |     40 |  0.000000E+00 |  0.000000E+00 |  0.0038127950 |             f
   276 |    11040 |     40 |  0.000000E+00 |  0.000000E+00 |  0.0025404739 |             f
   277 |    11080 |     40 |  0.000000E+00 |  0.000000E+00 |  0.0043296575 |             f
   278 |    11120 |     40 |  0.000000E+00 |  0.000000E+00 |  0.0029746236 |         nadir
   279 |    11160 |     40 |  0.000000E+00 |  0.000000E+00 |  0.0050309691 |             f
   280 |    11200 |     40 |  0.000000E+00 |  0.000000E+00 |  0.0017667426 |             f
   281 |    11240 |     40 |  0.000000E+00 |  0.000000E+00 |  0.0053941492 |             f
   282 |    11280 |     40 |  0.000000E+00 |  0.000000E+00 |  0.0156426358 |         ideal
   283 |    11320 |     40 |  0.000000E+00 |  0.000000E+00 |  0.0034598870 |             f
   284 |    11360 |     40 |  0.000000E+00 |  0.000000E+00 |  0.0027955702 |             f
   285 |    11400 |     40 |  0.000000E+00 |  0.000000E+00 |  0.0010365178 |             f
   286 |    11440 |     40 |  0.000000E+00 |  0.000000E+00 |  0.0032948359 |             f
   287 |    11480 |     40 |  0.000000E+00 |  0.000000E+00 |  0.0016675060 |             f
   288 |    11520 |     40 |  0.000000E+00 |  0.000000E+00 |  0.0043518617 |             f
   289 |    11560 |     40 |  0.000000E+00 |  0.000000E+00 |  0.0035888552 |             f
   290 |    11600 |     40 |  0.000000E+00 |  0.000000E+00 |  0.0044294094 |             f
   291 |    11640 |     40 |  0.000000E+00 |  0.000000E+00 |  0.0029965414 |         ideal
   292 |    11680 |     40 |  0.000000E+00 |  0.000000E+00 |  0.0049012031 |             f
   293 |    11720 |     40 |  0.000000E+00 |  0.000000E+00 |  0.0046316239 |         ideal
   294 |    11760 |     40 |  0.000000E+00 |  0.000000E+00 |  0.0027920042 |             f
   295 |    11800 |     40 |  0.000000E+00 |  0.000000E+00 |  0.0032961129 |             f
   296 |    11840 |     40 |  0.000000E+00 |  0.000000E+00 |  0.0021649023 |             f
   297 |    11880 |     40 |  0.000000E+00 |  0.000000E+00 |  0.0045063982 |             f
   298 |    11920 |     40 |  0.000000E+00 |  0.000000E+00 |  0.0029166438 |         nadir
   299 |    11960 |     40 |  0.000000E+00 |  0.000000E+00 |  0.0156073889 |         ideal
   300 |    12000 |     40 |  0.000000E+00 |  0.000000E+00 |  0.0021202241 |             f
mean B0=108.1748 homogen=248.9826
mean B0=129.9416 homogen=14250.9743
mean B0=119.5705 homogen=5897.6353
mean B0=125.5369 homogen=10398.8346
mean B0=115.4926 homogen=2267.3049
mean B0=114.2999 homogen=1653.6645
mean B0=112.9229 homogen=734.5397
mean B0=117.0948 homogen=3683.7762
mean B0=110.2248 homogen=211.3081
mean B0=118.5759 homogen=5090.2053
mean B0=116.6455 homogen=3217.5488
mean B0=123.6397 homogen=8842.9377
mean B0=111.7624 homogen=404.7889
mean B0=121.5185 homogen=7126.6382
mean B0=126.7518 homogen=11659.2626
mean B0=120.673 homogen=6438.7345
mean B0=126.1336 homogen=10895.9201
mean B0=124.6641 homogen=9735.6325
mean B0=108.1831 homogen=253.4717
mean B0=122.5534 homogen=7963.7799
mean B0=120.4595 homogen=6270.5703
mean B0=129.0145 homogen=13394.3176
mean B0=126.9105 homogen=11718.6464
mean B0=127.6728 homogen=12262.7221
mean B0=113.898 homogen=1320.9446
mean B0=117.5841 homogen=4296.3275
mean B0=110.6941 homogen=456.6334
mean B0=116.0779 homogen=2732.0462
mean B0=127.8443 homogen=12354.3813
mean B0=122.185 homogen=7681.1607
mean B0=128.4198 homogen=12871.254
mean B0=128.4197 homogen=12871.3821
mean B0=126.0286 homogen=10834.9353
mean B0=123.0105 homogen=8352.325
mean B0=124.224 homogen=9258.3897
mean B0=123.1303 homogen=8430.4968
mean B0=129.1141 homogen=13763.1222
mean B0=118.3812 homogen=4804.7875
mean B0=129.5587 homogen=13893.8284
mean B0=115.8796 homogen=2590.9123
   301 |    12040 |     40 |  0.000000E+00 |  0.000000E+00 |  0.0046424148 |             f
   302 |    12080 |     40 |  0.000000E+00 |  0.000000E+00 |  0.0042906481 |         ideal
   303 |    12120 |     40 |  0.000000E+00 |  0.000000E+00 |  0.0012169866 |             f
   304 |    12160 |     40 |  0.000000E+00 |  0.000000E+00 |  0.0033458228 |             f
   305 |    12200 |     40 |  0.000000E+00 |  0.000000E+00 |  0.0047076192 |         ideal
   306 |    12240 |     40 |  0.000000E+00 |  0.000000E+00 |  0.0029901206 |             f
   307 |    12280 |     40 |  0.000000E+00 |  0.000000E+00 |  0.0035972748 |             f
   308 |    12320 |     40 |  0.000000E+00 |  0.000000E+00 |  0.0018487843 |             f
   309 |    12360 |     40 |  0.000000E+00 |  0.000000E+00 |  0.0031553807 |         nadir
   310 |    12400 |     40 |  0.000000E+00 |  0.000000E+00 |  0.0038997761 |             f
   311 |    12440 |     40 |  0.000000E+00 |  0.000000E+00 |  0.0011257203 |             f
   312 |    12480 |     40 |  0.000000E+00 |  0.000000E+00 |  0.0019387422 |             f
   313 |    12520 |     40 |  0.000000E+00 |  0.000000E+00 |  0.0046527999 |             f
   314 |    12560 |     40 |  0.000000E+00 |  0.000000E+00 |  0.0021184307 |             f
   315 |    12600 |     40 |  0.000000E+00 |  0.000000E+00 |  0.0037563353 |             f
   316 |    12640 |     40 |  0.000000E+00 |  0.000000E+00 |  0.0022907540 |             f
   317 |    12680 |     40 |  0.000000E+00 |  0.000000E+00 |  0.0039874253 |             f
   318 |    12720 |     40 |  0.000000E+00 |  0.000000E+00 |  0.0047375927 |             f
   319 |    12760 |     40 |  0.000000E+00 |  0.000000E+00 |  0.0022128636 |             f
   320 |    12800 |     40 |  0.000000E+00 |  0.000000E+00 |  0.0056828030 |             f
   321 |    12840 |     40 |  0.000000E+00 |  0.000000E+00 |  0.0029341008 |             f
   322 |    12880 |     40 |  0.000000E+00 |  0.000000E+00 |  0.0044449611 |             f
   323 |    12920 |     40 |  0.000000E+00 |  0.000000E+00 |  0.0034039508 |             f
   324 |    12960 |     40 |  0.000000E+00 |  0.000000E+00 |  0.0035375105 |             f
   325 |    13000 |     40 |  0.000000E+00 |  0.000000E+00 |  0.0029292655 |             f
   326 |    13040 |     40 |  0.000000E+00 |  0.000000E+00 |  0.0031878120 |             f
   327 |    13080 |     40 |  0.000000E+00 |  0.000000E+00 |  0.0028543166 |             f
   328 |    13120 |     40 |  0.000000E+00 |  0.000000E+00 |  0.0032920744 |             f
   329 |    13160 |     40 |  0.000000E+00 |  0.000000E+00 |  0.0023671460 |             f
   330 |    13200 |     40 |  0.000000E+00 |  0.000000E+00 |  0.0052253365 |             f
   331 |    13240 |     40 |  0.000000E+00 |  0.000000E+00 |  0.0034487810 |             f
   332 |    13280 |     40 |  0.000000E+00 |  0.000000E+00 |  0.0034813345 |             f
   333 |    13320 |     40 |  0.000000E+00 |  0.000000E+00 |  0.5539641934 |         nadir
   334 |    13360 |     40 |  0.000000E+00 |  0.000000E+00 |  0.0024259426 |             f
   335 |    13400 |     40 |  0.000000E+00 |  0.000000E+00 |  0.0045970937 |             f
   336 |    13440 |     40 |  0.000000E+00 |  0.000000E+00 |  0.0026784086 |             f
   337 |    13480 |     40 |  0.000000E+00 |  0.000000E+00 |  0.0025270407 |             f
   338 |    13520 |     40 |  0.000000E+00 |  0.000000E+00 |  0.0015331907 |             f
   339 |    13560 |     40 |  0.000000E+00 |  0.000000E+00 |  0.0015701581 |             f
   340 |    13600 |     40 |  0.000000E+00 |  0.000000E+00 |  0.0037386604 |             f
   341 |    13640 |     40 |  0.000000E+00 |  0.000000E+00 |  0.0017034782 |             f
   342 |    13680 |     40 |  0.000000E+00 |  0.000000E+00 |  0.0050847537 |             f
   343 |    13720 |     40 |  0.000000E+00 |  0.000000E+00 |  0.0005265772 |             f
   344 |    13760 |     40 |  0.000000E+00 |  0.000000E+00 |  0.0018097177 |             f
   345 |    13800 |     40 |  0.000000E+00 |  0.000000E+00 |  0.0032999464 |             f
   346 |    13840 |     40 |  0.000000E+00 |  0.000000E+00 |  0.0030472534 |             f
   347 |    13880 |     40 |  0.000000E+00 |  0.000000E+00 |  0.0022343617 |             f
   348 |    13920 |     40 |  0.000000E+00 |  0.000000E+00 |  0.0025264600 |             f
   349 |    13960 |     40 |  0.000000E+00 |  0.000000E+00 |  0.0016836379 |             f
   350 |    14000 |     40 |  0.000000E+00 |  0.000000E+00 |  0.0026941785 |             f
   351 |    14040 |     40 |  0.000000E+00 |  0.000000E+00 |  0.0020159593 |             f
   352 |    14080 |     40 |  0.000000E+00 |  0.000000E+00 |  0.0034518807 |             f
   353 |    14120 |     40 |  0.000000E+00 |  0.000000E+00 |  0.0030963470 |             f
   354 |    14160 |     40 |  0.000000E+00 |  0.000000E+00 |  0.0031991081 |         nadir
   355 |    14200 |     40 |  0.000000E+00 |  0.000000E+00 |  0.0016376621 |             f
   356 |    14240 |     40 |  0.000000E+00 |  0.000000E+00 |  0.0040663747 |             f
   357 |    14280 |     40 |  0.000000E+00 |  0.000000E+00 |  0.0027246034 |             f
   358 |    14320 |     40 |  0.000000E+00 |  0.000000E+00 |  0.0019668418 |             f
   359 |    14360 |     40 |  0.000000E+00 |  0.000000E+00 |  0.0035587724 |             f
   360 |    14400 |     40 |  0.000000E+00 |  0.000000E+00 |  0.0035694345 |             f
   361 |    14440 |     40 |  0.000000E+00 |  0.000000E+00 |  0.0022940529 |             f
   362 |    14480 |     40 |  0.000000E+00 |  0.000000E+00 |  0.0042878980 |             f
   363 |    14520 |     40 |  0.000000E+00 |  0.000000E+00 |  0.0019750953 |             f
   364 |    14560 |     40 |  0.000000E+00 |  0.000000E+00 |  0.0029151130 |             f
   365 |    14600 |     40 |  0.000000E+00 |  0.000000E+00 |  0.0029422022 |             f
   366 |    14640 |     40 |  0.000000E+00 |  0.000000E+00 |  0.0023175490 |             f
   367 |    14680 |     40 |  0.000000E+00 |  0.000000E+00 |  0.0049518372 |             f
   368 |    14720 |     40 |  0.000000E+00 |  0.000000E+00 |  0.0017869443 |             f
   369 |    14760 |     40 |  0.000000E+00 |  0.000000E+00 |  0.0036758467 |             f
   370 |    14800 |     40 |  0.000000E+00 |  0.000000E+00 |  0.0038147143 |             f
   371 |    14840 |     40 |  0.000000E+00 |  0.000000E+00 |  0.0024873927 |             f
   372 |    14880 |     40 |  0.000000E+00 |  0.000000E+00 |  0.0065627642 |             f
   373 |    14920 |     40 |  0.000000E+00 |  0.000000E+00 |  0.0024520221 |             f
   374 |    14960 |     40 |  0.000000E+00 |  0.000000E+00 |  0.0039568319 |             f
   375 |    15000 |     40 |  0.000000E+00 |  0.000000E+00 |  0.0024526566 |             f
   376 |    15040 |     40 |  0.000000E+00 |  0.000000E+00 |  0.0045603793 |             f
   377 |    15080 |     40 |  0.000000E+00 |  0.000000E+00 |  0.0014016533 |             f
   378 |    15120 |     40 |  0.000000E+00 |  0.000000E+00 |  0.0043853796 |             f
   379 |    15160 |     40 |  0.000000E+00 |  0.000000E+00 |  0.0014112925 |             f
   380 |    15200 |     40 |  0.000000E+00 |  0.000000E+00 |  0.0029835296 |             f
   381 |    15240 |     40 |  0.000000E+00 |  0.000000E+00 |  0.0022965534 |             f
   382 |    15280 |     40 |  0.000000E+00 |  0.000000E+00 |  0.0031912442 |             f
   383 |    15320 |     40 |  0.000000E+00 |  0.000000E+00 |  0.0023654576 |             f
   384 |    15360 |     40 |  0.000000E+00 |  0.000000E+00 |  0.0045536572 |             f
   385 |    15400 |     40 |  0.000000E+00 |  0.000000E+00 |  0.0028746095 |             f
   386 |    15440 |     40 |  0.000000E+00 |  0.000000E+00 |  0.0005846216 |             f
   387 |    15480 |     40 |  0.000000E+00 |  0.000000E+00 |  0.0044763372 |             f
   388 |    15520 |     40 |  0.000000E+00 |  0.000000E+00 |  0.0013885568 |             f
   389 |    15560 |     40 |  0.000000E+00 |  0.000000E+00 |  0.0033559732 |             f
   390 |    15600 |     40 |  0.000000E+00 |  0.000000E+00 |  0.0027091397 |             f
   391 |    15640 |     40 |  0.000000E+00 |  0.000000E+00 |  0.0028180518 |             f
   392 |    15680 |     40 |  0.000000E+00 |  0.000000E+00 |  0.0010394698 |             f
   393 |    15720 |     40 |  0.000000E+00 |  0.000000E+00 |  0.0037662414 |             f
   394 |    15760 |     40 |  0.000000E+00 |  0.000000E+00 |  0.0002038292 |             f
   395 |    15800 |     40 |  0.000000E+00 |  0.000000E+00 |  0.0019840691 |             f
   396 |    15840 |     40 |  0.000000E+00 |  0.000000E+00 |  0.0040753817 |             f
   397 |    15880 |     40 |  0.000000E+00 |  0.000000E+00 |  0.0022267531 |             f
   398 |    15920 |     40 |  0.000000E+00 |  0.000000E+00 |  0.0026845336 |             f
   399 |    15960 |     40 |  0.000000E+00 |  0.000000E+00 |  0.0010859449 |             f
   400 |    16000 |     40 |  0.000000E+00 |  0.000000E+00 |  0.0071308106 |         nadir
mean B0=81.2312 homogen=616.4942
mean B0=130.2903 homogen=14496.8636
mean B0=108.2155 homogen=244.3837
mean B0=81.3013 homogen=559.279
mean B0=113.3337 homogen=788.8196
mean B0=126.4802 homogen=11196.1022
mean B0=129.0358 homogen=13356.0842
mean B0=118.6684 homogen=4896.6238
mean B0=121.4475 homogen=7002.5608
mean B0=125.7958 homogen=10514.4029
mean B0=128.2784 homogen=12683.9276
mean B0=121.8241 homogen=7299.9173
mean B0=114.7158 homogen=1541.238
mean B0=120.543 homogen=6312.045
mean B0=124.7733 homogen=9653.6719
mean B0=110.3683 homogen=339.4389
mean B0=119.7398 homogen=5702.8523
mean B0=120.74 homogen=6460.4107
mean B0=111.2525 homogen=723.6451
mean B0=129.9717 homogen=14207.1968
mean B0=128.8732 homogen=13247.752
mean B0=124.1672 homogen=9220.8299
mean B0=116.6142 homogen=3125.8674
mean B0=122.326 homogen=7785.0282
mean B0=119.6228 homogen=5616.0888
mean B0=115.086 homogen=1847.2332
mean B0=117.7813 homogen=4202.8272
mean B0=122.3607 homogen=8013.9362
mean B0=125.2835 homogen=10292.568
mean B0=116.8633 homogen=3329.6201
mean B0=117.277 homogen=3674.8153
mean B0=119.0454 homogen=5197.8957
mean B0=123.6838 homogen=8759.3528
mean B0=127.7767 homogen=12483.7016
mean B0=116.0833 homogen=2687.8899
mean B0=124.3718 homogen=9525.7193
mean B0=117.8688 homogen=4296.7777
mean B0=123.0172 homogen=8423.1804
mean B0=127.4101 homogen=11923.0304
mean B0=127.0093 homogen=11562.911
   401 |    16040 |     40 |  0.000000E+00 |  0.000000E+00 |  0.0025164787 |             f
   402 |    16080 |     40 |  0.000000E+00 |  0.000000E+00 |  0.0027841769 |             f
   403 |    16120 |     40 |  0.000000E+00 |  0.000000E+00 |  0.0007618948 |             f
   404 |    16160 |     40 |  0.000000E+00 |  0.000000E+00 |  0.0028719449 |             f
   405 |    16200 |     40 |  0.000000E+00 |  0.000000E+00 |  0.0023380565 |             f
   406 |    16240 |     40 |  0.000000E+00 |  0.000000E+00 |  0.0034620329 |             f
   407 |    16280 |     40 |  0.000000E+00 |  0.000000E+00 |  0.0021384973 |             f
   408 |    16320 |     40 |  0.000000E+00 |  0.000000E+00 |  0.0030386370 |             f
   409 |    16360 |     40 |  0.000000E+00 |  0.000000E+00 |  0.0024423881 |             f
   410 |    16400 |     40 |  0.000000E+00 |  0.000000E+00 |  0.0039235640 |             f
   411 |    16440 |     40 |  0.000000E+00 |  0.000000E+00 |  0.0016635153 |             f
   412 |    16480 |     40 |  0.000000E+00 |  0.000000E+00 |  0.0032519339 |             f
   413 |    16520 |     40 |  0.000000E+00 |  0.000000E+00 |  0.0009000101 |             f
   414 |    16560 |     40 |  0.000000E+00 |  0.000000E+00 |  0.0011162899 |             f
   415 |    16600 |     40 |  0.000000E+00 |  0.000000E+00 |  0.0029025590 |             f
   416 |    16640 |     40 |  0.000000E+00 |  0.000000E+00 |  0.0017615156 |             f
   417 |    16680 |     40 |  0.000000E+00 |  0.000000E+00 |  0.0039469077 |             f
   418 |    16720 |     40 |  0.000000E+00 |  0.000000E+00 |  0.0050729634 |         nadir
   419 |    16760 |     40 |  0.000000E+00 |  0.000000E+00 |  0.0022845828 |             f
   420 |    16800 |     40 |  0.000000E+00 |  0.000000E+00 |  0.0029963216 |             f
   421 |    16840 |     40 |  0.000000E+00 |  0.000000E+00 |  0.0008118871 |             f
   422 |    16880 |     40 |  0.000000E+00 |  0.000000E+00 |  0.0022766929 |             f
   423 |    16920 |     40 |  0.000000E+00 |  0.000000E+00 |  0.0039499835 |             f
   424 |    16960 |     40 |  0.000000E+00 |  0.000000E+00 |  0.0031164883 |             f
   425 |    17000 |     40 |  0.000000E+00 |  0.000000E+00 |  0.0029855026 |             f
Process SpawnPoolWorker-3:
Traceback (most recent call last):
  File "/opt/homebrew/Cellar/python@3.12/3.12.13_4/Frameworks/Python.framework/Versions/3.12/lib/python3.12/multiprocessing/pool.py", line 131, in worker
    put((job, i, result))
  File "/opt/homebrew/Cellar/python@3.12/3.12.13_4/Frameworks/Python.framework/Versions/3.12/lib/python3.12/multiprocessing/queues.py", line 399, in put
    self._writer.send_bytes(obj)
  File "/opt/homebrew/Cellar/python@3.12/3.12.13_4/Frameworks/Python.framework/Versions/3.12/lib/python3.12/multiprocessing/connection.py", line 200, in send_bytes
    self._send_bytes(m[offset:offset + size])
  File "/opt/homebrew/Cellar/python@3.12/3.12.13_4/Frameworks/Python.framework/Versions/3.12/lib/python3.12/multiprocessing/connection.py", line 427, in _send_bytes
    self._send(header + buf)
  File "/opt/homebrew/Cellar/python@3.12/3.12.13_4/Frameworks/Python.framework/Versions/3.12/lib/python3.12/multiprocessing/connection.py", line 384, in _send
    n = write(self._handle, buf)
        ^^^^^^^^^^^^^^^^^^^^^^^^
BrokenPipeError: [Errno 32] Broken pipe

During handling of the above exception, another exception occurred:

Traceback (most recent call last):
  File "/opt/homebrew/Cellar/python@3.12/3.12.13_4/Frameworks/Python.framework/Versions/3.12/lib/python3.12/multiprocessing/process.py", line 314, in _bootstrap
    self.run()
  File "/opt/homebrew/Cellar/python@3.12/3.12.13_4/Frameworks/Python.framework/Versions/3.12/lib/python3.12/multiprocessing/process.py", line 108, in run
    self._target(*self._args, **self._kwargs)
  File "/opt/homebrew/Cellar/python@3.12/3.12.13_4/Frameworks/Python.framework/Versions/3.12/lib/python3.12/multiprocessing/pool.py", line 136, in worker
    put((job, i, (False, wrapped)))
  File "/opt/homebrew/Cellar/python@3.12/3.12.13_4/Frameworks/Python.framework/Versions/3.12/lib/python3.12/multiprocessing/queues.py", line 399, in put
    self._writer.send_bytes(obj)
  File "/opt/homebrew/Cellar/python@3.12/3.12.13_4/Frameworks/Python.framework/Versions/3.12/lib/python3.12/multiprocessing/connection.py", line 200, in send_bytes
    self._send_bytes(m[offset:offset + size])
  File "/opt/homebrew/Cellar/python@3.12/3.12.13_4/Frameworks/Python.framework/Versions/3.12/lib/python3.12/multiprocessing/connection.py", line 427, in _send_bytes
    self._send(header + buf)
  File "/opt/homebrew/Cellar/python@3.12/3.12.13_4/Frameworks/Python.framework/Versions/3.12/lib/python3.12/multiprocessing/connection.py", line 384, in _send
    n = write(self._handle, buf)
        ^^^^^^^^^^^^^^^^^^^^^^^^
BrokenPipeError: [Errno 32] Broken pipe
Process SpawnPoolWorker-1:
Traceback (most recent call last):
  File "/opt/homebrew/Cellar/python@3.12/3.12.13_4/Frameworks/Python.framework/Versions/3.12/lib/python3.12/multiprocessing/pool.py", line 131, in worker
    put((job, i, result))
  File "/opt/homebrew/Cellar/python@3.12/3.12.13_4/Frameworks/Python.framework/Versions/3.12/lib/python3.12/multiprocessing/queues.py", line 399, in put
    self._writer.send_bytes(obj)
  File "/opt/homebrew/Cellar/python@3.12/3.12.13_4/Frameworks/Python.framework/Versions/3.12/lib/python3.12/multiprocessing/connection.py", line 200, in send_bytes
    self._send_bytes(m[offset:offset + size])
  File "/opt/homebrew/Cellar/python@3.12/3.12.13_4/Frameworks/Python.framework/Versions/3.12/lib/python3.12/multiprocessing/connection.py", line 427, in _send_bytes
    self._send(header + buf)
  File "/opt/homebrew/Cellar/python@3.12/3.12.13_4/Frameworks/Python.framework/Versions/3.12/lib/python3.12/multiprocessing/connection.py", line 384, in _send
    n = write(self._handle, buf)
        ^^^^^^^^^^^^^^^^^^^^^^^^
BrokenPipeError: [Errno 32] Broken pipe

During handling of the above exception, another exception occurred:

Traceback (most recent call last):
  File "/opt/homebrew/Cellar/python@3.12/3.12.13_4/Frameworks/Python.framework/Versions/3.12/lib/python3.12/multiprocessing/process.py", line 314, in _bootstrap
    self.run()
  File "/opt/homebrew/Cellar/python@3.12/3.12.13_4/Frameworks/Python.framework/Versions/3.12/lib/python3.12/multiprocessing/process.py", line 108, in run
    self._target(*self._args, **self._kwargs)
  File "/opt/homebrew/Cellar/python@3.12/3.12.13_4/Frameworks/Python.framework/Versions/3.12/lib/python3.12/multiprocessing/pool.py", line 136, in worker
    put((job, i, (False, wrapped)))
  File "/opt/homebrew/Cellar/python@3.12/3.12.13_4/Frameworks/Python.framework/Versions/3.12/lib/python3.12/multiprocessing/queues.py", line 399, in put
    self._writer.send_bytes(obj)
  File "/opt/homebrew/Cellar/python@3.12/3.12.13_4/Frameworks/Python.framework/Versions/3.12/lib/python3.12/multiprocessing/connection.py", line 200, in send_bytes
    self._send_bytes(m[offset:offset + size])
  File "/opt/homebrew/Cellar/python@3.12/3.12.13_4/Frameworks/Python.framework/Versions/3.12/lib/python3.12/multiprocessing/connection.py", line 427, in _send_bytes
    self._send(header + buf)
  File "/opt/homebrew/Cellar/python@3.12/3.12.13_4/Frameworks/Python.framework/Versions/3.12/lib/python3.12/multiprocessing/connection.py", line 384, in _send
    n = write(self._handle, buf)
        ^^^^^^^^^^^^^^^^^^^^^^^^
BrokenPipeError: [Errno 32] Broken pipe
Process SpawnPoolWorker-2:
Traceback (most recent call last):
  File "/opt/homebrew/Cellar/python@3.12/3.12.13_4/Frameworks/Python.framework/Versions/3.12/lib/python3.12/multiprocessing/pool.py", line 131, in worker
    put((job, i, result))
  File "/opt/homebrew/Cellar/python@3.12/3.12.13_4/Frameworks/Python.framework/Versions/3.12/lib/python3.12/multiprocessing/queues.py", line 399, in put
    self._writer.send_bytes(obj)
  File "/opt/homebrew/Cellar/python@3.12/3.12.13_4/Frameworks/Python.framework/Versions/3.12/lib/python3.12/multiprocessing/connection.py", line 200, in send_bytes
    self._send_bytes(m[offset:offset + size])
  File "/opt/homebrew/Cellar/python@3.12/3.12.13_4/Frameworks/Python.framework/Versions/3.12/lib/python3.12/multiprocessing/connection.py", line 427, in _send_bytes
    self._send(header + buf)
  File "/opt/homebrew/Cellar/python@3.12/3.12.13_4/Frameworks/Python.framework/Versions/3.12/lib/python3.12/multiprocessing/connection.py", line 384, in _send
    n = write(self._handle, buf)
        ^^^^^^^^^^^^^^^^^^^^^^^^
BrokenPipeError: [Errno 32] Broken pipe

During handling of the above exception, another exception occurred:

Traceback (most recent call last):
  File "/opt/homebrew/Cellar/python@3.12/3.12.13_4/Frameworks/Python.framework/Versions/3.12/lib/python3.12/multiprocessing/process.py", line 314, in _bootstrap
    self.run()
  File "/opt/homebrew/Cellar/python@3.12/3.12.13_4/Frameworks/Python.framework/Versions/3.12/lib/python3.12/multiprocessing/process.py", line 108, in run
    self._target(*self._args, **self._kwargs)
  File "/opt/homebrew/Cellar/python@3.12/3.12.13_4/Frameworks/Python.framework/Versions/3.12/lib/python3.12/multiprocessing/pool.py", line 136, in worker
    put((job, i, (False, wrapped)))
  File "/opt/homebrew/Cellar/python@3.12/3.12.13_4/Frameworks/Python.framework/Versions/3.12/lib/python3.12/multiprocessing/queues.py", line 399, in put
    self._writer.send_bytes(obj)
  File "/opt/homebrew/Cellar/python@3.12/3.12.13_4/Frameworks/Python.framework/Versions/3.12/lib/python3.12/multiprocessing/connection.py", line 200, in send_bytes
    self._send_bytes(m[offset:offset + size])
  File "/opt/homebrew/Cellar/python@3.12/3.12.13_4/Frameworks/Python.framework/Versions/3.12/lib/python3.12/multiprocessing/connection.py", line 427, in _send_bytes
    self._send(header + buf)
  File "/opt/homebrew/Cellar/python@3.12/3.12.13_4/Frameworks/Python.framework/Versions/3.12/lib/python3.12/multiprocessing/connection.py", line 384, in _send
    n = write(self._handle, buf)
        ^^^^^^^^^^^^^^^^^^^^^^^^
BrokenPipeError: [Errno 32] Broken pipe
/opt/homebrew/Cellar/python@3.12/3.12.13_4/Frameworks/Python.framework/Versions/3.12/lib/python3.12/multiprocessing/resource_tracker.py:279: UserWarning: resource_tracker: There appear to be 6 leaked semaphore objects to clean up at shutdown
  warnings.warn('resource_tracker: There appear to be %d '
