/Users/nv/Documents/MRI/magnet_design/optimize_bore50mm_robust.py:54: DeprecationWarning: Importing 'StarmapParallelization' from 'pymoo.core.problem' is deprecated. Please use 'from pymoo.parallelization import StarmapParallelization' instead. This backward compatibility import will be removed in a future version.
  from pymoo.core.problem import StarmapParallelization
==========================================================================================
n_gen  |  n_eval  | n_nds  |     cv_min    |     cv_avg    |      eps      |   indicator  
==========================================================================================
     1 |       40 |      1 |  1.211752E+01 |  1.748676E+02 |             - |             -
     2 |       80 |      1 |  1.133249E+01 |  6.466307E+01 |             - |             -
     3 |      120 |      1 |  1.133249E+01 |  3.289493E+01 |             - |             -
     4 |      160 |      1 |  0.000000E+00 |  2.198034E+01 |             - |             -
     5 |      200 |      1 |  0.000000E+00 |  1.649328E+01 |  0.000000E+00 |             f
     6 |      240 |      3 |  0.000000E+00 |  1.139712E+01 |  0.9767136829 |         ideal
     7 |      280 |      3 |  0.000000E+00 |  8.1079477079 |  0.0319627127 |         ideal
     8 |      320 |      1 |  0.000000E+00 |  4.7459933726 |  1.057560E+04 |         ideal
     9 |      360 |      4 |  0.000000E+00 |  1.7509871707 |  0.6609622127 |         ideal
    10 |      400 |      2 |  0.000000E+00 |  0.6572607252 |  1.2488615701 |         ideal
    11 |      440 |      4 |  0.000000E+00 |  0.0254721452 |  0.1068874163 |         ideal
    12 |      480 |      4 |  0.000000E+00 |  0.000000E+00 |  0.0475672344 |         ideal
    13 |      520 |      4 |  0.000000E+00 |  0.000000E+00 |  0.2937589354 |         ideal
    14 |      560 |      9 |  0.000000E+00 |  0.000000E+00 |  0.0516124471 |             f
    15 |      600 |      2 |  0.000000E+00 |  0.000000E+00 |  0.4902630325 |         ideal
    16 |      640 |      3 |  0.000000E+00 |  0.000000E+00 |  0.1539189135 |             f
    17 |      680 |      3 |  0.000000E+00 |  0.000000E+00 |  0.000000E+00 |             f
    18 |      720 |      6 |  0.000000E+00 |  0.000000E+00 |  0.2180525474 |         ideal
    19 |      760 |      8 |  0.000000E+00 |  0.000000E+00 |  0.0035880370 |         ideal
    20 |      800 |      4 |  0.000000E+00 |  0.000000E+00 |  0.0626434404 |         ideal
    21 |      840 |      4 |  0.000000E+00 |  0.000000E+00 |  0.2235224903 |             f
    22 |      880 |      6 |  0.000000E+00 |  0.000000E+00 |  0.0114920121 |         ideal
    23 |      920 |      2 |  0.000000E+00 |  0.000000E+00 |  0.0067556544 |         ideal
    24 |      960 |      5 |  0.000000E+00 |  0.000000E+00 |  0.3939489571 |         ideal
    25 |     1000 |      3 |  0.000000E+00 |  0.000000E+00 |  0.0315543285 |         ideal
    26 |     1040 |      4 |  0.000000E+00 |  0.000000E+00 |  0.1479180858 |             f
    27 |     1080 |      6 |  0.000000E+00 |  0.000000E+00 |  0.0376063138 |             f
    28 |     1120 |      4 |  0.000000E+00 |  0.000000E+00 |  0.3392307849 |         ideal
    29 |     1160 |      8 |  0.000000E+00 |  0.000000E+00 |  0.0910222035 |         ideal
    30 |     1200 |     10 |  0.000000E+00 |  0.000000E+00 |  0.0162348652 |         nadir
    31 |     1240 |     14 |  0.000000E+00 |  0.000000E+00 |  0.0736729042 |         ideal
    32 |     1280 |     17 |  0.000000E+00 |  0.000000E+00 |  0.0188706126 |         ideal
    33 |     1320 |     17 |  0.000000E+00 |  0.000000E+00 |  0.0110142651 |         ideal
    34 |     1360 |     18 |  0.000000E+00 |  0.000000E+00 |  0.0258092746 |             f
    35 |     1400 |     20 |  0.000000E+00 |  0.000000E+00 |  0.0171706250 |             f
    36 |     1440 |     21 |  0.000000E+00 |  0.000000E+00 |  0.0141808870 |         ideal
    37 |     1480 |     20 |  0.000000E+00 |  0.000000E+00 |  0.0227534692 |         ideal
    38 |     1520 |     18 |  0.000000E+00 |  0.000000E+00 |  0.0501071901 |         ideal
    39 |     1560 |     24 |  0.000000E+00 |  0.000000E+00 |  0.0045340776 |         nadir
    40 |     1600 |     27 |  0.000000E+00 |  0.000000E+00 |  0.0042531306 |         ideal
    41 |     1640 |     27 |  0.000000E+00 |  0.000000E+00 |  0.0784951949 |         ideal
    42 |     1680 |     28 |  0.000000E+00 |  0.000000E+00 |  0.0215144649 |             f
    43 |     1720 |     37 |  0.000000E+00 |  0.000000E+00 |  0.0062092778 |             f
    44 |     1760 |     40 |  0.000000E+00 |  0.000000E+00 |  0.1440936741 |         ideal
    45 |     1800 |     35 |  0.000000E+00 |  0.000000E+00 |  0.0061371532 |         ideal
    46 |     1840 |     32 |  0.000000E+00 |  0.000000E+00 |  0.0063962420 |             f
    47 |     1880 |     30 |  0.000000E+00 |  0.000000E+00 |  0.0066928031 |             f
    48 |     1920 |     35 |  0.000000E+00 |  0.000000E+00 |  0.0093629868 |             f
    49 |     1960 |     40 |  0.000000E+00 |  0.000000E+00 |  0.0011841714 |             f
    50 |     2000 |     40 |  0.000000E+00 |  0.000000E+00 |  0.1129415440 |         ideal
    51 |     2040 |     40 |  0.000000E+00 |  0.000000E+00 |  0.0047939853 |             f
    52 |     2080 |     40 |  0.000000E+00 |  0.000000E+00 |  0.0050841417 |             f
    53 |     2120 |     40 |  0.000000E+00 |  0.000000E+00 |  0.0016173051 |             f
    54 |     2160 |     40 |  0.000000E+00 |  0.000000E+00 |  0.0044056164 |             f
    55 |     2200 |     40 |  0.000000E+00 |  0.000000E+00 |  0.0032650245 |             f
    56 |     2240 |     40 |  0.000000E+00 |  0.000000E+00 |  0.0013494000 |             f
    57 |     2280 |     40 |  0.000000E+00 |  0.000000E+00 |  0.0078245595 |         nadir
    58 |     2320 |     40 |  0.000000E+00 |  0.000000E+00 |  0.0041324687 |         ideal
    59 |     2360 |     40 |  0.000000E+00 |  0.000000E+00 |  0.0036160437 |             f
    60 |     2400 |     40 |  0.000000E+00 |  0.000000E+00 |  0.0027684200 |             f
    61 |     2440 |     40 |  0.000000E+00 |  0.000000E+00 |  0.0037586613 |         ideal
    62 |     2480 |     40 |  0.000000E+00 |  0.000000E+00 |  0.0014745565 |             f
    63 |     2520 |     40 |  0.000000E+00 |  0.000000E+00 |  0.0029236058 |             f
    64 |     2560 |     40 |  0.000000E+00 |  0.000000E+00 |  0.0219210299 |         ideal
    65 |     2600 |     40 |  0.000000E+00 |  0.000000E+00 |  0.0086376941 |         ideal
    66 |     2640 |     40 |  0.000000E+00 |  0.000000E+00 |  0.0044275477 |             f
    67 |     2680 |     40 |  0.000000E+00 |  0.000000E+00 |  0.0026594206 |             f
    68 |     2720 |     40 |  0.000000E+00 |  0.000000E+00 |  0.0132704700 |         ideal
    69 |     2760 |     40 |  0.000000E+00 |  0.000000E+00 |  0.0041328806 |             f
    70 |     2800 |     40 |  0.000000E+00 |  0.000000E+00 |  0.0038735945 |             f
    71 |     2840 |     40 |  0.000000E+00 |  0.000000E+00 |  0.0041313631 |             f
    72 |     2880 |     40 |  0.000000E+00 |  0.000000E+00 |  0.0022019074 |             f
    73 |     2920 |     40 |  0.000000E+00 |  0.000000E+00 |  0.0055828131 |             f
    74 |     2960 |     40 |  0.000000E+00 |  0.000000E+00 |  0.0347149096 |         ideal
    75 |     3000 |     40 |  0.000000E+00 |  0.000000E+00 |  0.0068625507 |         ideal
    76 |     3040 |     40 |  0.000000E+00 |  0.000000E+00 |  0.0038693355 |             f
    77 |     3080 |     40 |  0.000000E+00 |  0.000000E+00 |  0.0025292595 |         ideal
    78 |     3120 |     40 |  0.000000E+00 |  0.000000E+00 |  0.0064665471 |         ideal
    79 |     3160 |     40 |  0.000000E+00 |  0.000000E+00 |  0.0099705402 |         ideal
    80 |     3200 |     40 |  0.000000E+00 |  0.000000E+00 |  0.0036348180 |             f
    81 |     3240 |     40 |  0.000000E+00 |  0.000000E+00 |  0.0430675468 |         ideal
    82 |     3280 |     40 |  0.000000E+00 |  0.000000E+00 |  0.0047856445 |             f
    83 |     3320 |     40 |  0.000000E+00 |  0.000000E+00 |  0.0023315220 |             f
    84 |     3360 |     40 |  0.000000E+00 |  0.000000E+00 |  0.0048899400 |         ideal
    85 |     3400 |     40 |  0.000000E+00 |  0.000000E+00 |  0.0034102289 |             f
    86 |     3440 |     40 |  0.000000E+00 |  0.000000E+00 |  0.0170668542 |         ideal
    87 |     3480 |     40 |  0.000000E+00 |  0.000000E+00 |  0.0024523857 |             f
    88 |     3520 |     40 |  0.000000E+00 |  0.000000E+00 |  0.0073506391 |         nadir
    89 |     3560 |     40 |  0.000000E+00 |  0.000000E+00 |  0.0018300382 |             f
    90 |     3600 |     40 |  0.000000E+00 |  0.000000E+00 |  0.0465557009 |         ideal
    91 |     3640 |     40 |  0.000000E+00 |  0.000000E+00 |  0.0036895298 |         nadir
    92 |     3680 |     40 |  0.000000E+00 |  0.000000E+00 |  0.0039031265 |             f
    93 |     3720 |     40 |  0.000000E+00 |  0.000000E+00 |  0.0031731422 |             f
    94 |     3760 |     40 |  0.000000E+00 |  0.000000E+00 |  0.0020910506 |             f
    95 |     3800 |     40 |  0.000000E+00 |  0.000000E+00 |  0.0041691593 |             f
    96 |     3840 |     40 |  0.000000E+00 |  0.000000E+00 |  0.0027547476 |             f
    97 |     3880 |     40 |  0.000000E+00 |  0.000000E+00 |  0.0188335340 |         ideal
    98 |     3920 |     40 |  0.000000E+00 |  0.000000E+00 |  0.0041565330 |             f
    99 |     3960 |     40 |  0.000000E+00 |  0.000000E+00 |  0.0026587060 |             f
   100 |     4000 |     40 |  0.000000E+00 |  0.000000E+00 |  0.0029211521 |             f
mean B0=91.6293 homogen=625.529
mean B0=117.0956 homogen=15599.7614
mean B0=96.564 homogen=863.4222
mean B0=103.5536 homogen=3484.7409
mean B0=95.3719 homogen=766.0406
mean B0=92.8201 homogen=666.5084
mean B0=114.4336 homogen=13636.7482
mean B0=114.1217 homogen=12891.0201
mean B0=99.6143 homogen=1022.184
mean B0=105.5712 homogen=5337.3547
mean B0=102.4171 homogen=2965.8257
mean B0=106.2791 homogen=6410.5586
mean B0=104.3205 homogen=4279.2057
mean B0=115.0961 homogen=14249.635
mean B0=102.0008 homogen=2037.1347
mean B0=101.2336 homogen=1136.5535
mean B0=111.3837 homogen=10429.7734
mean B0=104.7244 homogen=4452.4707
mean B0=109.9055 homogen=9281.4118
mean B0=110.8462 homogen=9712.0576
mean B0=108.2973 homogen=7639.362
mean B0=113.8427 homogen=12235.1992
mean B0=107.8042 homogen=6986.1944
mean B0=116.5145 homogen=15121.6054
mean B0=106.7785 homogen=6610.7651
mean B0=110.6037 homogen=9531.8046
mean B0=100.5495 homogen=708.8646
mean B0=112.9914 homogen=11481.5584
mean B0=107.863 homogen=6976.3151
mean B0=102.2434 homogen=2240.5543
mean B0=108.8699 homogen=8196.2759
mean B0=111.7989 homogen=10555.5655
mean B0=112.2146 homogen=11203.3535
mean B0=115.6141 homogen=14627.3145
mean B0=116.902 homogen=15496.8089
mean B0=108.5354 homogen=7882.7268
mean B0=105.1688 homogen=5170.0118
mean B0=112.6245 homogen=11317.5688
mean B0=113.0476 homogen=12025.665
mean B0=109.4682 homogen=8862.774
   101 |     4040 |     40 |  0.000000E+00 |  0.000000E+00 |  0.0055836148 |         ideal
   102 |     4080 |     40 |  0.000000E+00 |  0.000000E+00 |  0.0023510982 |             f
   103 |     4120 |     40 |  0.000000E+00 |  0.000000E+00 |  0.0030893015 |             f
   104 |     4160 |     40 |  0.000000E+00 |  0.000000E+00 |  0.0036917733 |             f
   105 |     4200 |     40 |  0.000000E+00 |  0.000000E+00 |  0.0026423500 |             f
   106 |     4240 |     40 |  0.000000E+00 |  0.000000E+00 |  0.0019342785 |             f
   107 |     4280 |     40 |  0.000000E+00 |  0.000000E+00 |  0.0081117973 |         ideal
   108 |     4320 |     40 |  0.000000E+00 |  0.000000E+00 |  0.0026940329 |         ideal
   109 |     4360 |     40 |  0.000000E+00 |  0.000000E+00 |  0.0030475792 |             f
   110 |     4400 |     40 |  0.000000E+00 |  0.000000E+00 |  0.0016842168 |             f
   111 |     4440 |     40 |  0.000000E+00 |  0.000000E+00 |  0.0039779659 |             f
   112 |     4480 |     40 |  0.000000E+00 |  0.000000E+00 |  0.0040925043 |             f
   113 |     4520 |     40 |  0.000000E+00 |  0.000000E+00 |  0.0006972562 |             f
   114 |     4560 |     40 |  0.000000E+00 |  0.000000E+00 |  0.0033146823 |             f
   115 |     4600 |     40 |  0.000000E+00 |  0.000000E+00 |  0.0027117199 |             f
   116 |     4640 |     40 |  0.000000E+00 |  0.000000E+00 |  0.0037370242 |             f
   117 |     4680 |     40 |  0.000000E+00 |  0.000000E+00 |  0.0023494296 |             f
   118 |     4720 |     40 |  0.000000E+00 |  0.000000E+00 |  0.0030940998 |             f
   119 |     4760 |     40 |  0.000000E+00 |  0.000000E+00 |  0.0034059460 |             f
   120 |     4800 |     40 |  0.000000E+00 |  0.000000E+00 |  0.0025578744 |             f
   121 |     4840 |     40 |  0.000000E+00 |  0.000000E+00 |  0.0019268674 |             f
   122 |     4880 |     40 |  0.000000E+00 |  0.000000E+00 |  0.0039032454 |             f
   123 |     4920 |     40 |  0.000000E+00 |  0.000000E+00 |  0.0029160383 |             f
   124 |     4960 |     40 |  0.000000E+00 |  0.000000E+00 |  0.0026957618 |             f
   125 |     5000 |     40 |  0.000000E+00 |  0.000000E+00 |  0.0043169539 |             f
   126 |     5040 |     40 |  0.000000E+00 |  0.000000E+00 |  0.0021322786 |             f
   127 |     5080 |     40 |  0.000000E+00 |  0.000000E+00 |  0.0045358274 |             f
   128 |     5120 |     40 |  0.000000E+00 |  0.000000E+00 |  0.0031865606 |             f
   129 |     5160 |     40 |  0.000000E+00 |  0.000000E+00 |  0.0025950591 |             f
   130 |     5200 |     40 |  0.000000E+00 |  0.000000E+00 |  0.0022516287 |             f
   131 |     5240 |     40 |  0.000000E+00 |  0.000000E+00 |  0.0034401503 |         nadir
   132 |     5280 |     40 |  0.000000E+00 |  0.000000E+00 |  0.0021705512 |             f
   133 |     5320 |     40 |  0.000000E+00 |  0.000000E+00 |  0.0041887730 |             f
   134 |     5360 |     40 |  0.000000E+00 |  0.000000E+00 |  0.0035629150 |             f
   135 |     5400 |     40 |  0.000000E+00 |  0.000000E+00 |  0.0024114080 |             f
   136 |     5440 |     40 |  0.000000E+00 |  0.000000E+00 |  0.0040759835 |             f
   137 |     5480 |     40 |  0.000000E+00 |  0.000000E+00 |  0.0286103697 |         ideal
   138 |     5520 |     40 |  0.000000E+00 |  0.000000E+00 |  0.0013753428 |             f
   139 |     5560 |     40 |  0.000000E+00 |  0.000000E+00 |  0.0034595967 |             f
   140 |     5600 |     40 |  0.000000E+00 |  0.000000E+00 |  0.0021220985 |             f
   141 |     5640 |     40 |  0.000000E+00 |  0.000000E+00 |  0.0050069892 |             f
   142 |     5680 |     40 |  0.000000E+00 |  0.000000E+00 |  0.0014862090 |             f
   143 |     5720 |     40 |  0.000000E+00 |  0.000000E+00 |  0.0028870319 |             f
   144 |     5760 |     40 |  0.000000E+00 |  0.000000E+00 |  0.0031757169 |             f
   145 |     5800 |     40 |  0.000000E+00 |  0.000000E+00 |  0.0019551787 |             f
   146 |     5840 |     40 |  0.000000E+00 |  0.000000E+00 |  0.0147877723 |         ideal
   147 |     5880 |     40 |  0.000000E+00 |  0.000000E+00 |  0.0026531383 |             f
   148 |     5920 |     40 |  0.000000E+00 |  0.000000E+00 |  0.0025194529 |             f
   149 |     5960 |     40 |  0.000000E+00 |  0.000000E+00 |  0.0024586016 |             f
   150 |     6000 |     40 |  0.000000E+00 |  0.000000E+00 |  0.0052821250 |             f
   151 |     6040 |     40 |  0.000000E+00 |  0.000000E+00 |  0.0011088130 |             f
   152 |     6080 |     40 |  0.000000E+00 |  0.000000E+00 |  0.0040834520 |             f
   153 |     6120 |     40 |  0.000000E+00 |  0.000000E+00 |  0.0025081933 |             f
   154 |     6160 |     40 |  0.000000E+00 |  0.000000E+00 |  0.0034472755 |             f
   155 |     6200 |     40 |  0.000000E+00 |  0.000000E+00 |  0.0041754792 |             f
   156 |     6240 |     40 |  0.000000E+00 |  0.000000E+00 |  0.0024429037 |             f
   157 |     6280 |     40 |  0.000000E+00 |  0.000000E+00 |  0.0041194752 |             f
   158 |     6320 |     40 |  0.000000E+00 |  0.000000E+00 |  0.0039963829 |             f
   159 |     6360 |     40 |  0.000000E+00 |  0.000000E+00 |  0.0022907056 |             f
   160 |     6400 |     40 |  0.000000E+00 |  0.000000E+00 |  0.0052446252 |             f
   161 |     6440 |     40 |  0.000000E+00 |  0.000000E+00 |  0.0010106994 |             f
   162 |     6480 |     40 |  0.000000E+00 |  0.000000E+00 |  0.0027233703 |             f
   163 |     6520 |     40 |  0.000000E+00 |  0.000000E+00 |  0.0047212883 |         ideal
   164 |     6560 |     40 |  0.000000E+00 |  0.000000E+00 |  0.0022397019 |             f
   165 |     6600 |     40 |  0.000000E+00 |  0.000000E+00 |  0.0046129637 |             f
   166 |     6640 |     40 |  0.000000E+00 |  0.000000E+00 |  0.0021131034 |             f
   167 |     6680 |     40 |  0.000000E+00 |  0.000000E+00 |  0.0041061313 |             f
   168 |     6720 |     40 |  0.000000E+00 |  0.000000E+00 |  0.0033809295 |             f
   169 |     6760 |     40 |  0.000000E+00 |  0.000000E+00 |  0.0030567078 |             f
   170 |     6800 |     40 |  0.000000E+00 |  0.000000E+00 |  0.0038090990 |             f
   171 |     6840 |     40 |  0.000000E+00 |  0.000000E+00 |  0.0033561522 |             f
   172 |     6880 |     40 |  0.000000E+00 |  0.000000E+00 |  0.0021581019 |             f
   173 |     6920 |     40 |  0.000000E+00 |  0.000000E+00 |  0.5645851867 |         nadir
   174 |     6960 |     40 |  0.000000E+00 |  0.000000E+00 |  0.0034286912 |             f
   175 |     7000 |     40 |  0.000000E+00 |  0.000000E+00 |  0.0034896164 |             f
   176 |     7040 |     40 |  0.000000E+00 |  0.000000E+00 |  0.0066627403 |             f
   177 |     7080 |     40 |  0.000000E+00 |  0.000000E+00 |  0.0026961444 |             f
   178 |     7120 |     40 |  0.000000E+00 |  0.000000E+00 |  0.0066060734 |         ideal
   179 |     7160 |     40 |  0.000000E+00 |  0.000000E+00 |  0.0017722300 |             f
   180 |     7200 |     40 |  0.000000E+00 |  0.000000E+00 |  0.0057028300 |             f
   181 |     7240 |     40 |  0.000000E+00 |  0.000000E+00 |  0.0043247333 |             f
   182 |     7280 |     40 |  0.000000E+00 |  0.000000E+00 |  0.0034991950 |             f
   183 |     7320 |     40 |  0.000000E+00 |  0.000000E+00 |  0.0025130974 |             f
   184 |     7360 |     40 |  0.000000E+00 |  0.000000E+00 |  0.0018326397 |             f
   185 |     7400 |     40 |  0.000000E+00 |  0.000000E+00 |  0.0028063133 |             f
   186 |     7440 |     40 |  0.000000E+00 |  0.000000E+00 |  0.0022593272 |             f
   187 |     7480 |     40 |  0.000000E+00 |  0.000000E+00 |  0.0055198688 |             f
   188 |     7520 |     40 |  0.000000E+00 |  0.000000E+00 |  0.0044531313 |             f
   189 |     7560 |     40 |  0.000000E+00 |  0.000000E+00 |  0.0019505806 |             f
   190 |     7600 |     40 |  0.000000E+00 |  0.000000E+00 |  0.0049882359 |             f
   191 |     7640 |     40 |  0.000000E+00 |  0.000000E+00 |  0.0024158494 |             f
   192 |     7680 |     40 |  0.000000E+00 |  0.000000E+00 |  0.0056535058 |         nadir
   193 |     7720 |     40 |  0.000000E+00 |  0.000000E+00 |  0.0033226305 |             f
   194 |     7760 |     40 |  0.000000E+00 |  0.000000E+00 |  0.0032756432 |             f
   195 |     7800 |     40 |  0.000000E+00 |  0.000000E+00 |  0.0050631567 |             f
   196 |     7840 |     40 |  0.000000E+00 |  0.000000E+00 |  0.0027058472 |             f
   197 |     7880 |     40 |  0.000000E+00 |  0.000000E+00 |  0.0049436973 |             f
   198 |     7920 |     40 |  0.000000E+00 |  0.000000E+00 |  0.0038735047 |             f
   199 |     7960 |     40 |  0.000000E+00 |  0.000000E+00 |  0.0047731450 |             f
   200 |     8000 |     40 |  0.000000E+00 |  0.000000E+00 |  0.0052776792 |         nadir
mean B0=101.5241 homogen=812.5017
mean B0=119.1434 homogen=16416.1873
mean B0=101.5241 homogen=812.5017
mean B0=112.4274 homogen=10056.8591
mean B0=105.991 homogen=4442.8035
mean B0=119.1121 homogen=16338.8879
mean B0=117.955 homogen=15317.9441
mean B0=109.3122 homogen=7286.9315
mean B0=108.8569 homogen=7094.1462
mean B0=111.8344 homogen=9451.0621
mean B0=107.9177 homogen=6160.7214
mean B0=103.5408 homogen=2182.5622
mean B0=103.1289 homogen=1997.7766
mean B0=106.5867 homogen=4855.2808
mean B0=105.2207 homogen=3644.7359
mean B0=109.9133 homogen=7947.4776
mean B0=113.9508 homogen=11695.6443
mean B0=117.3587 homogen=14588.2837
mean B0=113.043 homogen=10615.9879
mean B0=111.1031 homogen=8970.6183
mean B0=117.9062 homogen=15071.7721
mean B0=104.5288 homogen=3248.9741
mean B0=115.3068 homogen=12663.6598
mean B0=103.9968 homogen=2940.5808
mean B0=115.0398 homogen=12476.5363
mean B0=107.6051 homogen=5758.1622
mean B0=114.5525 homogen=12423.208
mean B0=106.9514 homogen=5074.4238
mean B0=116.136 homogen=13441.3682
mean B0=115.5983 homogen=13236.2726
mean B0=116.4098 homogen=13952.4889
mean B0=101.8988 homogen=943.8732
mean B0=108.9094 homogen=7127.8908
mean B0=110.7846 homogen=8486.8918
mean B0=102.5513 homogen=1373.5693
mean B0=116.8113 homogen=14073.9471
mean B0=102.1482 homogen=1232.2594
mean B0=110.2973 homogen=8088.622
mean B0=114.4593 homogen=12016.8137
mean B0=104.1942 homogen=2920.3635
   201 |     8040 |     40 |  0.000000E+00 |  0.000000E+00 |  0.0540686877 |         ideal
   202 |     8080 |     40 |  0.000000E+00 |  0.000000E+00 |  0.0043512528 |             f
   203 |     8120 |     40 |  0.000000E+00 |  0.000000E+00 |  0.0026221644 |             f
   204 |     8160 |     40 |  0.000000E+00 |  0.000000E+00 |  0.0028441325 |             f
   205 |     8200 |     40 |  0.000000E+00 |  0.000000E+00 |  0.0091479915 |         ideal
   206 |     8240 |     40 |  0.000000E+00 |  0.000000E+00 |  0.0036696675 |             f
   207 |     8280 |     40 |  0.000000E+00 |  0.000000E+00 |  0.0022650728 |             f
   208 |     8320 |     40 |  0.000000E+00 |  0.000000E+00 |  0.0048492529 |             f
   209 |     8360 |     40 |  0.000000E+00 |  0.000000E+00 |  0.0040797956 |             f
   210 |     8400 |     40 |  0.000000E+00 |  0.000000E+00 |  0.0051441684 |             f
   211 |     8440 |     40 |  0.000000E+00 |  0.000000E+00 |  0.0026870991 |             f
   212 |     8480 |     40 |  0.000000E+00 |  0.000000E+00 |  0.0021928671 |             f
   213 |     8520 |     40 |  0.000000E+00 |  0.000000E+00 |  0.0040338653 |             f
   214 |     8560 |     40 |  0.000000E+00 |  0.000000E+00 |  0.0049992413 |         ideal
   215 |     8600 |     40 |  0.000000E+00 |  0.000000E+00 |  0.0035029839 |             f
   216 |     8640 |     40 |  0.000000E+00 |  0.000000E+00 |  0.0030106064 |         nadir
   217 |     8680 |     40 |  0.000000E+00 |  0.000000E+00 |  0.0038766263 |             f
   218 |     8720 |     40 |  0.000000E+00 |  0.000000E+00 |  0.0023137843 |             f
   219 |     8760 |     40 |  0.000000E+00 |  0.000000E+00 |  0.0048333003 |             f
   220 |     8800 |     40 |  0.000000E+00 |  0.000000E+00 |  0.0042187011 |             f
   221 |     8840 |     40 |  0.000000E+00 |  0.000000E+00 |  0.0031751577 |             f
   222 |     8880 |     40 |  0.000000E+00 |  0.000000E+00 |  0.0043996646 |             f
   223 |     8920 |     40 |  0.000000E+00 |  0.000000E+00 |  0.0024893515 |             f
   224 |     8960 |     40 |  0.000000E+00 |  0.000000E+00 |  0.0042516119 |             f
   225 |     9000 |     40 |  0.000000E+00 |  0.000000E+00 |  0.0037002909 |             f
   226 |     9040 |     40 |  0.000000E+00 |  0.000000E+00 |  0.0021862551 |             f
   227 |     9080 |     40 |  0.000000E+00 |  0.000000E+00 |  0.0051596729 |             f
   228 |     9120 |     40 |  0.000000E+00 |  0.000000E+00 |  0.0041316380 |             f
   229 |     9160 |     40 |  0.000000E+00 |  0.000000E+00 |  0.0037172106 |             f
   230 |     9200 |     40 |  0.000000E+00 |  0.000000E+00 |  0.0022140827 |             f
   231 |     9240 |     40 |  0.000000E+00 |  0.000000E+00 |  0.0050055990 |             f
   232 |     9280 |     40 |  0.000000E+00 |  0.000000E+00 |  0.0038157046 |             f
   233 |     9320 |     40 |  0.000000E+00 |  0.000000E+00 |  0.0043957123 |             f
   234 |     9360 |     40 |  0.000000E+00 |  0.000000E+00 |  0.0023923479 |             f
   235 |     9400 |     40 |  0.000000E+00 |  0.000000E+00 |  0.0053702122 |             f
   236 |     9440 |     40 |  0.000000E+00 |  0.000000E+00 |  0.0040070454 |             f
   237 |     9480 |     40 |  0.000000E+00 |  0.000000E+00 |  0.0025054712 |             f
   238 |     9520 |     40 |  0.000000E+00 |  0.000000E+00 |  0.0040635614 |             f
   239 |     9560 |     40 |  0.000000E+00 |  0.000000E+00 |  0.0025211195 |             f
   240 |     9600 |     40 |  0.000000E+00 |  0.000000E+00 |  0.0038668425 |             f
   241 |     9640 |     40 |  0.000000E+00 |  0.000000E+00 |  0.0041941931 |             f
   242 |     9680 |     40 |  0.000000E+00 |  0.000000E+00 |  0.0045707498 |             f
   243 |     9720 |     40 |  0.000000E+00 |  0.000000E+00 |  0.0025819391 |             f
   244 |     9760 |     40 |  0.000000E+00 |  0.000000E+00 |  0.0026987960 |             f
   245 |     9800 |     40 |  0.000000E+00 |  0.000000E+00 |  0.0040238236 |             f
   246 |     9840 |     40 |  0.000000E+00 |  0.000000E+00 |  0.0050901986 |             f
   247 |     9880 |     40 |  0.000000E+00 |  0.000000E+00 |  0.0025035246 |             f
   248 |     9920 |     40 |  0.000000E+00 |  0.000000E+00 |  0.0045156837 |             f
   249 |     9960 |     40 |  0.000000E+00 |  0.000000E+00 |  0.0031361682 |             f
   250 |    10000 |     40 |  0.000000E+00 |  0.000000E+00 |  0.0034392638 |             f
   251 |    10040 |     40 |  0.000000E+00 |  0.000000E+00 |  0.0020621179 |             f
   252 |    10080 |     40 |  0.000000E+00 |  0.000000E+00 |  0.0041771941 |             f
   253 |    10120 |     40 |  0.000000E+00 |  0.000000E+00 |  0.0031403139 |             f
   254 |    10160 |     40 |  0.000000E+00 |  0.000000E+00 |  0.0059256774 |             f
   255 |    10200 |     40 |  0.000000E+00 |  0.000000E+00 |  0.0028653106 |             f
   256 |    10240 |     40 |  0.000000E+00 |  0.000000E+00 |  0.0024663090 |             f
   257 |    10280 |     40 |  0.000000E+00 |  0.000000E+00 |  0.0044425910 |             f
   258 |    10320 |     40 |  0.000000E+00 |  0.000000E+00 |  0.0035580624 |             f
   259 |    10360 |     40 |  0.000000E+00 |  0.000000E+00 |  0.0011654401 |             f
   260 |    10400 |     40 |  0.000000E+00 |  0.000000E+00 |  0.0042281131 |             f
   261 |    10440 |     40 |  0.000000E+00 |  0.000000E+00 |  0.0033546534 |             f
   262 |    10480 |     40 |  0.000000E+00 |  0.000000E+00 |  0.0026331751 |             f
   263 |    10520 |     40 |  0.000000E+00 |  0.000000E+00 |  0.0039564333 |             f
   264 |    10560 |     40 |  0.000000E+00 |  0.000000E+00 |  0.0031288669 |             f
   265 |    10600 |     40 |  0.000000E+00 |  0.000000E+00 |  0.0039427455 |             f
   266 |    10640 |     40 |  0.000000E+00 |  0.000000E+00 |  0.0027256909 |             f
   267 |    10680 |     40 |  0.000000E+00 |  0.000000E+00 |  0.0023104341 |             f
   268 |    10720 |     40 |  0.000000E+00 |  0.000000E+00 |  0.0050455174 |             f
   269 |    10760 |     40 |  0.000000E+00 |  0.000000E+00 |  0.0021548240 |             f
   270 |    10800 |     40 |  0.000000E+00 |  0.000000E+00 |  0.0121171477 |         ideal
   271 |    10840 |     40 |  0.000000E+00 |  0.000000E+00 |  0.0046268015 |             f
   272 |    10880 |     40 |  0.000000E+00 |  0.000000E+00 |  0.0036483923 |             f
   273 |    10920 |     40 |  0.000000E+00 |  0.000000E+00 |  0.0030802565 |             f
   274 |    10960 |     40 |  0.000000E+00 |  0.000000E+00 |  0.0035898257 |             f
   275 |    11000 |     40 |  0.000000E+00 |  0.000000E+00 |  0.0024945212 |             f
   276 |    11040 |     40 |  0.000000E+00 |  0.000000E+00 |  0.0055463880 |             f
   277 |    11080 |     40 |  0.000000E+00 |  0.000000E+00 |  0.0042334044 |             f
   278 |    11120 |     40 |  0.000000E+00 |  0.000000E+00 |  0.0013888299 |             f
   279 |    11160 |     40 |  0.000000E+00 |  0.000000E+00 |  0.0041682627 |             f
   280 |    11200 |     40 |  0.000000E+00 |  0.000000E+00 |  0.0034667307 |             f
   281 |    11240 |     40 |  0.000000E+00 |  0.000000E+00 |  0.0034442567 |             f
   282 |    11280 |     40 |  0.000000E+00 |  0.000000E+00 |  0.0045594148 |             f
   283 |    11320 |     40 |  0.000000E+00 |  0.000000E+00 |  0.0015488594 |             f
   284 |    11360 |     40 |  0.000000E+00 |  0.000000E+00 |  0.0046547611 |             f
   285 |    11400 |     40 |  0.000000E+00 |  0.000000E+00 |  0.0015450789 |             f
   286 |    11440 |     40 |  0.000000E+00 |  0.000000E+00 |  0.0036887460 |             f
   287 |    11480 |     40 |  0.000000E+00 |  0.000000E+00 |  0.0012325447 |             f
   288 |    11520 |     40 |  0.000000E+00 |  0.000000E+00 |  0.0042788012 |             f
   289 |    11560 |     40 |  0.000000E+00 |  0.000000E+00 |  0.0029501722 |             f
   290 |    11600 |     40 |  0.000000E+00 |  0.000000E+00 |  0.0040338691 |             f
   291 |    11640 |     40 |  0.000000E+00 |  0.000000E+00 |  0.0024187604 |             f
   292 |    11680 |     40 |  0.000000E+00 |  0.000000E+00 |  0.0060845718 |             f
   293 |    11720 |     40 |  0.000000E+00 |  0.000000E+00 |  0.0018325808 |             f
   294 |    11760 |     40 |  0.000000E+00 |  0.000000E+00 |  0.0042831147 |             f
   295 |    11800 |     40 |  0.000000E+00 |  0.000000E+00 |  0.0043744551 |             f
   296 |    11840 |     40 |  0.000000E+00 |  0.000000E+00 |  0.0029386829 |             f
   297 |    11880 |     40 |  0.000000E+00 |  0.000000E+00 |  0.0027200567 |             f
   298 |    11920 |     40 |  0.000000E+00 |  0.000000E+00 |  0.0034125993 |             f
   299 |    11960 |     40 |  0.000000E+00 |  0.000000E+00 |  0.0033594648 |             f
   300 |    12000 |     40 |  0.000000E+00 |  0.000000E+00 |  0.0036022477 |         nadir
mean B0=120.7575 homogen=17741.7282
mean B0=101.554 homogen=809.7781
mean B0=101.554 homogen=809.7781
mean B0=109.9613 homogen=7744.9317
mean B0=113.6506 homogen=11356.3424
mean B0=112.4005 homogen=10059.6089
mean B0=111.5495 homogen=9363.3163
mean B0=118.4437 homogen=16114.8398
mean B0=117.527 homogen=14781.2112
mean B0=104.2702 homogen=2619.9497
mean B0=116.87 homogen=14630.2963
mean B0=118.1005 homogen=15208.6459
mean B0=107.491 homogen=5780.5091
mean B0=102.5222 homogen=1294.5867
mean B0=103.76 homogen=2100.4931
mean B0=106.2607 homogen=4381.983
mean B0=110.8118 homogen=8399.152
mean B0=115.2763 homogen=13029.4145
mean B0=114.4166 homogen=11929.862
mean B0=111.1779 homogen=8820.7531
mean B0=101.8487 homogen=821.7266
mean B0=116.4795 homogen=13929.5169
mean B0=105.7762 homogen=3949.9219
mean B0=113.112 homogen=10558.897
mean B0=106.8157 homogen=5134.597
mean B0=120.0203 homogen=17020.9561
mean B0=119.3207 homogen=16350.6701
mean B0=119.3038 homogen=16334.5764
mean B0=107.8588 homogen=5812.7564
mean B0=120.5711 homogen=17520.6378
mean B0=104.7581 homogen=3040.7829
mean B0=115.688 homogen=13151.6682
mean B0=103.2435 homogen=1631.4311
mean B0=106.5313 homogen=4637.4671
mean B0=109.4229 homogen=7340.4731
mean B0=108.785 homogen=6742.7506
mean B0=112.8463 homogen=10446.6296
mean B0=120.0381 homogen=17036.6538
mean B0=104.9618 homogen=3210.4975
mean B0=108.1626 homogen=6065.3561
   301 |    12040 |     40 |  0.000000E+00 |  0.000000E+00 |  0.0027388894 |             f
   302 |    12080 |     40 |  0.000000E+00 |  0.000000E+00 |  0.0048206391 |             f
   303 |    12120 |     40 |  0.000000E+00 |  0.000000E+00 |  0.0031604216 |             f
   304 |    12160 |     40 |  0.000000E+00 |  0.000000E+00 |  0.0040907933 |             f
   305 |    12200 |     40 |  0.000000E+00 |  0.000000E+00 |  0.0031478479 |             f
   306 |    12240 |     40 |  0.000000E+00 |  0.000000E+00 |  0.0046199306 |             f
   307 |    12280 |     40 |  0.000000E+00 |  0.000000E+00 |  0.0019590360 |             f
   308 |    12320 |     40 |  0.000000E+00 |  0.000000E+00 |  0.0058710733 |             f
   309 |    12360 |     40 |  0.000000E+00 |  0.000000E+00 |  0.0031469828 |             f
   310 |    12400 |     40 |  0.000000E+00 |  0.000000E+00 |  0.0029132655 |             f
   311 |    12440 |     40 |  0.000000E+00 |  0.000000E+00 |  0.0030709327 |             f
   312 |    12480 |     40 |  0.000000E+00 |  0.000000E+00 |  0.0016759013 |             f
   313 |    12520 |     40 |  0.000000E+00 |  0.000000E+00 |  0.0038306695 |             f
   314 |    12560 |     40 |  0.000000E+00 |  0.000000E+00 |  0.0038954948 |             f
   315 |    12600 |     40 |  0.000000E+00 |  0.000000E+00 |  0.0036872748 |             f
   316 |    12640 |     40 |  0.000000E+00 |  0.000000E+00 |  0.0022090464 |             f
   317 |    12680 |     40 |  0.000000E+00 |  0.000000E+00 |  0.0057519832 |             f
   318 |    12720 |     40 |  0.000000E+00 |  0.000000E+00 |  0.0033867883 |             f
   319 |    12760 |     40 |  0.000000E+00 |  0.000000E+00 |  0.0020155414 |             f
   320 |    12800 |     40 |  0.000000E+00 |  0.000000E+00 |  0.0029368304 |             f
   321 |    12840 |     40 |  0.000000E+00 |  0.000000E+00 |  0.0039053828 |             f
   322 |    12880 |     40 |  0.000000E+00 |  0.000000E+00 |  0.0028328068 |             f
   323 |    12920 |     40 |  0.000000E+00 |  0.000000E+00 |  0.0034681282 |             f
   324 |    12960 |     40 |  0.000000E+00 |  0.000000E+00 |  0.0029501922 |             f
   325 |    13000 |     40 |  0.000000E+00 |  0.000000E+00 |  0.0046532336 |             f
   326 |    13040 |     40 |  0.000000E+00 |  0.000000E+00 |  0.0014777068 |             f
   327 |    13080 |     40 |  0.000000E+00 |  0.000000E+00 |  0.0045148921 |             f
   328 |    13120 |     40 |  0.000000E+00 |  0.000000E+00 |  0.0037312765 |             f
   329 |    13160 |     40 |  0.000000E+00 |  0.000000E+00 |  0.0042263091 |             f
   330 |    13200 |     40 |  0.000000E+00 |  0.000000E+00 |  0.0026423832 |             f
   331 |    13240 |     40 |  0.000000E+00 |  0.000000E+00 |  0.0019291952 |             f
   332 |    13280 |     40 |  0.000000E+00 |  0.000000E+00 |  0.0049306828 |             f
   333 |    13320 |     40 |  0.000000E+00 |  0.000000E+00 |  0.0036995492 |             f
   334 |    13360 |     40 |  0.000000E+00 |  0.000000E+00 |  0.0047321043 |             f
   335 |    13400 |     40 |  0.000000E+00 |  0.000000E+00 |  0.0013900788 |             f
   336 |    13440 |     40 |  0.000000E+00 |  0.000000E+00 |  0.0043466355 |             f
   337 |    13480 |     40 |  0.000000E+00 |  0.000000E+00 |  0.0023851465 |             f
   338 |    13520 |     40 |  0.000000E+00 |  0.000000E+00 |  0.0039746289 |             f
   339 |    13560 |     40 |  0.000000E+00 |  0.000000E+00 |  0.0025038394 |             f
   340 |    13600 |     40 |  0.000000E+00 |  0.000000E+00 |  0.0037840194 |             f
   341 |    13640 |     40 |  0.000000E+00 |  0.000000E+00 |  0.0045642181 |             f
   342 |    13680 |     40 |  0.000000E+00 |  0.000000E+00 |  0.0021555828 |             f
   343 |    13720 |     40 |  0.000000E+00 |  0.000000E+00 |  0.0050166942 |             f
   344 |    13760 |     40 |  0.000000E+00 |  0.000000E+00 |  0.0029280712 |             f
   345 |    13800 |     40 |  0.000000E+00 |  0.000000E+00 |  0.0031387213 |             f
   346 |    13840 |     40 |  0.000000E+00 |  0.000000E+00 |  0.0045663702 |             f
   347 |    13880 |     40 |  0.000000E+00 |  0.000000E+00 |  0.0030296920 |             f
   348 |    13920 |     40 |  0.000000E+00 |  0.000000E+00 |  0.0043728542 |             f
   349 |    13960 |     40 |  0.000000E+00 |  0.000000E+00 |  0.0029644633 |             f
   350 |    14000 |     40 |  0.000000E+00 |  0.000000E+00 |  0.0048784568 |             f
   351 |    14040 |     40 |  0.000000E+00 |  0.000000E+00 |  0.0019482343 |             f
   352 |    14080 |     40 |  0.000000E+00 |  0.000000E+00 |  0.0048948561 |             f
   353 |    14120 |     40 |  0.000000E+00 |  0.000000E+00 |  0.0011200735 |             f
   354 |    14160 |     40 |  0.000000E+00 |  0.000000E+00 |  0.0030893543 |             f
   355 |    14200 |     40 |  0.000000E+00 |  0.000000E+00 |  0.0052058068 |             f
   356 |    14240 |     40 |  0.000000E+00 |  0.000000E+00 |  0.0046734916 |             f
   357 |    14280 |     40 |  0.000000E+00 |  0.000000E+00 |  0.0027770420 |             f
   358 |    14320 |     40 |  0.000000E+00 |  0.000000E+00 |  0.0026093960 |             f
   359 |    14360 |     40 |  0.000000E+00 |  0.000000E+00 |  0.0014476050 |             f
   360 |    14400 |     40 |  0.000000E+00 |  0.000000E+00 |  0.0042080824 |             f
   361 |    14440 |     40 |  0.000000E+00 |  0.000000E+00 |  0.0025942084 |             f
   362 |    14480 |     40 |  0.000000E+00 |  0.000000E+00 |  0.0014418947 |             f
   363 |    14520 |     40 |  0.000000E+00 |  0.000000E+00 |  0.0075918776 |             f
   364 |    14560 |     40 |  0.000000E+00 |  0.000000E+00 |  0.0008025742 |             f
   365 |    14600 |     40 |  0.000000E+00 |  0.000000E+00 |  0.0028640235 |             f
   366 |    14640 |     40 |  0.000000E+00 |  0.000000E+00 |  0.0046206844 |             f
   367 |    14680 |     40 |  0.000000E+00 |  0.000000E+00 |  0.0055242568 |             f
   368 |    14720 |     40 |  0.000000E+00 |  0.000000E+00 |  0.0035776939 |             f
   369 |    14760 |     40 |  0.000000E+00 |  0.000000E+00 |  0.0026485165 |             f
   370 |    14800 |     40 |  0.000000E+00 |  0.000000E+00 |  0.0029703094 |             f
   371 |    14840 |     40 |  0.000000E+00 |  0.000000E+00 |  0.0057695616 |             f
   372 |    14880 |     40 |  0.000000E+00 |  0.000000E+00 |  0.0020900128 |             f
   373 |    14920 |     40 |  0.000000E+00 |  0.000000E+00 |  0.0060819382 |             f
   374 |    14960 |     40 |  0.000000E+00 |  0.000000E+00 |  0.0026302231 |             f
   375 |    15000 |     40 |  0.000000E+00 |  0.000000E+00 |  0.0021858376 |             f
   376 |    15040 |     40 |  0.000000E+00 |  0.000000E+00 |  0.0032716362 |             f
   377 |    15080 |     40 |  0.000000E+00 |  0.000000E+00 |  0.0036359519 |             f
   378 |    15120 |     40 |  0.000000E+00 |  0.000000E+00 |  0.0041658902 |             f
   379 |    15160 |     40 |  0.000000E+00 |  0.000000E+00 |  0.0084235292 |         nadir
   380 |    15200 |     40 |  0.000000E+00 |  0.000000E+00 |  0.0031207806 |         ideal
   381 |    15240 |     40 |  0.000000E+00 |  0.000000E+00 |  0.0020933435 |             f
   382 |    15280 |     40 |  0.000000E+00 |  0.000000E+00 |  0.0042587703 |             f
   383 |    15320 |     40 |  0.000000E+00 |  0.000000E+00 |  0.0263548279 |         nadir
   384 |    15360 |     40 |  0.000000E+00 |  0.000000E+00 |  0.0032300561 |             f
   385 |    15400 |     40 |  0.000000E+00 |  0.000000E+00 |  0.0023111659 |             f
   386 |    15440 |     40 |  0.000000E+00 |  0.000000E+00 |  0.0047810191 |             f
   387 |    15480 |     40 |  0.000000E+00 |  0.000000E+00 |  0.0013606032 |             f
   388 |    15520 |     40 |  0.000000E+00 |  0.000000E+00 |  0.0032703114 |             f
   389 |    15560 |     40 |  0.000000E+00 |  0.000000E+00 |  0.0040479856 |             f
   390 |    15600 |     40 |  0.000000E+00 |  0.000000E+00 |  0.0019097130 |             f
   391 |    15640 |     40 |  0.000000E+00 |  0.000000E+00 |  0.0245263082 |         nadir
   392 |    15680 |     40 |  0.000000E+00 |  0.000000E+00 |  0.0031882991 |             f
   393 |    15720 |     40 |  0.000000E+00 |  0.000000E+00 |  0.0042083158 |             f
   394 |    15760 |     40 |  0.000000E+00 |  0.000000E+00 |  0.0022955100 |             f
   395 |    15800 |     40 |  0.000000E+00 |  0.000000E+00 |  0.0036447800 |             f
   396 |    15840 |     40 |  0.000000E+00 |  0.000000E+00 |  0.0043579177 |             f
   397 |    15880 |     40 |  0.000000E+00 |  0.000000E+00 |  0.0040653128 |             f
   398 |    15920 |     40 |  0.000000E+00 |  0.000000E+00 |  0.0008121186 |             f
   399 |    15960 |     40 |  0.000000E+00 |  0.000000E+00 |  0.0044049914 |             f
   400 |    16000 |     40 |  0.000000E+00 |  0.000000E+00 |  0.0042870227 |             f
mean B0=101.8661 homogen=999.0109
mean B0=121.0031 homogen=17950.5327
mean B0=121.0031 homogen=17950.5327
mean B0=119.2047 homogen=16257.8891
mean B0=109.4475 homogen=7356.9296
mean B0=118.0847 homogen=15789.7875
mean B0=113.0017 homogen=10421.2342
mean B0=108.6217 homogen=6580.6674
mean B0=102.8668 homogen=1317.0679
mean B0=117.6896 homogen=15026.8226
mean B0=106.2098 homogen=4518.1797
mean B0=105.342 homogen=3508.3629
mean B0=120.5451 homogen=17510.0788
mean B0=110.0391 homogen=7797.5103
mean B0=114.5074 homogen=11819.4462
mean B0=108.0812 homogen=6015.3657
mean B0=103.1783 homogen=1500.5569
mean B0=106.6339 homogen=5379.6664
mean B0=119.968 homogen=16989.0879
mean B0=110.9399 homogen=8811.9223
mean B0=111.3233 homogen=9203.4357
mean B0=115.4985 homogen=13205.248
mean B0=104.1148 homogen=2407.2926
mean B0=116.4902 homogen=13911.9067
mean B0=102.0164 homogen=1129.3319
mean B0=112.5668 homogen=10031.9152
mean B0=115.0028 homogen=12352.2885
mean B0=112.2943 homogen=9754.1264
mean B0=103.8132 homogen=2129.4538
mean B0=115.215 homogen=12460.9665
mean B0=104.687 homogen=2896.6872
mean B0=116.1733 homogen=13368.3933
mean B0=113.8747 homogen=11350.4684
mean B0=114.0328 homogen=11492.7419
mean B0=107.5407 homogen=5480.0176
mean B0=104.687 homogen=2896.6872
mean B0=119.9967 homogen=16996.0921
mean B0=105.7329 homogen=3912.4925
mean B0=116.7757 homogen=14193.3285
mean B0=107.5279 homogen=5472.0814
   401 |    16040 |     40 |  0.000000E+00 |  0.000000E+00 |  0.0029889926 |             f
   402 |    16080 |     40 |  0.000000E+00 |  0.000000E+00 |  0.0039991980 |             f
   403 |    16120 |     40 |  0.000000E+00 |  0.000000E+00 |  0.0025374610 |             f
   404 |    16160 |     40 |  0.000000E+00 |  0.000000E+00 |  0.0021253834 |             f
   405 |    16200 |     40 |  0.000000E+00 |  0.000000E+00 |  0.0041415599 |             f
   406 |    16240 |     40 |  0.000000E+00 |  0.000000E+00 |  0.0043504993 |             f
   407 |    16280 |     40 |  0.000000E+00 |  0.000000E+00 |  0.0024044183 |             f
   408 |    16320 |     40 |  0.000000E+00 |  0.000000E+00 |  0.0065182633 |             f
   409 |    16360 |     40 |  0.000000E+00 |  0.000000E+00 |  0.0038369184 |             f
   410 |    16400 |     40 |  0.000000E+00 |  0.000000E+00 |  0.0044816306 |             f
   411 |    16440 |     40 |  0.000000E+00 |  0.000000E+00 |  0.0036646904 |             f
   412 |    16480 |     40 |  0.000000E+00 |  0.000000E+00 |  0.0037769141 |             f
   413 |    16520 |     40 |  0.000000E+00 |  0.000000E+00 |  0.0019407458 |             f
   414 |    16560 |     40 |  0.000000E+00 |  0.000000E+00 |  0.0035037822 |             f
   415 |    16600 |     40 |  0.000000E+00 |  0.000000E+00 |  0.0036720042 |             f
   416 |    16640 |     40 |  0.000000E+00 |  0.000000E+00 |  0.0009077347 |             f
   417 |    16680 |     40 |  0.000000E+00 |  0.000000E+00 |  0.0041929430 |             f
   418 |    16720 |     40 |  0.000000E+00 |  0.000000E+00 |  0.0048080429 |             f
   419 |    16760 |     40 |  0.000000E+00 |  0.000000E+00 |  0.0021767546 |             f
   420 |    16800 |     40 |  0.000000E+00 |  0.000000E+00 |  0.0053795699 |             f
   421 |    16840 |     40 |  0.000000E+00 |  0.000000E+00 |  0.0032656271 |             f
   422 |    16880 |     40 |  0.000000E+00 |  0.000000E+00 |  0.0032991430 |             f
   423 |    16920 |     40 |  0.000000E+00 |  0.000000E+00 |  0.0130758173 |         nadir
   424 |    16960 |     40 |  0.000000E+00 |  0.000000E+00 |  0.0034908351 |             f
   425 |    17000 |     40 |  0.000000E+00 |  0.000000E+00 |  0.0028736437 |             f
   426 |    17040 |     40 |  0.000000E+00 |  0.000000E+00 |  0.0027816361 |             f
   427 |    17080 |     40 |  0.000000E+00 |  0.000000E+00 |  0.0052511501 |             f
   428 |    17120 |     40 |  0.000000E+00 |  0.000000E+00 |  0.0014840464 |             f
   429 |    17160 |     40 |  0.000000E+00 |  0.000000E+00 |  0.0037136980 |             f
   430 |    17200 |     40 |  0.000000E+00 |  0.000000E+00 |  0.0035466897 |             f
   431 |    17240 |     40 |  0.000000E+00 |  0.000000E+00 |  0.0050145384 |             f
   432 |    17280 |     40 |  0.000000E+00 |  0.000000E+00 |  0.0043614466 |             f
   433 |    17320 |     40 |  0.000000E+00 |  0.000000E+00 |  0.0028991536 |             f
   434 |    17360 |     40 |  0.000000E+00 |  0.000000E+00 |  0.0039479792 |             f
   435 |    17400 |     40 |  0.000000E+00 |  0.000000E+00 |  0.0035648317 |             f
   436 |    17440 |     40 |  0.000000E+00 |  0.000000E+00 |  0.0043053429 |             f
   437 |    17480 |     40 |  0.000000E+00 |  0.000000E+00 |  0.0015615578 |             f
   438 |    17520 |     40 |  0.000000E+00 |  0.000000E+00 |  0.0048775027 |             f
   439 |    17560 |     40 |  0.000000E+00 |  0.000000E+00 |  0.0040682083 |             f
   440 |    17600 |     40 |  0.000000E+00 |  0.000000E+00 |  0.0040349791 |             f
   441 |    17640 |     40 |  0.000000E+00 |  0.000000E+00 |  0.0032019023 |             f
   442 |    17680 |     40 |  0.000000E+00 |  0.000000E+00 |  0.0033823323 |             f
   443 |    17720 |     40 |  0.000000E+00 |  0.000000E+00 |  0.0026564290 |             f
   444 |    17760 |     40 |  0.000000E+00 |  0.000000E+00 |  0.0018029415 |             f
   445 |    17800 |     40 |  0.000000E+00 |  0.000000E+00 |  0.0059585393 |             f
   446 |    17840 |     40 |  0.000000E+00 |  0.000000E+00 |  0.0043951618 |             f
   447 |    17880 |     40 |  0.000000E+00 |  0.000000E+00 |  0.0038827224 |             f
   448 |    17920 |     40 |  0.000000E+00 |  0.000000E+00 |  0.0041554375 |             f
   449 |    17960 |     40 |  0.000000E+00 |  0.000000E+00 |  0.0037858320 |             f
   450 |    18000 |     40 |  0.000000E+00 |  0.000000E+00 |  0.0031262371 |             f
   451 |    18040 |     40 |  0.000000E+00 |  0.000000E+00 |  0.0027400042 |             f
   452 |    18080 |     40 |  0.000000E+00 |  0.000000E+00 |  0.0029870235 |             f
   453 |    18120 |     40 |  0.000000E+00 |  0.000000E+00 |  0.0035513634 |             f
   454 |    18160 |     40 |  0.000000E+00 |  0.000000E+00 |  0.0039441510 |             f
   455 |    18200 |     40 |  0.000000E+00 |  0.000000E+00 |  0.0036322607 |             f
   456 |    18240 |     40 |  0.000000E+00 |  0.000000E+00 |  0.0033987244 |             f
   457 |    18280 |     40 |  0.000000E+00 |  0.000000E+00 |  0.0024194936 |             f
   458 |    18320 |     40 |  0.000000E+00 |  0.000000E+00 |  0.0040155290 |             f
   459 |    18360 |     40 |  0.000000E+00 |  0.000000E+00 |  0.0054592943 |             f
   460 |    18400 |     40 |  0.000000E+00 |  0.000000E+00 |  0.0034523099 |             f
   461 |    18440 |     40 |  0.000000E+00 |  0.000000E+00 |  0.0037323834 |             f
   462 |    18480 |     40 |  0.000000E+00 |  0.000000E+00 |  0.0035888656 |             f
   463 |    18520 |     40 |  0.000000E+00 |  0.000000E+00 |  0.0051114380 |             f
   464 |    18560 |     40 |  0.000000E+00 |  0.000000E+00 |  0.0026426232 |             f
   465 |    18600 |     40 |  0.000000E+00 |  0.000000E+00 |  0.0025856658 |             f
   466 |    18640 |     40 |  0.000000E+00 |  0.000000E+00 |  0.0037574189 |             f
   467 |    18680 |     40 |  0.000000E+00 |  0.000000E+00 |  0.0029892151 |             f
   468 |    18720 |     40 |  0.000000E+00 |  0.000000E+00 |  0.0036430205 |             f
   469 |    18760 |     40 |  0.000000E+00 |  0.000000E+00 |  0.0034035279 |             f
   470 |    18800 |     40 |  0.000000E+00 |  0.000000E+00 |  0.0030069145 |             f
   471 |    18840 |     40 |  0.000000E+00 |  0.000000E+00 |  0.0028244672 |             f
   472 |    18880 |     40 |  0.000000E+00 |  0.000000E+00 |  0.0020394251 |             f
   473 |    18920 |     40 |  0.000000E+00 |  0.000000E+00 |  0.0041473573 |             f
   474 |    18960 |     40 |  0.000000E+00 |  0.000000E+00 |  0.0022423893 |             f
   475 |    19000 |     40 |  0.000000E+00 |  0.000000E+00 |  0.0046794543 |             f
   476 |    19040 |     40 |  0.000000E+00 |  0.000000E+00 |  0.0042437473 |             f
Process SpawnPoolWorker-2:
Traceback (most recent call last):
  File "/opt/homebrew/Cellar/python@3.12/3.12.13_4/Frameworks/Python.framework/Versions/3.12/lib/python3.12/multiprocessing/pool.py", line 131, in worker
    put((job, i, result))
  File "/opt/homebrew/Cellar/python@3.12/3.12.13_4/Frameworks/Python.framework/Versions/3.12/lib/python3.12/multiprocessing/queues.py", line 399, in put
    self._writer.send_bytes(obj)
  File "/opt/homebrew/Cellar/python@3.12/3.12.13_4/Frameworks/Python.framework/Versions/3.12/lib/python3.12/multiprocessing/connection.py", line 200, in send_bytes
    self._send_bytes(m[offset:offset + size])
  File "/opt/homebrew/Cellar/python@3.12/3.12.13_4/Frameworks/Python.framework/Versions/3.12/lib/python3.12/multiprocessing/connection.py", line 427, in _send_bytes
    self._send(header + buf)
  File "/opt/homebrew/Cellar/python@3.12/3.12.13_4/Frameworks/Python.framework/Versions/3.12/lib/python3.12/multiprocessing/connection.py", line 384, in _send
    n = write(self._handle, buf)
        ^^^^^^^^^^^^^^^^^^^^^^^^
BrokenPipeError: [Errno 32] Broken pipe

During handling of the above exception, another exception occurred:

Traceback (most recent call last):
  File "/opt/homebrew/Cellar/python@3.12/3.12.13_4/Frameworks/Python.framework/Versions/3.12/lib/python3.12/multiprocessing/process.py", line 314, in _bootstrap
    self.run()
  File "/opt/homebrew/Cellar/python@3.12/3.12.13_4/Frameworks/Python.framework/Versions/3.12/lib/python3.12/multiprocessing/process.py", line 108, in run
    self._target(*self._args, **self._kwargs)
  File "/opt/homebrew/Cellar/python@3.12/3.12.13_4/Frameworks/Python.framework/Versions/3.12/lib/python3.12/multiprocessing/pool.py", line 136, in worker
    put((job, i, (False, wrapped)))
  File "/opt/homebrew/Cellar/python@3.12/3.12.13_4/Frameworks/Python.framework/Versions/3.12/lib/python3.12/multiprocessing/queues.py", line 399, in put
    self._writer.send_bytes(obj)
  File "/opt/homebrew/Cellar/python@3.12/3.12.13_4/Frameworks/Python.framework/Versions/3.12/lib/python3.12/multiprocessing/connection.py", line 200, in send_bytes
    self._send_bytes(m[offset:offset + size])
  File "/opt/homebrew/Cellar/python@3.12/3.12.13_4/Frameworks/Python.framework/Versions/3.12/lib/python3.12/multiprocessing/connection.py", line 427, in _send_bytes
    self._send(header + buf)
  File "/opt/homebrew/Cellar/python@3.12/3.12.13_4/Frameworks/Python.framework/Versions/3.12/lib/python3.12/multiprocessing/connection.py", line 384, in _send
    n = write(self._handle, buf)
        ^^^^^^^^^^^^^^^^^^^^^^^^
BrokenPipeError: [Errno 32] Broken pipe
/opt/homebrew/Cellar/python@3.12/3.12.13_4/Frameworks/Python.framework/Versions/3.12/lib/python3.12/multiprocessing/resource_tracker.py:279: UserWarning: resource_tracker: There appear to be 6 leaked semaphore objects to clean up at shutdown
  warnings.warn('resource_tracker: There appear to be %d '
