/Users/nv/Documents/MRI/magnet_design/optimize_bore50mm_robust_aligned.py:54: DeprecationWarning: Importing 'StarmapParallelization' from 'pymoo.core.problem' is deprecated. Please use 'from pymoo.parallelization import StarmapParallelization' instead. This backward compatibility import will be removed in a future version.
  from pymoo.core.problem import StarmapParallelization
==========================================================================================
n_gen  |  n_eval  | n_nds  |     cv_min    |     cv_avg    |      eps      |   indicator  
==========================================================================================
     1 |       40 |      1 |  7.0844869855 |  1.459020E+02 |             - |             -
     2 |       80 |      1 |  0.0297749520 |  5.409641E+01 |             - |             -
     3 |      120 |      1 |  0.0297749520 |  2.497989E+01 |             - |             -
     4 |      160 |      1 |  0.000000E+00 |  1.423403E+01 |             - |             -
     5 |      200 |      2 |  0.000000E+00 |  7.2594878480 |  1.0000000000 |         ideal
     6 |      240 |      3 |  0.000000E+00 |  2.9708383238 |  1.2959604234 |         ideal
     7 |      280 |      5 |  0.000000E+00 |  0.4546395263 |  0.6182490158 |         ideal
     8 |      320 |      5 |  0.000000E+00 |  0.000000E+00 |  0.0775244464 |             f
     9 |      360 |      1 |  0.000000E+00 |  0.000000E+00 |  4.193622E+03 |         ideal
    10 |      400 |      1 |  0.000000E+00 |  0.000000E+00 |  0.000000E+00 |             f
    11 |      440 |      4 |  0.000000E+00 |  0.000000E+00 |  0.1271252709 |         ideal
    12 |      480 |      8 |  0.000000E+00 |  0.000000E+00 |  0.1532071830 |         ideal
    13 |      520 |      8 |  0.000000E+00 |  0.000000E+00 |  0.0888730782 |         ideal
    14 |      560 |     13 |  0.000000E+00 |  0.000000E+00 |  0.0240759910 |             f
    15 |      600 |     14 |  0.000000E+00 |  0.000000E+00 |  0.0963820791 |         ideal
    16 |      640 |     15 |  0.000000E+00 |  0.000000E+00 |  0.0295789093 |             f
    17 |      680 |      8 |  0.000000E+00 |  0.000000E+00 |  0.0234095744 |         ideal
    18 |      720 |      4 |  0.000000E+00 |  0.000000E+00 |  0.1504637052 |         ideal
    19 |      760 |      7 |  0.000000E+00 |  0.000000E+00 |  0.0671303706 |         ideal
    20 |      800 |     10 |  0.000000E+00 |  0.000000E+00 |  0.3857893961 |         nadir
    21 |      840 |     16 |  0.000000E+00 |  0.000000E+00 |  0.0383368349 |         ideal
    22 |      880 |     20 |  0.000000E+00 |  0.000000E+00 |  0.0139995246 |         ideal
    23 |      920 |     18 |  0.000000E+00 |  0.000000E+00 |  0.0698143869 |         ideal
    24 |      960 |     18 |  0.000000E+00 |  0.000000E+00 |  0.0730198038 |         ideal
    25 |     1000 |     19 |  0.000000E+00 |  0.000000E+00 |  0.0173436226 |             f
    26 |     1040 |     23 |  0.000000E+00 |  0.000000E+00 |  0.0404915203 |         ideal
    27 |     1080 |     30 |  0.000000E+00 |  0.000000E+00 |  0.0089724455 |             f
    28 |     1120 |     35 |  0.000000E+00 |  0.000000E+00 |  0.0071106223 |             f
    29 |     1160 |     22 |  0.000000E+00 |  0.000000E+00 |  0.0133470778 |             f
    30 |     1200 |     21 |  0.000000E+00 |  0.000000E+00 |  0.0308081432 |         ideal
    31 |     1240 |     24 |  0.000000E+00 |  0.000000E+00 |  0.0135547154 |             f
    32 |     1280 |     33 |  0.000000E+00 |  0.000000E+00 |  0.0178333382 |         ideal
    33 |     1320 |     30 |  0.000000E+00 |  0.000000E+00 |  0.0271962345 |         ideal
    34 |     1360 |     35 |  0.000000E+00 |  0.000000E+00 |  0.0131900139 |         ideal
    35 |     1400 |     25 |  0.000000E+00 |  0.000000E+00 |  0.1188532496 |         ideal
    36 |     1440 |     23 |  0.000000E+00 |  0.000000E+00 |  0.0091567360 |             f
    37 |     1480 |     18 |  0.000000E+00 |  0.000000E+00 |  0.0079229289 |         ideal
    38 |     1520 |     18 |  0.000000E+00 |  0.000000E+00 |  0.0042410402 |         ideal
    39 |     1560 |      8 |  0.000000E+00 |  0.000000E+00 |  0.0041029686 |         ideal
    40 |     1600 |     15 |  0.000000E+00 |  0.000000E+00 |  0.0313029166 |             f
    41 |     1640 |     21 |  0.000000E+00 |  0.000000E+00 |  0.0147240736 |         ideal
    42 |     1680 |     17 |  0.000000E+00 |  0.000000E+00 |  0.0281218169 |         ideal
    43 |     1720 |     25 |  0.000000E+00 |  0.000000E+00 |  0.0135465646 |         ideal
    44 |     1760 |     38 |  0.000000E+00 |  0.000000E+00 |  0.0188050749 |         ideal
    45 |     1800 |     40 |  0.000000E+00 |  0.000000E+00 |  0.0123586009 |         ideal
    46 |     1840 |     33 |  0.000000E+00 |  0.000000E+00 |  0.0058999394 |         ideal
    47 |     1880 |     31 |  0.000000E+00 |  0.000000E+00 |  0.0115654445 |             f
    48 |     1920 |     31 |  0.000000E+00 |  0.000000E+00 |  0.0070863148 |             f
    49 |     1960 |     30 |  0.000000E+00 |  0.000000E+00 |  0.0206793992 |         ideal
    50 |     2000 |     36 |  0.000000E+00 |  0.000000E+00 |  0.0504440825 |         ideal
    51 |     2040 |     31 |  0.000000E+00 |  0.000000E+00 |  0.0146136819 |         ideal
    52 |     2080 |     22 |  0.000000E+00 |  0.000000E+00 |  0.0538348647 |         ideal
    53 |     2120 |     15 |  0.000000E+00 |  0.000000E+00 |  0.7774142013 |         nadir
    54 |     2160 |     15 |  0.000000E+00 |  0.000000E+00 |  0.0285260186 |         ideal
    55 |     2200 |     16 |  0.000000E+00 |  0.000000E+00 |  0.0278080964 |         ideal
    56 |     2240 |     20 |  0.000000E+00 |  0.000000E+00 |  0.1175959773 |         ideal
    57 |     2280 |     14 |  0.000000E+00 |  0.000000E+00 |  0.0189418797 |             f
    58 |     2320 |     20 |  0.000000E+00 |  0.000000E+00 |  0.4782221126 |         nadir
    59 |     2360 |     23 |  0.000000E+00 |  0.000000E+00 |  0.0156834643 |             f
    60 |     2400 |     18 |  0.000000E+00 |  0.000000E+00 |  0.0538820967 |         ideal
    61 |     2440 |     21 |  0.000000E+00 |  0.000000E+00 |  0.0178808679 |             f
    62 |     2480 |     28 |  0.000000E+00 |  0.000000E+00 |  0.0075144283 |             f
    63 |     2520 |     26 |  0.000000E+00 |  0.000000E+00 |  0.0122555162 |             f
    64 |     2560 |     26 |  0.000000E+00 |  0.000000E+00 |  0.0743022227 |         ideal
    65 |     2600 |     35 |  0.000000E+00 |  0.000000E+00 |  0.0041217091 |         nadir
    66 |     2640 |     36 |  0.000000E+00 |  0.000000E+00 |  0.0061833943 |             f
    67 |     2680 |     34 |  0.000000E+00 |  0.000000E+00 |  0.0639747656 |         ideal
    68 |     2720 |     22 |  0.000000E+00 |  0.000000E+00 |  0.0517801758 |         ideal
    69 |     2760 |     32 |  0.000000E+00 |  0.000000E+00 |  0.0032656282 |         ideal
    70 |     2800 |     40 |  0.000000E+00 |  0.000000E+00 |  0.0411294415 |         ideal
    71 |     2840 |     40 |  0.000000E+00 |  0.000000E+00 |  0.0163277621 |         ideal
    72 |     2880 |     40 |  0.000000E+00 |  0.000000E+00 |  0.0039943789 |             f
    73 |     2920 |     40 |  0.000000E+00 |  0.000000E+00 |  0.0047357493 |             f
    74 |     2960 |     40 |  0.000000E+00 |  0.000000E+00 |  0.0083358082 |         ideal
    75 |     3000 |     40 |  0.000000E+00 |  0.000000E+00 |  0.0058777332 |         ideal
    76 |     3040 |     40 |  0.000000E+00 |  0.000000E+00 |  0.0034467289 |         nadir
    77 |     3080 |     40 |  0.000000E+00 |  0.000000E+00 |  0.0045522178 |             f
    78 |     3120 |     40 |  0.000000E+00 |  0.000000E+00 |  0.0070084419 |             f
    79 |     3160 |     38 |  0.000000E+00 |  0.000000E+00 |  0.0082496388 |             f
    80 |     3200 |     40 |  0.000000E+00 |  0.000000E+00 |  0.0038902424 |         ideal
    81 |     3240 |     40 |  0.000000E+00 |  0.000000E+00 |  0.0476572746 |         ideal
    82 |     3280 |     40 |  0.000000E+00 |  0.000000E+00 |  0.0032913241 |             f
    83 |     3320 |     40 |  0.000000E+00 |  0.000000E+00 |  0.0113759692 |         nadir
    84 |     3360 |     28 |  0.000000E+00 |  0.000000E+00 |  0.0162552432 |             f
    85 |     3400 |     19 |  0.000000E+00 |  0.000000E+00 |  0.0123473416 |         ideal
    86 |     3440 |     25 |  0.000000E+00 |  0.000000E+00 |  0.0050918824 |             f
    87 |     3480 |     27 |  0.000000E+00 |  0.000000E+00 |  0.0645812155 |         ideal
    88 |     3520 |     23 |  0.000000E+00 |  0.000000E+00 |  0.0029413068 |         ideal
    89 |     3560 |     21 |  0.000000E+00 |  0.000000E+00 |  0.1667792934 |         ideal
    90 |     3600 |     22 |  0.000000E+00 |  0.000000E+00 |  0.1098666986 |         ideal
    91 |     3640 |     15 |  0.000000E+00 |  0.000000E+00 |  0.0249648061 |             f
    92 |     3680 |     21 |  0.000000E+00 |  0.000000E+00 |  0.0073761586 |             f
    93 |     3720 |     23 |  0.000000E+00 |  0.000000E+00 |  0.0066788810 |             f
    94 |     3760 |     25 |  0.000000E+00 |  0.000000E+00 |  0.0100044428 |             f
    95 |     3800 |     35 |  0.000000E+00 |  0.000000E+00 |  0.0225274700 |         nadir
    96 |     3840 |     40 |  0.000000E+00 |  0.000000E+00 |  0.0233947599 |         ideal
    97 |     3880 |     40 |  0.000000E+00 |  0.000000E+00 |  0.2151117582 |         nadir
    98 |     3920 |     40 |  0.000000E+00 |  0.000000E+00 |  0.0051715868 |             f
    99 |     3960 |     40 |  0.000000E+00 |  0.000000E+00 |  0.0050638436 |             f
   100 |     4000 |     40 |  0.000000E+00 |  0.000000E+00 |  0.0035572724 |             f
mean B0=122.2157 homogen=10058.7631
mean B0=105.903 homogen=613.6572
mean B0=116.3949 homogen=4275.7326
mean B0=113.46 homogen=3259.4337
mean B0=116.4394 homogen=6287.3427
mean B0=120.6595 homogen=8951.2812
mean B0=110.8423 homogen=1203.0096
mean B0=118.187 homogen=6846.2039
mean B0=121.6466 homogen=9679.6701
mean B0=109.2822 homogen=859.9997
mean B0=119.1168 homogen=7941.738
mean B0=119.8727 homogen=8310.7559
mean B0=111.3978 homogen=1651.1028
mean B0=117.4253 homogen=6418.3068
mean B0=107.6894 homogen=978.8128
mean B0=118.8475 homogen=7389.4759
mean B0=109.6962 homogen=897.5472
mean B0=118.6342 homogen=7253.7484
mean B0=111.4734 homogen=1845.1921
mean B0=121.7897 homogen=9797.0943
mean B0=112.8125 homogen=2684.0889
mean B0=113.1876 homogen=2993.9486
mean B0=106.2649 homogen=700.1269
mean B0=122.2061 homogen=10063.962
mean B0=117.2814 homogen=6318.2053
mean B0=112.0182 homogen=2106.2654
mean B0=112.293 homogen=2180.3987
mean B0=119.3241 homogen=8121.4929
mean B0=107.356 homogen=889.3958
mean B0=106.9706 homogen=937.6552
mean B0=112.3697 homogen=2453.8997
mean B0=113.0612 homogen=2913.5337
mean B0=106.7564 homogen=738.3289
mean B0=106.7562 homogen=738.8591
mean B0=112.6571 homogen=2521.6109
mean B0=107.095 homogen=732.1415
mean B0=109.6962 homogen=897.5911
mean B0=118.7102 homogen=7258.6679
mean B0=113.0612 homogen=2913.5337
mean B0=119.4779 homogen=8240.7106
   101 |     4040 |     40 |  0.000000E+00 |  0.000000E+00 |  0.0398979233 |         ideal
   102 |     4080 |     40 |  0.000000E+00 |  0.000000E+00 |  0.0019902694 |             f
   103 |     4120 |     40 |  0.000000E+00 |  0.000000E+00 |  0.0152966160 |         ideal
   104 |     4160 |     40 |  0.000000E+00 |  0.000000E+00 |  0.0024297965 |             f
   105 |     4200 |     40 |  0.000000E+00 |  0.000000E+00 |  0.0129906085 |         ideal
   106 |     4240 |     40 |  0.000000E+00 |  0.000000E+00 |  0.0059017672 |             f
   107 |     4280 |     35 |  0.000000E+00 |  0.000000E+00 |  0.0076393653 |             f
   108 |     4320 |     36 |  0.000000E+00 |  0.000000E+00 |  0.0119763852 |             f
   109 |     4360 |     40 |  0.000000E+00 |  0.000000E+00 |  0.0025881186 |         ideal
   110 |     4400 |     40 |  0.000000E+00 |  0.000000E+00 |  0.0307668907 |         ideal
mean B0=123.9957 homogen=10106.4885
mean B0=105.9151 homogen=620.9595
mean B0=117.3578 homogen=4718.6677
mean B0=118.747 homogen=6178.2186
mean B0=120.941 homogen=7655.8714
mean B0=110.0409 homogen=767.0853
mean B0=106.8072 homogen=760.2741
mean B0=116.396 homogen=4275.2203
mean B0=115.1527 homogen=3109.2169
mean B0=112.4368 homogen=1139.9515
mean B0=119.7952 homogen=6674.9818
mean B0=114.0395 homogen=2156.0917
mean B0=113.5181 homogen=1791.2527
mean B0=115.1498 homogen=3110.0965
mean B0=121.1438 homogen=7922.0581
mean B0=122.21 homogen=9020.3437
mean B0=121.6341 homogen=8374.6319
mean B0=111.4588 homogen=1289.8289
mean B0=116.4391 homogen=4310.7671
mean B0=121.6341 homogen=8374.4801
mean B0=117.198 homogen=4584.4169
mean B0=110.4118 homogen=673.8701
mean B0=111.1911 homogen=706.052
mean B0=123.4394 homogen=9635.5028
mean B0=122.8936 homogen=9187.2391
mean B0=122.3579 homogen=9144.9277
mean B0=119.2107 homogen=6457.172
mean B0=119.5556 homogen=6467.3369
mean B0=106.5341 homogen=636.1172
mean B0=113.9764 homogen=2109.7443
mean B0=123.4394 homogen=9635.5028
mean B0=118.9067 homogen=6309.6962
mean B0=119.0194 homogen=6403.1892
mean B0=123.2304 homogen=9502.6576
mean B0=123.095 homogen=9364.9996
mean B0=111.3837 homogen=748.9071
mean B0=118.7909 homogen=6212.2165
mean B0=119.6548 homogen=6564.8037
mean B0=122.9543 homogen=9245.806
mean B0=117.2395 homogen=4618.5075
    pareto_idx  magnets  layers       sim_ppm  asbuilt_p90_ppm       B0_mT  length_mm
1            1      268       2    620.959530      2221.038527  105.915072     67.328
28          28      268       2    636.117207      2231.168298  106.534113     66.812
6            6      268       2    760.274054      2289.253472  106.807237     66.670
5            5      272       2    767.085274      2376.104445  110.040918     65.568
17          17      273       2   1289.828878      2739.033980  111.458764     65.286
12          12      275       2   1791.252660      3398.683824  113.518116     64.944
9            9      275       2   1139.951481      2746.732506  112.436844     65.498
21          21      275       2    673.870112      2468.909690  110.411766     66.886
11          11      276       2   2156.091739      3516.914584  114.039456     65.228
29          29      276       2   2109.744320      3472.534931  113.976376     65.268
35          35      277       2    748.907132      2526.012988  111.383725     66.894
22          22      277       2    706.052037      2488.665055  111.191105     67.054
13          13      277       2   3110.096483      4393.286123  115.149803     65.270
8            8      277       2   3109.216927      4395.881979  115.152655     65.268
18          18      280       2   4310.767112      5499.122776  116.439115     66.890
7            7      280       2   4275.220283      5463.593218  116.395962     66.908
25          25      282       2   9144.927689     10228.028098  122.357855     65.354
19          19      282       2   8374.480057      9520.540378  121.634059     65.010
32          32      282       2   6403.189155      7502.420445  119.019431     66.794
36          36      282       2   6212.216491      7315.258250  118.790924     66.890
26          26      282       2   6457.172004      7555.285616  119.210695     66.670
31          31      282       2   6309.696175      7418.316557  118.906723     66.842
39          39      282       2   4618.507502      5838.499285  117.239544     66.892
2            2      282       2   4718.667693      5915.039030  117.357782     66.842
16          16      282       2   8374.631932      9521.414047  121.634096     65.010
3            3      282       2   6178.218600      7284.856816  118.746977     66.910
15          15      282       2   9020.343749     10105.136653  122.209993     65.416
14          14      282       2   7922.058062      9045.244460  121.143780     65.210
20          20      282       2   4584.416863      5806.543317  117.197968     66.910
4            4      282       2   7655.871386      8780.982678  120.940989     65.268
23          23      284       2   9635.502765     10776.212389  123.439441     65.232
37          37      284       2   6564.803680      7733.091999  119.654833     66.880
34          34      284       2   9364.999636     10506.055275  123.094953     65.396
10          10      284       2   6674.981805      7844.057359  119.795228     66.816
30          30      284       2   9635.502765     10776.212389  123.439441     65.232
27          27      284       2   6467.336921      7637.941367  119.555598     66.906
38          38      284       2   9245.806036     10384.987973  122.954315     65.454
24          24      284       2   9187.239065     10326.145024  122.893578     65.468
0            0      284       2  10106.488472     11249.994334  123.995727     65.008
33          33      285       2   9502.657647     10618.543414  123.230436     65.596
