/Users/nv/Documents/MRI/magnet_design/optimize_bore50mm_robust.py:54: DeprecationWarning: Importing 'StarmapParallelization' from 'pymoo.core.problem' is deprecated. Please use 'from pymoo.parallelization import StarmapParallelization' instead. This backward compatibility import will be removed in a future version.
  from pymoo.core.problem import StarmapParallelization
==========================================================================================
n_gen  |  n_eval  | n_nds  |     cv_min    |     cv_avg    |      eps      |   indicator  
==========================================================================================
     1 |       40 |      1 |  0.000000E+00 |  2.375721E+01 |             - |             -
     2 |       80 |      2 |  0.000000E+00 |  1.293704E+01 |  1.0000000000 |         ideal
     3 |      120 |      3 |  0.000000E+00 |  5.4522212785 |  0.8128177364 |         ideal
     4 |      160 |      5 |  0.000000E+00 |  0.7830852991 |  0.0347252947 |         ideal
     5 |      200 |      8 |  0.000000E+00 |  0.000000E+00 |  0.0955661047 |         ideal
     6 |      240 |      8 |  0.000000E+00 |  0.000000E+00 |  0.1061946903 |         ideal
     7 |      280 |      9 |  0.000000E+00 |  0.000000E+00 |  0.0173317893 |             f
     8 |      320 |      8 |  0.000000E+00 |  0.000000E+00 |  0.1023408373 |             f
     9 |      360 |      5 |  0.000000E+00 |  0.000000E+00 |  2.4856534828 |         nadir
    10 |      400 |      9 |  0.000000E+00 |  0.000000E+00 |  0.0630361162 |         ideal
    11 |      440 |      9 |  0.000000E+00 |  0.000000E+00 |  0.0068493151 |         ideal
    12 |      480 |      5 |  0.000000E+00 |  0.000000E+00 |  0.0299003322 |         ideal
    13 |      520 |      5 |  0.000000E+00 |  0.000000E+00 |  0.0066107373 |         nadir
    14 |      560 |      7 |  0.000000E+00 |  0.000000E+00 |  0.0116279070 |         ideal
    15 |      600 |      8 |  0.000000E+00 |  0.000000E+00 |  0.0559168464 |             f
    16 |      640 |      6 |  0.000000E+00 |  0.000000E+00 |  0.0254864149 |             f
    17 |      680 |      6 |  0.000000E+00 |  0.000000E+00 |  0.000000E+00 |             f
    18 |      720 |      8 |  0.000000E+00 |  0.000000E+00 |  0.0213275767 |             f
    19 |      760 |      6 |  0.000000E+00 |  0.000000E+00 |  0.0061466874 |         ideal
    20 |      800 |      8 |  0.000000E+00 |  0.000000E+00 |  0.0655890581 |             f
    21 |      840 |      8 |  0.000000E+00 |  0.000000E+00 |  0.0022401816 |             f
    22 |      880 |     10 |  0.000000E+00 |  0.000000E+00 |  0.0035969666 |             f
    23 |      920 |     12 |  0.000000E+00 |  0.000000E+00 |  0.0015580926 |             f
    24 |      960 |     13 |  0.000000E+00 |  0.000000E+00 |  0.0036704345 |             f
    25 |     1000 |     10 |  0.000000E+00 |  0.000000E+00 |  3.0722031820 |         nadir
    26 |     1040 |     12 |  0.000000E+00 |  0.000000E+00 |  0.0052646951 |             f
    27 |     1080 |     13 |  0.000000E+00 |  0.000000E+00 |  0.0843077016 |         nadir
    28 |     1120 |     10 |  0.000000E+00 |  0.000000E+00 |  0.0027866680 |             f
    29 |     1160 |     12 |  0.000000E+00 |  0.000000E+00 |  0.0481525058 |         nadir
    30 |     1200 |     14 |  0.000000E+00 |  0.000000E+00 |  0.0002676979 |             f
    31 |     1240 |     16 |  0.000000E+00 |  0.000000E+00 |  0.0046338079 |         nadir
    32 |     1280 |     15 |  0.000000E+00 |  0.000000E+00 |  0.0480721111 |         ideal
    33 |     1320 |     14 |  0.000000E+00 |  0.000000E+00 |  0.0031193949 |         ideal
    34 |     1360 |     15 |  0.000000E+00 |  0.000000E+00 |  0.0013271700 |             f
    35 |     1400 |     15 |  0.000000E+00 |  0.000000E+00 |  0.0016864468 |             f
    36 |     1440 |     17 |  0.000000E+00 |  0.000000E+00 |  0.0192731715 |             f
    37 |     1480 |     17 |  0.000000E+00 |  0.000000E+00 |  9.792385E-06 |             f
    38 |     1520 |     18 |  0.000000E+00 |  0.000000E+00 |  0.0021511727 |             f
    39 |     1560 |     13 |  0.000000E+00 |  0.000000E+00 |  0.0051632663 |             f
    40 |     1600 |     14 |  0.000000E+00 |  0.000000E+00 |  0.0000132737 |             f
    41 |     1640 |     13 |  0.000000E+00 |  0.000000E+00 |  0.0029168092 |         nadir
    42 |     1680 |     15 |  0.000000E+00 |  0.000000E+00 |  0.0074074074 |         ideal
    43 |     1720 |     18 |  0.000000E+00 |  0.000000E+00 |  0.0005967431 |             f
    44 |     1760 |     15 |  0.000000E+00 |  0.000000E+00 |  0.0060224571 |         nadir
    45 |     1800 |     16 |  0.000000E+00 |  0.000000E+00 |  0.0045763410 |             f
    46 |     1840 |     16 |  0.000000E+00 |  0.000000E+00 |  0.0065229218 |             f
    47 |     1880 |     19 |  0.000000E+00 |  0.000000E+00 |  0.0034179345 |             f
    48 |     1920 |     19 |  0.000000E+00 |  0.000000E+00 |  0.0112577252 |             f
    49 |     1960 |     17 |  0.000000E+00 |  0.000000E+00 |  0.0010432637 |             f
    50 |     2000 |     15 |  0.000000E+00 |  0.000000E+00 |  0.0110680992 |             f
    51 |     2040 |     17 |  0.000000E+00 |  0.000000E+00 |  0.0026630826 |             f
    52 |     2080 |     16 |  0.000000E+00 |  0.000000E+00 |  0.0173825644 |         ideal
    53 |     2120 |     16 |  0.000000E+00 |  0.000000E+00 |  0.0032229383 |             f
    54 |     2160 |     17 |  0.000000E+00 |  0.000000E+00 |  0.0184081726 |             f
    55 |     2200 |     19 |  0.000000E+00 |  0.000000E+00 |  0.0159627047 |             f
    56 |     2240 |     18 |  0.000000E+00 |  0.000000E+00 |  0.0012600515 |             f
    57 |     2280 |     17 |  0.000000E+00 |  0.000000E+00 |  0.0023513484 |             f
    58 |     2320 |     17 |  0.000000E+00 |  0.000000E+00 |  0.0025011473 |             f
    59 |     2360 |     16 |  0.000000E+00 |  0.000000E+00 |  0.0007324845 |             f
    60 |     2400 |     20 |  0.000000E+00 |  0.000000E+00 |  0.0020288480 |             f
    61 |     2440 |     20 |  0.000000E+00 |  0.000000E+00 |  0.0032532558 |         nadir
    62 |     2480 |     20 |  0.000000E+00 |  0.000000E+00 |  0.0002102381 |             f
    63 |     2520 |     19 |  0.000000E+00 |  0.000000E+00 |  0.0007981187 |             f
    64 |     2560 |     19 |  0.000000E+00 |  0.000000E+00 |  0.0054370228 |         nadir
    65 |     2600 |     20 |  0.000000E+00 |  0.000000E+00 |  0.000000E+00 |             f
    66 |     2640 |     21 |  0.000000E+00 |  0.000000E+00 |  0.0023696995 |             f
    67 |     2680 |     25 |  0.000000E+00 |  0.000000E+00 |  0.0039810951 |             f
    68 |     2720 |     24 |  0.000000E+00 |  0.000000E+00 |  0.0000117611 |             f
    69 |     2760 |     22 |  0.000000E+00 |  0.000000E+00 |  0.0053901743 |             f
    70 |     2800 |     21 |  0.000000E+00 |  0.000000E+00 |  0.0138044600 |         ideal
    71 |     2840 |     19 |  0.000000E+00 |  0.000000E+00 |  0.0014302994 |             f
    72 |     2880 |     18 |  0.000000E+00 |  0.000000E+00 |  0.0097358759 |         ideal
    73 |     2920 |     19 |  0.000000E+00 |  0.000000E+00 |  0.0022672510 |             f
    74 |     2960 |     21 |  0.000000E+00 |  0.000000E+00 |  0.0161722238 |         nadir
    75 |     3000 |     23 |  0.000000E+00 |  0.000000E+00 |  0.0297563781 |         ideal
    76 |     3040 |     21 |  0.000000E+00 |  0.000000E+00 |  0.0027880420 |             f
    77 |     3080 |     21 |  0.000000E+00 |  0.000000E+00 |  0.0000200221 |             f
    78 |     3120 |     20 |  0.000000E+00 |  0.000000E+00 |  0.0000643438 |             f
    79 |     3160 |     20 |  0.000000E+00 |  0.000000E+00 |  0.0005162409 |             f
    80 |     3200 |     22 |  0.000000E+00 |  0.000000E+00 |  0.0004693099 |             f
    81 |     3240 |     26 |  0.000000E+00 |  0.000000E+00 |  0.0038493001 |             f
    82 |     3280 |     24 |  0.000000E+00 |  0.000000E+00 |  0.0062424959 |         nadir
    83 |     3320 |     25 |  0.000000E+00 |  0.000000E+00 |  0.0000475285 |             f
    84 |     3360 |     24 |  0.000000E+00 |  0.000000E+00 |  0.0021276998 |             f
    85 |     3400 |     25 |  0.000000E+00 |  0.000000E+00 |  0.0027910486 |             f
    86 |     3440 |     26 |  0.000000E+00 |  0.000000E+00 |  0.0006326290 |             f
    87 |     3480 |     24 |  0.000000E+00 |  0.000000E+00 |  0.0026092569 |             f
    88 |     3520 |     22 |  0.000000E+00 |  0.000000E+00 |  5.311761E-06 |             f
    89 |     3560 |     20 |  0.000000E+00 |  0.000000E+00 |  0.0100472063 |         nadir
    90 |     3600 |     21 |  0.000000E+00 |  0.000000E+00 |  0.0005252544 |             f
    91 |     3640 |     22 |  0.000000E+00 |  0.000000E+00 |  0.0011252433 |             f
    92 |     3680 |     22 |  0.000000E+00 |  0.000000E+00 |  0.0011252433 |             f
    93 |     3720 |     22 |  0.000000E+00 |  0.000000E+00 |  0.0036668001 |             f
    94 |     3760 |     22 |  0.000000E+00 |  0.000000E+00 |  0.0002612151 |             f
    95 |     3800 |     20 |  0.000000E+00 |  0.000000E+00 |  0.0071725277 |         nadir
    96 |     3840 |     19 |  0.000000E+00 |  0.000000E+00 |  0.0016778797 |             f
    97 |     3880 |     18 |  0.000000E+00 |  0.000000E+00 |  0.0025190636 |         nadir
    98 |     3920 |     15 |  0.000000E+00 |  0.000000E+00 |  0.0003986110 |             f
    99 |     3960 |     16 |  0.000000E+00 |  0.000000E+00 |  0.0025865111 |             f
   100 |     4000 |     18 |  0.000000E+00 |  0.000000E+00 |  0.0038674933 |             f
mean B0=59.2573 homogen=2094.9432
mean B0=76.37 homogen=1055.5355
mean B0=54.2519 homogen=832.8826
mean B0=68.9406 homogen=856.5728
mean B0=56.9005 homogen=951.3856
mean B0=50.8467 homogen=1900.9172
mean B0=53.0556 homogen=2038.8371
mean B0=76.4952 homogen=878.2024
mean B0=59.4706 homogen=772.0927
mean B0=60.7938 homogen=1975.3101
mean B0=59.8599 homogen=829.4431
mean B0=50.2426 homogen=8237.2164
mean B0=71.1752 homogen=1066.1977
mean B0=63.0048 homogen=1301.5263
mean B0=50.4605 homogen=4490.4114
mean B0=50.7971 homogen=4942.083
mean B0=55.5258 homogen=848.5873
mean B0=59.1974 homogen=740.7293
   101 |     4040 |     17 |  0.000000E+00 |  0.000000E+00 |  0.0006672157 |             f
   102 |     4080 |     18 |  0.000000E+00 |  0.000000E+00 |  0.0044413999 |             f
   103 |     4120 |     18 |  0.000000E+00 |  0.000000E+00 |  0.0029682175 |             f
   104 |     4160 |     19 |  0.000000E+00 |  0.000000E+00 |  2.359188E-06 |             f
   105 |     4200 |     18 |  0.000000E+00 |  0.000000E+00 |  0.0174851397 |         nadir
   106 |     4240 |     20 |  0.000000E+00 |  0.000000E+00 |  3.485326E-07 |             f
   107 |     4280 |     21 |  0.000000E+00 |  0.000000E+00 |  0.0000108766 |             f
   108 |     4320 |     20 |  0.000000E+00 |  0.000000E+00 |  0.0000748054 |             f
   109 |     4360 |     21 |  0.000000E+00 |  0.000000E+00 |  0.0000712433 |             f
   110 |     4400 |     20 |  0.000000E+00 |  0.000000E+00 |  0.0025532049 |         nadir
   111 |     4440 |     23 |  0.000000E+00 |  0.000000E+00 |  0.000000E+00 |             f
   112 |     4480 |     27 |  0.000000E+00 |  0.000000E+00 |  0.0000681800 |             f
   113 |     4520 |     31 |  0.000000E+00 |  0.000000E+00 |  0.0031597630 |         nadir
   114 |     4560 |     34 |  0.000000E+00 |  0.000000E+00 |  0.0006993949 |             f
   115 |     4600 |     37 |  0.000000E+00 |  0.000000E+00 |  0.0006667668 |             f
   116 |     4640 |     40 |  0.000000E+00 |  0.000000E+00 |  0.0011099427 |             f
   117 |     4680 |     18 |  0.000000E+00 |  0.000000E+00 |  0.0025268934 |             f
   118 |     4720 |     17 |  0.000000E+00 |  0.000000E+00 |  0.0003394231 |             f
   119 |     4760 |     17 |  0.000000E+00 |  0.000000E+00 |  0.0003394231 |             f
   120 |     4800 |     17 |  0.000000E+00 |  0.000000E+00 |  0.0003394231 |             f
   121 |     4840 |     15 |  0.000000E+00 |  0.000000E+00 |  0.0025782819 |             f
   122 |     4880 |     14 |  0.000000E+00 |  0.000000E+00 |  0.0008387399 |             f
   123 |     4920 |     15 |  0.000000E+00 |  0.000000E+00 |  0.0011431481 |             f
   124 |     4960 |     15 |  0.000000E+00 |  0.000000E+00 |  0.0016207330 |             f
   125 |     5000 |     15 |  0.000000E+00 |  0.000000E+00 |  0.0016207330 |             f
   126 |     5040 |     16 |  0.000000E+00 |  0.000000E+00 |  0.0058565118 |             f
   127 |     5080 |     17 |  0.000000E+00 |  0.000000E+00 |  0.0000569990 |             f
   128 |     5120 |     15 |  0.000000E+00 |  0.000000E+00 |  0.0029198762 |         ideal
   129 |     5160 |     15 |  0.000000E+00 |  0.000000E+00 |  0.000000E+00 |             f
   130 |     5200 |     16 |  0.000000E+00 |  0.000000E+00 |  0.0041573058 |             f
   131 |     5240 |     16 |  0.000000E+00 |  0.000000E+00 |  0.000000E+00 |             f
   132 |     5280 |     17 |  0.000000E+00 |  0.000000E+00 |  0.0004377043 |             f
   133 |     5320 |     17 |  0.000000E+00 |  0.000000E+00 |  0.0037002739 |         nadir
   134 |     5360 |     17 |  0.000000E+00 |  0.000000E+00 |  0.000000E+00 |             f
   135 |     5400 |     18 |  0.000000E+00 |  0.000000E+00 |  0.0000581957 |             f
   136 |     5440 |     17 |  0.000000E+00 |  0.000000E+00 |  0.0000958994 |             f
   137 |     5480 |     16 |  0.000000E+00 |  0.000000E+00 |  0.0001657691 |             f
   138 |     5520 |     21 |  0.000000E+00 |  0.000000E+00 |  0.0001558523 |             f
   139 |     5560 |     23 |  0.000000E+00 |  0.000000E+00 |  0.0001464246 |             f
   140 |     5600 |     24 |  0.000000E+00 |  0.000000E+00 |  0.0036032779 |         nadir
   141 |     5640 |     26 |  0.000000E+00 |  0.000000E+00 |  6.070526E-07 |             f
   142 |     5680 |     26 |  0.000000E+00 |  0.000000E+00 |  0.0004801574 |             f
   143 |     5720 |     28 |  0.000000E+00 |  0.000000E+00 |  0.0007386807 |             f
   144 |     5760 |     34 |  0.000000E+00 |  0.000000E+00 |  0.0006083253 |             f
   145 |     5800 |     40 |  0.000000E+00 |  0.000000E+00 |  0.0007505762 |             f
   146 |     5840 |     40 |  0.000000E+00 |  0.000000E+00 |  0.0007688776 |             f
   147 |     5880 |     40 |  0.000000E+00 |  0.000000E+00 |  0.0009824082 |             f
   148 |     5920 |     40 |  0.000000E+00 |  0.000000E+00 |  0.0009779617 |             f
   149 |     5960 |     40 |  0.000000E+00 |  0.000000E+00 |  0.0011935339 |             f
   150 |     6000 |     40 |  0.000000E+00 |  0.000000E+00 |  0.0012096589 |             f
   151 |     6040 |     40 |  0.000000E+00 |  0.000000E+00 |  0.0007926540 |             f
   152 |     6080 |     40 |  0.000000E+00 |  0.000000E+00 |  0.0007926540 |             f
   153 |     6120 |     40 |  0.000000E+00 |  0.000000E+00 |  0.0007926540 |             f
   154 |     6160 |     40 |  0.000000E+00 |  0.000000E+00 |  0.0007926540 |             f
   155 |     6200 |     40 |  0.000000E+00 |  0.000000E+00 |  0.0011838377 |             f
   156 |     6240 |     40 |  0.000000E+00 |  0.000000E+00 |  0.0018274110 |             f
   157 |     6280 |     40 |  0.000000E+00 |  0.000000E+00 |  0.0024425416 |             f
   158 |     6320 |     40 |  0.000000E+00 |  0.000000E+00 |  0.0025713746 |             f
   159 |     6360 |     40 |  0.000000E+00 |  0.000000E+00 |  0.000000E+00 |             f
   160 |     6400 |     40 |  0.000000E+00 |  0.000000E+00 |  0.0000138396 |             f
   161 |     6440 |     40 |  0.000000E+00 |  0.000000E+00 |  0.0000138396 |             f
   162 |     6480 |     40 |  0.000000E+00 |  0.000000E+00 |  0.0000145193 |             f
   163 |     6520 |     40 |  0.000000E+00 |  0.000000E+00 |  0.0000283589 |             f
   164 |     6560 |     40 |  0.000000E+00 |  0.000000E+00 |  0.0001851637 |             f
   165 |     6600 |     40 |  0.000000E+00 |  0.000000E+00 |  0.0001851637 |             f
   166 |     6640 |     40 |  0.000000E+00 |  0.000000E+00 |  0.0003295484 |             f
   167 |     6680 |     40 |  0.000000E+00 |  0.000000E+00 |  0.0003295484 |             f
   168 |     6720 |     40 |  0.000000E+00 |  0.000000E+00 |  0.0003872799 |             f
   169 |     6760 |     40 |  0.000000E+00 |  0.000000E+00 |  0.0003872799 |             f
   170 |     6800 |     40 |  0.000000E+00 |  0.000000E+00 |  0.0003872799 |             f
   171 |     6840 |     40 |  0.000000E+00 |  0.000000E+00 |  0.0003877680 |             f
   172 |     6880 |     40 |  0.000000E+00 |  0.000000E+00 |  0.0004182403 |             f
   173 |     6920 |     40 |  0.000000E+00 |  0.000000E+00 |  0.0004182403 |             f
   174 |     6960 |     40 |  0.000000E+00 |  0.000000E+00 |  0.0005133455 |             f
   175 |     7000 |     40 |  0.000000E+00 |  0.000000E+00 |  0.0109761478 |         nadir
   176 |     7040 |     40 |  0.000000E+00 |  0.000000E+00 |  0.0001641848 |             f
   177 |     7080 |     40 |  0.000000E+00 |  0.000000E+00 |  0.0001705221 |             f
   178 |     7120 |     40 |  0.000000E+00 |  0.000000E+00 |  0.0002064355 |             f
   179 |     7160 |     40 |  0.000000E+00 |  0.000000E+00 |  0.0003347068 |             f
   180 |     7200 |     40 |  0.000000E+00 |  0.000000E+00 |  0.0003354036 |             f
   181 |     7240 |     40 |  0.000000E+00 |  0.000000E+00 |  0.0008655638 |             f
   182 |     7280 |     40 |  0.000000E+00 |  0.000000E+00 |  0.0008655638 |             f
   183 |     7320 |     40 |  0.000000E+00 |  0.000000E+00 |  0.0014223176 |             f
   184 |     7360 |     40 |  0.000000E+00 |  0.000000E+00 |  0.0014311969 |             f
   185 |     7400 |     26 |  0.000000E+00 |  0.000000E+00 |  0.0030204725 |             f
   186 |     7440 |     25 |  0.000000E+00 |  0.000000E+00 |  5.992017E-06 |             f
   187 |     7480 |     26 |  0.000000E+00 |  0.000000E+00 |  5.761555E-06 |             f
   188 |     7520 |     27 |  0.000000E+00 |  0.000000E+00 |  5.548164E-06 |             f
   189 |     7560 |     28 |  0.000000E+00 |  0.000000E+00 |  0.0014282335 |             f
   190 |     7600 |     33 |  0.000000E+00 |  0.000000E+00 |  0.0012118344 |             f
   191 |     7640 |     35 |  0.000000E+00 |  0.000000E+00 |  0.0068965517 |         ideal
   192 |     7680 |     39 |  0.000000E+00 |  0.000000E+00 |  0.0000309613 |             f
   193 |     7720 |     40 |  0.000000E+00 |  0.000000E+00 |  0.0000910633 |             f
   194 |     7760 |     33 |  0.000000E+00 |  0.000000E+00 |  0.0001256155 |             f
   195 |     7800 |     38 |  0.000000E+00 |  0.000000E+00 |  0.0001157482 |             f
   196 |     7840 |     40 |  0.000000E+00 |  0.000000E+00 |  0.0001162887 |             f
   197 |     7880 |     40 |  0.000000E+00 |  0.000000E+00 |  0.0001162887 |             f
   198 |     7920 |     27 |  0.000000E+00 |  0.000000E+00 |  0.0002326291 |             f
   199 |     7960 |     26 |  0.000000E+00 |  0.000000E+00 |  0.0002535832 |             f
   200 |     8000 |     31 |  0.000000E+00 |  0.000000E+00 |  0.0002451950 |             f
mean B0=76.1143 homogen=1035.0682
mean B0=68.4819 homogen=888.1249
mean B0=76.4941 homogen=876.9276
mean B0=53.0451 homogen=2016.0247
mean B0=60.4363 homogen=2103.4542
mean B0=65.9478 homogen=1245.3657
mean B0=50.642 homogen=1602.8956
mean B0=54.7078 homogen=578.0289
mean B0=76.4941 homogen=876.9276
mean B0=62.005 homogen=1351.7434
mean B0=59.7466 homogen=745.6048
mean B0=62.5809 homogen=1448.9996
mean B0=65.2967 homogen=1313.8215
mean B0=59.9283 homogen=702.4258
mean B0=50.642 homogen=1602.8956
mean B0=61.8366 homogen=738.7344
mean B0=50.642 homogen=1602.8956
mean B0=50.642 homogen=1602.8956
mean B0=76.4941 homogen=876.9276
mean B0=50.642 homogen=1602.8956
mean B0=50.642 homogen=1602.8956
mean B0=50.642 homogen=1602.8956
mean B0=50.0965 homogen=3227.8119
mean B0=50.185 homogen=7694.5785
mean B0=50.0021 homogen=14822.0048
mean B0=55.3091 homogen=826.571
mean B0=55.3091 homogen=826.571
mean B0=50.642 homogen=1602.8956
mean B0=50.642 homogen=1602.8956
mean B0=50.642 homogen=1602.8956
mean B0=50.0021 homogen=14822.0048
   201 |     8040 |     37 |  0.000000E+00 |  0.000000E+00 |  0.0002608679 |             f
   202 |     8080 |     40 |  0.000000E+00 |  0.000000E+00 |  0.0002901312 |             f
   203 |     8120 |     40 |  0.000000E+00 |  0.000000E+00 |  0.0004127102 |             f
   204 |     8160 |     40 |  0.000000E+00 |  0.000000E+00 |  0.0004037765 |             f
   205 |     8200 |     40 |  0.000000E+00 |  0.000000E+00 |  0.0003948428 |             f
   206 |     8240 |     24 |  0.000000E+00 |  0.000000E+00 |  0.0008263878 |             f
   207 |     8280 |     30 |  0.000000E+00 |  0.000000E+00 |  0.0009739602 |             f
   208 |     8320 |     29 |  0.000000E+00 |  0.000000E+00 |  0.0010128892 |             f
   209 |     8360 |     28 |  0.000000E+00 |  0.000000E+00 |  0.0005421321 |             f
   210 |     8400 |     24 |  0.000000E+00 |  0.000000E+00 |  0.1671324264 |         nadir
   211 |     8440 |     23 |  0.000000E+00 |  0.000000E+00 |  0.0003010092 |             f
   212 |     8480 |     23 |  0.000000E+00 |  0.000000E+00 |  0.0003992136 |             f
   213 |     8520 |     27 |  0.000000E+00 |  0.000000E+00 |  0.0011693744 |             f
   214 |     8560 |     30 |  0.000000E+00 |  0.000000E+00 |  0.0010524403 |             f
   215 |     8600 |     34 |  0.000000E+00 |  0.000000E+00 |  0.0010890607 |             f
   216 |     8640 |     39 |  0.000000E+00 |  0.000000E+00 |  0.0011512669 |             f
   217 |     8680 |     31 |  0.000000E+00 |  0.000000E+00 |  0.0014633382 |             f
   218 |     8720 |     35 |  0.000000E+00 |  0.000000E+00 |  0.0024088547 |             f
   219 |     8760 |     40 |  0.000000E+00 |  0.000000E+00 |  0.0022606859 |             f
   220 |     8800 |     40 |  0.000000E+00 |  0.000000E+00 |  0.0019614549 |             f
   221 |     8840 |     25 |  0.000000E+00 |  0.000000E+00 |  0.0053207705 |             f
   222 |     8880 |     25 |  0.000000E+00 |  0.000000E+00 |  2.420595E-07 |             f
   223 |     8920 |     23 |  0.000000E+00 |  0.000000E+00 |  0.0000498320 |             f
   224 |     8960 |     24 |  0.000000E+00 |  0.000000E+00 |  0.0000477556 |             f
   225 |     9000 |     26 |  0.000000E+00 |  0.000000E+00 |  0.0009426561 |             f
   226 |     9040 |     23 |  0.000000E+00 |  0.000000E+00 |  0.0010552548 |             f
   227 |     9080 |     22 |  0.000000E+00 |  0.000000E+00 |  0.0012357750 |             f
   228 |     9120 |     24 |  0.000000E+00 |  0.000000E+00 |  0.0018435469 |             f
   229 |     9160 |     24 |  0.000000E+00 |  0.000000E+00 |  0.0018538580 |             f
   230 |     9200 |     26 |  0.000000E+00 |  0.000000E+00 |  0.0031366838 |             f
   231 |     9240 |     26 |  0.000000E+00 |  0.000000E+00 |  0.0006250962 |             f
   232 |     9280 |     27 |  0.000000E+00 |  0.000000E+00 |  0.0006966588 |             f
   233 |     9320 |     27 |  0.000000E+00 |  0.000000E+00 |  0.0006966588 |             f
   234 |     9360 |     27 |  0.000000E+00 |  0.000000E+00 |  0.0006966588 |             f
   235 |     9400 |     29 |  0.000000E+00 |  0.000000E+00 |  0.0006486133 |             f
   236 |     9440 |     27 |  0.000000E+00 |  0.000000E+00 |  0.0011133556 |             f
   237 |     9480 |     27 |  0.000000E+00 |  0.000000E+00 |  0.0014355982 |             f
   238 |     9520 |     27 |  0.000000E+00 |  0.000000E+00 |  0.0014388887 |             f
   239 |     9560 |     27 |  0.000000E+00 |  0.000000E+00 |  0.0014400410 |             f
   240 |     9600 |     27 |  0.000000E+00 |  0.000000E+00 |  0.0014410422 |             f
   241 |     9640 |     24 |  0.000000E+00 |  0.000000E+00 |  0.0016574721 |             f
   242 |     9680 |     24 |  0.000000E+00 |  0.000000E+00 |  0.0019166091 |             f
   243 |     9720 |     24 |  0.000000E+00 |  0.000000E+00 |  0.0019166426 |             f
   244 |     9760 |     25 |  0.000000E+00 |  0.000000E+00 |  0.0018979348 |             f
   245 |     9800 |     28 |  0.000000E+00 |  0.000000E+00 |  0.0017467142 |             f
   246 |     9840 |     29 |  0.000000E+00 |  0.000000E+00 |  0.0018380820 |             f
   247 |     9880 |     30 |  0.000000E+00 |  0.000000E+00 |  0.0017958503 |             f
   248 |     9920 |     27 |  0.000000E+00 |  0.000000E+00 |  0.0101019212 |         nadir
   249 |     9960 |     29 |  0.000000E+00 |  0.000000E+00 |  0.0000521052 |             f
   250 |    10000 |     31 |  0.000000E+00 |  0.000000E+00 |  0.0000489797 |             f
   251 |    10040 |     34 |  0.000000E+00 |  0.000000E+00 |  0.0000446579 |             f
   252 |    10080 |     35 |  0.000000E+00 |  0.000000E+00 |  0.0000438492 |             f
   253 |    10120 |     40 |  0.000000E+00 |  0.000000E+00 |  0.0000825044 |             f
   254 |    10160 |     40 |  0.000000E+00 |  0.000000E+00 |  0.0000825044 |             f
   255 |    10200 |     40 |  0.000000E+00 |  0.000000E+00 |  0.0017713658 |             f
   256 |    10240 |     39 |  0.000000E+00 |  0.000000E+00 |  0.0019475839 |             f
   257 |    10280 |     40 |  0.000000E+00 |  0.000000E+00 |  0.0018989910 |             f
   258 |    10320 |     40 |  0.000000E+00 |  0.000000E+00 |  0.0018989910 |             f
   259 |    10360 |     40 |  0.000000E+00 |  0.000000E+00 |  0.0018989910 |             f
   260 |    10400 |     38 |  0.000000E+00 |  0.000000E+00 |  0.0025474371 |             f
   261 |    10440 |     38 |  0.000000E+00 |  0.000000E+00 |  0.0051808421 |         nadir
   262 |    10480 |     40 |  0.000000E+00 |  0.000000E+00 |  1.497104E-06 |             f
   263 |    10520 |     40 |  0.000000E+00 |  0.000000E+00 |  0.0000167326 |             f
   264 |    10560 |     24 |  0.000000E+00 |  0.000000E+00 |  0.0000296560 |             f
   265 |    10600 |     24 |  0.000000E+00 |  0.000000E+00 |  0.0008210752 |             f
   266 |    10640 |     24 |  0.000000E+00 |  0.000000E+00 |  0.0008210752 |             f
   267 |    10680 |     25 |  0.000000E+00 |  0.000000E+00 |  0.4940390519 |         nadir
   268 |    10720 |     28 |  0.000000E+00 |  0.000000E+00 |  0.0000951679 |             f
   269 |    10760 |     28 |  0.000000E+00 |  0.000000E+00 |  0.0000951679 |             f
   270 |    10800 |     26 |  0.000000E+00 |  0.000000E+00 |  0.0001131323 |             f
   271 |    10840 |     27 |  0.000000E+00 |  0.000000E+00 |  0.0002869944 |             f
   272 |    10880 |     27 |  0.000000E+00 |  0.000000E+00 |  0.0003139270 |             f
   273 |    10920 |     24 |  0.000000E+00 |  0.000000E+00 |  0.0004254190 |             f
   274 |    10960 |     26 |  0.000000E+00 |  0.000000E+00 |  0.0003926944 |             f
   275 |    11000 |     28 |  0.000000E+00 |  0.000000E+00 |  0.0004368961 |             f
   276 |    11040 |     29 |  0.000000E+00 |  0.000000E+00 |  0.0005877188 |             f
   277 |    11080 |     29 |  0.000000E+00 |  0.000000E+00 |  0.0005877188 |             f
   278 |    11120 |     29 |  0.000000E+00 |  0.000000E+00 |  0.0005877188 |             f
   279 |    11160 |     27 |  0.000000E+00 |  0.000000E+00 |  0.0018864722 |             f
   280 |    11200 |     28 |  0.000000E+00 |  0.000000E+00 |  0.0019169051 |             f
   281 |    11240 |     24 |  0.000000E+00 |  0.000000E+00 |  0.0034922249 |             f
   282 |    11280 |     24 |  0.000000E+00 |  0.000000E+00 |  0.000000E+00 |             f
   283 |    11320 |     23 |  0.000000E+00 |  0.000000E+00 |  0.0048702980 |         nadir
   284 |    11360 |     24 |  0.000000E+00 |  0.000000E+00 |  0.0011531407 |             f
   285 |    11400 |     23 |  0.000000E+00 |  0.000000E+00 |  0.0047138875 |         nadir
   286 |    11440 |     23 |  0.000000E+00 |  0.000000E+00 |  0.0254914375 |         nadir
   287 |    11480 |     26 |  0.000000E+00 |  0.000000E+00 |  0.000000E+00 |             f
   288 |    11520 |     28 |  0.000000E+00 |  0.000000E+00 |  0.0000204618 |             f
   289 |    11560 |     28 |  0.000000E+00 |  0.000000E+00 |  0.0000209575 |             f
   290 |    11600 |     30 |  0.000000E+00 |  0.000000E+00 |  0.0004971333 |             f
   291 |    11640 |     40 |  0.000000E+00 |  0.000000E+00 |  0.0034022367 |         nadir
   292 |    11680 |     40 |  0.000000E+00 |  0.000000E+00 |  0.0001731237 |             f
   293 |    11720 |     40 |  0.000000E+00 |  0.000000E+00 |  0.0001731237 |             f
   294 |    11760 |     40 |  0.000000E+00 |  0.000000E+00 |  0.0001731237 |             f
   295 |    11800 |     40 |  0.000000E+00 |  0.000000E+00 |  0.0001731237 |             f
   296 |    11840 |     31 |  0.000000E+00 |  0.000000E+00 |  0.0002276412 |             f
   297 |    11880 |     29 |  0.000000E+00 |  0.000000E+00 |  0.0002644150 |             f
   298 |    11920 |     32 |  0.000000E+00 |  0.000000E+00 |  0.0002491451 |             f
   299 |    11960 |     32 |  0.000000E+00 |  0.000000E+00 |  0.0002491451 |             f
   300 |    12000 |     34 |  0.000000E+00 |  0.000000E+00 |  0.0002434485 |             f
mean B0=75.972 homogen=908.4914
mean B0=50.1941 homogen=8125.7402
mean B0=51.0779 homogen=5230.8124
mean B0=76.6891 homogen=987.9978
mean B0=68.5312 homogen=869.8542
mean B0=65.9444 homogen=1236.6205
mean B0=55.3615 homogen=1011.4598
mean B0=64.0676 homogen=898.5094
mean B0=60.4507 homogen=2135.0879
mean B0=68.5312 homogen=869.8542
mean B0=59.9284 homogen=700.9943
mean B0=52.0787 homogen=758.011
mean B0=60.6931 homogen=780.7869
mean B0=62.567 homogen=1468.4503
mean B0=50.642 homogen=1602.733
mean B0=59.923 homogen=1311.7887
mean B0=53.0457 homogen=2004.7342
mean B0=53.0457 homogen=2004.7342
mean B0=50.642 homogen=1602.733
mean B0=59.923 homogen=1311.7887
mean B0=62.0459 homogen=930.6069
mean B0=62.0459 homogen=930.6069
mean B0=53.0457 homogen=2004.7342
mean B0=53.0457 homogen=2004.7342
mean B0=50.642 homogen=1602.733
mean B0=51.007 homogen=2092.2512
mean B0=50.9375 homogen=583.2094
mean B0=61.2999 homogen=1439.3344
mean B0=54.7544 homogen=732.1221
mean B0=53.0457 homogen=2004.7342
mean B0=59.9284 homogen=700.9943
mean B0=53.0457 homogen=2004.7342
mean B0=64.0676 homogen=898.5094
mean B0=54.7544 homogen=732.1221
mean B0=75.972 homogen=908.4914
mean B0=50.1941 homogen=8125.7402
mean B0=51.0779 homogen=5230.8124
mean B0=76.6891 homogen=987.9978
mean B0=68.5312 homogen=869.8542
mean B0=65.9444 homogen=1236.6205
mean B0=55.3615 homogen=1011.4598
mean B0=64.0676 homogen=898.5094
mean B0=60.4507 homogen=2135.0879
mean B0=68.5312 homogen=869.8542
mean B0=59.9284 homogen=700.9943
mean B0=52.0787 homogen=758.011
mean B0=60.6931 homogen=780.7869
mean B0=62.567 homogen=1468.4503
mean B0=50.642 homogen=1602.733
mean B0=59.923 homogen=1311.7887
mean B0=53.0457 homogen=2004.7342
mean B0=53.0457 homogen=2004.7342
mean B0=50.642 homogen=1602.733
mean B0=59.923 homogen=1311.7887
mean B0=62.0459 homogen=930.6069
mean B0=62.0459 homogen=930.6069
mean B0=53.0457 homogen=2004.7342
mean B0=53.0457 homogen=2004.7342
mean B0=50.642 homogen=1602.733
mean B0=51.007 homogen=2092.2512
mean B0=50.9375 homogen=583.2094
mean B0=61.2999 homogen=1439.3344
mean B0=54.7544 homogen=732.1221
mean B0=53.0457 homogen=2004.7342
mean B0=59.9284 homogen=700.9943
mean B0=53.0457 homogen=2004.7342
mean B0=64.0676 homogen=898.5094
mean B0=54.7544 homogen=732.1221
    pareto_idx  magnets  layers  asbuilt_p90_ppm      B0_mT  length_mm
1            1       79       2     11934.642886  50.194147     57.414
2            2       80       2      9381.352747  51.077910     57.482
25          25       82       2      6511.435193  51.006957     57.816
24          24       84       2      6303.657101  50.642023     60.748
18          18       84       2      6303.657101  50.642023     60.748
14          14       84       2      6303.657101  50.642023     60.748
26          26       89       2      6117.882102  50.937495     64.456
16          16       95       2      5862.161738  53.045732     66.910
31          31       95       2      5862.161738  53.045732     66.910
29          29       95       2      5862.161738  53.045732     66.910
23          23       95       2      5862.161738  53.045732     66.910
22          22       95       2      5862.161738  53.045732     66.910
17          17       95       2      5862.161738  53.045732     66.910
11          11       98       2      5843.526524  52.078659     64.102
28          28      104       2      5700.850249  54.754410     64.244
33          33      104       2      5700.850249  54.754410     64.244
6            6      110       3      5479.360959  55.361508     64.042
8            8      122       3      5447.066449  60.450703     65.822
19          19      124       2      5293.182134  59.922997     63.018
15          15      124       2      5293.182134  59.922997     63.018
12          12      129       2      5252.273190  60.693135     64.562
27          27      132       3      5202.089154  61.299919     64.514
20          20      133       2      5189.499413  62.045927     64.092
21          21      133       2      5189.499413  62.045927     64.092
13          13      134       2      5180.135429  62.566992     64.362
32          32      138       2      4953.870127  64.067581     64.130
7            7      138       2      4953.870127  64.067581     64.130
10          10      150       3      4871.837923  59.928372    142.920
30          30      150       3      4871.837923  59.928372    142.920
5            5      151       3      4853.739944  65.944425     66.004
9            9      165       2      4323.058409  68.531223     66.380
4            4      165       2      4323.058409  68.531223     66.380
3            3      210       3      4156.420814  76.689118     65.970
0            0      224       3      4114.606678  75.971955     71.218
