/Users/nv/Documents/MRI/magnet_design/optimize_bore50mm_robust.py:54: DeprecationWarning: Importing 'StarmapParallelization' from 'pymoo.core.problem' is deprecated. Please use 'from pymoo.parallelization import StarmapParallelization' instead. This backward compatibility import will be removed in a future version.
  from pymoo.core.problem import StarmapParallelization
==========================================================================================
n_gen  |  n_eval  | n_nds  |     cv_min    |     cv_avg    |      eps      |   indicator  
==========================================================================================
     1 |       40 |      1 |  0.000000E+00 |  2.375720E+01 |             - |             -
     2 |       80 |      2 |  0.000000E+00 |  1.293702E+01 |  1.0000000000 |         ideal
     3 |      120 |      3 |  0.000000E+00 |  5.4521988914 |  0.8106211054 |         ideal
     4 |      160 |      5 |  0.000000E+00 |  0.7830679263 |  0.0363039474 |         ideal
     5 |      200 |      8 |  0.000000E+00 |  0.000000E+00 |  0.0855807307 |         ideal
     6 |      240 |      9 |  0.000000E+00 |  0.000000E+00 |  0.0638297872 |         ideal
     7 |      280 |      8 |  0.000000E+00 |  0.000000E+00 |  0.0829268293 |         ideal
     8 |      320 |      9 |  0.000000E+00 |  0.000000E+00 |  0.0221375607 |         ideal
     9 |      360 |     10 |  0.000000E+00 |  0.000000E+00 |  0.0045012391 |         ideal
    10 |      400 |      3 |  0.000000E+00 |  0.000000E+00 |  0.0026552867 |         ideal
    11 |      440 |      5 |  0.000000E+00 |  0.000000E+00 |  0.0136247552 |         nadir
    12 |      480 |      7 |  0.000000E+00 |  0.000000E+00 |  0.3767123288 |         nadir
    13 |      520 |      8 |  0.000000E+00 |  0.000000E+00 |  0.0043917192 |             f
    14 |      560 |      8 |  0.000000E+00 |  0.000000E+00 |  0.0215053763 |         ideal
    15 |      600 |     10 |  0.000000E+00 |  0.000000E+00 |  0.0978949104 |             f
    16 |      640 |     12 |  0.000000E+00 |  0.000000E+00 |  0.2314049587 |         nadir
    17 |      680 |     15 |  0.000000E+00 |  0.000000E+00 |  0.0472440945 |         ideal
    18 |      720 |     17 |  0.000000E+00 |  0.000000E+00 |  0.0080556054 |         nadir
    19 |      760 |     13 |  0.000000E+00 |  0.000000E+00 |  0.0189260612 |             f
    20 |      800 |     14 |  0.000000E+00 |  0.000000E+00 |  0.4941176471 |         nadir
    21 |      840 |     13 |  0.000000E+00 |  0.000000E+00 |  0.0147874146 |             f
    22 |      880 |     12 |  0.000000E+00 |  0.000000E+00 |  0.1709958782 |         nadir
    23 |      920 |     12 |  0.000000E+00 |  0.000000E+00 |  0.0093766346 |             f
    24 |      960 |     13 |  0.000000E+00 |  0.000000E+00 |  0.0052017916 |             f
    25 |     1000 |     11 |  0.000000E+00 |  0.000000E+00 |  0.0066210914 |             f
    26 |     1040 |     11 |  0.000000E+00 |  0.000000E+00 |  0.4720496894 |         nadir
    27 |     1080 |     12 |  0.000000E+00 |  0.000000E+00 |  0.0061728395 |         ideal
    28 |     1120 |     16 |  0.000000E+00 |  0.000000E+00 |  0.0023475241 |             f
    29 |     1160 |     17 |  0.000000E+00 |  0.000000E+00 |  0.0121951220 |         ideal
    30 |     1200 |     20 |  0.000000E+00 |  0.000000E+00 |  0.0025666502 |             f
    31 |     1240 |     17 |  0.000000E+00 |  0.000000E+00 |  0.0090261821 |             f
    32 |     1280 |     17 |  0.000000E+00 |  0.000000E+00 |  0.0000782601 |             f
    33 |     1320 |     17 |  0.000000E+00 |  0.000000E+00 |  0.1179926231 |         nadir
    34 |     1360 |     19 |  0.000000E+00 |  0.000000E+00 |  0.0034486879 |             f
    35 |     1400 |     23 |  0.000000E+00 |  0.000000E+00 |  0.0001457096 |             f
    36 |     1440 |     19 |  0.000000E+00 |  0.000000E+00 |  0.0006897647 |             f
    37 |     1480 |     20 |  0.000000E+00 |  0.000000E+00 |  0.0054621672 |             f
    38 |     1520 |     22 |  0.000000E+00 |  0.000000E+00 |  0.8636363636 |         nadir
    39 |     1560 |     22 |  0.000000E+00 |  0.000000E+00 |  0.0232558140 |         nadir
    40 |     1600 |     20 |  0.000000E+00 |  0.000000E+00 |  0.0102100123 |         nadir
    41 |     1640 |     19 |  0.000000E+00 |  0.000000E+00 |  0.0005211016 |             f
    42 |     1680 |     17 |  0.000000E+00 |  0.000000E+00 |  0.0045354303 |             f
    43 |     1720 |     19 |  0.000000E+00 |  0.000000E+00 |  0.0120083316 |         nadir
    44 |     1760 |     21 |  0.000000E+00 |  0.000000E+00 |  0.0015167321 |             f
    45 |     1800 |     21 |  0.000000E+00 |  0.000000E+00 |  0.0444444444 |         nadir
    46 |     1840 |     25 |  0.000000E+00 |  0.000000E+00 |  0.0000158493 |             f
    47 |     1880 |     21 |  0.000000E+00 |  0.000000E+00 |  0.0076239709 |             f
    48 |     1920 |     19 |  0.000000E+00 |  0.000000E+00 |  0.0001825622 |             f
    49 |     1960 |     17 |  0.000000E+00 |  0.000000E+00 |  0.0006033807 |             f
    50 |     2000 |     18 |  0.000000E+00 |  0.000000E+00 |  0.0020235919 |             f
    51 |     2040 |     17 |  0.000000E+00 |  0.000000E+00 |  0.0314715707 |         nadir
    52 |     2080 |     19 |  0.000000E+00 |  0.000000E+00 |  0.0008692340 |             f
    53 |     2120 |     19 |  0.000000E+00 |  0.000000E+00 |  0.0021635586 |             f
    54 |     2160 |     19 |  0.000000E+00 |  0.000000E+00 |  0.0096366594 |         nadir
    55 |     2200 |     19 |  0.000000E+00 |  0.000000E+00 |  0.0001915102 |             f
    56 |     2240 |     21 |  0.000000E+00 |  0.000000E+00 |  0.0217391304 |         ideal
    57 |     2280 |     21 |  0.000000E+00 |  0.000000E+00 |  0.0026147589 |             f
    58 |     2320 |     22 |  0.000000E+00 |  0.000000E+00 |  0.000000E+00 |             f
    59 |     2360 |     22 |  0.000000E+00 |  0.000000E+00 |  0.0000468495 |             f
    60 |     2400 |     21 |  0.000000E+00 |  0.000000E+00 |  0.0001823128 |             f
    61 |     2440 |     23 |  0.000000E+00 |  0.000000E+00 |  0.0006459693 |             f
    62 |     2480 |     23 |  0.000000E+00 |  0.000000E+00 |  0.0012773434 |             f
    63 |     2520 |     28 |  0.000000E+00 |  0.000000E+00 |  0.0072571731 |         nadir
    64 |     2560 |     31 |  0.000000E+00 |  0.000000E+00 |  0.000000E+00 |             f
    65 |     2600 |     34 |  0.000000E+00 |  0.000000E+00 |  0.0000426306 |             f
    66 |     2640 |     34 |  0.000000E+00 |  0.000000E+00 |  0.0029986002 |             f
    67 |     2680 |     38 |  0.000000E+00 |  0.000000E+00 |  0.0000467741 |             f
    68 |     2720 |     40 |  0.000000E+00 |  0.000000E+00 |  0.0000444354 |             f
    69 |     2760 |     40 |  0.000000E+00 |  0.000000E+00 |  0.0000518621 |             f
    70 |     2800 |     40 |  0.000000E+00 |  0.000000E+00 |  0.0006058316 |             f
    71 |     2840 |     22 |  0.000000E+00 |  0.000000E+00 |  0.0011250471 |             f
    72 |     2880 |     22 |  0.000000E+00 |  0.000000E+00 |  0.0011373633 |             f
    73 |     2920 |     24 |  0.000000E+00 |  0.000000E+00 |  0.0011257448 |             f
    74 |     2960 |     23 |  0.000000E+00 |  0.000000E+00 |  0.0023099282 |             f
    75 |     3000 |     28 |  0.000000E+00 |  0.000000E+00 |  0.0026389678 |             f
    76 |     3040 |     26 |  0.000000E+00 |  0.000000E+00 |  0.0002993167 |             f
    77 |     3080 |     32 |  0.000000E+00 |  0.000000E+00 |  0.0002819954 |             f
    78 |     3120 |     26 |  0.000000E+00 |  0.000000E+00 |  0.0009473618 |             f
    79 |     3160 |     27 |  0.000000E+00 |  0.000000E+00 |  0.0066371188 |         nadir
    80 |     3200 |     25 |  0.000000E+00 |  0.000000E+00 |  0.0211519760 |         nadir
    81 |     3240 |     28 |  0.000000E+00 |  0.000000E+00 |  0.0007664750 |             f
    82 |     3280 |     30 |  0.000000E+00 |  0.000000E+00 |  0.0011900696 |             f
    83 |     3320 |     33 |  0.000000E+00 |  0.000000E+00 |  0.0014185916 |             f
    84 |     3360 |     34 |  0.000000E+00 |  0.000000E+00 |  0.0013944315 |             f
    85 |     3400 |     37 |  0.000000E+00 |  0.000000E+00 |  0.0019940232 |             f
    86 |     3440 |     40 |  0.000000E+00 |  0.000000E+00 |  0.0023363492 |             f
    87 |     3480 |     30 |  0.000000E+00 |  0.000000E+00 |  0.0031228026 |             f
    88 |     3520 |     25 |  0.000000E+00 |  0.000000E+00 |  0.0005083250 |             f
    89 |     3560 |     27 |  0.000000E+00 |  0.000000E+00 |  0.0005388281 |             f
    90 |     3600 |     25 |  0.000000E+00 |  0.000000E+00 |  0.0006165369 |             f
    91 |     3640 |     27 |  0.000000E+00 |  0.000000E+00 |  0.0010383621 |             f
    92 |     3680 |     33 |  0.000000E+00 |  0.000000E+00 |  0.0013413670 |             f
    93 |     3720 |     36 |  0.000000E+00 |  0.000000E+00 |  0.0024622818 |             f
    94 |     3760 |     33 |  0.000000E+00 |  0.000000E+00 |  0.0053691347 |             f
    95 |     3800 |     37 |  0.000000E+00 |  0.000000E+00 |  0.0803884093 |         nadir
    96 |     3840 |     34 |  0.000000E+00 |  0.000000E+00 |  0.0012534427 |             f
    97 |     3880 |     33 |  0.000000E+00 |  0.000000E+00 |  0.0013090155 |             f
    98 |     3920 |     36 |  0.000000E+00 |  0.000000E+00 |  0.0013279909 |             f
    99 |     3960 |     34 |  0.000000E+00 |  0.000000E+00 |  0.0014136781 |             f
   100 |     4000 |     34 |  0.000000E+00 |  0.000000E+00 |  0.0014322708 |             f
mean B0=59.5787 homogen=2601.6407
mean B0=55.9644 homogen=2454.0467
mean B0=55.9644 homogen=2454.0467
mean B0=50.1654 homogen=4319.8991
mean B0=61.9407 homogen=2865.8972
mean B0=51.7911 homogen=3169.2249
mean B0=51.7911 homogen=3169.2249
mean B0=52.1397 homogen=12634.4386
mean B0=51.9395 homogen=3031.4132
mean B0=51.1516 homogen=7421.0683
mean B0=51.4169 homogen=16313.1844
mean B0=51.7911 homogen=3169.2249
mean B0=50.3887 homogen=105720.9437
mean B0=50.4844 homogen=69906.9041
mean B0=50.6127 homogen=109524.5174
mean B0=50.3045 homogen=2439.7265
mean B0=59.4832 homogen=2025.1252
mean B0=50.6127 homogen=109524.5174
mean B0=50.0227 homogen=36959.8154
mean B0=56.5134 homogen=2903.6754
mean B0=60.4397 homogen=2385.3758
mean B0=50.1837 homogen=93963.679
mean B0=51.7717 homogen=2968.039
mean B0=52.1397 homogen=12634.4386
mean B0=50.0743 homogen=39759.3552
mean B0=51.7911 homogen=3169.2249
mean B0=50.2746 homogen=102983.9406
mean B0=50.3887 homogen=105720.9437
mean B0=51.1373 homogen=2627.5984
mean B0=50.1837 homogen=93963.679
mean B0=50.0413 homogen=3550.7178
mean B0=51.7911 homogen=3169.2249
mean B0=55.9644 homogen=2454.0467
mean B0=50.1412 homogen=53420.9013
   101 |     4040 |     31 |  0.000000E+00 |  0.000000E+00 |  0.0234205806 |         nadir
   102 |     4080 |     36 |  0.000000E+00 |  0.000000E+00 |  0.0000177481 |             f
   103 |     4120 |     38 |  0.000000E+00 |  0.000000E+00 |  0.0003493836 |             f
   104 |     4160 |     39 |  0.000000E+00 |  0.000000E+00 |  0.0008879126 |             f
   105 |     4200 |     40 |  0.000000E+00 |  0.000000E+00 |  0.0008657147 |             f
   106 |     4240 |     40 |  0.000000E+00 |  0.000000E+00 |  0.0008908352 |             f
   107 |     4280 |     40 |  0.000000E+00 |  0.000000E+00 |  0.0008911928 |             f
   108 |     4320 |     40 |  0.000000E+00 |  0.000000E+00 |  0.0014275139 |             f
   109 |     4360 |     40 |  0.000000E+00 |  0.000000E+00 |  0.0014625206 |             f
   110 |     4400 |     40 |  0.000000E+00 |  0.000000E+00 |  0.0019880320 |             f
   111 |     4440 |     40 |  0.000000E+00 |  0.000000E+00 |  0.0012357733 |             f
   112 |     4480 |     37 |  0.000000E+00 |  0.000000E+00 |  0.0027755435 |             f
   113 |     4520 |     40 |  0.000000E+00 |  0.000000E+00 |  0.0000836905 |             f
   114 |     4560 |     40 |  0.000000E+00 |  0.000000E+00 |  0.0001021267 |             f
   115 |     4600 |     31 |  0.000000E+00 |  0.000000E+00 |  0.0001491876 |             f
   116 |     4640 |     32 |  0.000000E+00 |  0.000000E+00 |  0.0012907902 |             f
   117 |     4680 |     35 |  0.000000E+00 |  0.000000E+00 |  0.0021976939 |             f
   118 |     4720 |     37 |  0.000000E+00 |  0.000000E+00 |  0.0022873985 |             f
   119 |     4760 |     39 |  0.000000E+00 |  0.000000E+00 |  0.0060723098 |             f
   120 |     4800 |     40 |  0.000000E+00 |  0.000000E+00 |  4.468230E-08 |             f
   121 |     4840 |     40 |  0.000000E+00 |  0.000000E+00 |  0.0000337222 |             f
   122 |     4880 |     39 |  0.000000E+00 |  0.000000E+00 |  0.0002532611 |             f
   123 |     4920 |     39 |  0.000000E+00 |  0.000000E+00 |  0.0017072330 |             f
   124 |     4960 |     38 |  0.000000E+00 |  0.000000E+00 |  0.0017584119 |             f
   125 |     5000 |     40 |  0.000000E+00 |  0.000000E+00 |  0.0016717603 |             f
   126 |     5040 |     40 |  0.000000E+00 |  0.000000E+00 |  0.0023868126 |             f
   127 |     5080 |     40 |  0.000000E+00 |  0.000000E+00 |  0.0023880831 |             f
   128 |     5120 |     39 |  0.000000E+00 |  0.000000E+00 |  0.0017169477 |             f
   129 |     5160 |     40 |  0.000000E+00 |  0.000000E+00 |  0.0023492522 |             f
   130 |     5200 |     38 |  0.000000E+00 |  0.000000E+00 |  0.0024773062 |             f
   131 |     5240 |     40 |  0.000000E+00 |  0.000000E+00 |  0.0024247080 |             f
   132 |     5280 |     36 |  0.000000E+00 |  0.000000E+00 |  0.0027712369 |             f
   133 |     5320 |     37 |  0.000000E+00 |  0.000000E+00 |  0.0709392619 |         nadir
   134 |     5360 |     37 |  0.000000E+00 |  0.000000E+00 |  0.000000E+00 |             f
   135 |     5400 |     37 |  0.000000E+00 |  0.000000E+00 |  0.0000839624 |             f
   136 |     5440 |     37 |  0.000000E+00 |  0.000000E+00 |  0.0010154698 |             f
   137 |     5480 |     36 |  0.000000E+00 |  0.000000E+00 |  0.0025911960 |             f
   138 |     5520 |     39 |  0.000000E+00 |  0.000000E+00 |  0.0003268569 |             f
   139 |     5560 |     40 |  0.000000E+00 |  0.000000E+00 |  0.0003218876 |             f
   140 |     5600 |     40 |  0.000000E+00 |  0.000000E+00 |  0.0003219859 |             f
   141 |     5640 |     40 |  0.000000E+00 |  0.000000E+00 |  0.0021436959 |             f
   142 |     5680 |     40 |  0.000000E+00 |  0.000000E+00 |  0.0021698774 |             f
   143 |     5720 |     40 |  0.000000E+00 |  0.000000E+00 |  0.0021700517 |             f
   144 |     5760 |     40 |  0.000000E+00 |  0.000000E+00 |  0.0030058873 |             f
   145 |     5800 |     38 |  0.000000E+00 |  0.000000E+00 |  0.0000240350 |             f
   146 |     5840 |     40 |  0.000000E+00 |  0.000000E+00 |  0.0009353182 |             f
   147 |     5880 |     40 |  0.000000E+00 |  0.000000E+00 |  0.0009665223 |             f
   148 |     5920 |     34 |  0.000000E+00 |  0.000000E+00 |  0.0011466257 |             f
   149 |     5960 |     34 |  0.000000E+00 |  0.000000E+00 |  0.0011471863 |             f
   150 |     6000 |     35 |  0.000000E+00 |  0.000000E+00 |  0.0011750350 |             f
   151 |     6040 |     40 |  0.000000E+00 |  0.000000E+00 |  0.0010409195 |             f
   152 |     6080 |     40 |  0.000000E+00 |  0.000000E+00 |  0.0267535022 |         nadir
   153 |     6120 |     40 |  0.000000E+00 |  0.000000E+00 |  0.0009573308 |             f
   154 |     6160 |     40 |  0.000000E+00 |  0.000000E+00 |  0.0010017183 |             f
   155 |     6200 |     40 |  0.000000E+00 |  0.000000E+00 |  0.0016175038 |             f
   156 |     6240 |     40 |  0.000000E+00 |  0.000000E+00 |  0.0026820964 |             f
   157 |     6280 |     40 |  0.000000E+00 |  0.000000E+00 |  0.0017221995 |             f
   158 |     6320 |     40 |  0.000000E+00 |  0.000000E+00 |  0.0017933420 |             f
   159 |     6360 |     40 |  0.000000E+00 |  0.000000E+00 |  0.0017938691 |             f
   160 |     6400 |     40 |  0.000000E+00 |  0.000000E+00 |  0.0017949700 |             f
   161 |     6440 |     40 |  0.000000E+00 |  0.000000E+00 |  0.0017950566 |             f
   162 |     6480 |     40 |  0.000000E+00 |  0.000000E+00 |  0.0018070331 |             f
   163 |     6520 |     40 |  0.000000E+00 |  0.000000E+00 |  0.0018271670 |             f
   164 |     6560 |     40 |  0.000000E+00 |  0.000000E+00 |  0.0020648734 |             f
   165 |     6600 |     40 |  0.000000E+00 |  0.000000E+00 |  0.0022957635 |             f
   166 |     6640 |     40 |  0.000000E+00 |  0.000000E+00 |  0.0021098677 |             f
   167 |     6680 |     39 |  0.000000E+00 |  0.000000E+00 |  0.0021660200 |             f
   168 |     6720 |     40 |  0.000000E+00 |  0.000000E+00 |  0.0022066586 |             f
   169 |     6760 |     40 |  0.000000E+00 |  0.000000E+00 |  0.0022037813 |             f
   170 |     6800 |     40 |  0.000000E+00 |  0.000000E+00 |  0.0021958609 |             f
   171 |     6840 |     40 |  0.000000E+00 |  0.000000E+00 |  0.0035256628 |             f
   172 |     6880 |     40 |  0.000000E+00 |  0.000000E+00 |  0.0000971542 |             f
   173 |     6920 |     40 |  0.000000E+00 |  0.000000E+00 |  0.0001406463 |             f
   174 |     6960 |     39 |  0.000000E+00 |  0.000000E+00 |  0.0008464530 |             f
   175 |     7000 |     38 |  0.000000E+00 |  0.000000E+00 |  0.0008718065 |             f
   176 |     7040 |     39 |  0.000000E+00 |  0.000000E+00 |  0.0009682251 |             f
   177 |     7080 |     40 |  0.000000E+00 |  0.000000E+00 |  0.0010639156 |             f
   178 |     7120 |     40 |  0.000000E+00 |  0.000000E+00 |  0.0009438575 |             f
   179 |     7160 |     40 |  0.000000E+00 |  0.000000E+00 |  0.0009058156 |             f
   180 |     7200 |     40 |  0.000000E+00 |  0.000000E+00 |  0.0009079211 |             f
   181 |     7240 |     40 |  0.000000E+00 |  0.000000E+00 |  0.0013208195 |             f
   182 |     7280 |     40 |  0.000000E+00 |  0.000000E+00 |  0.0013594259 |             f
   183 |     7320 |     40 |  0.000000E+00 |  0.000000E+00 |  0.0017439261 |             f
   184 |     7360 |     40 |  0.000000E+00 |  0.000000E+00 |  0.0021110822 |             f
   185 |     7400 |     38 |  0.000000E+00 |  0.000000E+00 |  0.0024125394 |             f
   186 |     7440 |     38 |  0.000000E+00 |  0.000000E+00 |  0.0024125394 |             f
   187 |     7480 |     40 |  0.000000E+00 |  0.000000E+00 |  0.0031835335 |             f
   188 |     7520 |     40 |  0.000000E+00 |  0.000000E+00 |  0.0000806910 |             f
   189 |     7560 |     40 |  0.000000E+00 |  0.000000E+00 |  0.0001669983 |             f
   190 |     7600 |     39 |  0.000000E+00 |  0.000000E+00 |  0.0002161128 |             f
   191 |     7640 |     40 |  0.000000E+00 |  0.000000E+00 |  0.0002161904 |             f
   192 |     7680 |     40 |  0.000000E+00 |  0.000000E+00 |  0.0026456221 |             f
   193 |     7720 |     40 |  0.000000E+00 |  0.000000E+00 |  0.0004485569 |             f
   194 |     7760 |     40 |  0.000000E+00 |  0.000000E+00 |  0.0005503225 |             f
   195 |     7800 |     39 |  0.000000E+00 |  0.000000E+00 |  0.0008728204 |             f
   196 |     7840 |     40 |  0.000000E+00 |  0.000000E+00 |  0.0008521726 |             f
   197 |     7880 |     39 |  0.000000E+00 |  0.000000E+00 |  0.0010279221 |             f
   198 |     7920 |     40 |  0.000000E+00 |  0.000000E+00 |  0.0013758985 |             f
   199 |     7960 |     40 |  0.000000E+00 |  0.000000E+00 |  0.0022258129 |             f
   200 |     8000 |     38 |  0.000000E+00 |  0.000000E+00 |  0.0023430473 |             f
mean B0=61.9407 homogen=2865.8934
mean B0=50.4504 homogen=97702.7864
mean B0=54.2442 homogen=2298.6553
mean B0=50.1837 homogen=60049.9791
mean B0=51.7742 homogen=2990.6714
mean B0=52.1592 homogen=16483.9724
mean B0=50.0933 homogen=42888.5757
mean B0=50.6437 homogen=80310.5803
mean B0=50.4279 homogen=48816.6915
mean B0=59.665 homogen=2725.8123
mean B0=50.0955 homogen=29845.8485
mean B0=50.439 homogen=28273.1234
mean B0=56.0074 homogen=2536.181
mean B0=50.6437 homogen=80310.5803
mean B0=50.7798 homogen=8505.366
mean B0=60.5597 homogen=2643.1731
mean B0=59.829 homogen=2569.0895
mean B0=56.0074 homogen=2536.181
mean B0=50.2551 homogen=94956.8197
mean B0=50.439 homogen=28273.1234
mean B0=50.3621 homogen=6193.0964
mean B0=50.6529 homogen=6343.0116
mean B0=50.1625 homogen=4322.8949
mean B0=51.9395 homogen=3031.1322
mean B0=50.297 homogen=2712.3665
mean B0=50.4488 homogen=4831.0229
mean B0=51.7742 homogen=2990.6714
mean B0=51.1213 homogen=2662.6313
mean B0=51.8512 homogen=3309.3772
mean B0=50.3931 homogen=2625.1523
mean B0=50.2551 homogen=94956.8197
mean B0=50.0955 homogen=29845.8485
mean B0=50.297 homogen=2712.3665
mean B0=50.1625 homogen=4322.8949
mean B0=51.8512 homogen=3309.3772
mean B0=50.3931 homogen=2625.1523
mean B0=50.1625 homogen=4322.8949
mean B0=50.3373 homogen=88876.5298
   201 |     8040 |     40 |  0.000000E+00 |  0.000000E+00 |  0.0026014432 |             f
   202 |     8080 |     40 |  0.000000E+00 |  0.000000E+00 |  0.0000176563 |             f
   203 |     8120 |     40 |  0.000000E+00 |  0.000000E+00 |  0.0000201382 |             f
   204 |     8160 |     40 |  0.000000E+00 |  0.000000E+00 |  0.0077032162 |         nadir
   205 |     8200 |     38 |  0.000000E+00 |  0.000000E+00 |  0.0454545455 |         nadir
   206 |     8240 |     39 |  0.000000E+00 |  0.000000E+00 |  0.000000E+00 |             f
   207 |     8280 |     37 |  0.000000E+00 |  0.000000E+00 |  0.0009741329 |             f
   208 |     8320 |     39 |  0.000000E+00 |  0.000000E+00 |  0.0009495347 |             f
   209 |     8360 |     38 |  0.000000E+00 |  0.000000E+00 |  0.0009929075 |             f
   210 |     8400 |     40 |  0.000000E+00 |  0.000000E+00 |  0.0009595071 |             f
   211 |     8440 |     40 |  0.000000E+00 |  0.000000E+00 |  0.0222222222 |         ideal
   212 |     8480 |     40 |  0.000000E+00 |  0.000000E+00 |  0.0000653935 |             f
   213 |     8520 |     36 |  0.000000E+00 |  0.000000E+00 |  0.0001136502 |             f
   214 |     8560 |     39 |  0.000000E+00 |  0.000000E+00 |  0.0001093120 |             f
   215 |     8600 |     40 |  0.000000E+00 |  0.000000E+00 |  0.0001053710 |             f
   216 |     8640 |     40 |  0.000000E+00 |  0.000000E+00 |  0.0003692899 |             f
   217 |     8680 |     40 |  0.000000E+00 |  0.000000E+00 |  0.0003840064 |             f
   218 |     8720 |     39 |  0.000000E+00 |  0.000000E+00 |  0.0004273442 |             f
   219 |     8760 |     40 |  0.000000E+00 |  0.000000E+00 |  0.0007484447 |             f
   220 |     8800 |     40 |  0.000000E+00 |  0.000000E+00 |  0.0007547662 |             f
   221 |     8840 |     40 |  0.000000E+00 |  0.000000E+00 |  0.0007253577 |             f
   222 |     8880 |     40 |  0.000000E+00 |  0.000000E+00 |  0.0013060090 |             f
   223 |     8920 |     40 |  0.000000E+00 |  0.000000E+00 |  0.0013989783 |             f
   224 |     8960 |     40 |  0.000000E+00 |  0.000000E+00 |  0.0013995698 |             f
   225 |     9000 |     40 |  0.000000E+00 |  0.000000E+00 |  0.0013995698 |             f
   226 |     9040 |     40 |  0.000000E+00 |  0.000000E+00 |  0.0020595075 |             f
   227 |     9080 |     39 |  0.000000E+00 |  0.000000E+00 |  0.0031457564 |             f
   228 |     9120 |     40 |  0.000000E+00 |  0.000000E+00 |  0.000000E+00 |             f
   229 |     9160 |     40 |  0.000000E+00 |  0.000000E+00 |  0.0002803912 |             f
   230 |     9200 |     39 |  0.000000E+00 |  0.000000E+00 |  0.0008289162 |             f
   231 |     9240 |     40 |  0.000000E+00 |  0.000000E+00 |  0.0016013320 |             f
   232 |     9280 |     40 |  0.000000E+00 |  0.000000E+00 |  0.0012028576 |             f
   233 |     9320 |     40 |  0.000000E+00 |  0.000000E+00 |  0.0012094764 |             f
   234 |     9360 |     38 |  0.000000E+00 |  0.000000E+00 |  0.0012710848 |             f
   235 |     9400 |     40 |  0.000000E+00 |  0.000000E+00 |  0.0015075544 |             f
   236 |     9440 |     40 |  0.000000E+00 |  0.000000E+00 |  0.0015075544 |             f
   237 |     9480 |     39 |  0.000000E+00 |  0.000000E+00 |  0.0015489744 |             f
   238 |     9520 |     39 |  0.000000E+00 |  0.000000E+00 |  0.0015415374 |             f
   239 |     9560 |     40 |  0.000000E+00 |  0.000000E+00 |  0.0016052568 |             f
   240 |     9600 |     40 |  0.000000E+00 |  0.000000E+00 |  0.0015941387 |             f
   241 |     9640 |     40 |  0.000000E+00 |  0.000000E+00 |  0.0041117021 |         nadir
   242 |     9680 |     40 |  0.000000E+00 |  0.000000E+00 |  0.0004200621 |             f
   243 |     9720 |     40 |  0.000000E+00 |  0.000000E+00 |  0.0005014406 |             f
   244 |     9760 |     40 |  0.000000E+00 |  0.000000E+00 |  0.0005163345 |             f
   245 |     9800 |     40 |  0.000000E+00 |  0.000000E+00 |  0.0005198963 |             f
   246 |     9840 |     39 |  0.000000E+00 |  0.000000E+00 |  0.0021668075 |             f
   247 |     9880 |     40 |  0.000000E+00 |  0.000000E+00 |  0.0070286973 |         nadir
   248 |     9920 |     40 |  0.000000E+00 |  0.000000E+00 |  0.0000453130 |             f
   249 |     9960 |     40 |  0.000000E+00 |  0.000000E+00 |  0.0000853565 |             f
   250 |    10000 |     40 |  0.000000E+00 |  0.000000E+00 |  0.0002483609 |             f
   251 |    10040 |     40 |  0.000000E+00 |  0.000000E+00 |  0.0005668343 |             f
   252 |    10080 |     40 |  0.000000E+00 |  0.000000E+00 |  0.0006494210 |             f
   253 |    10120 |     38 |  0.000000E+00 |  0.000000E+00 |  0.0006923454 |             f
   254 |    10160 |     37 |  0.000000E+00 |  0.000000E+00 |  0.0007164145 |             f
   255 |    10200 |     39 |  0.000000E+00 |  0.000000E+00 |  0.0006882371 |             f
   256 |    10240 |     40 |  0.000000E+00 |  0.000000E+00 |  0.0006844913 |             f
   257 |    10280 |     40 |  0.000000E+00 |  0.000000E+00 |  0.0007215071 |             f
   258 |    10320 |     38 |  0.000000E+00 |  0.000000E+00 |  0.0007634903 |             f
   259 |    10360 |     38 |  0.000000E+00 |  0.000000E+00 |  0.0008098384 |             f
   260 |    10400 |     40 |  0.000000E+00 |  0.000000E+00 |  0.0007703608 |             f
   261 |    10440 |     40 |  0.000000E+00 |  0.000000E+00 |  0.0007761081 |             f
   262 |    10480 |     40 |  0.000000E+00 |  0.000000E+00 |  0.0007325725 |             f
   263 |    10520 |     40 |  0.000000E+00 |  0.000000E+00 |  0.0007432097 |             f
   264 |    10560 |     40 |  0.000000E+00 |  0.000000E+00 |  0.0007348648 |             f
   265 |    10600 |     40 |  0.000000E+00 |  0.000000E+00 |  0.0030808968 |             f
   266 |    10640 |     40 |  0.000000E+00 |  0.000000E+00 |  0.0000554151 |             f
   267 |    10680 |     40 |  0.000000E+00 |  0.000000E+00 |  0.0001393016 |             f
   268 |    10720 |     40 |  0.000000E+00 |  0.000000E+00 |  0.0001816207 |             f
   269 |    10760 |     38 |  0.000000E+00 |  0.000000E+00 |  0.0001525955 |             f
   270 |    10800 |     40 |  0.000000E+00 |  0.000000E+00 |  0.0005140429 |             f
   271 |    10840 |     40 |  0.000000E+00 |  0.000000E+00 |  0.0005244921 |             f
   272 |    10880 |     40 |  0.000000E+00 |  0.000000E+00 |  0.0005535454 |             f
   273 |    10920 |     40 |  0.000000E+00 |  0.000000E+00 |  0.0007106404 |             f
   274 |    10960 |     40 |  0.000000E+00 |  0.000000E+00 |  0.0007645884 |             f
   275 |    11000 |     38 |  0.000000E+00 |  0.000000E+00 |  0.0008722874 |             f
   276 |    11040 |     40 |  0.000000E+00 |  0.000000E+00 |  0.0009335730 |             f
   277 |    11080 |     40 |  0.000000E+00 |  0.000000E+00 |  0.0009533642 |             f
   278 |    11120 |     40 |  0.000000E+00 |  0.000000E+00 |  0.0009099493 |             f
   279 |    11160 |     40 |  0.000000E+00 |  0.000000E+00 |  0.0008938748 |             f
   280 |    11200 |     40 |  0.000000E+00 |  0.000000E+00 |  0.0010601257 |             f
   281 |    11240 |     40 |  0.000000E+00 |  0.000000E+00 |  0.0011292102 |             f
   282 |    11280 |     39 |  0.000000E+00 |  0.000000E+00 |  0.0012418369 |             f
   283 |    11320 |     39 |  0.000000E+00 |  0.000000E+00 |  0.0016882666 |             f
   284 |    11360 |     40 |  0.000000E+00 |  0.000000E+00 |  0.0016463274 |             f
   285 |    11400 |     40 |  0.000000E+00 |  0.000000E+00 |  0.0019157968 |             f
   286 |    11440 |     40 |  0.000000E+00 |  0.000000E+00 |  0.0019476632 |             f
   287 |    11480 |     38 |  0.000000E+00 |  0.000000E+00 |  0.0020529785 |             f
   288 |    11520 |     40 |  0.000000E+00 |  0.000000E+00 |  0.0020324999 |             f
   289 |    11560 |     40 |  0.000000E+00 |  0.000000E+00 |  0.0024040955 |             f
   290 |    11600 |     39 |  0.000000E+00 |  0.000000E+00 |  0.0024767022 |             f
   291 |    11640 |     36 |  0.000000E+00 |  0.000000E+00 |  0.0026719429 |             f
   292 |    11680 |     37 |  0.000000E+00 |  0.000000E+00 |  1.121679E-06 |             f
   293 |    11720 |     40 |  0.000000E+00 |  0.000000E+00 |  1.037553E-06 |             f
   294 |    11760 |     40 |  0.000000E+00 |  0.000000E+00 |  0.0000896933 |             f
   295 |    11800 |     40 |  0.000000E+00 |  0.000000E+00 |  0.0000903845 |             f
   296 |    11840 |     39 |  0.000000E+00 |  0.000000E+00 |  0.0001073764 |             f
   297 |    11880 |     39 |  0.000000E+00 |  0.000000E+00 |  0.0002711732 |             f
   298 |    11920 |     40 |  0.000000E+00 |  0.000000E+00 |  0.0002654314 |             f
   299 |    11960 |     40 |  0.000000E+00 |  0.000000E+00 |  0.0004331290 |             f
   300 |    12000 |     40 |  0.000000E+00 |  0.000000E+00 |  0.0009364015 |             f
mean B0=50.1015 homogen=119439.7003
mean B0=60.3866 homogen=2336.4721
mean B0=54.3343 homogen=2361.2079
mean B0=51.7829 homogen=3007.3827
mean B0=50.1387 homogen=93087.0543
mean B0=50.017 homogen=80844.0112
mean B0=55.9859 homogen=2661.1786
mean B0=50.1195 homogen=57971.0753
mean B0=50.0507 homogen=27363.8415
mean B0=59.5444 homogen=2442.1288
mean B0=50.005 homogen=42845.4919
mean B0=50.5455 homogen=109874.4479
mean B0=50.8885 homogen=12191.4041
mean B0=50.1709 homogen=67418.1365
mean B0=50.2051 homogen=32221.8728
mean B0=50.1033 homogen=40691.7369
mean B0=50.1709 homogen=67418.1365
mean B0=50.5455 homogen=109874.4479
mean B0=59.8517 homogen=2536.8386
mean B0=50.6999 homogen=8401.1747
mean B0=50.8885 homogen=12191.4041
mean B0=50.19 homogen=4302.9998
mean B0=51.9379 homogen=3025.1677
mean B0=50.3408 homogen=2727.911
mean B0=50.6334 homogen=6291.1559
mean B0=50.4345 homogen=4819.0646
mean B0=51.7829 homogen=3007.3827
mean B0=50.4239 homogen=2605.3161
mean B0=51.826 homogen=3332.1563
mean B0=50.3408 homogen=2727.911
mean B0=50.5043 homogen=6656.3723
mean B0=51.1213 homogen=2662.2115
mean B0=50.5043 homogen=6656.3723
mean B0=50.19 homogen=4302.9998
mean B0=51.826 homogen=3332.1563
mean B0=50.4239 homogen=2605.3161
mean B0=51.1213 homogen=2662.2115
mean B0=50.5043 homogen=6656.3723
mean B0=51.1213 homogen=2662.2115
mean B0=50.5043 homogen=6656.3723
mean B0=50.1015 homogen=119439.7003
mean B0=60.3866 homogen=2336.4721
mean B0=54.3343 homogen=2361.2079
mean B0=51.7829 homogen=3007.3827
mean B0=50.1387 homogen=93087.0543
mean B0=50.017 homogen=80844.0112
mean B0=55.9859 homogen=2661.1786
mean B0=50.1195 homogen=57971.0753
mean B0=50.0507 homogen=27363.8415
mean B0=59.5444 homogen=2442.1288
mean B0=50.005 homogen=42845.4919
mean B0=50.5455 homogen=109874.4479
mean B0=50.8885 homogen=12191.4041
mean B0=50.1709 homogen=67418.1365
mean B0=50.2051 homogen=32221.8728
mean B0=50.1033 homogen=40691.7369
mean B0=50.1709 homogen=67418.1365
mean B0=50.5455 homogen=109874.4479
mean B0=59.8517 homogen=2536.8386
mean B0=50.6999 homogen=8401.1747
mean B0=50.8885 homogen=12191.4041
mean B0=50.19 homogen=4302.9998
mean B0=51.9379 homogen=3025.1677
mean B0=50.3408 homogen=2727.911
mean B0=50.6334 homogen=6291.1559
mean B0=50.4345 homogen=4819.0646
mean B0=51.7829 homogen=3007.3827
mean B0=50.4239 homogen=2605.3161
mean B0=51.826 homogen=3332.1563
mean B0=50.3408 homogen=2727.911
mean B0=50.5043 homogen=6656.3723
mean B0=51.1213 homogen=2662.2115
mean B0=50.5043 homogen=6656.3723
mean B0=50.19 homogen=4302.9998
mean B0=51.826 homogen=3332.1563
mean B0=50.4239 homogen=2605.3161
mean B0=51.1213 homogen=2662.2115
mean B0=50.5043 homogen=6656.3723
mean B0=51.1213 homogen=2662.2115
mean B0=50.5043 homogen=6656.3723
    pareto_idx  magnets  layers  asbuilt_p90_ppm      B0_mT  length_mm
0            0       63       2    124671.869568  50.101471     50.354
17          17       64       2    114377.065202  50.545505     50.338
11          11       64       2    114377.065202  50.545505     50.338
4            4       65       2     97223.902820  50.138747     50.370
5            5       66       2     85549.522953  50.016978     50.424
16          16       68       2     71292.608572  50.170925     50.416
13          13       68       2     71292.608572  50.170925     50.416
7            7       70       2     62232.395178  50.119527     52.578
10          10       71       2     48151.205849  50.004965     52.984
15          15       72       2     45554.784846  50.103255     53.232
14          14       73       2     36796.753965  50.205057     53.864
8            8       74       2     32716.521792  50.050661     54.072
20          20       78       2     16935.480901  50.888535     53.878
12          12       78       2     16935.480901  50.888535     53.878
19          19       80       2     13835.864706  50.699882     56.194
39          39       81       2     12056.244786  50.504329     57.484
37          37       81       2     12056.244786  50.504329     57.484
32          32       81       2     12056.244786  50.504329     57.484
30          30       81       2     12056.244786  50.504329     57.484
24          24       82       2     11123.833060  50.633436     57.744
25          25       84       2     10753.421875  50.434460     60.942
33          33       85       2     10366.099440  50.189993     61.138
21          21       85       2     10366.099440  50.189993     61.138
23          23       89       2      9720.764434  50.340777     62.584
29          29       89       2      9720.764434  50.340777     62.584
36          36       91       2      9682.828659  51.121275     63.924
38          38       91       2      9682.828659  51.121275     63.924
31          31       91       2      9682.828659  51.121275     63.924
35          35       92       3      9559.476164  50.423870     62.714
27          27       92       3      9559.476164  50.423870     62.714
34          34       95       3      9141.176624  51.825998     63.758
28          28       95       3      9141.176624  51.825998     63.758
22          22       96       3      9037.666128  51.937866     63.978
26          26       99       3      8941.016294  51.782936     62.254
3            3       99       3      8941.016294  51.782936     62.254
2            2      124       3      8705.908107  54.334275     63.174
6            6      132       3      8261.983691  55.985861     64.660
9            9      145       3      8144.029122  59.544369     63.528
18          18      147       3      7797.547337  59.851650     63.508
1            1      153       3      7597.969334  60.386550     63.670
