/Users/nv/Documents/MRI/magnet_design/optimize_bore50mm_robust.py:54: DeprecationWarning: Importing 'StarmapParallelization' from 'pymoo.core.problem' is deprecated. Please use 'from pymoo.parallelization import StarmapParallelization' instead. This backward compatibility import will be removed in a future version.
  from pymoo.core.problem import StarmapParallelization
==========================================================================================
n_gen  |  n_eval  | n_nds  |     cv_min    |     cv_avg    |      eps      |   indicator  
==========================================================================================
     1 |       40 |      1 |  1.211747E+01 |  1.748676E+02 |             - |             -
     2 |       80 |      1 |  1.133243E+01 |  6.466305E+01 |             - |             -
     3 |      120 |      1 |  1.133243E+01 |  3.289492E+01 |             - |             -
     4 |      160 |      1 |  0.000000E+00 |  2.198031E+01 |             - |             -
     5 |      200 |      1 |  0.000000E+00 |  1.649325E+01 |  0.000000E+00 |             f
     6 |      240 |      3 |  0.000000E+00 |  1.139709E+01 |  0.9767128190 |         ideal
     7 |      280 |      3 |  0.000000E+00 |  8.1079137284 |  0.0319637192 |         ideal
     8 |      320 |      1 |  0.000000E+00 |  4.7459624352 |  2.367473E+04 |         ideal
     9 |      360 |      4 |  0.000000E+00 |  1.7509678168 |  0.6609620030 |         ideal
    10 |      400 |      5 |  0.000000E+00 |  0.6064624395 |  0.2880443893 |         ideal
    11 |      440 |      6 |  0.000000E+00 |  0.000000E+00 |  0.6514369201 |         ideal
    12 |      480 |      7 |  0.000000E+00 |  0.000000E+00 |  0.0505738007 |             f
    13 |      520 |      5 |  0.000000E+00 |  0.000000E+00 |  0.1518479964 |         ideal
    14 |      560 |      7 |  0.000000E+00 |  0.000000E+00 |  0.1357965325 |         ideal
    15 |      600 |      4 |  0.000000E+00 |  0.000000E+00 |  0.2240185860 |         ideal
    16 |      640 |      6 |  0.000000E+00 |  0.000000E+00 |  0.0544515939 |         ideal
    17 |      680 |      8 |  0.000000E+00 |  0.000000E+00 |  0.0520074281 |         ideal
    18 |      720 |     13 |  0.000000E+00 |  0.000000E+00 |  0.0253775798 |             f
    19 |      760 |     19 |  0.000000E+00 |  0.000000E+00 |  0.0172103747 |             f
    20 |      800 |     17 |  0.000000E+00 |  0.000000E+00 |  0.1282394498 |         ideal
    21 |      840 |     19 |  0.000000E+00 |  0.000000E+00 |  0.0193630662 |             f
    22 |      880 |     23 |  0.000000E+00 |  0.000000E+00 |  0.0105523187 |         ideal
    23 |      920 |     19 |  0.000000E+00 |  0.000000E+00 |  0.9844088754 |         nadir
    24 |      960 |     30 |  0.000000E+00 |  0.000000E+00 |  0.0149946404 |             f
    25 |     1000 |     28 |  0.000000E+00 |  0.000000E+00 |  0.0845214185 |         ideal
    26 |     1040 |     40 |  0.000000E+00 |  0.000000E+00 |  0.0700351092 |         ideal
    27 |     1080 |     38 |  0.000000E+00 |  0.000000E+00 |  0.0075623582 |             f
    28 |     1120 |     40 |  0.000000E+00 |  0.000000E+00 |  0.0059001318 |             f
    29 |     1160 |     40 |  0.000000E+00 |  0.000000E+00 |  0.0758135789 |         ideal
    30 |     1200 |     40 |  0.000000E+00 |  0.000000E+00 |  0.0788635404 |         ideal
    31 |     1240 |     39 |  0.000000E+00 |  0.000000E+00 |  0.0082938394 |             f
    32 |     1280 |     40 |  0.000000E+00 |  0.000000E+00 |  0.0066506829 |             f
    33 |     1320 |     38 |  0.000000E+00 |  0.000000E+00 |  0.0086412446 |             f
    34 |     1360 |     40 |  0.000000E+00 |  0.000000E+00 |  0.0096808495 |             f
    35 |     1400 |     29 |  0.000000E+00 |  0.000000E+00 |  0.0119377448 |             f
    36 |     1440 |     29 |  0.000000E+00 |  0.000000E+00 |  0.0141617852 |             f
    37 |     1480 |     26 |  0.000000E+00 |  0.000000E+00 |  0.0464038653 |         ideal
    38 |     1520 |     33 |  0.000000E+00 |  0.000000E+00 |  0.0124953557 |             f
    39 |     1560 |     40 |  0.000000E+00 |  0.000000E+00 |  0.0076199521 |             f
    40 |     1600 |     39 |  0.000000E+00 |  0.000000E+00 |  0.0347848582 |         nadir
    41 |     1640 |     40 |  0.000000E+00 |  0.000000E+00 |  0.0125671370 |         ideal
    42 |     1680 |     32 |  0.000000E+00 |  0.000000E+00 |  0.0127827370 |             f
    43 |     1720 |     40 |  0.000000E+00 |  0.000000E+00 |  0.0063058434 |             f
    44 |     1760 |     40 |  0.000000E+00 |  0.000000E+00 |  0.0255910231 |         ideal
    45 |     1800 |     40 |  0.000000E+00 |  0.000000E+00 |  0.0202114307 |         ideal
    46 |     1840 |     40 |  0.000000E+00 |  0.000000E+00 |  0.0044423322 |             f
    47 |     1880 |     40 |  0.000000E+00 |  0.000000E+00 |  0.0667216586 |         ideal
    48 |     1920 |     40 |  0.000000E+00 |  0.000000E+00 |  0.0038558204 |             f
    49 |     1960 |     40 |  0.000000E+00 |  0.000000E+00 |  0.0060613750 |             f
    50 |     2000 |     40 |  0.000000E+00 |  0.000000E+00 |  0.0054351385 |             f
    51 |     2040 |     40 |  0.000000E+00 |  0.000000E+00 |  0.0080044540 |             f
    52 |     2080 |     40 |  0.000000E+00 |  0.000000E+00 |  0.0036197331 |             f
    53 |     2120 |     40 |  0.000000E+00 |  0.000000E+00 |  0.0042351463 |             f
    54 |     2160 |     40 |  0.000000E+00 |  0.000000E+00 |  0.0042317350 |             f
    55 |     2200 |     40 |  0.000000E+00 |  0.000000E+00 |  0.0056590911 |             f
    56 |     2240 |     40 |  0.000000E+00 |  0.000000E+00 |  0.0038741684 |             f
    57 |     2280 |     40 |  0.000000E+00 |  0.000000E+00 |  0.0079336746 |             f
    58 |     2320 |     40 |  0.000000E+00 |  0.000000E+00 |  0.0044372599 |             f
    59 |     2360 |     40 |  0.000000E+00 |  0.000000E+00 |  0.0059626771 |             f
    60 |     2400 |     40 |  0.000000E+00 |  0.000000E+00 |  0.0034443753 |             f
    61 |     2440 |     39 |  0.000000E+00 |  0.000000E+00 |  0.0269421595 |         ideal
    62 |     2480 |     40 |  0.000000E+00 |  0.000000E+00 |  0.0507004016 |         ideal
    63 |     2520 |     40 |  0.000000E+00 |  0.000000E+00 |  0.0075726811 |             f
    64 |     2560 |     40 |  0.000000E+00 |  0.000000E+00 |  0.0050063961 |             f
    65 |     2600 |     40 |  0.000000E+00 |  0.000000E+00 |  0.0037600262 |             f
    66 |     2640 |     40 |  0.000000E+00 |  0.000000E+00 |  0.0053130007 |             f
    67 |     2680 |     40 |  0.000000E+00 |  0.000000E+00 |  0.0841074414 |         nadir
    68 |     2720 |     40 |  0.000000E+00 |  0.000000E+00 |  0.0102567231 |         ideal
    69 |     2760 |     40 |  0.000000E+00 |  0.000000E+00 |  0.0039090893 |             f
    70 |     2800 |     40 |  0.000000E+00 |  0.000000E+00 |  0.0048115540 |             f
    71 |     2840 |     40 |  0.000000E+00 |  0.000000E+00 |  0.0031715832 |             f
    72 |     2880 |     40 |  0.000000E+00 |  0.000000E+00 |  0.0058166566 |         ideal
    73 |     2920 |     40 |  0.000000E+00 |  0.000000E+00 |  0.0042115864 |             f
    74 |     2960 |     40 |  0.000000E+00 |  0.000000E+00 |  0.0050775833 |             f
    75 |     3000 |     40 |  0.000000E+00 |  0.000000E+00 |  0.0022876156 |             f
    76 |     3040 |     40 |  0.000000E+00 |  0.000000E+00 |  0.0054625653 |             f
    77 |     3080 |     40 |  0.000000E+00 |  0.000000E+00 |  0.0369781694 |         ideal
    78 |     3120 |     40 |  0.000000E+00 |  0.000000E+00 |  0.0072776337 |             f
    79 |     3160 |     40 |  0.000000E+00 |  0.000000E+00 |  0.0054821444 |             f
    80 |     3200 |     40 |  0.000000E+00 |  0.000000E+00 |  0.0032813215 |             f
    81 |     3240 |     40 |  0.000000E+00 |  0.000000E+00 |  0.0291433718 |         ideal
    82 |     3280 |     40 |  0.000000E+00 |  0.000000E+00 |  0.0350932368 |         ideal
    83 |     3320 |     40 |  0.000000E+00 |  0.000000E+00 |  0.0065101000 |             f
    84 |     3360 |     40 |  0.000000E+00 |  0.000000E+00 |  0.0029914612 |             f
    85 |     3400 |     40 |  0.000000E+00 |  0.000000E+00 |  0.0039300909 |         ideal
    86 |     3440 |     40 |  0.000000E+00 |  0.000000E+00 |  0.0052363544 |             f
    87 |     3480 |     40 |  0.000000E+00 |  0.000000E+00 |  0.0042739945 |             f
    88 |     3520 |     40 |  0.000000E+00 |  0.000000E+00 |  0.0052834473 |         ideal
    89 |     3560 |     40 |  0.000000E+00 |  0.000000E+00 |  0.0029024690 |             f
    90 |     3600 |     40 |  0.000000E+00 |  0.000000E+00 |  0.0081524560 |         ideal
    91 |     3640 |     40 |  0.000000E+00 |  0.000000E+00 |  0.0034731330 |             f
    92 |     3680 |     40 |  0.000000E+00 |  0.000000E+00 |  0.0025895068 |         ideal
    93 |     3720 |     40 |  0.000000E+00 |  0.000000E+00 |  0.0033953094 |             f
    94 |     3760 |     40 |  0.000000E+00 |  0.000000E+00 |  0.0026758057 |             f
    95 |     3800 |     40 |  0.000000E+00 |  0.000000E+00 |  0.0139535790 |         ideal
    96 |     3840 |     40 |  0.000000E+00 |  0.000000E+00 |  0.0075165241 |         ideal
    97 |     3880 |     40 |  0.000000E+00 |  0.000000E+00 |  0.0009316970 |             f
    98 |     3920 |     40 |  0.000000E+00 |  0.000000E+00 |  0.0034277923 |         nadir
    99 |     3960 |     40 |  0.000000E+00 |  0.000000E+00 |  0.0014272572 |             f
   100 |     4000 |     40 |  0.000000E+00 |  0.000000E+00 |  0.0052239175 |             f
mean B0=75.763 homogen=2788.3626
mean B0=75.763 homogen=2788.3626
mean B0=106.1193 homogen=57240.1725
mean B0=106.1193 homogen=57240.1725
mean B0=77.4382 homogen=3045.3248
mean B0=101.2137 homogen=43221.6447
mean B0=81.2535 homogen=3040.3187
mean B0=102.979 homogen=48573.2294
mean B0=87.1799 homogen=8842.4749
mean B0=85.903 homogen=6652.3675
mean B0=91.829 homogen=19409.3264
mean B0=82.3217 homogen=3422.4402
mean B0=100.1528 homogen=39022.659
mean B0=90.376 homogen=16514.9407
mean B0=98.1165 homogen=34004.3701
mean B0=104.8834 homogen=54599.2327
mean B0=103.6216 homogen=52720.6385
mean B0=95.578 homogen=27489.8504
mean B0=84.5271 homogen=4129.3561
mean B0=93.7346 homogen=23926.4938
mean B0=100.0994 homogen=38884.8579
mean B0=94.4533 homogen=25375.5089
mean B0=85.1337 homogen=5349.1082
mean B0=101.745 homogen=45622.4519
mean B0=99.0141 homogen=36422.1129
mean B0=95.922 homogen=29832.428
mean B0=87.9623 homogen=11848.8139
mean B0=92.1014 homogen=20281.6073
mean B0=92.2989 homogen=22103.9543
mean B0=96.4765 homogen=30224.3319
mean B0=89.8168 homogen=14820.2522
mean B0=102.4211 homogen=46345.8642
mean B0=89.3675 homogen=13657.6213
mean B0=105.6917 homogen=55926.3596
mean B0=98.2703 homogen=35940.1758
mean B0=97.0711 homogen=31785.3928
mean B0=88.4165 homogen=12553.4457
mean B0=104.0876 homogen=53545.8778
mean B0=88.818 homogen=12994.7631
mean B0=93.2664 homogen=22729.6515
   101 |     4040 |     40 |  0.000000E+00 |  0.000000E+00 |  0.0508078979 |         ideal
   102 |     4080 |     40 |  0.000000E+00 |  0.000000E+00 |  0.0027547500 |             f
   103 |     4120 |     40 |  0.000000E+00 |  0.000000E+00 |  0.0040198115 |             f
   104 |     4160 |     40 |  0.000000E+00 |  0.000000E+00 |  0.0041549658 |             f
   105 |     4200 |     40 |  0.000000E+00 |  0.000000E+00 |  0.0035716423 |             f
   106 |     4240 |     40 |  0.000000E+00 |  0.000000E+00 |  0.0021003679 |             f
   107 |     4280 |     40 |  0.000000E+00 |  0.000000E+00 |  0.0032501321 |             f
   108 |     4320 |     40 |  0.000000E+00 |  0.000000E+00 |  0.0028927607 |             f
   109 |     4360 |     40 |  0.000000E+00 |  0.000000E+00 |  0.0125902978 |         ideal
   110 |     4400 |     40 |  0.000000E+00 |  0.000000E+00 |  0.0045290606 |         ideal
   111 |     4440 |     40 |  0.000000E+00 |  0.000000E+00 |  0.0067443062 |         ideal
   112 |     4480 |     40 |  0.000000E+00 |  0.000000E+00 |  0.0022877359 |             f
   113 |     4520 |     40 |  0.000000E+00 |  0.000000E+00 |  0.0050388849 |             f
   114 |     4560 |     40 |  0.000000E+00 |  0.000000E+00 |  0.0026419413 |             f
   115 |     4600 |     40 |  0.000000E+00 |  0.000000E+00 |  0.0033479713 |             f
   116 |     4640 |     40 |  0.000000E+00 |  0.000000E+00 |  0.0050010377 |             f
   117 |     4680 |     40 |  0.000000E+00 |  0.000000E+00 |  0.0028500337 |             f
   118 |     4720 |     40 |  0.000000E+00 |  0.000000E+00 |  0.0059386447 |             f
   119 |     4760 |     40 |  0.000000E+00 |  0.000000E+00 |  0.0044538795 |             f
   120 |     4800 |     40 |  0.000000E+00 |  0.000000E+00 |  0.0022222623 |             f
   121 |     4840 |     40 |  0.000000E+00 |  0.000000E+00 |  0.0043186474 |         ideal
   122 |     4880 |     40 |  0.000000E+00 |  0.000000E+00 |  0.0038653293 |             f
   123 |     4920 |     40 |  0.000000E+00 |  0.000000E+00 |  0.0019914395 |             f
   124 |     4960 |     40 |  0.000000E+00 |  0.000000E+00 |  0.0039511446 |             f
   125 |     5000 |     40 |  0.000000E+00 |  0.000000E+00 |  0.0053657891 |             f
   126 |     5040 |     40 |  0.000000E+00 |  0.000000E+00 |  0.0033426943 |             f
   127 |     5080 |     40 |  0.000000E+00 |  0.000000E+00 |  0.0043249215 |             f
   128 |     5120 |     40 |  0.000000E+00 |  0.000000E+00 |  0.0031419199 |             f
   129 |     5160 |     40 |  0.000000E+00 |  0.000000E+00 |  0.0039745145 |             f
   130 |     5200 |     40 |  0.000000E+00 |  0.000000E+00 |  0.0037330682 |             f
   131 |     5240 |     40 |  0.000000E+00 |  0.000000E+00 |  0.0026967003 |             f
   132 |     5280 |     40 |  0.000000E+00 |  0.000000E+00 |  0.0023776364 |             f
   133 |     5320 |     40 |  0.000000E+00 |  0.000000E+00 |  0.0036809465 |             f
   134 |     5360 |     40 |  0.000000E+00 |  0.000000E+00 |  0.0020763516 |             f
   135 |     5400 |     40 |  0.000000E+00 |  0.000000E+00 |  0.0049773799 |             f
   136 |     5440 |     40 |  0.000000E+00 |  0.000000E+00 |  0.0020818375 |             f
   137 |     5480 |     40 |  0.000000E+00 |  0.000000E+00 |  0.0037167141 |             f
   138 |     5520 |     40 |  0.000000E+00 |  0.000000E+00 |  0.0019046871 |             f
   139 |     5560 |     40 |  0.000000E+00 |  0.000000E+00 |  0.0045794149 |             f
   140 |     5600 |     40 |  0.000000E+00 |  0.000000E+00 |  0.0019584695 |             f
   141 |     5640 |     40 |  0.000000E+00 |  0.000000E+00 |  0.0047503748 |             f
   142 |     5680 |     40 |  0.000000E+00 |  0.000000E+00 |  0.0022565560 |             f
   143 |     5720 |     40 |  0.000000E+00 |  0.000000E+00 |  0.0046332038 |             f
   144 |     5760 |     40 |  0.000000E+00 |  0.000000E+00 |  0.0044051394 |             f
   145 |     5800 |     40 |  0.000000E+00 |  0.000000E+00 |  0.0030621341 |             f
   146 |     5840 |     40 |  0.000000E+00 |  0.000000E+00 |  0.0034307960 |             f
   147 |     5880 |     40 |  0.000000E+00 |  0.000000E+00 |  0.0015321296 |             f
   148 |     5920 |     40 |  0.000000E+00 |  0.000000E+00 |  0.0031966612 |             f
   149 |     5960 |     40 |  0.000000E+00 |  0.000000E+00 |  0.0034753683 |             f
   150 |     6000 |     40 |  0.000000E+00 |  0.000000E+00 |  0.0214280465 |         ideal
   151 |     6040 |     40 |  0.000000E+00 |  0.000000E+00 |  0.0027509286 |             f
   152 |     6080 |     40 |  0.000000E+00 |  0.000000E+00 |  0.0035046474 |             f
   153 |     6120 |     40 |  0.000000E+00 |  0.000000E+00 |  0.0033746351 |             f
   154 |     6160 |     40 |  0.000000E+00 |  0.000000E+00 |  0.0014711412 |             f
   155 |     6200 |     40 |  0.000000E+00 |  0.000000E+00 |  0.0025111267 |             f
   156 |     6240 |     40 |  0.000000E+00 |  0.000000E+00 |  0.0050168910 |             f
   157 |     6280 |     40 |  0.000000E+00 |  0.000000E+00 |  0.0020824832 |             f
   158 |     6320 |     40 |  0.000000E+00 |  0.000000E+00 |  0.0036822593 |             f
   159 |     6360 |     40 |  0.000000E+00 |  0.000000E+00 |  0.0040850705 |             f
   160 |     6400 |     40 |  0.000000E+00 |  0.000000E+00 |  0.0035476196 |         nadir
   161 |     6440 |     40 |  0.000000E+00 |  0.000000E+00 |  0.0031047213 |             f
   162 |     6480 |     40 |  0.000000E+00 |  0.000000E+00 |  0.0041568921 |             f
   163 |     6520 |     40 |  0.000000E+00 |  0.000000E+00 |  0.0031247028 |             f
   164 |     6560 |     40 |  0.000000E+00 |  0.000000E+00 |  0.0030430590 |             f
   165 |     6600 |     40 |  0.000000E+00 |  0.000000E+00 |  0.0019486016 |             f
   166 |     6640 |     40 |  0.000000E+00 |  0.000000E+00 |  0.0041215825 |             f
   167 |     6680 |     40 |  0.000000E+00 |  0.000000E+00 |  0.0022635817 |             f
   168 |     6720 |     40 |  0.000000E+00 |  0.000000E+00 |  0.0054874908 |             f
   169 |     6760 |     40 |  0.000000E+00 |  0.000000E+00 |  0.0031598974 |             f
   170 |     6800 |     40 |  0.000000E+00 |  0.000000E+00 |  0.0030279253 |             f
   171 |     6840 |     40 |  0.000000E+00 |  0.000000E+00 |  0.0019524256 |             f
   172 |     6880 |     40 |  0.000000E+00 |  0.000000E+00 |  0.0051808194 |             f
   173 |     6920 |     40 |  0.000000E+00 |  0.000000E+00 |  0.0034110309 |             f
   174 |     6960 |     40 |  0.000000E+00 |  0.000000E+00 |  0.0026933542 |             f
   175 |     7000 |     40 |  0.000000E+00 |  0.000000E+00 |  0.0025351045 |             f
   176 |     7040 |     40 |  0.000000E+00 |  0.000000E+00 |  0.0036539177 |             f
   177 |     7080 |     40 |  0.000000E+00 |  0.000000E+00 |  0.0012740964 |             f
   178 |     7120 |     40 |  0.000000E+00 |  0.000000E+00 |  0.0038486775 |             f
   179 |     7160 |     40 |  0.000000E+00 |  0.000000E+00 |  0.0041522067 |             f
   180 |     7200 |     40 |  0.000000E+00 |  0.000000E+00 |  0.0031413012 |             f
   181 |     7240 |     40 |  0.000000E+00 |  0.000000E+00 |  0.0108822279 |         nadir
   182 |     7280 |     40 |  0.000000E+00 |  0.000000E+00 |  0.0111810840 |         ideal
   183 |     7320 |     40 |  0.000000E+00 |  0.000000E+00 |  0.0051538232 |             f
   184 |     7360 |     40 |  0.000000E+00 |  0.000000E+00 |  0.0028872893 |             f
   185 |     7400 |     40 |  0.000000E+00 |  0.000000E+00 |  0.0030748987 |             f
   186 |     7440 |     40 |  0.000000E+00 |  0.000000E+00 |  0.0030138478 |             f
   187 |     7480 |     40 |  0.000000E+00 |  0.000000E+00 |  0.0017515949 |             f
   188 |     7520 |     40 |  0.000000E+00 |  0.000000E+00 |  0.0028606775 |             f
   189 |     7560 |     40 |  0.000000E+00 |  0.000000E+00 |  0.0026700896 |             f
   190 |     7600 |     40 |  0.000000E+00 |  0.000000E+00 |  0.0040036508 |             f
   191 |     7640 |     40 |  0.000000E+00 |  0.000000E+00 |  0.0034462997 |             f
   192 |     7680 |     40 |  0.000000E+00 |  0.000000E+00 |  0.0029537045 |             f
   193 |     7720 |     40 |  0.000000E+00 |  0.000000E+00 |  0.0043638156 |             f
   194 |     7760 |     40 |  0.000000E+00 |  0.000000E+00 |  0.0022816084 |             f
   195 |     7800 |     40 |  0.000000E+00 |  0.000000E+00 |  0.0065068153 |             f
   196 |     7840 |     40 |  0.000000E+00 |  0.000000E+00 |  0.0042353296 |             f
   197 |     7880 |     40 |  0.000000E+00 |  0.000000E+00 |  0.0026372658 |             f
   198 |     7920 |     40 |  0.000000E+00 |  0.000000E+00 |  0.0032350522 |             f
   199 |     7960 |     40 |  0.000000E+00 |  0.000000E+00 |  0.0020402353 |             f
   200 |     8000 |     40 |  0.000000E+00 |  0.000000E+00 |  0.0052046902 |             f
mean B0=75.7682 homogen=2797.371
mean B0=110.1674 homogen=65400.3124
mean B0=84.5207 homogen=3365.1939
mean B0=77.5399 homogen=2968.104
mean B0=96.9725 homogen=28764.2212
mean B0=95.1886 homogen=24903.0431
mean B0=103.5587 homogen=44941.6834
mean B0=93.4121 homogen=22957.6091
mean B0=105.8627 homogen=51375.8811
mean B0=85.6228 homogen=4852.9736
mean B0=106.8444 homogen=55592.1691
mean B0=87.35 homogen=7787.072
mean B0=86.4065 homogen=6280.2297
mean B0=109.7129 homogen=64485.6263
mean B0=100.0215 homogen=36188.7476
mean B0=107.3104 homogen=57876.9637
mean B0=91.4118 homogen=16886.4812
mean B0=108.0381 homogen=59371.5743
mean B0=89.4778 homogen=13377.9643
mean B0=88.8604 homogen=11663.9258
mean B0=104.1138 homogen=48237.8043
mean B0=90.5412 homogen=15601.021
mean B0=91.9439 homogen=18027.2589
mean B0=108.9345 homogen=61933.138
mean B0=108.9345 homogen=61933.138
mean B0=92.452 homogen=18990.2931
mean B0=100.3615 homogen=37944.9367
mean B0=98.4312 homogen=32199.685
mean B0=99.1946 homogen=34182.5541
mean B0=92.9913 homogen=20048.1945
mean B0=88.0008 homogen=9528.7444
mean B0=94.6367 homogen=23378.0102
mean B0=101.0585 homogen=39553.5332
mean B0=76.0948 homogen=2880.0921
mean B0=98.059 homogen=31329.8879
mean B0=98.8639 homogen=33611.6023
mean B0=106.8561 homogen=55609.7571
mean B0=101.8291 homogen=41243.1171
mean B0=102.5096 homogen=42996.736
mean B0=88.1712 homogen=10457.2605
   201 |     8040 |     40 |  0.000000E+00 |  0.000000E+00 |  0.0204754933 |         ideal
   202 |     8080 |     40 |  0.000000E+00 |  0.000000E+00 |  0.0053174752 |             f
   203 |     8120 |     40 |  0.000000E+00 |  0.000000E+00 |  0.0028718868 |             f
   204 |     8160 |     40 |  0.000000E+00 |  0.000000E+00 |  0.0050292635 |             f
   205 |     8200 |     40 |  0.000000E+00 |  0.000000E+00 |  0.0040367219 |             f
   206 |     8240 |     40 |  0.000000E+00 |  0.000000E+00 |  0.0022245397 |             f
   207 |     8280 |     40 |  0.000000E+00 |  0.000000E+00 |  0.0046454378 |             f
   208 |     8320 |     40 |  0.000000E+00 |  0.000000E+00 |  0.0018368484 |             f
   209 |     8360 |     40 |  0.000000E+00 |  0.000000E+00 |  0.0065014347 |             f
   210 |     8400 |     40 |  0.000000E+00 |  0.000000E+00 |  0.0034620180 |             f
   211 |     8440 |     40 |  0.000000E+00 |  0.000000E+00 |  0.0028648573 |             f
   212 |     8480 |     40 |  0.000000E+00 |  0.000000E+00 |  0.0029723282 |             f
   213 |     8520 |     40 |  0.000000E+00 |  0.000000E+00 |  0.0032016089 |             f
   214 |     8560 |     40 |  0.000000E+00 |  0.000000E+00 |  0.0026859625 |             f
   215 |     8600 |     40 |  0.000000E+00 |  0.000000E+00 |  0.0034764888 |             f
   216 |     8640 |     40 |  0.000000E+00 |  0.000000E+00 |  0.0029500136 |             f
   217 |     8680 |     40 |  0.000000E+00 |  0.000000E+00 |  0.0017084486 |             f
   218 |     8720 |     40 |  0.000000E+00 |  0.000000E+00 |  0.0054917240 |             f
   219 |     8760 |     40 |  0.000000E+00 |  0.000000E+00 |  0.0036521219 |             f
   220 |     8800 |     40 |  0.000000E+00 |  0.000000E+00 |  0.0025780488 |             f
   221 |     8840 |     40 |  0.000000E+00 |  0.000000E+00 |  0.0031084090 |             f
   222 |     8880 |     40 |  0.000000E+00 |  0.000000E+00 |  0.0038222929 |             f
   223 |     8920 |     40 |  0.000000E+00 |  0.000000E+00 |  0.0047024733 |             f
   224 |     8960 |     40 |  0.000000E+00 |  0.000000E+00 |  0.0026362566 |             f
   225 |     9000 |     40 |  0.000000E+00 |  0.000000E+00 |  0.0035494318 |             f
   226 |     9040 |     40 |  0.000000E+00 |  0.000000E+00 |  0.0044937113 |             f
   227 |     9080 |     40 |  0.000000E+00 |  0.000000E+00 |  0.0058335340 |             f
   228 |     9120 |     40 |  0.000000E+00 |  0.000000E+00 |  0.0025364849 |             f
   229 |     9160 |     40 |  0.000000E+00 |  0.000000E+00 |  0.0011331636 |             f
   230 |     9200 |     40 |  0.000000E+00 |  0.000000E+00 |  0.0034750008 |             f
   231 |     9240 |     40 |  0.000000E+00 |  0.000000E+00 |  0.0017949235 |             f
   232 |     9280 |     40 |  0.000000E+00 |  0.000000E+00 |  0.0228022168 |         ideal
   233 |     9320 |     40 |  0.000000E+00 |  0.000000E+00 |  0.0054486525 |             f
   234 |     9360 |     40 |  0.000000E+00 |  0.000000E+00 |  0.0055120321 |             f
   235 |     9400 |     40 |  0.000000E+00 |  0.000000E+00 |  0.0012155197 |             f
   236 |     9440 |     40 |  0.000000E+00 |  0.000000E+00 |  0.0045896217 |             f
   237 |     9480 |     40 |  0.000000E+00 |  0.000000E+00 |  0.0035682643 |             f
   238 |     9520 |     40 |  0.000000E+00 |  0.000000E+00 |  0.0016028635 |             f
   239 |     9560 |     40 |  0.000000E+00 |  0.000000E+00 |  0.0050672608 |             f
   240 |     9600 |     40 |  0.000000E+00 |  0.000000E+00 |  0.0038648810 |             f
   241 |     9640 |     40 |  0.000000E+00 |  0.000000E+00 |  0.0021691712 |             f
   242 |     9680 |     38 |  0.000000E+00 |  0.000000E+00 |  0.0064844299 |             f
   243 |     9720 |     40 |  0.000000E+00 |  0.000000E+00 |  0.0035663893 |             f
   244 |     9760 |     40 |  0.000000E+00 |  0.000000E+00 |  0.0015290832 |             f
   245 |     9800 |     40 |  0.000000E+00 |  0.000000E+00 |  0.0048102179 |             f
   246 |     9840 |     40 |  0.000000E+00 |  0.000000E+00 |  0.0067600255 |             f
   247 |     9880 |     33 |  0.000000E+00 |  0.000000E+00 |  0.0109433315 |         ideal
   248 |     9920 |     40 |  0.000000E+00 |  0.000000E+00 |  0.0128969907 |         ideal
   249 |     9960 |     40 |  0.000000E+00 |  0.000000E+00 |  0.0080632329 |             f
   250 |    10000 |     40 |  0.000000E+00 |  0.000000E+00 |  0.0049458648 |             f
   251 |    10040 |     40 |  0.000000E+00 |  0.000000E+00 |  0.0072528774 |         nadir
   252 |    10080 |     40 |  0.000000E+00 |  0.000000E+00 |  0.0047302493 |             f
   253 |    10120 |     40 |  0.000000E+00 |  0.000000E+00 |  0.0052619379 |         ideal
   254 |    10160 |     40 |  0.000000E+00 |  0.000000E+00 |  0.0027018596 |             f
   255 |    10200 |     40 |  0.000000E+00 |  0.000000E+00 |  0.0052203110 |             f
   256 |    10240 |     40 |  0.000000E+00 |  0.000000E+00 |  0.0027419911 |             f
   257 |    10280 |     40 |  0.000000E+00 |  0.000000E+00 |  0.0054838339 |         nadir
   258 |    10320 |     40 |  0.000000E+00 |  0.000000E+00 |  0.0040780759 |         ideal
   259 |    10360 |     40 |  0.000000E+00 |  0.000000E+00 |  0.0025609897 |             f
   260 |    10400 |     40 |  0.000000E+00 |  0.000000E+00 |  0.0018067470 |             f
   261 |    10440 |     40 |  0.000000E+00 |  0.000000E+00 |  0.0045142242 |             f
   262 |    10480 |     40 |  0.000000E+00 |  0.000000E+00 |  0.0203561364 |         ideal
   263 |    10520 |     40 |  0.000000E+00 |  0.000000E+00 |  0.0026149819 |             f
   264 |    10560 |     40 |  0.000000E+00 |  0.000000E+00 |  0.0046899109 |             f
   265 |    10600 |     40 |  0.000000E+00 |  0.000000E+00 |  0.0021797458 |             f
   266 |    10640 |     40 |  0.000000E+00 |  0.000000E+00 |  0.0061906139 |             f
   267 |    10680 |     40 |  0.000000E+00 |  0.000000E+00 |  0.0030543983 |         ideal
   268 |    10720 |     40 |  0.000000E+00 |  0.000000E+00 |  0.0026295197 |             f
   269 |    10760 |     40 |  0.000000E+00 |  0.000000E+00 |  0.0040988068 |             f
   270 |    10800 |     40 |  0.000000E+00 |  0.000000E+00 |  0.0031032222 |             f
   271 |    10840 |     40 |  0.000000E+00 |  0.000000E+00 |  0.0055994242 |             f
   272 |    10880 |     40 |  0.000000E+00 |  0.000000E+00 |  0.0022861944 |             f
   273 |    10920 |     40 |  0.000000E+00 |  0.000000E+00 |  0.0049908094 |             f
   274 |    10960 |     40 |  0.000000E+00 |  0.000000E+00 |  0.0148011798 |         ideal
   275 |    11000 |     40 |  0.000000E+00 |  0.000000E+00 |  0.0003022576 |             f
   276 |    11040 |     40 |  0.000000E+00 |  0.000000E+00 |  0.0011479389 |             f
   277 |    11080 |     40 |  0.000000E+00 |  0.000000E+00 |  0.0030957527 |             f
   278 |    11120 |     40 |  0.000000E+00 |  0.000000E+00 |  0.0027534817 |             f
   279 |    11160 |     40 |  0.000000E+00 |  0.000000E+00 |  0.0024698756 |             f
   280 |    11200 |     40 |  0.000000E+00 |  0.000000E+00 |  0.0051084363 |             f
   281 |    11240 |     40 |  0.000000E+00 |  0.000000E+00 |  0.0029287937 |             f
   282 |    11280 |     40 |  0.000000E+00 |  0.000000E+00 |  0.0051012680 |             f
   283 |    11320 |     40 |  0.000000E+00 |  0.000000E+00 |  0.0026897670 |             f
   284 |    11360 |     40 |  0.000000E+00 |  0.000000E+00 |  0.0032772444 |             f
   285 |    11400 |     40 |  0.000000E+00 |  0.000000E+00 |  0.0048711493 |             f
   286 |    11440 |     40 |  0.000000E+00 |  0.000000E+00 |  0.0019807337 |             f
   287 |    11480 |     40 |  0.000000E+00 |  0.000000E+00 |  0.0049725160 |             f
   288 |    11520 |     40 |  0.000000E+00 |  0.000000E+00 |  0.0836492436 |         nadir
   289 |    11560 |     40 |  0.000000E+00 |  0.000000E+00 |  0.0043559561 |             f
   290 |    11600 |     40 |  0.000000E+00 |  0.000000E+00 |  0.0032162511 |             f
   291 |    11640 |     40 |  0.000000E+00 |  0.000000E+00 |  0.0020594373 |             f
   292 |    11680 |     40 |  0.000000E+00 |  0.000000E+00 |  0.0049648336 |             f
   293 |    11720 |     40 |  0.000000E+00 |  0.000000E+00 |  0.0057732953 |         ideal
   294 |    11760 |     40 |  0.000000E+00 |  0.000000E+00 |  0.0080731539 |         ideal
   295 |    11800 |     40 |  0.000000E+00 |  0.000000E+00 |  0.0035732217 |             f
   296 |    11840 |     40 |  0.000000E+00 |  0.000000E+00 |  0.0017440843 |             f
   297 |    11880 |     40 |  0.000000E+00 |  0.000000E+00 |  0.0032751197 |             f
   298 |    11920 |     40 |  0.000000E+00 |  0.000000E+00 |  0.0023456011 |             f
   299 |    11960 |     40 |  0.000000E+00 |  0.000000E+00 |  0.0059609491 |         nadir
   300 |    12000 |     40 |  0.000000E+00 |  0.000000E+00 |  0.0070582073 |         ideal
mean B0=79.0246 homogen=1983.8564
mean B0=115.5272 homogen=50852.8671
mean B0=90.0606 homogen=3026.1778
mean B0=98.9725 homogen=15252.0155
mean B0=98.7528 homogen=10646.7862
mean B0=91.9145 homogen=3157.8063
mean B0=109.9531 homogen=37032.9667
mean B0=106.0705 homogen=28932.989
mean B0=100.1821 homogen=18304.1892
mean B0=103.9868 homogen=26050.3146
mean B0=109.9606 homogen=40252.787
mean B0=93.906 homogen=5477.1217
mean B0=106.3192 homogen=32340.1758
mean B0=101.7674 homogen=21086.1709
mean B0=103.3305 homogen=24611.5522
mean B0=107.3791 homogen=33845.1417
mean B0=111.6816 homogen=43889.6151
mean B0=108.1497 homogen=35818.9367
mean B0=102.9538 homogen=22593.3237
mean B0=101.6434 homogen=20323.9431
mean B0=110.713 homogen=41437.386
mean B0=95.7683 homogen=7542.0141
mean B0=95.9487 homogen=8975.5235
mean B0=96.4093 homogen=10030.659
mean B0=100.4871 homogen=19016.9825
mean B0=112.9249 homogen=48040.3657
mean B0=108.422 homogen=36434.4293
mean B0=94.7557 homogen=6777.9891
mean B0=113.9168 homogen=49683.9452
mean B0=114.0168 homogen=49895.2222
mean B0=106.69 homogen=33677.447
mean B0=112.5982 homogen=46165.4069
mean B0=105.3055 homogen=26970.9373
mean B0=105.7843 homogen=28252.0336
mean B0=111.7437 homogen=44004.7561
mean B0=94.2886 homogen=6054.266
mean B0=112.3454 homogen=45632.8859
mean B0=112.8418 homogen=47720.4491
mean B0=110.2205 homogen=40921.5692
mean B0=105.3664 homogen=27193.2959
   301 |    12040 |     40 |  0.000000E+00 |  0.000000E+00 |  0.0041413253 |             f
   302 |    12080 |     40 |  0.000000E+00 |  0.000000E+00 |  0.0042688982 |             f
   303 |    12120 |     40 |  0.000000E+00 |  0.000000E+00 |  0.0029300195 |             f
   304 |    12160 |     40 |  0.000000E+00 |  0.000000E+00 |  0.0032106178 |         nadir
   305 |    12200 |     40 |  0.000000E+00 |  0.000000E+00 |  0.0041127621 |         ideal
   306 |    12240 |     40 |  0.000000E+00 |  0.000000E+00 |  0.0041148513 |             f
   307 |    12280 |     40 |  0.000000E+00 |  0.000000E+00 |  0.0040591691 |         nadir
   308 |    12320 |     40 |  0.000000E+00 |  0.000000E+00 |  0.0025197860 |             f
   309 |    12360 |     40 |  0.000000E+00 |  0.000000E+00 |  0.0055318640 |             f
   310 |    12400 |     40 |  0.000000E+00 |  0.000000E+00 |  0.0036004211 |             f
   311 |    12440 |     40 |  0.000000E+00 |  0.000000E+00 |  0.0036941770 |             f
   312 |    12480 |     40 |  0.000000E+00 |  0.000000E+00 |  0.0037901556 |             f
   313 |    12520 |     40 |  0.000000E+00 |  0.000000E+00 |  0.0043639711 |         nadir
   314 |    12560 |     40 |  0.000000E+00 |  0.000000E+00 |  0.0136652931 |         ideal
   315 |    12600 |     40 |  0.000000E+00 |  0.000000E+00 |  0.0023069489 |             f
   316 |    12640 |     40 |  0.000000E+00 |  0.000000E+00 |  0.0103020110 |         ideal
   317 |    12680 |     40 |  0.000000E+00 |  0.000000E+00 |  0.0024325680 |             f
   318 |    12720 |     40 |  0.000000E+00 |  0.000000E+00 |  0.0025568099 |         nadir
   319 |    12760 |     40 |  0.000000E+00 |  0.000000E+00 |  0.0024865162 |             f
   320 |    12800 |     40 |  0.000000E+00 |  0.000000E+00 |  0.0052378985 |             f
   321 |    12840 |     40 |  0.000000E+00 |  0.000000E+00 |  0.0041435583 |             f
   322 |    12880 |     40 |  0.000000E+00 |  0.000000E+00 |  0.0098825619 |         ideal
   323 |    12920 |     40 |  0.000000E+00 |  0.000000E+00 |  0.0044100563 |             f
   324 |    12960 |     40 |  0.000000E+00 |  0.000000E+00 |  0.0042618835 |             f
   325 |    13000 |     40 |  0.000000E+00 |  0.000000E+00 |  0.0043588116 |             f
   326 |    13040 |     40 |  0.000000E+00 |  0.000000E+00 |  0.0028666948 |             f
   327 |    13080 |     40 |  0.000000E+00 |  0.000000E+00 |  0.0047315643 |             f
   328 |    13120 |     40 |  0.000000E+00 |  0.000000E+00 |  0.0039394005 |             f
   329 |    13160 |     40 |  0.000000E+00 |  0.000000E+00 |  0.0016893787 |             f
   330 |    13200 |     40 |  0.000000E+00 |  0.000000E+00 |  0.0041809070 |             f
   331 |    13240 |     40 |  0.000000E+00 |  0.000000E+00 |  0.0029043346 |             f
   332 |    13280 |     40 |  0.000000E+00 |  0.000000E+00 |  0.0035331282 |             f
   333 |    13320 |     40 |  0.000000E+00 |  0.000000E+00 |  0.0033312621 |             f
   334 |    13360 |     40 |  0.000000E+00 |  0.000000E+00 |  0.0097258782 |         ideal
   335 |    13400 |     40 |  0.000000E+00 |  0.000000E+00 |  0.0045930660 |             f
   336 |    13440 |     40 |  0.000000E+00 |  0.000000E+00 |  0.0045083116 |             f
   337 |    13480 |     40 |  0.000000E+00 |  0.000000E+00 |  0.0042363612 |             f
   338 |    13520 |     40 |  0.000000E+00 |  0.000000E+00 |  0.0043260220 |             f
   339 |    13560 |     40 |  0.000000E+00 |  0.000000E+00 |  0.0034411004 |             f
   340 |    13600 |     40 |  0.000000E+00 |  0.000000E+00 |  0.0036823710 |             f
   341 |    13640 |     40 |  0.000000E+00 |  0.000000E+00 |  0.0019528971 |             f
   342 |    13680 |     40 |  0.000000E+00 |  0.000000E+00 |  0.0028596584 |             f
   343 |    13720 |     40 |  0.000000E+00 |  0.000000E+00 |  0.0049201313 |             f
   344 |    13760 |     40 |  0.000000E+00 |  0.000000E+00 |  0.0015373985 |             f
   345 |    13800 |     40 |  0.000000E+00 |  0.000000E+00 |  0.0040549631 |             f
   346 |    13840 |     40 |  0.000000E+00 |  0.000000E+00 |  0.0045122831 |             f
   347 |    13880 |     40 |  0.000000E+00 |  0.000000E+00 |  0.0023220882 |             f
   348 |    13920 |     40 |  0.000000E+00 |  0.000000E+00 |  0.0062624593 |             f
   349 |    13960 |     40 |  0.000000E+00 |  0.000000E+00 |  0.0325847557 |         ideal
   350 |    14000 |     39 |  0.000000E+00 |  0.000000E+00 |  0.0054807346 |             f
   351 |    14040 |     36 |  0.000000E+00 |  0.000000E+00 |  0.0040871584 |         ideal
   352 |    14080 |     40 |  0.000000E+00 |  0.000000E+00 |  0.0061752113 |             f
   353 |    14120 |     40 |  0.000000E+00 |  0.000000E+00 |  0.0042794541 |         ideal
   354 |    14160 |     40 |  0.000000E+00 |  0.000000E+00 |  0.0081845397 |         ideal
   355 |    14200 |     40 |  0.000000E+00 |  0.000000E+00 |  0.0062740875 |             f
   356 |    14240 |     40 |  0.000000E+00 |  0.000000E+00 |  0.0049545612 |             f
   357 |    14280 |     40 |  0.000000E+00 |  0.000000E+00 |  0.0030097267 |             f
   358 |    14320 |     40 |  0.000000E+00 |  0.000000E+00 |  0.0036332311 |             f
   359 |    14360 |     40 |  0.000000E+00 |  0.000000E+00 |  0.0037679070 |             f
   360 |    14400 |     40 |  0.000000E+00 |  0.000000E+00 |  0.0025114343 |             f
   361 |    14440 |     40 |  0.000000E+00 |  0.000000E+00 |  0.0026023188 |             f
   362 |    14480 |     40 |  0.000000E+00 |  0.000000E+00 |  0.0038518923 |             f
   363 |    14520 |     40 |  0.000000E+00 |  0.000000E+00 |  0.0103610739 |         ideal
   364 |    14560 |     40 |  0.000000E+00 |  0.000000E+00 |  0.0029430816 |             f
   365 |    14600 |     40 |  0.000000E+00 |  0.000000E+00 |  0.0042343412 |             f
   366 |    14640 |     40 |  0.000000E+00 |  0.000000E+00 |  0.0040998482 |             f
   367 |    14680 |     40 |  0.000000E+00 |  0.000000E+00 |  0.0027049975 |             f
   368 |    14720 |     40 |  0.000000E+00 |  0.000000E+00 |  0.0052833281 |         ideal
   369 |    14760 |     40 |  0.000000E+00 |  0.000000E+00 |  0.0021481478 |             f
   370 |    14800 |     40 |  0.000000E+00 |  0.000000E+00 |  0.0033147125 |             f
   371 |    14840 |     40 |  0.000000E+00 |  0.000000E+00 |  0.0043410774 |             f
   372 |    14880 |     40 |  0.000000E+00 |  0.000000E+00 |  0.0023391310 |             f
   373 |    14920 |     40 |  0.000000E+00 |  0.000000E+00 |  0.0035172047 |         ideal
   374 |    14960 |     40 |  0.000000E+00 |  0.000000E+00 |  0.0026001087 |         nadir
   375 |    15000 |     40 |  0.000000E+00 |  0.000000E+00 |  0.0027014854 |         ideal
   376 |    15040 |     40 |  0.000000E+00 |  0.000000E+00 |  0.0046435682 |             f
   377 |    15080 |     40 |  0.000000E+00 |  0.000000E+00 |  0.0049608597 |             f
   378 |    15120 |     40 |  0.000000E+00 |  0.000000E+00 |  0.0055644807 |             f
   379 |    15160 |     40 |  0.000000E+00 |  0.000000E+00 |  0.0761576232 |         nadir
   380 |    15200 |     40 |  0.000000E+00 |  0.000000E+00 |  0.0062189758 |             f
   381 |    15240 |     40 |  0.000000E+00 |  0.000000E+00 |  0.0064082173 |             f
   382 |    15280 |     40 |  0.000000E+00 |  0.000000E+00 |  0.0036561956 |             f
   383 |    15320 |     40 |  0.000000E+00 |  0.000000E+00 |  0.0059363848 |             f
   384 |    15360 |     40 |  0.000000E+00 |  0.000000E+00 |  0.0072043963 |         ideal
   385 |    15400 |     40 |  0.000000E+00 |  0.000000E+00 |  0.0057720184 |             f
   386 |    15440 |     40 |  0.000000E+00 |  0.000000E+00 |  0.0036754326 |             f
   387 |    15480 |     40 |  0.000000E+00 |  0.000000E+00 |  0.0023460537 |             f
   388 |    15520 |     40 |  0.000000E+00 |  0.000000E+00 |  0.0110942000 |         ideal
   389 |    15560 |     40 |  0.000000E+00 |  0.000000E+00 |  0.0025525033 |         ideal
   390 |    15600 |     40 |  0.000000E+00 |  0.000000E+00 |  0.0032323914 |             f
   391 |    15640 |     40 |  0.000000E+00 |  0.000000E+00 |  0.0027706819 |         ideal
   392 |    15680 |     40 |  0.000000E+00 |  0.000000E+00 |  0.0022131298 |             f
   393 |    15720 |     40 |  0.000000E+00 |  0.000000E+00 |  0.0052862608 |         ideal
   394 |    15760 |     40 |  0.000000E+00 |  0.000000E+00 |  0.0030928285 |             f
   395 |    15800 |     40 |  0.000000E+00 |  0.000000E+00 |  0.0046717808 |             f
   396 |    15840 |     40 |  0.000000E+00 |  0.000000E+00 |  0.0046868332 |             f
   397 |    15880 |     40 |  0.000000E+00 |  0.000000E+00 |  0.0016831942 |             f
   398 |    15920 |     40 |  0.000000E+00 |  0.000000E+00 |  0.0060817215 |             f
   399 |    15960 |     40 |  0.000000E+00 |  0.000000E+00 |  0.0032718295 |             f
   400 |    16000 |     40 |  0.000000E+00 |  0.000000E+00 |  0.0134082125 |         ideal
mean B0=78.2677 homogen=522.3647
mean B0=120.7364 homogen=39934.9484
mean B0=78.2677 homogen=522.3647
mean B0=98.5202 homogen=1589.5013
mean B0=119.0864 homogen=37070.0118
mean B0=108.7398 homogen=16668.5553
mean B0=116.2831 homogen=31324.5716
mean B0=110.1943 homogen=18498.2228
mean B0=114.0902 homogen=26889.293
mean B0=115.1918 homogen=29545.2038
mean B0=106.773 homogen=11822.0955
mean B0=106.3951 homogen=10298.207
mean B0=107.0359 homogen=13331.5465
mean B0=114.9662 homogen=28111.2972
mean B0=117.2385 homogen=32846.6024
mean B0=108.2333 homogen=14254.5411
mean B0=103.3495 homogen=4617.2944
mean B0=105.0948 homogen=8007.1491
mean B0=113.3643 homogen=24740.771
mean B0=111.7206 homogen=21125.9288
mean B0=104.705 homogen=6921.167
mean B0=103.7585 homogen=5263.0579
mean B0=111.075 homogen=20099.6258
mean B0=99.1054 homogen=1569.441
mean B0=119.0571 homogen=37008.3842
mean B0=102.5003 homogen=3384.8693
mean B0=109.5661 homogen=17206.9207
mean B0=105.9485 homogen=9430.1712
mean B0=102.5195 homogen=3400.2394
mean B0=109.7949 homogen=17790.7355
mean B0=118.3302 homogen=35087.6183
mean B0=112.9019 homogen=23760.039
mean B0=105.6221 homogen=8938.2825
mean B0=112.734 homogen=23398.3835
mean B0=117.9383 homogen=34348.8271
mean B0=111.249 homogen=20528.2546
mean B0=104.7245 homogen=6947.0251
mean B0=113.6688 homogen=25990.3873
mean B0=100.726 homogen=2439.2755
mean B0=100.726 homogen=2439.8729
   401 |    16040 |     40 |  0.000000E+00 |  0.000000E+00 |  0.0019518974 |             f
   402 |    16080 |     40 |  0.000000E+00 |  0.000000E+00 |  0.0030785442 |             f
   403 |    16120 |     40 |  0.000000E+00 |  0.000000E+00 |  0.0031223269 |             f
   404 |    16160 |     40 |  0.000000E+00 |  0.000000E+00 |  0.0034349342 |             f
   405 |    16200 |     40 |  0.000000E+00 |  0.000000E+00 |  0.0029876552 |             f
   406 |    16240 |     40 |  0.000000E+00 |  0.000000E+00 |  0.0035710920 |             f
   407 |    16280 |     40 |  0.000000E+00 |  0.000000E+00 |  0.0029932955 |             f
   408 |    16320 |     40 |  0.000000E+00 |  0.000000E+00 |  0.0011103335 |             f
   409 |    16360 |     40 |  0.000000E+00 |  0.000000E+00 |  0.0031169030 |             f
   410 |    16400 |     40 |  0.000000E+00 |  0.000000E+00 |  0.0032442126 |             f
   411 |    16440 |     40 |  0.000000E+00 |  0.000000E+00 |  0.0025618818 |             f
   412 |    16480 |     40 |  0.000000E+00 |  0.000000E+00 |  0.0075472093 |         nadir
   413 |    16520 |     40 |  0.000000E+00 |  0.000000E+00 |  0.0034295744 |             f
   414 |    16560 |     40 |  0.000000E+00 |  0.000000E+00 |  0.0054963058 |         nadir
   415 |    16600 |     40 |  0.000000E+00 |  0.000000E+00 |  0.0029506756 |             f
   416 |    16640 |     40 |  0.000000E+00 |  0.000000E+00 |  0.0014518779 |             f
   417 |    16680 |     40 |  0.000000E+00 |  0.000000E+00 |  0.0048580773 |             f
   418 |    16720 |     40 |  0.000000E+00 |  0.000000E+00 |  0.0022930959 |             f
   419 |    16760 |     40 |  0.000000E+00 |  0.000000E+00 |  0.0049555416 |             f
   420 |    16800 |     40 |  0.000000E+00 |  0.000000E+00 |  0.0013160586 |             f
   421 |    16840 |     40 |  0.000000E+00 |  0.000000E+00 |  0.0032072618 |             f
   422 |    16880 |     40 |  0.000000E+00 |  0.000000E+00 |  0.0019526938 |             f
   423 |    16920 |     40 |  0.000000E+00 |  0.000000E+00 |  0.0031196058 |             f
   424 |    16960 |     40 |  0.000000E+00 |  0.000000E+00 |  0.0027882226 |             f
   425 |    17000 |     40 |  0.000000E+00 |  0.000000E+00 |  0.0012639759 |             f
   426 |    17040 |     40 |  0.000000E+00 |  0.000000E+00 |  0.0033643672 |             f
   427 |    17080 |     40 |  0.000000E+00 |  0.000000E+00 |  0.0018158730 |             f
   428 |    17120 |     40 |  0.000000E+00 |  0.000000E+00 |  0.0054014325 |             f
   429 |    17160 |     40 |  0.000000E+00 |  0.000000E+00 |  0.0005794373 |             f
   430 |    17200 |     40 |  0.000000E+00 |  0.000000E+00 |  0.0054563037 |             f
   431 |    17240 |     40 |  0.000000E+00 |  0.000000E+00 |  0.0023746115 |             f
   432 |    17280 |     40 |  0.000000E+00 |  0.000000E+00 |  0.0041705538 |             f
   433 |    17320 |     40 |  0.000000E+00 |  0.000000E+00 |  0.0026619484 |             f
   434 |    17360 |     40 |  0.000000E+00 |  0.000000E+00 |  0.0027073387 |             f
   435 |    17400 |     40 |  0.000000E+00 |  0.000000E+00 |  0.0019697311 |             f
   436 |    17440 |     40 |  0.000000E+00 |  0.000000E+00 |  0.0048641693 |             f
   437 |    17480 |     40 |  0.000000E+00 |  0.000000E+00 |  0.0019189317 |             f
   438 |    17520 |     40 |  0.000000E+00 |  0.000000E+00 |  0.0044629371 |             f
   439 |    17560 |     40 |  0.000000E+00 |  0.000000E+00 |  0.0030333640 |             f
   440 |    17600 |     40 |  0.000000E+00 |  0.000000E+00 |  0.0012133512 |             f
   441 |    17640 |     40 |  0.000000E+00 |  0.000000E+00 |  0.0027910834 |             f
   442 |    17680 |     40 |  0.000000E+00 |  0.000000E+00 |  0.0019861278 |             f
   443 |    17720 |     40 |  0.000000E+00 |  0.000000E+00 |  0.0049998433 |             f
   444 |    17760 |     40 |  0.000000E+00 |  0.000000E+00 |  0.0030015623 |         nadir
   445 |    17800 |     40 |  0.000000E+00 |  0.000000E+00 |  0.0030489742 |             f
   446 |    17840 |     40 |  0.000000E+00 |  0.000000E+00 |  0.0030350308 |             f
   447 |    17880 |     40 |  0.000000E+00 |  0.000000E+00 |  0.0038304381 |         nadir
   448 |    17920 |     40 |  0.000000E+00 |  0.000000E+00 |  0.0014556385 |             f
   449 |    17960 |     40 |  0.000000E+00 |  0.000000E+00 |  0.0018503429 |             f
   450 |    18000 |     40 |  0.000000E+00 |  0.000000E+00 |  0.0030346719 |             f
   451 |    18040 |     40 |  0.000000E+00 |  0.000000E+00 |  0.0031458715 |             f
   452 |    18080 |     40 |  0.000000E+00 |  0.000000E+00 |  0.0015297030 |             f
   453 |    18120 |     40 |  0.000000E+00 |  0.000000E+00 |  0.0033160211 |             f
   454 |    18160 |     40 |  0.000000E+00 |  0.000000E+00 |  0.0029940737 |             f
   455 |    18200 |     40 |  0.000000E+00 |  0.000000E+00 |  0.0041395241 |             f
   456 |    18240 |     40 |  0.000000E+00 |  0.000000E+00 |  0.0030806960 |             f
   457 |    18280 |     40 |  0.000000E+00 |  0.000000E+00 |  0.0016770706 |             f
   458 |    18320 |     40 |  0.000000E+00 |  0.000000E+00 |  0.0031265873 |             f
   459 |    18360 |     40 |  0.000000E+00 |  0.000000E+00 |  0.0013308598 |             f
   460 |    18400 |     40 |  0.000000E+00 |  0.000000E+00 |  0.0038970055 |             f
   461 |    18440 |     40 |  0.000000E+00 |  0.000000E+00 |  0.0032676254 |             f
   462 |    18480 |     40 |  0.000000E+00 |  0.000000E+00 |  0.0024302591 |             f
   463 |    18520 |     40 |  0.000000E+00 |  0.000000E+00 |  0.0048480069 |             f
   464 |    18560 |     40 |  0.000000E+00 |  0.000000E+00 |  0.0028349752 |             f
   465 |    18600 |     40 |  0.000000E+00 |  0.000000E+00 |  0.0020064635 |             f
   466 |    18640 |     40 |  0.000000E+00 |  0.000000E+00 |  0.0041475039 |             f
   467 |    18680 |     40 |  0.000000E+00 |  0.000000E+00 |  0.0022181779 |             f
   468 |    18720 |     40 |  0.000000E+00 |  0.000000E+00 |  0.0042874705 |             f
   469 |    18760 |     40 |  0.000000E+00 |  0.000000E+00 |  0.0038157247 |             f
   470 |    18800 |     40 |  0.000000E+00 |  0.000000E+00 |  0.0028375819 |             f
   471 |    18840 |     40 |  0.000000E+00 |  0.000000E+00 |  0.0023490872 |             f
   472 |    18880 |     40 |  0.000000E+00 |  0.000000E+00 |  0.0037820950 |             f
   473 |    18920 |     40 |  0.000000E+00 |  0.000000E+00 |  0.0017535648 |             f
   474 |    18960 |     40 |  0.000000E+00 |  0.000000E+00 |  0.0029171136 |             f
   475 |    19000 |     40 |  0.000000E+00 |  0.000000E+00 |  0.0034065781 |             f
   476 |    19040 |     40 |  0.000000E+00 |  0.000000E+00 |  0.0012819078 |             f
   477 |    19080 |     40 |  0.000000E+00 |  0.000000E+00 |  0.0034770031 |             f
   478 |    19120 |     40 |  0.000000E+00 |  0.000000E+00 |  0.0016112234 |             f
   479 |    19160 |     40 |  0.000000E+00 |  0.000000E+00 |  0.0037760916 |             f
   480 |    19200 |     40 |  0.000000E+00 |  0.000000E+00 |  0.0018062327 |             f
   481 |    19240 |     40 |  0.000000E+00 |  0.000000E+00 |  0.0061658175 |             f
   482 |    19280 |     40 |  0.000000E+00 |  0.000000E+00 |  0.0015493784 |             f
   483 |    19320 |     40 |  0.000000E+00 |  0.000000E+00 |  0.0022742906 |             f
   484 |    19360 |     40 |  0.000000E+00 |  0.000000E+00 |  0.0050977379 |             f
   485 |    19400 |     40 |  0.000000E+00 |  0.000000E+00 |  0.0025404927 |             f
   486 |    19440 |     40 |  0.000000E+00 |  0.000000E+00 |  0.0025265087 |             f
   487 |    19480 |     40 |  0.000000E+00 |  0.000000E+00 |  0.0016705746 |             f
   488 |    19520 |     40 |  0.000000E+00 |  0.000000E+00 |  0.0035971723 |             f
   489 |    19560 |     40 |  0.000000E+00 |  0.000000E+00 |  0.0022981290 |             f
   490 |    19600 |     40 |  0.000000E+00 |  0.000000E+00 |  0.0045249975 |             f
   491 |    19640 |     40 |  0.000000E+00 |  0.000000E+00 |  0.0023145911 |             f
   492 |    19680 |     40 |  0.000000E+00 |  0.000000E+00 |  0.0043694745 |             f
   493 |    19720 |     40 |  0.000000E+00 |  0.000000E+00 |  0.0034955769 |             f
   494 |    19760 |     40 |  0.000000E+00 |  0.000000E+00 |  0.0022696791 |             f
   495 |    19800 |     40 |  0.000000E+00 |  0.000000E+00 |  0.0037993279 |             f
   496 |    19840 |     40 |  0.000000E+00 |  0.000000E+00 |  0.0034036790 |             f
   497 |    19880 |     40 |  0.000000E+00 |  0.000000E+00 |  0.0017822722 |             f
   498 |    19920 |     40 |  0.000000E+00 |  0.000000E+00 |  0.0026788237 |             f
   499 |    19960 |     40 |  0.000000E+00 |  0.000000E+00 |  0.0033554223 |             f
   500 |    20000 |     40 |  0.000000E+00 |  0.000000E+00 |  0.0033845036 |             f
mean B0=78.3208 homogen=534.4493
mean B0=121.0361 homogen=40460.2213
mean B0=80.485 homogen=1049.3371
mean B0=99.733 homogen=1569.5382
mean B0=107.2742 homogen=12126.7243
mean B0=105.5502 homogen=9245.1319
mean B0=109.2474 homogen=15972.3655
mean B0=115.6125 homogen=29666.8222
mean B0=119.2924 homogen=36751.5021
mean B0=112.1161 homogen=21786.8066
mean B0=102.6783 homogen=3572.638
mean B0=118.2077 homogen=34613.6884
mean B0=120.4244 homogen=39156.7573
mean B0=116.9402 homogen=32970.609
mean B0=110.9996 homogen=20006.8121
mean B0=118.6977 homogen=35680.1797
mean B0=111.7599 homogen=21073.7125
mean B0=112.7567 homogen=23560.0184
mean B0=104.152 homogen=6123.0538
mean B0=114.1897 homogen=26392.69
mean B0=110.2155 homogen=18038.6195
mean B0=115.0096 homogen=27668.1593
mean B0=101.8 homogen=2567.9716
mean B0=117.6224 homogen=33321.7933
mean B0=99.738 homogen=1578.3079
mean B0=108.1442 homogen=13837.8109
mean B0=104.8631 homogen=7098.7081
mean B0=103.3261 homogen=4513.5794
mean B0=115.9168 homogen=30595.2816
mean B0=113.8338 homogen=25634.3265
mean B0=105.0307 homogen=7667.0538
mean B0=115.9168 homogen=30595.2816
mean B0=114.8174 homogen=27305.5097
mean B0=107.5228 homogen=12434.9343
mean B0=108.7308 homogen=15149.7051
mean B0=113.1115 homogen=24123.4254
mean B0=121.031 homogen=40452.1085
mean B0=119.9523 homogen=38141.6463
mean B0=80.0379 homogen=698.5288
mean B0=110.2931 homogen=18201.0935
   501 |    20040 |     40 |  0.000000E+00 |  0.000000E+00 |  0.0025497067 |             f
Process SpawnPoolWorker-2:
Traceback (most recent call last):
  File "/opt/homebrew/Cellar/python@3.12/3.12.13_4/Frameworks/Python.framework/Versions/3.12/lib/python3.12/multiprocessing/pool.py", line 131, in worker
    put((job, i, result))
  File "/opt/homebrew/Cellar/python@3.12/3.12.13_4/Frameworks/Python.framework/Versions/3.12/lib/python3.12/multiprocessing/queues.py", line 399, in put
    self._writer.send_bytes(obj)
  File "/opt/homebrew/Cellar/python@3.12/3.12.13_4/Frameworks/Python.framework/Versions/3.12/lib/python3.12/multiprocessing/connection.py", line 200, in send_bytes
    self._send_bytes(m[offset:offset + size])
  File "/opt/homebrew/Cellar/python@3.12/3.12.13_4/Frameworks/Python.framework/Versions/3.12/lib/python3.12/multiprocessing/connection.py", line 427, in _send_bytes
    self._send(header + buf)
  File "/opt/homebrew/Cellar/python@3.12/3.12.13_4/Frameworks/Python.framework/Versions/3.12/lib/python3.12/multiprocessing/connection.py", line 384, in _send
    n = write(self._handle, buf)
        ^^^^^^^^^^^^^^^^^^^^^^^^
BrokenPipeError: [Errno 32] Broken pipe

During handling of the above exception, another exception occurred:

Traceback (most recent call last):
  File "/opt/homebrew/Cellar/python@3.12/3.12.13_4/Frameworks/Python.framework/Versions/3.12/lib/python3.12/multiprocessing/process.py", line 314, in _bootstrap
    self.run()
  File "/opt/homebrew/Cellar/python@3.12/3.12.13_4/Frameworks/Python.framework/Versions/3.12/lib/python3.12/multiprocessing/process.py", line 108, in run
    self._target(*self._args, **self._kwargs)
  File "/opt/homebrew/Cellar/python@3.12/3.12.13_4/Frameworks/Python.framework/Versions/3.12/lib/python3.12/multiprocessing/pool.py", line 136, in worker
    put((job, i, (False, wrapped)))
  File "/opt/homebrew/Cellar/python@3.12/3.12.13_4/Frameworks/Python.framework/Versions/3.12/lib/python3.12/multiprocessing/queues.py", line 399, in put
    self._writer.send_bytes(obj)
  File "/opt/homebrew/Cellar/python@3.12/3.12.13_4/Frameworks/Python.framework/Versions/3.12/lib/python3.12/multiprocessing/connection.py", line 200, in send_bytes
    self._send_bytes(m[offset:offset + size])
  File "/opt/homebrew/Cellar/python@3.12/3.12.13_4/Frameworks/Python.framework/Versions/3.12/lib/python3.12/multiprocessing/connection.py", line 427, in _send_bytes
    self._send(header + buf)
  File "/opt/homebrew/Cellar/python@3.12/3.12.13_4/Frameworks/Python.framework/Versions/3.12/lib/python3.12/multiprocessing/connection.py", line 384, in _send
    n = write(self._handle, buf)
        ^^^^^^^^^^^^^^^^^^^^^^^^
BrokenPipeError: [Errno 32] Broken pipe
Process SpawnPoolWorker-1:
Traceback (most recent call last):
  File "/opt/homebrew/Cellar/python@3.12/3.12.13_4/Frameworks/Python.framework/Versions/3.12/lib/python3.12/multiprocessing/pool.py", line 131, in worker
    put((job, i, result))
  File "/opt/homebrew/Cellar/python@3.12/3.12.13_4/Frameworks/Python.framework/Versions/3.12/lib/python3.12/multiprocessing/queues.py", line 399, in put
    self._writer.send_bytes(obj)
  File "/opt/homebrew/Cellar/python@3.12/3.12.13_4/Frameworks/Python.framework/Versions/3.12/lib/python3.12/multiprocessing/connection.py", line 200, in send_bytes
    self._send_bytes(m[offset:offset + size])
  File "/opt/homebrew/Cellar/python@3.12/3.12.13_4/Frameworks/Python.framework/Versions/3.12/lib/python3.12/multiprocessing/connection.py", line 427, in _send_bytes
    self._send(header + buf)
  File "/opt/homebrew/Cellar/python@3.12/3.12.13_4/Frameworks/Python.framework/Versions/3.12/lib/python3.12/multiprocessing/connection.py", line 384, in _send
    n = write(self._handle, buf)
        ^^^^^^^^^^^^^^^^^^^^^^^^
BrokenPipeError: [Errno 32] Broken pipe

During handling of the above exception, another exception occurred:

Traceback (most recent call last):
  File "/opt/homebrew/Cellar/python@3.12/3.12.13_4/Frameworks/Python.framework/Versions/3.12/lib/python3.12/multiprocessing/process.py", line 314, in _bootstrap
    self.run()
  File "/opt/homebrew/Cellar/python@3.12/3.12.13_4/Frameworks/Python.framework/Versions/3.12/lib/python3.12/multiprocessing/process.py", line 108, in run
    self._target(*self._args, **self._kwargs)
  File "/opt/homebrew/Cellar/python@3.12/3.12.13_4/Frameworks/Python.framework/Versions/3.12/lib/python3.12/multiprocessing/pool.py", line 136, in worker
    put((job, i, (False, wrapped)))
  File "/opt/homebrew/Cellar/python@3.12/3.12.13_4/Frameworks/Python.framework/Versions/3.12/lib/python3.12/multiprocessing/queues.py", line 399, in put
    self._writer.send_bytes(obj)
  File "/opt/homebrew/Cellar/python@3.12/3.12.13_4/Frameworks/Python.framework/Versions/3.12/lib/python3.12/multiprocessing/connection.py", line 200, in send_bytes
    self._send_bytes(m[offset:offset + size])
  File "/opt/homebrew/Cellar/python@3.12/3.12.13_4/Frameworks/Python.framework/Versions/3.12/lib/python3.12/multiprocessing/connection.py", line 427, in _send_bytes
    self._send(header + buf)
  File "/opt/homebrew/Cellar/python@3.12/3.12.13_4/Frameworks/Python.framework/Versions/3.12/lib/python3.12/multiprocessing/connection.py", line 384, in _send
    n = write(self._handle, buf)
        ^^^^^^^^^^^^^^^^^^^^^^^^
BrokenPipeError: [Errno 32] Broken pipe
Process SpawnPoolWorker-3:
Traceback (most recent call last):
  File "/opt/homebrew/Cellar/python@3.12/3.12.13_4/Frameworks/Python.framework/Versions/3.12/lib/python3.12/multiprocessing/pool.py", line 131, in worker
    put((job, i, result))
  File "/opt/homebrew/Cellar/python@3.12/3.12.13_4/Frameworks/Python.framework/Versions/3.12/lib/python3.12/multiprocessing/queues.py", line 399, in put
    self._writer.send_bytes(obj)
  File "/opt/homebrew/Cellar/python@3.12/3.12.13_4/Frameworks/Python.framework/Versions/3.12/lib/python3.12/multiprocessing/connection.py", line 200, in send_bytes
    self._send_bytes(m[offset:offset + size])
  File "/opt/homebrew/Cellar/python@3.12/3.12.13_4/Frameworks/Python.framework/Versions/3.12/lib/python3.12/multiprocessing/connection.py", line 427, in _send_bytes
    self._send(header + buf)
  File "/opt/homebrew/Cellar/python@3.12/3.12.13_4/Frameworks/Python.framework/Versions/3.12/lib/python3.12/multiprocessing/connection.py", line 384, in _send
    n = write(self._handle, buf)
        ^^^^^^^^^^^^^^^^^^^^^^^^
BrokenPipeError: [Errno 32] Broken pipe

During handling of the above exception, another exception occurred:

Traceback (most recent call last):
  File "/opt/homebrew/Cellar/python@3.12/3.12.13_4/Frameworks/Python.framework/Versions/3.12/lib/python3.12/multiprocessing/process.py", line 314, in _bootstrap
    self.run()
  File "/opt/homebrew/Cellar/python@3.12/3.12.13_4/Frameworks/Python.framework/Versions/3.12/lib/python3.12/multiprocessing/process.py", line 108, in run
    self._target(*self._args, **self._kwargs)
  File "/opt/homebrew/Cellar/python@3.12/3.12.13_4/Frameworks/Python.framework/Versions/3.12/lib/python3.12/multiprocessing/pool.py", line 136, in worker
    put((job, i, (False, wrapped)))
  File "/opt/homebrew/Cellar/python@3.12/3.12.13_4/Frameworks/Python.framework/Versions/3.12/lib/python3.12/multiprocessing/queues.py", line 399, in put
    self._writer.send_bytes(obj)
  File "/opt/homebrew/Cellar/python@3.12/3.12.13_4/Frameworks/Python.framework/Versions/3.12/lib/python3.12/multiprocessing/connection.py", line 200, in send_bytes
    self._send_bytes(m[offset:offset + size])
  File "/opt/homebrew/Cellar/python@3.12/3.12.13_4/Frameworks/Python.framework/Versions/3.12/lib/python3.12/multiprocessing/connection.py", line 427, in _send_bytes
    self._send(header + buf)
  File "/opt/homebrew/Cellar/python@3.12/3.12.13_4/Frameworks/Python.framework/Versions/3.12/lib/python3.12/multiprocessing/connection.py", line 384, in _send
    n = write(self._handle, buf)
        ^^^^^^^^^^^^^^^^^^^^^^^^
BrokenPipeError: [Errno 32] Broken pipe
/opt/homebrew/Cellar/python@3.12/3.12.13_4/Frameworks/Python.framework/Versions/3.12/lib/python3.12/multiprocessing/resource_tracker.py:279: UserWarning: resource_tracker: There appear to be 6 leaked semaphore objects to clean up at shutdown
  warnings.warn('resource_tracker: There appear to be %d '
